Added Component: Designator=C1(C 0402)
Added Component: Designator=C2(C 0402)
Added Component: Designator=C3(C 0603)
Added Component: Designator=C4(C 0805)
Added Component: Designator=C5(C 0402)
Added Component: Designator=C6(C 0402)
Added Component: Designator=C7(C 0402)
Added Component: Designator=C8(C 0603)
Added Component: Designator=C9(C 0402)
Added Component: Designator=C10(C 0402)
Added Component: Designator=C11(C 0603)
Added Component: Designator=C12(C 0402)
Added Component: Designator=C13(C 0402)
Added Component: Designator=C14(C 0603)
Added Component: Designator=C15(C 0402)
Added Component: Designator=C16(C 0402)
Added Component: Designator=C22(C 0603)
Added Component: Designator=C23(C 0603)
Added Component: Designator=C24(C 0603)
Added Component: Designator=C25(C 0603)
Added Component: Designator=C30(C 0603)
Added Component: Designator=C31(C 0402)
Added Component: Designator=C32(C 0402)
Added Component: Designator=D1(1N4148WT7)
Add component (AddParameter): Name = "Arrow Part Number"; Value = "1N4148WT-7"; VariantName = "[No Variations]"
Add component (AddParameter): Name = "Arrow Price/Stock"; Value = "https://www.arrow.com/en/products/1n4148wt-7/diodes-incorporated?region=nac"; VariantName = "[No Variations]"
Add component (AddParameter): Name = "Datasheet Link"; Value = "https://datasheet.datasheetarchive.com/originals/distributors/Datasheets-305/73268.pdf"; VariantName = "[No Variations]"
Add component (AddParameter): Name = "Height"; Value = "0mm"; VariantName = "[No Variations]"
Add component (AddParameter): Name = "Manufacturer_Name"; Value = "Diodes Inc."; VariantName = "[No Variations]"
Add component (AddParameter): Name = "Manufacturer_Part_Number"; Value = "1N4148WT-7"; VariantName = "[No Variations]"
Add component (AddParameter): Name = "Mouser Part Number"; Value = "621-1N4148WT"; VariantName = "[No Variations]"
Add component (AddParameter): Name = "Mouser Price/Stock"; Value = "https://www.mouser.co.uk/ProductDetail/Diodes-Incorporated/1N4148WT-7?qs=FITO%2F%2FQgYDlMYETivVNccQ%3D%3D"; VariantName = "[No Variations]"
Added Component: Designator=D4(LED 0603 RED)
Added Component: Designator=D5(LED 0603 BLUE)
Added Component: Designator=D6(LED 0603 GREEN)
Added Component: Designator=D7(LED 0603 BLUE)
Added Component: Designator=D8(LED 0603 RED)
Added Component: Designator=D9(LED 0603 GREEN)
Added Component: Designator=J1(40RJMDSSG1TFSLFSN)
Add component (AddParameter): Name = "Arrow Part Number"; Value = ""; VariantName = "[No Variations]"
Add component (AddParameter): Name = "Arrow Price/Stock"; Value = ""; VariantName = "[No Variations]"
Add component (AddParameter): Name = "Datasheet Link"; Value = "qq.com"; VariantName = "[No Variations]"
Add component (AddParameter): Name = "Height"; Value = "3.1mm"; VariantName = "[No Variations]"
Add component (AddParameter): Name = "Manufacturer_Name"; Value = "JST (JAPAN SOLDERLESS TERMINALS)"; VariantName = "[No Variations]"
Add component (AddParameter): Name = "Manufacturer_Part_Number"; Value = "40R-JMDSS-G-1-TF(S)(LF)(SN)"; VariantName = "[No Variations]"
Add component (AddParameter): Name = "Mouser Part Number"; Value = "306-40RJMDSSG1TFSL"; VariantName = "[No Variations]"
Add component (AddParameter): Name = "Mouser Price/Stock"; Value = "https://www.mouser.co.uk/ProductDetail/JST-Commercial/40R-JMDSS-G-1-TFSLFSN?qs=QpmGXVUTftHhpndfkZUo7Q%3D%3D"; VariantName = "[No Variations]"
Added Component: Designator=J2(CLP-102-02-XXX-D-BE-TR)
Add component (AddParameter): Name = "Arrow Part Number"; Value = ""; VariantName = "[No Variations]"
Add component (AddParameter): Name = "Arrow Price/Stock"; Value = ""; VariantName = "[No Variations]"
Add component (AddParameter): Name = "Datasheet Link"; Value = "http://suddendocs.samtec.com/prints/erm8-xxx-xx.x-xxx-dv-xxxx-xx-mkt.pdf"; VariantName = "[No Variations]"
Add component (AddParameter): Name = "Manufacturer_Name"; Value = "SAMTEC"; VariantName = "[No Variations]"
Add component (AddParameter): Name = "Manufacturer_Part_Number"; Value = "CLP-102-02-LM-D-BE-TR"; VariantName = "[No Variations]"
Add component (AddParameter): Name = "Mouser Part Number"; Value = ""; VariantName = "[No Variations]"
Add component (AddParameter): Name = "Mouser Price/Stock"; Value = ""; VariantName = "[No Variations]"
Added Component: Designator=J3(CLP-102-02-XXX-D-BE-TR)
Add component (AddParameter): Name = "Arrow Part Number"; Value = ""; VariantName = "[No Variations]"
Add component (AddParameter): Name = "Arrow Price/Stock"; Value = ""; VariantName = "[No Variations]"
Add component (AddParameter): Name = "Datasheet Link"; Value = "http://suddendocs.samtec.com/prints/erm8-xxx-xx.x-xxx-dv-xxxx-xx-mkt.pdf"; VariantName = "[No Variations]"
Add component (AddParameter): Name = "Manufacturer_Name"; Value = "SAMTEC"; VariantName = "[No Variations]"
Add component (AddParameter): Name = "Manufacturer_Part_Number"; Value = "CLP-102-02-LM-D-BE-TR"; VariantName = "[No Variations]"
Add component (AddParameter): Name = "Mouser Part Number"; Value = ""; VariantName = "[No Variations]"
Add component (AddParameter): Name = "Mouser Price/Stock"; Value = ""; VariantName = "[No Variations]"
Added Component: Designator=OLED1(oled flex 0.96)
Added Component: Designator=PROG(BM04B-SRSS-TB)
Added Component: Designator=Q1(SOT23-3)
Added Component: Designator=Q2(SOT23-3)
Added Component: Designator=Q3(SOT23-3)
Added Component: Designator=R1(R 0402)
Added Component: Designator=R2(R 0402)
Added Component: Designator=R3(R 0402)
Added Component: Designator=R4(R 0402)
Added Component: Designator=R16(R 0402)
Added Component: Designator=R17(R 0402)
Added Component: Designator=R18(R 0402)
Added Component: Designator=R19(R 0402)
Added Component: Designator=R20(R 0402)
Added Component: Designator=R21(R 0402)
Added Component: Designator=R22(R 0402)
Added Component: Designator=R23(R 0402)
Added Component: Designator=R24(R 0402)
Added Component: Designator=R25(R 0402)
Added Component: Designator=R26(R 0402)
Added Component: Designator=R27(R 0402)
Added Component: Designator=R28(R 0402)
Added Component: Designator=R29(R 0402)
Added Component: Designator=R30(R 0402)
Added Component: Designator=S1(SKRHABE010)
Add component (AddParameter): Name = "Arrow Part Number"; Value = "SKRHABE010"; VariantName = "[No Variations]"
Add component (AddParameter): Name = "Arrow Price/Stock"; Value = "https://www.arrow.com/en/products/skrhabe010/alps-electric"; VariantName = "[No Variations]"
Add component (AddParameter): Name = "Datasheet Link"; Value = ""; VariantName = "[No Variations]"
Add component (AddParameter): Name = "Height"; Value = "5mm"; VariantName = "[No Variations]"
Add component (AddParameter): Name = "Manufacturer_Name"; Value = "ALPS Electric"; VariantName = "[No Variations]"
Add component (AddParameter): Name = "Manufacturer_Part_Number"; Value = "SKRHABE010"; VariantName = "[No Variations]"
Add component (AddParameter): Name = "Mouser Part Number"; Value = "688-SKRHAB"; VariantName = "[No Variations]"
Add component (AddParameter): Name = "Mouser Price/Stock"; Value = "https://www.mouser.co.uk/ProductDetail/Alps-Alpine/SKRHABE010?qs=seHrhfPpLDxEOwRqoDvYHw%3D%3D"; VariantName = "[No Variations]"
Added Component: Designator=S2(1010364EV)
Add component (AddParameter): Name = "Arrow Part Number"; Value = ""; VariantName = "[No Variations]"
Add component (AddParameter): Name = "Arrow Price/Stock"; Value = ""; VariantName = "[No Variations]"
Add component (AddParameter): Name = "Datasheet Link"; Value = "https://componentsearchengine.com/Datasheets/1/101-0364-EV.pdf"; VariantName = "[No Variations]"
Add component (AddParameter): Name = "Height"; Value = "2mm"; VariantName = "[No Variations]"
Add component (AddParameter): Name = "Manufacturer_Name"; Value = "Mountain Switch"; VariantName = "[No Variations]"
Add component (AddParameter): Name = "Manufacturer_Part_Number"; Value = "101-0364-EV"; VariantName = "[No Variations]"
Add component (AddParameter): Name = "Mouser Part Number"; Value = "101-0364-EV"; VariantName = "[No Variations]"
Add component (AddParameter): Name = "Mouser Price/Stock"; Value = "https://www.mouser.co.uk/ProductDetail/Mountain-Switch/101-0364-EV?qs=Np9hobi9ysLawDJP688e5g%3D%3D"; VariantName = "[No Variations]"
Added Component: Designator=S3(EG1271)
Add component (AddParameter): Name = "Arrow Part Number"; Value = ""; VariantName = "[No Variations]"
Add component (AddParameter): Name = "Arrow Price/Stock"; Value = ""; VariantName = "[No Variations]"
Add component (AddParameter): Name = "Datasheet Link"; Value = "https://configured-product-images.s3.amazonaws.com/2D/specs/EG1271A.pdf"; VariantName = "[No Variations]"
Add component (AddParameter): Name = "Manufacturer_Name"; Value = "E-Switch"; VariantName = "[No Variations]"
Add component (AddParameter): Name = "Manufacturer_Part_Number"; Value = "EG1271A"; VariantName = "[No Variations]"
Add component (AddParameter): Name = "Mouser Part Number"; Value = "612-EG1271A"; VariantName = "[No Variations]"
Add component (AddParameter): Name = "Mouser Price/Stock"; Value = "https://www.mouser.co.uk/ProductDetail/E-Switch/EG1271A?qs=YXf4ACKMM4zsVCD8YMVB7w%3D%3D"; VariantName = "[No Variations]"
Added Pin To Net: NetName=3.3v Pin=C6-1
Added Pin To Net: NetName=3.3v Pin=C7-1
Added Pin To Net: NetName=3.3v Pin=C25-1
Added Pin To Net: NetName=3.3v Pin=C30-1
Added Pin To Net: NetName=3.3v Pin=C31-1
Added Pin To Net: NetName=3.3v Pin=C32-1
Added Pin To Net: NetName=3.3v Pin=D1-1
Added Pin To Net: NetName=3.3v Pin=J1-13
Added Pin To Net: NetName=3.3v Pin=J1-15
Added Pin To Net: NetName=3.3v Pin=J1-17
Added Pin To Net: NetName=3.3v Pin=J1-19
Added Pin To Net: NetName=3.3v Pin=J1-21
Added Pin To Net: NetName=3.3v Pin=J1-23
Added Pin To Net: NetName=3.3v Pin=J2-4
Added Pin To Net: NetName=3.3v Pin=J3-4
Added Pin To Net: NetName=3.3v Pin=OLED1-6
Added Pin To Net: NetName=3.3v Pin=OLED1-9
Added Pin To Net: NetName=3.3v Pin=OLED1-11
Added Pin To Net: NetName=3.3v Pin=R2-2
Added Pin To Net: NetName=3.3v Pin=R3-2
Added Pin To Net: NetName=3.3v Pin=R4-2
Added Pin To Net: NetName=3.3v Pin=R16-1
Added Pin To Net: NetName=3.3v Pin=R17-1
Added Pin To Net: NetName=3.3v Pin=R18-2
Added Pin To Net: NetName=3.3v Pin=R19-1
Added Pin To Net: NetName=3.3v Pin=R20-1
Added Pin To Net: NetName=3.3v Pin=R27-2
Added Net: Name=3.3v
Added Pin To Net: NetName=5v Pin=C11-1
Added Pin To Net: NetName=5v Pin=C12-1
Added Pin To Net: NetName=5v Pin=C13-1
Added Pin To Net: NetName=5v Pin=C24-1
Added Pin To Net: NetName=5v Pin=J1-1
Added Pin To Net: NetName=5v Pin=J1-3
Added Pin To Net: NetName=5v Pin=J1-5
Added Pin To Net: NetName=5v Pin=J1-7
Added Pin To Net: NetName=5v Pin=J1-9
Added Pin To Net: NetName=5v Pin=J1-11
Added Pin To Net: NetName=5v Pin=R26-2
Added Net: Name=5v
Added Pin To Net: NetName=GND Pin=C3-2
Added Pin To Net: NetName=GND Pin=C4-2
Added Pin To Net: NetName=GND Pin=C5-2
Added Pin To Net: NetName=GND Pin=C6-2
Added Pin To Net: NetName=GND Pin=C7-2
Added Pin To Net: NetName=GND Pin=C8-2
Added Pin To Net: NetName=GND Pin=C9-2
Added Pin To Net: NetName=GND Pin=C10-2
Added Pin To Net: NetName=GND Pin=C11-2
Added Pin To Net: NetName=GND Pin=C12-2
Added Pin To Net: NetName=GND Pin=C13-2
Added Pin To Net: NetName=GND Pin=C14-2
Added Pin To Net: NetName=GND Pin=C15-2
Added Pin To Net: NetName=GND Pin=C16-2
Added Pin To Net: NetName=GND Pin=C22-2
Added Pin To Net: NetName=GND Pin=C23-2
Added Pin To Net: NetName=GND Pin=C24-2
Added Pin To Net: NetName=GND Pin=C25-2
Added Pin To Net: NetName=GND Pin=C30-2
Added Pin To Net: NetName=GND Pin=C31-2
Added Pin To Net: NetName=GND Pin=C32-2
Added Pin To Net: NetName=GND Pin=D4-2
Added Pin To Net: NetName=GND Pin=D5-2
Added Pin To Net: NetName=GND Pin=D6-2
Added Pin To Net: NetName=GND Pin=J1-25
Added Pin To Net: NetName=GND Pin=J1-27
Added Pin To Net: NetName=GND Pin=J1-29
Added Pin To Net: NetName=GND Pin=J1-31
Added Pin To Net: NetName=GND Pin=J1-33
Added Pin To Net: NetName=GND Pin=J1-35
Added Pin To Net: NetName=GND Pin=J1-37
Added Pin To Net: NetName=GND Pin=J1-38
Added Pin To Net: NetName=GND Pin=J1-39
Added Pin To Net: NetName=GND Pin=J1-40
Added Pin To Net: NetName=GND Pin=J2-1
Added Pin To Net: NetName=GND Pin=J2-3
Added Pin To Net: NetName=GND Pin=J3-1
Added Pin To Net: NetName=GND Pin=J3-3
Added Pin To Net: NetName=GND Pin=OLED1-1
Added Pin To Net: NetName=GND Pin=OLED1-8
Added Pin To Net: NetName=GND Pin=OLED1-10
Added Pin To Net: NetName=GND Pin=OLED1-12
Added Pin To Net: NetName=GND Pin=OLED1-13
Added Pin To Net: NetName=GND Pin=OLED1-15
Added Pin To Net: NetName=GND Pin=OLED1-16
Added Pin To Net: NetName=GND Pin=OLED1-17
Added Pin To Net: NetName=GND Pin=OLED1-21
Added Pin To Net: NetName=GND Pin=OLED1-22
Added Pin To Net: NetName=GND Pin=OLED1-23
Added Pin To Net: NetName=GND Pin=OLED1-24
Added Pin To Net: NetName=GND Pin=OLED1-25
Added Pin To Net: NetName=GND Pin=OLED1-29
Added Pin To Net: NetName=GND Pin=OLED1-30
Added Pin To Net: NetName=GND Pin=PROG-3
Added Pin To Net: NetName=GND Pin=Q2-2
Added Pin To Net: NetName=GND Pin=Q3-2
Added Pin To Net: NetName=GND Pin=R1-1
Added Pin To Net: NetName=GND Pin=R28-1
Added Pin To Net: NetName=GND Pin=R29-1
Added Pin To Net: NetName=GND Pin=R30-1
Added Pin To Net: NetName=GND Pin=S1-5
Added Pin To Net: NetName=GND Pin=S3-3
Added Pin To Net: NetName=GND Pin=S3-6
Added Net: Name=GND
Added Pin To Net: NetName=I2C_OLED_SCL Pin=J1-18
Added Pin To Net: NetName=I2C_OLED_SCL Pin=OLED1-18
Added Pin To Net: NetName=I2C_OLED_SCL Pin=R4-1
Added Net: Name=I2C_OLED_SCL
Added Pin To Net: NetName=I2C_OLED_SDA Pin=J1-20
Added Pin To Net: NetName=I2C_OLED_SDA Pin=OLED1-19
Added Pin To Net: NetName=I2C_OLED_SDA Pin=OLED1-20
Added Pin To Net: NetName=I2C_OLED_SDA Pin=R3-1
Added Net: Name=I2C_OLED_SDA
Added Pin To Net: NetName=JOYSTICK_1 Pin=J1-8
Added Pin To Net: NetName=JOYSTICK_1 Pin=R20-2
Added Pin To Net: NetName=JOYSTICK_1 Pin=S1-1
Added Net: Name=JOYSTICK_1
Added Pin To Net: NetName=JOYSTICK_2 Pin=J1-10
Added Pin To Net: NetName=JOYSTICK_2 Pin=R19-2
Added Pin To Net: NetName=JOYSTICK_2 Pin=S1-2
Added Net: Name=JOYSTICK_2
Added Pin To Net: NetName=JOYSTICK_3 Pin=J1-12
Added Pin To Net: NetName=JOYSTICK_3 Pin=R18-1
Added Pin To Net: NetName=JOYSTICK_3 Pin=S1-3
Added Net: Name=JOYSTICK_3
Added Pin To Net: NetName=JOYSTICK_4 Pin=J1-14
Added Pin To Net: NetName=JOYSTICK_4 Pin=R17-2
Added Pin To Net: NetName=JOYSTICK_4 Pin=S1-4
Added Net: Name=JOYSTICK_4
Added Pin To Net: NetName=JOYSTICK_5 Pin=J1-16
Added Pin To Net: NetName=JOYSTICK_5 Pin=R16-2
Added Pin To Net: NetName=JOYSTICK_5 Pin=S1-6
Added Net: Name=JOYSTICK_5
Added Pin To Net: NetName=LED BLUE Pin=D7-1
Added Pin To Net: NetName=LED BLUE Pin=J1-6
Added Net: Name=LED BLUE
Added Pin To Net: NetName=LED GREEN Pin=D9-1
Added Pin To Net: NetName=LED GREEN Pin=J1-4
Added Net: Name=LED GREEN
Added Pin To Net: NetName=LED RED Pin=D8-1
Added Pin To Net: NetName=LED RED Pin=J1-2
Added Net: Name=LED RED
Added Pin To Net: NetName=NetC1_1 Pin=C1-1
Added Pin To Net: NetName=NetC1_1 Pin=OLED1-2
Added Net: Name=NetC1_1
Added Pin To Net: NetName=NetC1_2 Pin=C1-2
Added Pin To Net: NetName=NetC1_2 Pin=OLED1-3
Added Net: Name=NetC1_2
Added Pin To Net: NetName=NetC2_1 Pin=C2-1
Added Pin To Net: NetName=NetC2_1 Pin=OLED1-4
Added Net: Name=NetC2_1
Added Pin To Net: NetName=NetC2_2 Pin=C2-2
Added Pin To Net: NetName=NetC2_2 Pin=OLED1-5
Added Net: Name=NetC2_2
Added Pin To Net: NetName=NetC3_1 Pin=C3-1
Added Pin To Net: NetName=NetC3_1 Pin=OLED1-27
Added Net: Name=NetC3_1
Added Pin To Net: NetName=NetC4_1 Pin=C4-1
Added Pin To Net: NetName=NetC4_1 Pin=OLED1-28
Added Net: Name=NetC4_1
Added Pin To Net: NetName=NetC5_1 Pin=C5-1
Added Pin To Net: NetName=NetC5_1 Pin=D1-2
Added Pin To Net: NetName=NetC5_1 Pin=OLED1-14
Added Pin To Net: NetName=NetC5_1 Pin=R2-1
Added Net: Name=NetC5_1
Added Pin To Net: NetName=NetC22_1 Pin=C22-1
Added Pin To Net: NetName=NetC22_1 Pin=Q3-1
Added Pin To Net: NetName=NetC22_1 Pin=R24-2
Added Net: Name=NetC22_1
Added Pin To Net: NetName=NetD4_1 Pin=D4-1
Added Pin To Net: NetName=NetD4_1 Pin=R25-1
Added Net: Name=NetD4_1
Added Pin To Net: NetName=NetD5_1 Pin=D5-1
Added Pin To Net: NetName=NetD5_1 Pin=R26-1
Added Net: Name=NetD5_1
Added Pin To Net: NetName=NetD6_1 Pin=D6-1
Added Pin To Net: NetName=NetD6_1 Pin=R27-1
Added Net: Name=NetD6_1
Added Pin To Net: NetName=NetD7_2 Pin=D7-2
Added Pin To Net: NetName=NetD7_2 Pin=R28-2
Added Net: Name=NetD7_2
Added Pin To Net: NetName=NetD8_2 Pin=D8-2
Added Pin To Net: NetName=NetD8_2 Pin=R29-2
Added Net: Name=NetD8_2
Added Pin To Net: NetName=NetD9_2 Pin=D9-2
Added Pin To Net: NetName=NetD9_2 Pin=R30-2
Added Net: Name=NetD9_2
Added Pin To Net: NetName=NetOLED1_26 Pin=OLED1-26
Added Pin To Net: NetName=NetOLED1_26 Pin=R1-2
Added Net: Name=NetOLED1_26
Added Pin To Net: NetName=NetQ1_1 Pin=Q1-1
Added Pin To Net: NetName=NetQ1_1 Pin=Q2-3
Added Pin To Net: NetName=NetQ1_1 Pin=R21-2
Added Net: Name=NetQ1_1
Added Pin To Net: NetName=NetQ2_1 Pin=Q2-1
Added Pin To Net: NetName=NetQ2_1 Pin=R23-2
Added Pin To Net: NetName=NetQ2_1 Pin=S2-1
Added Pin To Net: NetName=NetQ2_1 Pin=S2-2
Added Net: Name=NetQ2_1
Added Pin To Net: NetName=NetQ3_3 Pin=Q3-3
Added Pin To Net: NetName=NetQ3_3 Pin=R22-2
Added Pin To Net: NetName=NetQ3_3 Pin=S2-3
Added Pin To Net: NetName=NetQ3_3 Pin=S2-4
Added Net: Name=NetQ3_3
Added Pin To Net: NetName=NRST Pin=J1-28
Added Pin To Net: NetName=NRST Pin=PROG-1
Added Net: Name=NRST
Added Pin To Net: NetName=Power_enable_buttor_output Pin=J1-26
Added Pin To Net: NetName=Power_enable_buttor_output Pin=Q1-3
Added Pin To Net: NetName=Power_enable_buttor_output Pin=R23-1
Added Pin To Net: NetName=Power_enable_buttor_output Pin=R24-1
Added Pin To Net: NetName=Power_enable_buttor_output Pin=S3-2
Added Pin To Net: NetName=Power_enable_buttor_output Pin=S3-5
Added Net: Name=Power_enable_buttor_output
Added Pin To Net: NetName=START_MOD_IR_1 Pin=J1-22
Added Pin To Net: NetName=START_MOD_IR_1 Pin=J2-2
Added Net: Name=START_MOD_IR_1
Added Pin To Net: NetName=START_MOD_IR_2 Pin=J1-24
Added Pin To Net: NetName=START_MOD_IR_2 Pin=J3-2
Added Net: Name=START_MOD_IR_2
Added Pin To Net: NetName=SWCLK Pin=J1-30
Added Pin To Net: NetName=SWCLK Pin=PROG-4
Added Net: Name=SWCLK
Added Pin To Net: NetName=SWDIO Pin=J1-32
Added Pin To Net: NetName=SWDIO Pin=PROG-2
Added Net: Name=SWDIO
Added Pin To Net: NetName=Vcc Pin=C8-1
Added Pin To Net: NetName=Vcc Pin=C9-1
Added Pin To Net: NetName=Vcc Pin=C10-1
Added Pin To Net: NetName=Vcc Pin=C23-1
Added Pin To Net: NetName=Vcc Pin=J1-36
Added Pin To Net: NetName=Vcc Pin=R25-2
Added Net: Name=Vcc
Added Pin To Net: NetName=Vin Pin=C14-1
Added Pin To Net: NetName=Vin Pin=C15-1
Added Pin To Net: NetName=Vin Pin=C16-1
Added Pin To Net: NetName=Vin Pin=J1-34
Added Pin To Net: NetName=Vin Pin=Q1-2
Added Pin To Net: NetName=Vin Pin=R21-1
Added Pin To Net: NetName=Vin Pin=R22-1
Added Net: Name=Vin
Added Member To Class: ClassName=U_OledAndLed Member=Component C1 1uF
Added Member To Class: ClassName=U_OledAndLed Member=Component C2 1uF
Added Member To Class: ClassName=U_OledAndLed Member=Component C3 2.2uF
Added Member To Class: ClassName=U_OledAndLed Member=Component C4 4.7uF
Added Member To Class: ClassName=U_OledAndLed Member=Component C5 1uF
Added Member To Class: ClassName=U_OledAndLed Member=Component C6 1uF
Added Member To Class: ClassName=U_OledAndLed Member=Component C7 100nF
Added Member To Class: ClassName=U_Connectors Member=Component C8 10uF 25V
Added Member To Class: ClassName=U_Connectors Member=Component C9 1uF 25V
Added Member To Class: ClassName=U_Connectors Member=Component C10 100nF 25V
Added Member To Class: ClassName=U_Connectors Member=Component C11 10uF
Added Member To Class: ClassName=U_Connectors Member=Component C12 1uF
Added Member To Class: ClassName=U_Connectors Member=Component C13 100nF
Added Member To Class: ClassName=U_Connectors Member=Component C14 10uF 25V
Added Member To Class: ClassName=U_Connectors Member=Component C15 1uF 25V
Added Member To Class: ClassName=U_Connectors Member=Component C16 100nF 25V
Added Member To Class: ClassName=U_PWRButton Member=Component C22 1uF (DU)
Added Member To Class: ClassName=U_OledAndLed Member=Component C23 1uF
Added Member To Class: ClassName=U_OledAndLed Member=Component C24 1uF
Added Member To Class: ClassName=U_OledAndLed Member=Component C25 1uF
Added Member To Class: ClassName=U_Connectors Member=Component C30 10uF
Added Member To Class: ClassName=U_Connectors Member=Component C31 1uF
Added Member To Class: ClassName=U_Connectors Member=Component C32 100nF
Added Member To Class: ClassName=U_OledAndLed Member=Component D1 1N4148WT-7
Added Member To Class: ClassName=U_OledAndLed Member=Component D4 LED RED
Added Member To Class: ClassName=U_OledAndLed Member=Component D5 LED BLUE
Added Member To Class: ClassName=U_OledAndLed Member=Component D6 LED GREEN
Added Member To Class: ClassName=U_Start_mod Member=Component D7 LED BLUE
Added Member To Class: ClassName=U_Start_mod Member=Component D8 LED RED
Added Member To Class: ClassName=U_Start_mod Member=Component D9 LED GREEN
Added Member To Class: ClassName=U_Connectors Member=Component J1 40R-JMDSS-G-1-TF_S__LF__SN_
Added Member To Class: ClassName=U_Start_mod Member=Component J2 IR FAMELE CONNETOR (CLP-102-02-LM-D-BE-TR)
Added Member To Class: ClassName=U_Start_mod Member=Component J3 IR FAMELE CONNETOR (CLP-102-02-LM-D-BE-TR)
Added Member To Class: ClassName=U_OledAndLed Member=Component OLED1 oled flex 0.96
Added Member To Class: ClassName=U_Interface Member=Component PROG 4 PIN
Added Member To Class: ClassName=U_PWRButton Member=Component Q1 Model
Added Member To Class: ClassName=U_PWRButton Member=Component Q2 BC817
Added Member To Class: ClassName=U_PWRButton Member=Component Q3 BC817
Added Member To Class: ClassName=U_OledAndLed Member=Component R1 390K
Added Member To Class: ClassName=U_OledAndLed Member=Component R2 4K7
Added Member To Class: ClassName=U_OledAndLed Member=Component R3 4K7
Added Member To Class: ClassName=U_OledAndLed Member=Component R4 4K7
Added Member To Class: ClassName=U_Interface Member=Component R16 10k
Added Member To Class: ClassName=U_Interface Member=Component R17 10k
Added Member To Class: ClassName=U_Interface Member=Component R18 10k
Added Member To Class: ClassName=U_Interface Member=Component R19 10k
Added Member To Class: ClassName=U_Interface Member=Component R20 10k
Added Member To Class: ClassName=U_PWRButton Member=Component R21 100K
Added Member To Class: ClassName=U_PWRButton Member=Component R22 100K
Added Member To Class: ClassName=U_PWRButton Member=Component R23 100K
Added Member To Class: ClassName=U_PWRButton Member=Component R24 100K (DU)
Added Member To Class: ClassName=U_OledAndLed Member=Component R25 10k
Added Member To Class: ClassName=U_OledAndLed Member=Component R26 2.1K
Added Member To Class: ClassName=U_OledAndLed Member=Component R27 1k
Added Member To Class: ClassName=U_Start_mod Member=Component R28 330R
Added Member To Class: ClassName=U_Start_mod Member=Component R29 330R
Added Member To Class: ClassName=U_Start_mod Member=Component R30 330R
Added Member To Class: ClassName=U_Interface Member=Component S1 SKRHABE010
Added Member To Class: ClassName=U_PWRButton Member=Component S2 101-0364-EV
Added Member To Class: ClassName=U_PWRButton Member=Component S3 EG1271A
Added Room: Name=U_Connectors
Added Room: Name=U_Interface
Added Room: Name=U_OledAndLed
Added Room: Name=U_PWRButton
Added Room: Name=U_Start_mod
