Removed Pin From Net: NetName=GND Pin=J2-1
Removed Pin From Net: NetName=START_MOD_IR_1 Pin=J2-2
Removed Pin From Net: NetName=GND Pin=J2-3
Removed Pin From Net: NetName=3.3v Pin=J2-4
Removed Pin From Net: NetName=GND Pin=J3-1
Removed Pin From Net: NetName=START_MOD_IR_2 Pin=J3-2
Removed Pin From Net: NetName=GND Pin=J3-3
Removed Pin From Net: NetName=3.3v Pin=J3-4
Removed Member From Class: ClassName=U_Start_mod Member=J2
Removed Member From Class: ClassName=U_Start_mod Member=J3
Added Component: Designator=J?(CLP-102-02-XXX-D-BE-TR - IR SENSOR)
Add component (AddParameter): Name = "Arrow Part Number"; Value = ""; VariantName = "[No Variations]"
Add component (AddParameter): Name = "Arrow Price/Stock"; Value = ""; VariantName = "[No Variations]"
Add component (AddParameter): Name = "Datasheet Link"; Value = "http://suddendocs.samtec.com/prints/erm8-xxx-xx.x-xxx-dv-xxxx-xx-mkt.pdf"; VariantName = "[No Variations]"
Add component (AddParameter): Name = "Manufacturer_Name"; Value = "SAMTEC"; VariantName = "[No Variations]"
Add component (AddParameter): Name = "Manufacturer_Part_Number"; Value = "CLP-102-02-LM-D-BE-TR"; VariantName = "[No Variations]"
Add component (AddParameter): Name = "Mouser Part Number"; Value = ""; VariantName = "[No Variations]"
Add component (AddParameter): Name = "Mouser Price/Stock"; Value = ""; VariantName = "[No Variations]"
Added Component: Designator=J?(CLP-102-02-XXX-D-BE-TR - IR SENSOR)
Add component (AddParameter): Name = "Arrow Part Number"; Value = ""; VariantName = "[No Variations]"
Add component (AddParameter): Name = "Arrow Price/Stock"; Value = ""; VariantName = "[No Variations]"
Add component (AddParameter): Name = "Datasheet Link"; Value = "http://suddendocs.samtec.com/prints/erm8-xxx-xx.x-xxx-dv-xxxx-xx-mkt.pdf"; VariantName = "[No Variations]"
Add component (AddParameter): Name = "Manufacturer_Name"; Value = "SAMTEC"; VariantName = "[No Variations]"
Add component (AddParameter): Name = "Manufacturer_Part_Number"; Value = "CLP-102-02-LM-D-BE-TR"; VariantName = "[No Variations]"
Add component (AddParameter): Name = "Mouser Part Number"; Value = ""; VariantName = "[No Variations]"
Add component (AddParameter): Name = "Mouser Price/Stock"; Value = ""; VariantName = "[No Variations]"
Added Pin To Net: NetName=GND Pin=J?-1
Added Pin To Net: NetName=GND Pin=J?-1
Added Pin To Net: NetName=START_MOD_IR_1 Pin=J?-2
Added Pin To Net: NetName=START_MOD_IR_2 Pin=J?-2
Added Pin To Net: NetName=GND Pin=J?-3
Added Pin To Net: NetName=GND Pin=J?-3
Added Pin To Net: NetName=3.3v Pin=J?-4
Added Pin To Net: NetName=3.3v Pin=J?-4
Added Member To Class: ClassName=U_Start_mod Member=Component J? CLP-102-02-LM-D-BE-TR
Added Member To Class: ClassName=U_Start_mod Member=Component J? CLP-102-02-LM-D-BE-TR
Added Room: Name=U_Connectors
Added Room: Name=U_Interface
Added Room: Name=U_OledAndLed
Added Room: Name=U_PWRButton
Added Room: Name=U_Sensor_connectors
Added Room: Name=U_Start_mod
