Removed Pin From Net: NetName=5v Pin=J1-1
Removed Pin From Net: NetName=5v Pin=J1-3
Removed Pin From Net: NetName=5v Pin=J1-5
Removed Pin From Net: NetName=5v Pin=J1-7
Removed Pin From Net: NetName=5v Pin=J1-9
Removed Pin From Net: NetName=5v Pin=J1-11
Removed Pin From Net: NetName=3.3v Pin=J1-13
Removed Pin From Net: NetName=3.3v Pin=J1-15
Removed Pin From Net: NetName=3.3v Pin=J1-17
Removed Pin From Net: NetName=3.3v Pin=J1-19
Removed Pin From Net: NetName=3.3v Pin=J1-21
Removed Pin From Net: NetName=3.3v Pin=J1-23
Removed Pin From Net: NetName=GND Pin=J1-25
Removed Pin From Net: NetName=GND Pin=J1-27
Removed Pin From Net: NetName=GND Pin=J1-29
Removed Pin From Net: NetName=GND Pin=J1-31
Removed Pin From Net: NetName=GND Pin=J1-33
Removed Pin From Net: NetName=GND Pin=J1-35
Removed Pin From Net: NetName=GND Pin=J1-37
Removed Pin From Net: NetName=GND Pin=J1-39
Change Component Designator: OldDesignator=D4 NewDesignator=DVBAT
Change Component Designator: OldDesignator=D5 NewDesignator=D5V
Change Component Designator: OldDesignator=D6 NewDesignator=D3.3V
Added Component: Designator=C17(SM04B-SRSS-TB)
Added Component: Designator=C18(SM04B-SRSS-TB)
Added Component: Designator=C19(SM04B-SRSS-TB)
Added Component: Designator=C20(SM04B-SRSS-TB)
Added Component: Designator=C21(SM04B-SRSS-TB)
Added Component: Designator=C26(SM04B-SRSS-TB)
Added Component: Designator=C27(SM04B-SRSS-TB)
Added Component: Designator=C28(SM04B-SRSS-TB)
Added Component: Designator=C43(C 0402)
Added Component: Designator=C44(C 0402)
Added Component: Designator=C45(C 0402)
Added Component: Designator=C46(C 0402)
Added Component: Designator=C49(C 0402)
Added Component: Designator=C50(C 0402)
Added Component: Designator=C51(C 0402)
Added Component: Designator=C52(C 0402)
Added Component: Designator=C53(C 0402)
Added Component: Designator=C54(C 0402)
Added Component: Designator=C55(C 0402)
Added Component: Designator=C56(C 0402)
Added Component: Designator=C57(C 0402)
Added Component: Designator=C58(C 0402)
Added Component: Designator=C59(C 0402)
Added Component: Designator=C60(C 0402)
Added Pin To Net: NetName=5v Pin=C17-3
Added Pin To Net: NetName=GND Pin=C17-4
Added Pin To Net: NetName=5v Pin=C18-3
Added Pin To Net: NetName=GND Pin=C18-4
Added Pin To Net: NetName=5v Pin=C19-3
Added Pin To Net: NetName=GND Pin=C19-4
Added Pin To Net: NetName=5v Pin=C20-3
Added Pin To Net: NetName=GND Pin=C20-4
Added Pin To Net: NetName=3.3v Pin=C21-3
Added Pin To Net: NetName=GND Pin=C21-4
Added Pin To Net: NetName=3.3v Pin=C26-3
Added Pin To Net: NetName=GND Pin=C26-4
Added Pin To Net: NetName=3.3v Pin=C27-3
Added Pin To Net: NetName=GND Pin=C27-4
Added Pin To Net: NetName=3.3v Pin=C28-3
Added Pin To Net: NetName=GND Pin=C28-4
Added Pin To Net: NetName=5v Pin=C43-1
Added Pin To Net: NetName=GND Pin=C43-2
Added Pin To Net: NetName=5v Pin=C44-1
Added Pin To Net: NetName=GND Pin=C44-2
Added Pin To Net: NetName=5v Pin=C45-1
Added Pin To Net: NetName=GND Pin=C45-2
Added Pin To Net: NetName=5v Pin=C46-1
Added Pin To Net: NetName=GND Pin=C46-2
Added Pin To Net: NetName=5v Pin=C49-1
Added Pin To Net: NetName=GND Pin=C49-2
Added Pin To Net: NetName=5v Pin=C50-1
Added Pin To Net: NetName=GND Pin=C50-2
Added Pin To Net: NetName=5v Pin=C51-1
Added Pin To Net: NetName=GND Pin=C51-2
Added Pin To Net: NetName=5v Pin=C52-1
Added Pin To Net: NetName=GND Pin=C52-2
Added Pin To Net: NetName=3.3v Pin=C53-1
Added Pin To Net: NetName=GND Pin=C53-2
Added Pin To Net: NetName=3.3v Pin=C54-1
Added Pin To Net: NetName=GND Pin=C54-2
Added Pin To Net: NetName=3.3v Pin=C55-1
Added Pin To Net: NetName=GND Pin=C55-2
Added Pin To Net: NetName=3.3v Pin=C56-1
Added Pin To Net: NetName=GND Pin=C56-2
Added Pin To Net: NetName=3.3v Pin=C57-1
Added Pin To Net: NetName=GND Pin=C57-2
Added Pin To Net: NetName=3.3v Pin=C58-1
Added Pin To Net: NetName=GND Pin=C58-2
Added Pin To Net: NetName=3.3v Pin=C59-1
Added Pin To Net: NetName=GND Pin=C59-2
Added Pin To Net: NetName=3.3v Pin=C60-1
Added Pin To Net: NetName=GND Pin=C60-2
Added Pin To Net: NetName=3.3v Pin=J1-33
Added Pin To Net: NetName=3.3v Pin=J1-35
Added Pin To Net: NetName=5v Pin=J1-37
Added Pin To Net: NetName=5v Pin=J1-39
Change Net Name : Old Net Name=NetD4_1 New Net Name=NetDVBAT_1
Change Net Name : Old Net Name=NetD5_1 New Net Name=NetD5V_1
Change Net Name : Old Net Name=NetD6_1 New Net Name=NetD3.3V_1
Added Pin To Net: NetName=LINE1A Pin=C21-1
Added Pin To Net: NetName=LINE1A Pin=J1-1
Added Net: Name=LINE1A
Added Pin To Net: NetName=LINE1B Pin=C21-2
Added Pin To Net: NetName=LINE1B Pin=J1-3
Added Net: Name=LINE1B
Added Pin To Net: NetName=LINE2A Pin=C28-1
Added Pin To Net: NetName=LINE2A Pin=J1-5
Added Net: Name=LINE2A
Added Pin To Net: NetName=LINE2B Pin=C28-2
Added Pin To Net: NetName=LINE2B Pin=J1-7
Added Net: Name=LINE2B
Added Pin To Net: NetName=LINE3A Pin=C26-1
Added Pin To Net: NetName=LINE3A Pin=J1-9
Added Net: Name=LINE3A
Added Pin To Net: NetName=LINE3B Pin=C26-2
Added Pin To Net: NetName=LINE3B Pin=J1-11
Added Net: Name=LINE3B
Added Pin To Net: NetName=LINE4A Pin=C27-1
Added Pin To Net: NetName=LINE4A Pin=J1-13
Added Net: Name=LINE4A
Added Pin To Net: NetName=LINE4B Pin=C27-2
Added Pin To Net: NetName=LINE4B Pin=J1-15
Added Net: Name=LINE4B
Added Pin To Net: NetName=UART1_RX Pin=C17-2
Added Pin To Net: NetName=UART1_RX Pin=J1-19
Added Net: Name=UART1_RX
Added Pin To Net: NetName=UART1_TX Pin=C17-1
Added Pin To Net: NetName=UART1_TX Pin=J1-17
Added Net: Name=UART1_TX
Added Pin To Net: NetName=UART2_RX Pin=C18-2
Added Pin To Net: NetName=UART2_RX Pin=J1-23
Added Net: Name=UART2_RX
Added Pin To Net: NetName=UART2_TX Pin=C18-1
Added Pin To Net: NetName=UART2_TX Pin=J1-21
Added Net: Name=UART2_TX
Added Pin To Net: NetName=UART3_RX Pin=C19-2
Added Pin To Net: NetName=UART3_RX Pin=J1-27
Added Net: Name=UART3_RX
Added Pin To Net: NetName=UART3_TX Pin=C19-1
Added Pin To Net: NetName=UART3_TX Pin=J1-25
Added Net: Name=UART3_TX
Added Pin To Net: NetName=UART4_RX Pin=C20-2
Added Pin To Net: NetName=UART4_RX Pin=J1-31
Added Net: Name=UART4_RX
Added Pin To Net: NetName=UART4_TX Pin=C20-1
Added Pin To Net: NetName=UART4_TX Pin=J1-29
Added Net: Name=UART4_TX
Added Class: Name=U_Sensor_connectors
Added Member To Class: ClassName=U_OledAndLed Member=Component OLED1 oled flex 0.96
Added Room: Name=U_Connectors
Added Room: Name=U_Interface
Added Room: Name=U_OledAndLed
Added Room: Name=U_PWRButton
Added Room: Name=U_Sensor_connectors
Added Room: Name=U_Start_mod
