Removed Pin From Net: NetName=GND Pin=OLED?-1
Removed Pin From Net: NetName=NetC1_1 Pin=OLED?-2
Removed Pin From Net: NetName=NetC1_2 Pin=OLED?-3
Removed Pin From Net: NetName=NetC2_1 Pin=OLED?-4
Removed Pin From Net: NetName=NetC2_2 Pin=OLED?-5
Removed Pin From Net: NetName=3.3v Pin=OLED?-6
Removed Pin From Net: NetName=GND Pin=OLED?-8
Removed Pin From Net: NetName=3.3v Pin=OLED?-9
Removed Pin From Net: NetName=GND Pin=OLED?-10
Removed Pin From Net: NetName=3.3v Pin=OLED?-11
Removed Pin From Net: NetName=GND Pin=OLED?-12
Removed Pin From Net: NetName=GND Pin=OLED?-13
Removed Pin From Net: NetName=NetC5_1 Pin=OLED?-14
Removed Pin From Net: NetName=GND Pin=OLED?-15
Removed Pin From Net: NetName=GND Pin=OLED?-16
Removed Pin From Net: NetName=GND Pin=OLED?-17
Removed Pin From Net: NetName=I2C_OLED_SCL Pin=OLED?-18
Removed Pin From Net: NetName=I2C_OLED_SDA Pin=OLED?-19
Removed Pin From Net: NetName=I2C_OLED_SDA Pin=OLED?-20
Removed Pin From Net: NetName=GND Pin=OLED?-21
Removed Pin From Net: NetName=GND Pin=OLED?-22
Removed Pin From Net: NetName=GND Pin=OLED?-23
Removed Pin From Net: NetName=GND Pin=OLED?-24
Removed Pin From Net: NetName=GND Pin=OLED?-25
Removed Pin From Net: NetName=NetC3_1 Pin=OLED?-27
Removed Pin From Net: NetName=NetC4_1 Pin=OLED?-28
Removed Pin From Net: NetName=GND Pin=OLED?-29
Removed Pin From Net: NetName=GND Pin=OLED?-30
Removed Member From Class: ClassName=U_OledAndLed Member=OLED?
Added Component: Designator=OLED1(oled flex 0.96)
Added Pin To Net: NetName=GND Pin=OLED1-1
Added Pin To Net: NetName=NetC1_1 Pin=OLED1-2
Added Pin To Net: NetName=NetC1_2 Pin=OLED1-3
Added Pin To Net: NetName=NetC2_1 Pin=OLED1-4
Added Pin To Net: NetName=NetC2_2 Pin=OLED1-5
Added Pin To Net: NetName=3.3v Pin=OLED1-6
Added Pin To Net: NetName=GND Pin=OLED1-8
Added Pin To Net: NetName=3.3v Pin=OLED1-9
Added Pin To Net: NetName=GND Pin=OLED1-10
Added Pin To Net: NetName=3.3v Pin=OLED1-11
Added Pin To Net: NetName=GND Pin=OLED1-12
Added Pin To Net: NetName=GND Pin=OLED1-13
Added Pin To Net: NetName=NetC5_1 Pin=OLED1-14
Added Pin To Net: NetName=GND Pin=OLED1-15
Added Pin To Net: NetName=GND Pin=OLED1-16
Added Pin To Net: NetName=GND Pin=OLED1-17
Added Pin To Net: NetName=I2C_OLED_SCL Pin=OLED1-18
Added Pin To Net: NetName=I2C_OLED_SDA Pin=OLED1-19
Added Pin To Net: NetName=I2C_OLED_SDA Pin=OLED1-20
Added Pin To Net: NetName=GND Pin=OLED1-21
Added Pin To Net: NetName=GND Pin=OLED1-22
Added Pin To Net: NetName=GND Pin=OLED1-23
Added Pin To Net: NetName=GND Pin=OLED1-24
Added Pin To Net: NetName=GND Pin=OLED1-25
Added Pin To Net: NetName=NetC3_1 Pin=OLED1-27
Added Pin To Net: NetName=NetC4_1 Pin=OLED1-28
Added Pin To Net: NetName=GND Pin=OLED1-29
Added Pin To Net: NetName=GND Pin=OLED1-30
Added Pin To Net: NetName=NetOLED1_26 Pin=OLED1-26
Added Pin To Net: NetName=NetOLED1_26 Pin=R1-2
Added Net: Name=NetOLED1_26
Added Member To Class: ClassName=U_OledAndLed Member=Component OLED1 oled flex 0.96
Added Room: Name=U_Connectors
Added Room: Name=U_Interface
Added Room: Name=U_OledAndLed
Added Room: Name=U_PWRButton
Added Room: Name=U_Start_mod
