Removed Pin From Net: NetName=GND Pin=J2-1
Removed Pin From Net: NetName=START_MOD_IR_1 Pin=J2-2
Removed Pin From Net: NetName=3.3v Pin=J2-4
Removed Pin From Net: NetName=GND Pin=J3-1
Removed Pin From Net: NetName=START_MOD_IR_2 Pin=J3-2
Removed Pin From Net: NetName=3.3v Pin=J3-4
Change Component Footprint: Designator=J2 Old Footprint=CLP-102-02-XXX-D-BE-TR - IR SENSOR New Footprint=SFMC-102-XX-YY-D START MOD
Change Component Footprint: Designator=J3 Old Footprint=CLP-102-02-XXX-D-BE-TR - IR SENSOR New Footprint=SFMC-102-XX-YY-D START MOD
Change Component Comment : Designator=J2 Old Comment=CLP-102-02-LM-D-BE-TR New Comment=SFMC-102-T1-S-D
Change Component Comment : Designator=J3 Old Comment=CLP-102-02-LM-D-BE-TR New Comment=SFMC-102-T1-S-D
Change component parameters: Designator = "J2" ("J2"); Footprint = "CLP-102-02-XXX-D-BE-TR - IR SENSOR"; UniqueID = "\IGIXFYZW\EEDWBPGJ" ("\IGIXFYZW\EEDWBPGJ")
Change component parameters (AddParameter): Name = "Arrow Part Number"; Value = ""; VariantName = "[No Variations]"
Change component parameters (AddParameter): Name = "Arrow Price/Stock"; Value = ""; VariantName = "[No Variations]"
Change component parameters (AddParameter): Name = "Datasheet Link"; Value = "http://suddendocs.samtec.com/prints/sfmc-1xx-xx-xx-d-xx-mkt.pdf"; VariantName = "[No Variations]"
Change component parameters (AddParameter): Name = "Manufacturer_Name"; Value = "SAMTEC"; VariantName = "[No Variations]"
Change component parameters (AddParameter): Name = "Manufacturer_Part_Number"; Value = "SFMC-102-T1-S-D"; VariantName = "[No Variations]"
Change component parameters (AddParameter): Name = "Mouser Part Number"; Value = ""; VariantName = "[No Variations]"
Change component parameters (AddParameter): Name = "Mouser Price/Stock"; Value = ""; VariantName = "[No Variations]"
Change component parameters: Designator = "J3" ("J3"); Footprint = "CLP-102-02-XXX-D-BE-TR - IR SENSOR"; UniqueID = "\IGIXFYZW\XSRKBFVI" ("\IGIXFYZW\XSRKBFVI")
Change component parameters (AddParameter): Name = "Arrow Part Number"; Value = ""; VariantName = "[No Variations]"
Change component parameters (AddParameter): Name = "Arrow Price/Stock"; Value = ""; VariantName = "[No Variations]"
Change component parameters (AddParameter): Name = "Datasheet Link"; Value = "http://suddendocs.samtec.com/prints/sfmc-1xx-xx-xx-d-xx-mkt.pdf"; VariantName = "[No Variations]"
Change component parameters (AddParameter): Name = "Manufacturer_Name"; Value = "SAMTEC"; VariantName = "[No Variations]"
Change component parameters (AddParameter): Name = "Manufacturer_Part_Number"; Value = "SFMC-102-T1-S-D"; VariantName = "[No Variations]"
Change component parameters (AddParameter): Name = "Mouser Part Number"; Value = ""; VariantName = "[No Variations]"
Change component parameters (AddParameter): Name = "Mouser Price/Stock"; Value = ""; VariantName = "[No Variations]"
Added Pin To Net: NetName=START_MOD_IR_1 Pin=J2-1
Added Pin To Net: NetName=3.3v Pin=J2-2
Added Pin To Net: NetName=GND Pin=J2-4
Added Pin To Net: NetName=START_MOD_IR_2 Pin=J3-1
Added Pin To Net: NetName=3.3v Pin=J3-2
Added Pin To Net: NetName=GND Pin=J3-4
Added Room: Name=U_Connectors
Added Room: Name=U_Interface
Added Room: Name=U_OledAndLed
Added Room: Name=U_PWRButton
Added Room: Name=U_Sensor_connectors
Added Room: Name=U_Start_mod
