Removed Pin From Net: NetName=Vcc Pin=C8-1
Removed Pin From Net: NetName=GND Pin=C8-2
Removed Pin From Net: NetName=Vcc Pin=C9-1
Removed Pin From Net: NetName=GND Pin=C9-2
Removed Pin From Net: NetName=Vcc Pin=C10-1
Removed Pin From Net: NetName=GND Pin=C10-2
Removed Pin From Net: NetName=GND Pin=C14-2
Removed Pin From Net: NetName=GND Pin=C15-2
Removed Pin From Net: NetName=GND Pin=C16-2
Removed Member From Class: ClassName=U_Connectors Member=C8
Removed Member From Class: ClassName=U_Connectors Member=C9
Removed Member From Class: ClassName=U_Connectors Member=C10
Removed Member From Class: ClassName=U_Connectors Member=C14
Removed Member From Class: ClassName=U_Connectors Member=C15
Removed Member From Class: ClassName=U_Connectors Member=C16
Added Room: Name=U_Connectors
Added Room: Name=U_Interface
Added Room: Name=U_OledAndLed
Added Room: Name=U_PWRButton
Added Room: Name=U_Sensor_connectors
Added Room: Name=U_Start_mod
