Archive member included to satisfy reference by file (symbol)

C:/ST/STM32CubeIDE_1.19.0/STM32CubeIDE/plugins/com.st.stm32cube.ide.mcu.externaltools.gnu-tools-for-stm32.13.3.rel1.win32_1.0.0.202411081344/tools/bin/../lib/gcc/arm-none-eabi/13.3.1/../../../../arm-none-eabi/lib/thumb/v8-m.main+fp/hard\libc_nano.a(libc_a-exit.o)
                              C:/ST/STM32CubeIDE_1.19.0/STM32CubeIDE/plugins/com.st.stm32cube.ide.mcu.externaltools.gnu-tools-for-stm32.13.3.rel1.win32_1.0.0.202411081344/tools/bin/../lib/gcc/arm-none-eabi/13.3.1/../../../../arm-none-eabi/lib/thumb/v8-m.main+fp/hard/crt0.o (exit)
C:/ST/STM32CubeIDE_1.19.0/STM32CubeIDE/plugins/com.st.stm32cube.ide.mcu.externaltools.gnu-tools-for-stm32.13.3.rel1.win32_1.0.0.202411081344/tools/bin/../lib/gcc/arm-none-eabi/13.3.1/../../../../arm-none-eabi/lib/thumb/v8-m.main+fp/hard\libc_nano.a(libc_a-itoa.o)
                              ./Core/Src/main.o (itoa)
C:/ST/STM32CubeIDE_1.19.0/STM32CubeIDE/plugins/com.st.stm32cube.ide.mcu.externaltools.gnu-tools-for-stm32.13.3.rel1.win32_1.0.0.202411081344/tools/bin/../lib/gcc/arm-none-eabi/13.3.1/../../../../arm-none-eabi/lib/thumb/v8-m.main+fp/hard\libc_nano.a(libc_a-utoa.o)
                              C:/ST/STM32CubeIDE_1.19.0/STM32CubeIDE/plugins/com.st.stm32cube.ide.mcu.externaltools.gnu-tools-for-stm32.13.3.rel1.win32_1.0.0.202411081344/tools/bin/../lib/gcc/arm-none-eabi/13.3.1/../../../../arm-none-eabi/lib/thumb/v8-m.main+fp/hard\libc_nano.a(libc_a-itoa.o) (__utoa)
C:/ST/STM32CubeIDE_1.19.0/STM32CubeIDE/plugins/com.st.stm32cube.ide.mcu.externaltools.gnu-tools-for-stm32.13.3.rel1.win32_1.0.0.202411081344/tools/bin/../lib/gcc/arm-none-eabi/13.3.1/../../../../arm-none-eabi/lib/thumb/v8-m.main+fp/hard\libc_nano.a(libc_a-findfp.o)
                              C:/ST/STM32CubeIDE_1.19.0/STM32CubeIDE/plugins/com.st.stm32cube.ide.mcu.externaltools.gnu-tools-for-stm32.13.3.rel1.win32_1.0.0.202411081344/tools/bin/../lib/gcc/arm-none-eabi/13.3.1/../../../../arm-none-eabi/lib/thumb/v8-m.main+fp/hard\libc_nano.a(libc_a-exit.o) (__stdio_exit_handler)
C:/ST/STM32CubeIDE_1.19.0/STM32CubeIDE/plugins/com.st.stm32cube.ide.mcu.externaltools.gnu-tools-for-stm32.13.3.rel1.win32_1.0.0.202411081344/tools/bin/../lib/gcc/arm-none-eabi/13.3.1/../../../../arm-none-eabi/lib/thumb/v8-m.main+fp/hard\libc_nano.a(libc_a-fwalk.o)
                              C:/ST/STM32CubeIDE_1.19.0/STM32CubeIDE/plugins/com.st.stm32cube.ide.mcu.externaltools.gnu-tools-for-stm32.13.3.rel1.win32_1.0.0.202411081344/tools/bin/../lib/gcc/arm-none-eabi/13.3.1/../../../../arm-none-eabi/lib/thumb/v8-m.main+fp/hard\libc_nano.a(libc_a-findfp.o) (_fwalk_sglue)
C:/ST/STM32CubeIDE_1.19.0/STM32CubeIDE/plugins/com.st.stm32cube.ide.mcu.externaltools.gnu-tools-for-stm32.13.3.rel1.win32_1.0.0.202411081344/tools/bin/../lib/gcc/arm-none-eabi/13.3.1/../../../../arm-none-eabi/lib/thumb/v8-m.main+fp/hard\libc_nano.a(libc_a-stdio.o)
                              C:/ST/STM32CubeIDE_1.19.0/STM32CubeIDE/plugins/com.st.stm32cube.ide.mcu.externaltools.gnu-tools-for-stm32.13.3.rel1.win32_1.0.0.202411081344/tools/bin/../lib/gcc/arm-none-eabi/13.3.1/../../../../arm-none-eabi/lib/thumb/v8-m.main+fp/hard\libc_nano.a(libc_a-findfp.o) (__sread)
C:/ST/STM32CubeIDE_1.19.0/STM32CubeIDE/plugins/com.st.stm32cube.ide.mcu.externaltools.gnu-tools-for-stm32.13.3.rel1.win32_1.0.0.202411081344/tools/bin/../lib/gcc/arm-none-eabi/13.3.1/../../../../arm-none-eabi/lib/thumb/v8-m.main+fp/hard\libc_nano.a(libc_a-memmove.o)
                              ./Drivers/STM32H5xx_HAL_Driver/Src/stm32h5xx_hal_dma_ex.o (memmove)
C:/ST/STM32CubeIDE_1.19.0/STM32CubeIDE/plugins/com.st.stm32cube.ide.mcu.externaltools.gnu-tools-for-stm32.13.3.rel1.win32_1.0.0.202411081344/tools/bin/../lib/gcc/arm-none-eabi/13.3.1/../../../../arm-none-eabi/lib/thumb/v8-m.main+fp/hard\libc_nano.a(libc_a-memset.o)
                              C:/ST/STM32CubeIDE_1.19.0/STM32CubeIDE/plugins/com.st.stm32cube.ide.mcu.externaltools.gnu-tools-for-stm32.13.3.rel1.win32_1.0.0.202411081344/tools/bin/../lib/gcc/arm-none-eabi/13.3.1/../../../../arm-none-eabi/lib/thumb/v8-m.main+fp/hard/crt0.o (memset)
C:/ST/STM32CubeIDE_1.19.0/STM32CubeIDE/plugins/com.st.stm32cube.ide.mcu.externaltools.gnu-tools-for-stm32.13.3.rel1.win32_1.0.0.202411081344/tools/bin/../lib/gcc/arm-none-eabi/13.3.1/../../../../arm-none-eabi/lib/thumb/v8-m.main+fp/hard\libc_nano.a(libc_a-closer.o)
                              C:/ST/STM32CubeIDE_1.19.0/STM32CubeIDE/plugins/com.st.stm32cube.ide.mcu.externaltools.gnu-tools-for-stm32.13.3.rel1.win32_1.0.0.202411081344/tools/bin/../lib/gcc/arm-none-eabi/13.3.1/../../../../arm-none-eabi/lib/thumb/v8-m.main+fp/hard\libc_nano.a(libc_a-stdio.o) (_close_r)
C:/ST/STM32CubeIDE_1.19.0/STM32CubeIDE/plugins/com.st.stm32cube.ide.mcu.externaltools.gnu-tools-for-stm32.13.3.rel1.win32_1.0.0.202411081344/tools/bin/../lib/gcc/arm-none-eabi/13.3.1/../../../../arm-none-eabi/lib/thumb/v8-m.main+fp/hard\libc_nano.a(libc_a-reent.o)
[...]
Memory Configuration

Name             Origin             Length             Attributes
RAM              0x20000000         0x000a0000         xrw
FLASH            0x08000000         0x00200000         xr
*default*        0x00000000         0xffffffff

Linker script and memory map

LOAD C:/ST/STM32CubeIDE_1.19.0/STM32CubeIDE/plugins/com.st.stm32cube.ide.mcu.externaltools.gnu-tools-for-stm32.13.3.rel1.win32_1.0.0.202411081344/tools/bin/../lib/gcc/arm-none-eabi/13.3.1/thumb/v8-m.main+fp/hard/crti.o
LOAD C:/ST/STM32CubeIDE_1.19.0/STM32CubeIDE/plugins/com.st.stm32cube.ide.mcu.externaltools.gnu-tools-for-stm32.13.3.rel1.win32_1.0.0.202411081344/tools/bin/../lib/gcc/arm-none-eabi/13.3.1/thumb/v8-m.main+fp/hard/crtbegin.o
LOAD C:/ST/STM32CubeIDE_1.19.0/STM32CubeIDE/plugins/com.st.stm32cube.ide.mcu.externaltools.gnu-tools-for-stm32.13.3.rel1.win32_1.0.0.202411081344/tools/bin/../lib/gcc/arm-none-eabi/13.3.1/../../../../arm-none-eabi/lib/thumb/v8-m.main+fp/hard/crt0.o
LOAD ./Core/Src/fonts.o
LOAD ./Core/Src/main.o
LOAD ./Core/Src/ssd1306.o
LOAD ./Core/Src/stm32h5xx_hal_msp.o
LOAD ./Core/Src/stm32h5xx_it.o
LOAD ./Core/Src/syscalls.o
LOAD ./Core/Src/sysmem.o
LOAD ./Core/Src/system_stm32h5xx.o
LOAD ./Core/Startup/startup_stm32h562rivx.o
LOAD ./Drivers/STM32H5xx_HAL_Driver/Src/stm32h5xx_hal.o
LOAD ./Drivers/STM32H5xx_HAL_Driver/Src/stm32h5xx_hal_adc.o
LOAD ./Drivers/STM32H5xx_HAL_Driver/Src/stm32h5xx_hal_adc_ex.o
LOAD ./Drivers/STM32H5xx_HAL_Driver/Src/stm32h5xx_hal_cortex.o
LOAD ./Drivers/STM32H5xx_HAL_Driver/Src/stm32h5xx_hal_dma.o
LOAD ./Drivers/STM32H5xx_HAL_Driver/Src/stm32h5xx_hal_dma_ex.o
LOAD ./Drivers/STM32H5xx_HAL_Driver/Src/stm32h5xx_hal_exti.o
LOAD ./Drivers/STM32H5xx_HAL_Driver/Src/stm32h5xx_hal_fdcan.o
LOAD ./Drivers/STM32H5xx_HAL_Driver/Src/stm32h5xx_hal_flash.o
LOAD ./Drivers/STM32H5xx_HAL_Driver/Src/stm32h5xx_hal_flash_ex.o
LOAD ./Drivers/STM32H5xx_HAL_Driver/Src/stm32h5xx_hal_gpio.o
LOAD ./Drivers/STM32H5xx_HAL_Driver/Src/stm32h5xx_hal_i2c.o
LOAD ./Drivers/STM32H5xx_HAL_Driver/Src/stm32h5xx_hal_i2c_ex.o
LOAD ./Drivers/STM32H5xx_HAL_Driver/Src/stm32h5xx_hal_pwr.o
LOAD ./Drivers/STM32H5xx_HAL_Driver/Src/stm32h5xx_hal_pwr_ex.o
LOAD ./Drivers/STM32H5xx_HAL_Driver/Src/stm32h5xx_hal_rcc.o
LOAD ./Drivers/STM32H5xx_HAL_Driver/Src/stm32h5xx_hal_rcc_ex.o
LOAD ./Drivers/STM32H5xx_HAL_Driver/Src/stm32h5xx_hal_tim.o
LOAD ./Drivers/STM32H5xx_HAL_Driver/Src/stm32h5xx_hal_tim_ex.o
LOAD ./Drivers/STM32H5xx_HAL_Driver/Src/stm32h5xx_hal_uart.o
LOAD ./Drivers/STM32H5xx_HAL_Driver/Src/stm32h5xx_hal_uart_ex.o
START GROUP
LOAD C:/ST/STM32CubeIDE_1.19.0/STM32CubeIDE/plugins/com.st.stm32cube.ide.mcu.externaltools.gnu-tools-for-stm32.13.3.rel1.win32_1.0.0.202411081344/tools/bin/../lib/gcc/arm-none-eabi/13.3.1/../../../../arm-none-eabi/lib/thumb/v8-m.main+fp/hard\libc_nano.a
LOAD C:/ST/STM32CubeIDE_1.19.0/STM32CubeIDE/plugins/com.st.stm32cube.ide.mcu.externaltools.gnu-tools-for-stm32.13.3.rel1.win32_1.0.0.202411081344/tools/bin/../lib/gcc/arm-none-eabi/13.3.1/../../../../arm-none-eabi/lib/thumb/v8-m.main+fp/hard\libm.a
END GROUP
START GROUP
LOAD C:/ST/STM32CubeIDE_1.19.0/STM32CubeIDE/plugins/com.st.stm32cube.ide.mcu.externaltools.gnu-tools-for-stm32.13.3.rel1.win32_1.0.0.202411081344/tools/bin/../lib/gcc/arm-none-eabi/13.3.1/thumb/v8-m.main+fp/hard\libgcc.a
LOAD C:/ST/STM32CubeIDE_1.19.0/STM32CubeIDE/plugins/com.st.stm32cube.ide.mcu.externaltools.gnu-tools-for-stm32.13.3.rel1.win32_1.0.0.202411081344/tools/bin/../lib/gcc/arm-none-eabi/13.3.1/../../../../arm-none-eabi/lib/thumb/v8-m.main+fp/hard\libc_nano.a
END GROUP
START GROUP
LOAD C:/ST/STM32CubeIDE_1.19.0/STM32CubeIDE/plugins/com.st.stm32cube.ide.mcu.externaltools.gnu-tools-for-stm32.13.3.rel1.win32_1.0.0.202411081344/tools/bin/../lib/gcc/arm-none-eabi/13.3.1/thumb/v8-m.main+fp/hard\libgcc.a
LOAD C:/ST/STM32CubeIDE_1.19.0/STM32CubeIDE/plugins/com.st.stm32cube.ide.mcu.externaltools.gnu-tools-for-stm32.13.3.rel1.win32_1.0.0.202411081344/tools/bin/../lib/gcc/arm-none-eabi/13.3.1/../../../../arm-none-eabi/lib/thumb/v8-m.main+fp/hard\libc_nano.a
LOAD C:/ST/STM32CubeIDE_1.19.0/STM32CubeIDE/plugins/com.st.stm32cube.ide.mcu.externaltools.gnu-tools-for-stm32.13.3.rel1.win32_1.0.0.202411081344/tools/bin/../lib/gcc/arm-none-eabi/13.3.1/../../../../arm-none-eabi/lib/thumb/v8-m.main+fp/hard\libnosys.a
END GROUP
START GROUP
LOAD C:/ST/STM32CubeIDE_1.19.0/STM32CubeIDE/plugins/com.st.stm32cube.ide.mcu.externaltools.gnu-tools-for-stm32.13.3.rel1.win32_1.0.0.202411081344/tools/bin/../lib/gcc/arm-none-eabi/13.3.1/thumb/v8-m.main+fp/hard\libgcc.a
LOAD C:/ST/STM32CubeIDE_1.19.0/STM32CubeIDE/plugins/com.st.stm32cube.ide.mcu.externaltools.gnu-tools-for-stm32.13.3.rel1.win32_1.0.0.202411081344/tools/bin/../lib/gcc/arm-none-eabi/13.3.1/../../../../arm-none-eabi/lib/thumb/v8-m.main+fp/hard\libc_nano.a
LOAD C:/ST/STM32CubeIDE_1.19.0/STM32CubeIDE/plugins/com.st.stm32cube.ide.mcu.externaltools.gnu-tools-for-stm32.13.3.rel1.win32_1.0.0.202411081344/tools/bin/../lib/gcc/arm-none-eabi/13.3.1/../../../../arm-none-eabi/lib/thumb/v8-m.main+fp/hard\libnosys.a
END GROUP
LOAD C:/ST/STM32CubeIDE_1.19.0/STM32CubeIDE/plugins/com.st.stm32cube.ide.mcu.externaltools.gnu-tools-for-stm32.13.3.rel1.win32_1.0.0.202411081344/tools/bin/../lib/gcc/arm-none-eabi/13.3.1/thumb/v8-m.main+fp/hard/crtend.o
LOAD C:/ST/STM32CubeIDE_1.19.0/STM32CubeIDE/plugins/com.st.stm32cube.ide.mcu.externaltools.gnu-tools-for-stm32.13.3.rel1.win32_1.0.0.202411081344/tools/bin/../lib/gcc/arm-none-eabi/13.3.1/thumb/v8-m.main+fp/hard/crtn.o
                0x200a0000                        _estack = (ORIGIN (RAM) + LENGTH (RAM))
                0x00000200                        _Min_Heap_Size = 0x200
                0x00000400                        _Min_Stack_Size = 0x400

.isr_vector     0x08000000      0x24c
                0x08000000                        . = ALIGN (0x4)
 *(.isr_vector)
 .isr_vector    0x08000000      0x24c ./Core/Startup/startup_stm32h562rivx.o
                0x08000000                g_pfnVectors
                0x0800024c                        . = ALIGN (0x4)

.text           0x08000250     0xf5d4
                0x08000250                        . = ALIGN (0x4)
 *(.text)
 .text          0x08000250       0x40 C:/ST/STM32CubeIDE_1.19.0/STM32CubeIDE/plugins/com.st.stm32cube.ide.mcu.externaltools.gnu-tools-for-stm32.13.3.rel1.win32_1.0.0.202411081344/tools/bin/../lib/gcc/arm-none-eabi/13.3.1/thumb/v8-m.main+fp/hard/crtbegin.o
 .text          0x08000290       0x10 C:/ST/STM32CubeIDE_1.19.0/STM32CubeIDE/plugins/com.st.stm32cube.ide.mcu.externaltools.gnu-tools-for-stm32.13.3.rel1.win32_1.0.0.202411081344/tools/bin/../lib/gcc/arm-none-eabi/13.3.1/../../../../arm-none-eabi/lib/thumb/v8-m.main+fp/hard\libc_nano.a(libc_a-strlen.o)
                0x08000290                strlen
 .text          0x080002a0       0x30 C:/ST/STM32CubeIDE_1.19.0/STM32CubeIDE/plugins/com.st.stm32cube.ide.mcu.externaltools.gnu-tools-for-stm32.13.3.rel1.win32_1.0.0.202411081344/tools/bin/../lib/gcc/arm-none-eabi/13.3.1/thumb/v8-m.main+fp/hard\libgcc.a(_aeabi_uldivmod.o)
                0x080002a0                __aeabi_uldivmod
 .text          0x080002d0      0x348 C:/ST/STM32CubeIDE_1.19.0/STM32CubeIDE/plugins/com.st.stm32cube.ide.mcu.externaltools.gnu-tools-for-stm32.13.3.rel1.win32_1.0.0.202411081344/tools/bin/../lib/gcc/arm-none-eabi/13.3.1/thumb/v8-m.main+fp/hard\libgcc.a(_udivmoddi4.o)
                0x080002d0                __udivmoddi4
 .text          0x08000618        0x4 C:/ST/STM32CubeIDE_1.19.0/STM32CubeIDE/plugins/com.st.stm32cube.ide.mcu.externaltools.gnu-tools-for-stm32.13.3.rel1.win32_1.0.0.202411081344/tools/bin/../lib/gcc/arm-none-eabi/13.3.1/thumb/v8-m.main+fp/hard\libgcc.a(_dvmd_tls.o)
                0x08000618                __aeabi_idiv0
                0x08000618                __aeabi_ldiv0
 *(.text*)
 .text.SET_MOTORS
                0x0800061c      0x118 ./Core/Src/main.o
 .text.STRAIGHT_ATTACK
                0x08000734       0xa0 ./Core/Src/main.o
 .text._ssd1306_WriteInTheMiddle.constprop.0
                0x080007d4       0x44 ./Core/Src/main.o
 .text._ssd1306_WriteInTheMiddle.constprop.1
                0x08000818       0x4c ./Core/Src/main.o
 .text.LED_BLUE_Control.isra.0
                0x08000864      0x100 ./Core/Src/main.o
 .text.LED_RED_Control.isra.0
                0x08000964       0xf4 ./Core/Src/main.o
 .text.LED_GREEN_Control.isra.0
                0x08000a58       0xf4 ./Core/Src/main.o
 .text.HAL_TIM_PeriodElapsedCallback
                0x08000b4c      0xb78 ./Core/Src/main.o
                0x08000b4c                HAL_TIM_PeriodElapsedCallback
 .text.HAL_FDCAN_RxFifo0Callback
                0x080016c4       0x24 ./Core/Src/main.o
                0x080016c4                HAL_FDCAN_RxFifo0Callback
 .text.HAL_GPIO_EXTI_Rising_Callback
                0x080016e8      0x2b8 ./Core/Src/main.o
                0x080016e8                HAL_GPIO_EXTI_Rising_Callback
 .text.HAL_GPIO_EXTI_Falling_Callback
                0x080019a0      0x228 ./Core/Src/main.o
                0x080019a0                HAL_GPIO_EXTI_Falling_Callback
 .text.Error_Handler
                0x08001bc8       0x1c ./Core/Src/main.o
                0x08001bc8                Error_Handler
 .text.LIDARS_INIT
                0x08001be4      0x17c ./Core/Src/main.o
 .text.MOTOR_DRIVER_INIT
                0x08001d60      0x1cc ./Core/Src/main.o
 .text.HAL_UARTEx_RxEventCallback
                0x08001f2c     0x1560 ./Core/Src/main.o
                0x08001f2c                HAL_UARTEx_RxEventCallback
 *fill*         0x0800348c        0x4 
 .text.SystemClock_Config
                0x08003490       0xc0 ./Core/Src/main.o
                0x08003490                SystemClock_Config
 .text.startup.main
                0x08003550      0xc7c ./Core/Src/main.o
                0x08003550                main
 .text.ssd1306_SetColor
                0x080041cc        0xc ./Core/Src/ssd1306.o
                0x080041cc                ssd1306_SetColor
 .text.ssd1306_Init
                0x080041d8      0x5f8 ./Core/Src/ssd1306.o
                0x080041d8                ssd1306_Init
 .text.ssd1306_Fill
                0x080047d0       0x20 ./Core/Src/ssd1306.o
                0x080047d0                ssd1306_Fill
 .text.ssd1306_WriteChar
                0x080047f0      0x27c ./Core/Src/ssd1306.o
                0x080047f0                ssd1306_WriteChar
 .text.ssd1306_WriteString
                0x08004a6c       0x34 ./Core/Src/ssd1306.o
                0x08004a6c                ssd1306_WriteString
 .text.ssd1306_SetCursor
                0x08004aa0        0xc ./Core/Src/ssd1306.o
                0x08004aa0                ssd1306_SetCursor
 .text.ssd1306_Clear
                0x08004aac       0x10 ./Core/Src/ssd1306.o
                0x08004aac                ssd1306_Clear
 .text.ssd1306_UpdateScreen
                0x08004abc       0x40 ./Core/Src/ssd1306.o
                0x08004abc                ssd1306_UpdateScreen
 .text.ssd1306_UpdateCompletedCallback
                0x08004afc        0x4 ./Core/Src/ssd1306.o
                0x08004afc                ssd1306_UpdateCompletedCallback
 .text.HAL_I2C_MemTxCpltCallback
                0x08004b00       0x88 ./Core/Src/ssd1306.o
                0x08004b00                HAL_I2C_MemTxCpltCallback
 .text.HAL_MspInit
                0x08004b88        0x4 ./Core/Src/stm32h5xx_hal_msp.o
                0x08004b88                HAL_MspInit
 .text.HAL_ADC_MspInit
                0x08004b8c      0x184 ./Core/Src/stm32h5xx_hal_msp.o
                0x08004b8c                HAL_ADC_MspInit
 .text.HAL_FDCAN_MspInit
                0x08004d10       0xd4 ./Core/Src/stm32h5xx_hal_msp.o
                0x08004d10                HAL_FDCAN_MspInit
 .text.HAL_I2C_MspInit
                0x08004de4      0x1e0 ./Core/Src/stm32h5xx_hal_msp.o
                0x08004de4                HAL_I2C_MspInit
 .text.HAL_TIM_PWM_MspInit
                0x08004fc4       0x34 ./Core/Src/stm32h5xx_hal_msp.o
                0x08004fc4                HAL_TIM_PWM_MspInit
 .text.HAL_TIM_Base_MspInit
                0x08004ff8      0x15c ./Core/Src/stm32h5xx_hal_msp.o
                0x08004ff8                HAL_TIM_Base_MspInit
 *fill*         0x08005154        0x4 
 .text.HAL_TIM_MspPostInit
                0x08005158       0x64 ./Core/Src/stm32h5xx_hal_msp.o
                0x08005158                HAL_TIM_MspPostInit
 *fill*         0x080051bc        0x4 
 .text.HAL_UART_MspInit
                0x080051c0      0x3e8 ./Core/Src/stm32h5xx_hal_msp.o
                0x080051c0                HAL_UART_MspInit
 .text.NMI_Handler
                0x080055a8        0x4 ./Core/Src/stm32h5xx_it.o
                0x080055a8                NMI_Handler
 .text.HardFault_Handler
                0x080055ac        0x4 ./Core/Src/stm32h5xx_it.o
                0x080055ac                HardFault_Handler
 .text.MemManage_Handler
                0x080055b0        0x4 ./Core/Src/stm32h5xx_it.o
                0x080055b0                MemManage_Handler
 .text.BusFault_Handler
                0x080055b4        0x4 ./Core/Src/stm32h5xx_it.o
                0x080055b4                BusFault_Handler
 .text.UsageFault_Handler
                0x080055b8        0x4 ./Core/Src/stm32h5xx_it.o
                0x080055b8                UsageFault_Handler
 .text.SVC_Handler
                0x080055bc        0x4 ./Core/Src/stm32h5xx_it.o
                0x080055bc                SVC_Handler
 .text.DebugMon_Handler
                0x080055c0        0x4 ./Core/Src/stm32h5xx_it.o
                0x080055c0                DebugMon_Handler
 .text.PendSV_Handler
                0x080055c4        0x4 ./Core/Src/stm32h5xx_it.o
                0x080055c4                PendSV_Handler
 .text.SysTick_Handler
                0x080055c8        0x4 ./Core/Src/stm32h5xx_it.o
                0x080055c8                SysTick_Handler
 .text.EXTI0_IRQHandler
                0x080055cc        0x8 ./Core/Src/stm32h5xx_it.o
                0x080055cc                EXTI0_IRQHandler
 .text.EXTI11_IRQHandler
                0x080055d4        0x8 ./Core/Src/stm32h5xx_it.o
                0x080055d4                EXTI11_IRQHandler
 .text.EXTI14_IRQHandler
                0x080055dc        0x8 ./Core/Src/stm32h5xx_it.o
                0x080055dc                EXTI14_IRQHandler
 .text.GPDMA1_Channel1_IRQHandler
                0x080055e4        0xc ./Core/Src/stm32h5xx_it.o
                0x080055e4                GPDMA1_Channel1_IRQHandler
 .text.GPDMA1_Channel2_IRQHandler
                0x080055f0        0xc ./Core/Src/stm32h5xx_it.o
                0x080055f0                GPDMA1_Channel2_IRQHandler
 .text.GPDMA1_Channel4_IRQHandler
                0x080055fc        0xc ./Core/Src/stm32h5xx_it.o
                0x080055fc                GPDMA1_Channel4_IRQHandler
 .text.GPDMA1_Channel5_IRQHandler
                0x08005608        0xc ./Core/Src/stm32h5xx_it.o
                0x08005608                GPDMA1_Channel5_IRQHandler
 .text.FDCAN1_IT0_IRQHandler
                0x08005614        0xc ./Core/Src/stm32h5xx_it.o
                0x08005614                FDCAN1_IT0_IRQHandler
 .text.FDCAN1_IT1_IRQHandler
                0x08005620        0xc ./Core/Src/stm32h5xx_it.o
                0x08005620                FDCAN1_IT1_IRQHandler
 .text.I2C1_EV_IRQHandler
                0x0800562c        0xc ./Core/Src/stm32h5xx_it.o
                0x0800562c                I2C1_EV_IRQHandler
 .text.USART1_IRQHandler
                0x08005638        0xc ./Core/Src/stm32h5xx_it.o
                0x08005638                USART1_IRQHandler
 .text.USART2_IRQHandler
                0x08005644        0xc ./Core/Src/stm32h5xx_it.o
                0x08005644                USART2_IRQHandler
 .text.UART4_IRQHandler
                0x08005650        0xc ./Core/Src/stm32h5xx_it.o
                0x08005650                UART4_IRQHandler
 .text.UART5_IRQHandler
                0x0800565c        0xc ./Core/Src/stm32h5xx_it.o
                0x0800565c                UART5_IRQHandler
 .text.TIM15_IRQHandler
                0x08005668        0xc ./Core/Src/stm32h5xx_it.o
                0x08005668                TIM15_IRQHandler
 .text.TIM16_IRQHandler
                0x08005674        0xc ./Core/Src/stm32h5xx_it.o
                0x08005674                TIM16_IRQHandler
 .text.TIM17_IRQHandler
                0x08005680        0xc ./Core/Src/stm32h5xx_it.o
                0x08005680                TIM17_IRQHandler
 .text.I2C3_EV_IRQHandler
                0x0800568c        0xc ./Core/Src/stm32h5xx_it.o
                0x0800568c                I2C3_EV_IRQHandler
 .text.I2C3_ER_IRQHandler
                0x08005698        0xc ./Core/Src/stm32h5xx_it.o
                0x08005698                I2C3_ER_IRQHandler
 .text.GPDMA2_Channel0_IRQHandler
                0x080056a4        0xc ./Core/Src/stm32h5xx_it.o
                0x080056a4                GPDMA2_Channel0_IRQHandler
 .text.GPDMA2_Channel1_IRQHandler
                0x080056b0        0xc ./Core/Src/stm32h5xx_it.o
                0x080056b0                GPDMA2_Channel1_IRQHandler
 .text.TIM12_IRQHandler
                0x080056bc        0xc ./Core/Src/stm32h5xx_it.o
                0x080056bc                TIM12_IRQHandler
 .text.TIM13_IRQHandler
                0x080056c8        0xc ./Core/Src/stm32h5xx_it.o
                0x080056c8                TIM13_IRQHandler
 .text.TIM14_IRQHandler
                0x080056d4        0xc ./Core/Src/stm32h5xx_it.o
                0x080056d4                TIM14_IRQHandler
 .text.SystemInit
                0x080056e0       0x9c ./Core/Src/system_stm32h5xx.o
                0x080056e0                SystemInit
 .text.Reset_Handler
                0x0800577c       0x50 ./Core/Startup/startup_stm32h562rivx.o
                0x0800577c                Reset_Handler
 .text.Default_Handler
                0x080057cc        0x2 ./Core/Startup/startup_stm32h562rivx.o
                0x080057cc                EXTI2_IRQHandler
                0x080057cc                TIM8_TRG_COM_IRQHandler
                0x080057cc                TIM8_CC_IRQHandler
                0x080057cc                EXTI5_IRQHandler
                0x080057cc                I3C1_ER_IRQHandler
                0x080057cc                UART8_IRQHandler
                0x080057cc                SPI4_IRQHandler
                0x080057cc                FLASH_S_IRQHandler
                0x080057cc                EXTI13_IRQHandler
                0x080057cc                TIM1_CC_IRQHandler
                0x080057cc                GPDMA2_Channel3_IRQHandler
                0x080057cc                TAMP_IRQHandler
                0x080057cc                TIM6_IRQHandler
                0x080057cc                EXTI12_IRQHandler
                0x080057cc                CORDIC_IRQHandler
                0x080057cc                USB_DRD_FS_IRQHandler
                0x080057cc                EXTI3_IRQHandler
                0x080057cc                LPTIM4_IRQHandler
                0x080057cc                EXTI8_IRQHandler
                0x080057cc                GPDMA2_Channel5_IRQHandler
                0x080057cc                LPTIM2_IRQHandler
                0x080057cc                GPDMA2_Channel2_IRQHandler
                0x080057cc                USART10_IRQHandler
                0x080057cc                LPTIM3_IRQHandler
                0x080057cc                I2C2_EV_IRQHandler
                0x080057cc                FPU_IRQHandler
                0x080057cc                GPDMA1_Channel3_IRQHandler
                0x080057cc                GPDMA1_Channel7_IRQHandler
                0x080057cc                RAMCFG_IRQHandler
                0x080057cc                DCACHE1_IRQHandler
                0x080057cc                SPI1_IRQHandler
                0x080057cc                OCTOSPI1_IRQHandler
                0x080057cc                TIM8_UP_IRQHandler
                0x080057cc                RCC_S_IRQHandler
                0x080057cc                SAI2_IRQHandler
                0x080057cc                ADC1_IRQHandler
                0x080057cc                USART6_IRQHandler
                0x080057cc                EXTI15_IRQHandler
                0x080057cc                USART3_IRQHandler
                0x080057cc                RTC_IRQHandler
                0x080057cc                EXTI9_IRQHandler
                0x080057cc                LPTIM5_IRQHandler
                0x080057cc                TIM4_IRQHandler
                0x080057cc                SecureFault_Handler
                0x080057cc                TIM3_IRQHandler
                0x080057cc                RCC_IRQHandler
                0x080057cc                UART9_IRQHandler
                0x080057cc                TIM1_TRG_COM_IRQHandler
                0x080057cc                Default_Handler
                0x080057cc                FMAC_IRQHandler
                0x080057cc                CEC_IRQHandler
                0x080057cc                USART11_IRQHandler
                0x080057cc                GPDMA2_Channel4_IRQHandler
                0x080057cc                SPI5_IRQHandler
                0x080057cc                TIM7_IRQHandler
                0x080057cc                SDMMC1_IRQHandler
                0x080057cc                TIM5_IRQHandler
                0x080057cc                UCPD1_IRQHandler
                0x080057cc                GPDMA1_Channel0_IRQHandler
                0x080057cc                I3C1_EV_IRQHandler
                0x080057cc                PVD_AVD_IRQHandler
                0x080057cc                ADC2_IRQHandler
                0x080057cc                SPI2_IRQHandler
                0x080057cc                CRS_IRQHandler
                0x080057cc                EXTI4_IRQHandler
                0x080057cc                RTC_S_IRQHandler
                0x080057cc                RNG_IRQHandler
                0x080057cc                GPDMA2_Channel6_IRQHandler
                0x080057cc                TIM1_UP_IRQHandler
                0x080057cc                UART12_IRQHandler
                0x080057cc                WWDG_IRQHandler
                0x080057cc                SPI6_IRQHandler
                0x080057cc                I2C4_EV_IRQHandler
                0x080057cc                IWDG_IRQHandler
                0x080057cc                LPUART1_IRQHandler
                0x080057cc                TIM2_IRQHandler
                0x080057cc                EXTI7_IRQHandler
                0x080057cc                TIM1_BRK_IRQHandler
                0x080057cc                EXTI1_IRQHandler
                0x080057cc                LPTIM6_IRQHandler
                0x080057cc                DAC1_IRQHandler
                0x080057cc                DTS_IRQHandler
                0x080057cc                UART7_IRQHandler
                0x080057cc                GTZC_IRQHandler
                0x080057cc                GPDMA1_Channel6_IRQHandler
                0x080057cc                GPDMA2_Channel7_IRQHandler
                0x080057cc                I2C2_ER_IRQHandler
                0x080057cc                TIM8_BRK_IRQHandler
                0x080057cc                FLASH_IRQHandler
                0x080057cc                EXTI10_IRQHandler
                0x080057cc                SPI3_IRQHandler
                0x080057cc                I2C1_ER_IRQHandler
                0x080057cc                FMC_IRQHandler
                0x080057cc                EXTI6_IRQHandler
                0x080057cc                LPTIM1_IRQHandler
                0x080057cc                DCMI_PSSI_IRQHandler
                0x080057cc                I2C4_ER_IRQHandler
                0x080057cc                ICACHE_IRQHandler
                0x080057cc                SAI1_IRQHandler
                0x080057cc                HASH_IRQHandler
 *fill*         0x080057ce        0x2 
 .text.HAL_InitTick
                0x080057d0       0xa0 ./Drivers/STM32H5xx_HAL_Driver/Src/stm32h5xx_hal.o
                0x080057d0                HAL_InitTick
 .text.HAL_Init
                0x08005870       0x4c ./Drivers/STM32H5xx_HAL_Driver/Src/stm32h5xx_hal.o
                0x08005870                HAL_Init
 .text.HAL_IncTick
                0x080058bc       0x18 ./Drivers/STM32H5xx_HAL_Driver/Src/stm32h5xx_hal.o
                0x080058bc                HAL_IncTick
 .text.HAL_GetTick
                0x080058d4        0xc ./Drivers/STM32H5xx_HAL_Driver/Src/stm32h5xx_hal.o
                0x080058d4                HAL_GetTick
 .text.HAL_Delay
                0x080058e0       0x24 ./Drivers/STM32H5xx_HAL_Driver/Src/stm32h5xx_hal.o
                0x080058e0                HAL_Delay
 .text.HAL_ADC_Init
                0x08005904      0x1bc ./Drivers/STM32H5xx_HAL_Driver/Src/stm32h5xx_hal_adc.o
                0x08005904                HAL_ADC_Init
 .text.HAL_ADC_ConvCpltCallback
                0x08005ac0        0x4 ./Drivers/STM32H5xx_HAL_Driver/Src/stm32h5xx_hal_adc.o
                0x08005ac0                HAL_ADC_ConvCpltCallback
 .text.HAL_ADC_ConvHalfCpltCallback
                0x08005ac4        0x4 ./Drivers/STM32H5xx_HAL_Driver/Src/stm32h5xx_hal_adc.o
                0x08005ac4                HAL_ADC_ConvHalfCpltCallback
 .text.ADC_DMAHalfConvCplt
                0x08005ac8        0xc ./Drivers/STM32H5xx_HAL_Driver/Src/stm32h5xx_hal_adc.o
                0x08005ac8                ADC_DMAHalfConvCplt
 .text.HAL_ADC_ErrorCallback
                0x08005ad4        0x4 ./Drivers/STM32H5xx_HAL_Driver/Src/stm32h5xx_hal_adc.o
                0x08005ad4                HAL_ADC_ErrorCallback
 .text.ADC_DMAConvCplt
                0x08005ad8       0x6c ./Drivers/STM32H5xx_HAL_Driver/Src/stm32h5xx_hal_adc.o
                0x08005ad8                ADC_DMAConvCplt
 .text.ADC_DMAError
                0x08005b44       0x1c ./Drivers/STM32H5xx_HAL_Driver/Src/stm32h5xx_hal_adc.o
                0x08005b44                ADC_DMAError
 .text.HAL_ADC_ConfigChannel
                0x08005b60      0x500 ./Drivers/STM32H5xx_HAL_Driver/Src/stm32h5xx_hal_adc.o
                0x08005b60                HAL_ADC_ConfigChannel
 .text.ADC_Enable
                0x08006060       0xc4 ./Drivers/STM32H5xx_HAL_Driver/Src/stm32h5xx_hal_adc.o
                0x08006060                ADC_Enable
 .text.HAL_ADC_Start_DMA
                0x08006124      0x140 ./Drivers/STM32H5xx_HAL_Driver/Src/stm32h5xx_hal_adc.o
                0x08006124                HAL_ADC_Start_DMA
 .text.ADC_Disable
                0x08006264       0x74 ./Drivers/STM32H5xx_HAL_Driver/Src/stm32h5xx_hal_adc.o
                0x08006264                ADC_Disable
 .text.HAL_ADCEx_Calibration_Start
                0x080062d8       0x9c ./Drivers/STM32H5xx_HAL_Driver/Src/stm32h5xx_hal_adc_ex.o
                0x080062d8                HAL_ADCEx_Calibration_Start
 .text.HAL_NVIC_SetPriorityGrouping
                0x08006374       0x24 ./Drivers/STM32H5xx_HAL_Driver/Src/stm32h5xx_hal_cortex.o
                0x08006374                HAL_NVIC_SetPriorityGrouping
 .text.HAL_NVIC_SetPriority
                0x08006398       0x78 ./Drivers/STM32H5xx_HAL_Driver/Src/stm32h5xx_hal_cortex.o
                0x08006398                HAL_NVIC_SetPriority
 .text.HAL_NVIC_EnableIRQ
                0x08006410       0x1c ./Drivers/STM32H5xx_HAL_Driver/Src/stm32h5xx_hal_cortex.o
                0x08006410                HAL_NVIC_EnableIRQ
 .text.HAL_SYSTICK_Config
                0x0800642c       0x20 ./Drivers/STM32H5xx_HAL_Driver/Src/stm32h5xx_hal_cortex.o
                0x0800642c                HAL_SYSTICK_Config
 .text.HAL_SYSTICK_CLKSourceConfig
                0x0800644c       0x7c ./Drivers/STM32H5xx_HAL_Driver/Src/stm32h5xx_hal_cortex.o
                0x0800644c                HAL_SYSTICK_CLKSourceConfig
 .text.HAL_SYSTICK_GetCLKSourceConfig
                0x080064c8       0x34 ./Drivers/STM32H5xx_HAL_Driver/Src/stm32h5xx_hal_cortex.o
                0x080064c8                HAL_SYSTICK_GetCLKSourceConfig
 .text.HAL_DMA_Init
                0x080064fc      0x2b4 ./Drivers/STM32H5xx_HAL_Driver/Src/stm32h5xx_hal_dma.o
                0x080064fc                HAL_DMA_Init
 .text.HAL_DMA_Start_IT
                0x080067b0       0x88 ./Drivers/STM32H5xx_HAL_Driver/Src/stm32h5xx_hal_dma.o
                0x080067b0                HAL_DMA_Start_IT
 .text.HAL_DMA_Abort
                0x08006838       0x9c ./Drivers/STM32H5xx_HAL_Driver/Src/stm32h5xx_hal_dma.o
                0x08006838                HAL_DMA_Abort
 .text.HAL_DMA_Abort_IT
                0x080068d4       0x2c ./Drivers/STM32H5xx_HAL_Driver/Src/stm32h5xx_hal_dma.o
                0x080068d4                HAL_DMA_Abort_IT
 .text.HAL_DMA_IRQHandler
                0x08006900      0x180 ./Drivers/STM32H5xx_HAL_Driver/Src/stm32h5xx_hal_dma.o
                0x08006900                HAL_DMA_IRQHandler
 .text.HAL_DMA_GetState
                0x08006a80        0x8 ./Drivers/STM32H5xx_HAL_Driver/Src/stm32h5xx_hal_dma.o
                0x08006a80                HAL_DMA_GetState
 .text.HAL_DMA_GetError
                0x08006a88        0x4 ./Drivers/STM32H5xx_HAL_Driver/Src/stm32h5xx_hal_dma.o
                0x08006a88                HAL_DMA_GetError
 .text.HAL_DMA_ConfigChannelAttributes
                0x08006a8c       0x38 ./Drivers/STM32H5xx_HAL_Driver/Src/stm32h5xx_hal_dma.o
                0x08006a8c                HAL_DMA_ConfigChannelAttributes
 .text.DMA_List_FindNode
                0x08006ac4       0xd4 ./Drivers/STM32H5xx_HAL_Driver/Src/stm32h5xx_hal_dma_ex.o
 .text.HAL_DMAEx_List_Init
                0x08006b98      0x1e0 ./Drivers/STM32H5xx_HAL_Driver/Src/stm32h5xx_hal_dma_ex.o
                0x08006b98                HAL_DMAEx_List_Init
 .text.HAL_DMAEx_List_Start_IT
                0x08006d78       0xc4 ./Drivers/STM32H5xx_HAL_Driver/Src/stm32h5xx_hal_dma_ex.o
                0x08006d78                HAL_DMAEx_List_Start_IT
 .text.HAL_DMAEx_List_BuildNode
                0x08006e3c      0x144 ./Drivers/STM32H5xx_HAL_Driver/Src/stm32h5xx_hal_dma_ex.o
                0x08006e3c                HAL_DMAEx_List_BuildNode
 .text.HAL_DMAEx_List_GetNodeConfig
                0x08006f80       0xfc ./Drivers/STM32H5xx_HAL_Driver/Src/stm32h5xx_hal_dma_ex.o
                0x08006f80                HAL_DMAEx_List_GetNodeConfig
 .text.HAL_DMAEx_List_InsertNode
                0x0800707c      0x134 ./Drivers/STM32H5xx_HAL_Driver/Src/stm32h5xx_hal_dma_ex.o
                0x0800707c                HAL_DMAEx_List_InsertNode
 .text.HAL_DMAEx_List_SetCircularMode
                0x080071b0       0xa0 ./Drivers/STM32H5xx_HAL_Driver/Src/stm32h5xx_hal_dma_ex.o
                0x080071b0                HAL_DMAEx_List_SetCircularMode
 .text.HAL_DMAEx_List_LinkQ
                0x08007250       0xb8 ./Drivers/STM32H5xx_HAL_Driver/Src/stm32h5xx_hal_dma_ex.o
                0x08007250                HAL_DMAEx_List_LinkQ
 .text.HAL_DMAEx_GetFifoLevel
                0x08007308        0xc ./Drivers/STM32H5xx_HAL_Driver/Src/stm32h5xx_hal_dma_ex.o
                0x08007308                HAL_DMAEx_GetFifoLevel
 .text.HAL_FDCAN_Init
                0x08007314      0x1e4 ./Drivers/STM32H5xx_HAL_Driver/Src/stm32h5xx_hal_fdcan.o
                0x08007314                HAL_FDCAN_Init
 .text.HAL_FDCAN_ConfigFilter
                0x080074f8       0x58 ./Drivers/STM32H5xx_HAL_Driver/Src/stm32h5xx_hal_fdcan.o
                0x080074f8                HAL_FDCAN_ConfigFilter
 .text.HAL_FDCAN_Start
                0x08007550       0x34 ./Drivers/STM32H5xx_HAL_Driver/Src/stm32h5xx_hal_fdcan.o
                0x08007550                HAL_FDCAN_Start
 .text.HAL_FDCAN_AddMessageToTxFifoQ
                0x08007584       0xc4 ./Drivers/STM32H5xx_HAL_Driver/Src/stm32h5xx_hal_fdcan.o
                0x08007584                HAL_FDCAN_AddMessageToTxFifoQ
 .text.HAL_FDCAN_GetLatestTxFifoQRequestBuffer
                0x08007648        0x4 ./Drivers/STM32H5xx_HAL_Driver/Src/stm32h5xx_hal_fdcan.o
                0x08007648                HAL_FDCAN_GetLatestTxFifoQRequestBuffer
 .text.HAL_FDCAN_AbortTxRequest
                0x0800764c       0x20 ./Drivers/STM32H5xx_HAL_Driver/Src/stm32h5xx_hal_fdcan.o
                0x0800764c                HAL_FDCAN_AbortTxRequest
 .text.HAL_FDCAN_GetRxMessage
                0x0800766c      0x140 ./Drivers/STM32H5xx_HAL_Driver/Src/stm32h5xx_hal_fdcan.o
                0x0800766c                HAL_FDCAN_GetRxMessage
 .text.HAL_FDCAN_IsTxBufferMessagePending
                0x080077ac       0x10 ./Drivers/STM32H5xx_HAL_Driver/Src/stm32h5xx_hal_fdcan.o
                0x080077ac                HAL_FDCAN_IsTxBufferMessagePending
 .text.HAL_FDCAN_ActivateNotification
                0x080077bc       0xf8 ./Drivers/STM32H5xx_HAL_Driver/Src/stm32h5xx_hal_fdcan.o
                0x080077bc                HAL_FDCAN_ActivateNotification
 .text.HAL_FDCAN_TxEventFifoCallback
                0x080078b4        0x4 ./Drivers/STM32H5xx_HAL_Driver/Src/stm32h5xx_hal_fdcan.o
                0x080078b4                HAL_FDCAN_TxEventFifoCallback
 .text.HAL_FDCAN_RxFifo1Callback
                0x080078b8        0x4 ./Drivers/STM32H5xx_HAL_Driver/Src/stm32h5xx_hal_fdcan.o
                0x080078b8                HAL_FDCAN_RxFifo1Callback
 .text.HAL_FDCAN_TxFifoEmptyCallback
                0x080078bc        0x4 ./Drivers/STM32H5xx_HAL_Driver/Src/stm32h5xx_hal_fdcan.o
                0x080078bc                HAL_FDCAN_TxFifoEmptyCallback
 .text.HAL_FDCAN_TxBufferCompleteCallback
                0x080078c0        0x4 ./Drivers/STM32H5xx_HAL_Driver/Src/stm32h5xx_hal_fdcan.o
                0x080078c0                HAL_FDCAN_TxBufferCompleteCallback
 .text.HAL_FDCAN_TxBufferAbortCallback
                0x080078c4        0x4 ./Drivers/STM32H5xx_HAL_Driver/Src/stm32h5xx_hal_fdcan.o
                0x080078c4                HAL_FDCAN_TxBufferAbortCallback
 .text.HAL_FDCAN_TimestampWraparoundCallback
                0x080078c8        0x4 ./Drivers/STM32H5xx_HAL_Driver/Src/stm32h5xx_hal_fdcan.o
                0x080078c8                HAL_FDCAN_TimestampWraparoundCallback
 .text.HAL_FDCAN_TimeoutOccurredCallback
                0x080078cc        0x4 ./Drivers/STM32H5xx_HAL_Driver/Src/stm32h5xx_hal_fdcan.o
                0x080078cc                HAL_FDCAN_TimeoutOccurredCallback
 .text.HAL_FDCAN_HighPriorityMessageCallback
                0x080078d0        0x4 ./Drivers/STM32H5xx_HAL_Driver/Src/stm32h5xx_hal_fdcan.o
                0x080078d0                HAL_FDCAN_HighPriorityMessageCallback
 .text.HAL_FDCAN_ErrorCallback
                0x080078d4        0x4 ./Drivers/STM32H5xx_HAL_Driver/Src/stm32h5xx_hal_fdcan.o
                0x080078d4                HAL_FDCAN_ErrorCallback
 .text.HAL_FDCAN_ErrorStatusCallback
                0x080078d8        0x4 ./Drivers/STM32H5xx_HAL_Driver/Src/stm32h5xx_hal_fdcan.o
                0x080078d8                HAL_FDCAN_ErrorStatusCallback
 .text.HAL_FDCAN_IRQHandler
                0x080078dc      0x18c ./Drivers/STM32H5xx_HAL_Driver/Src/stm32h5xx_hal_fdcan.o
                0x080078dc                HAL_FDCAN_IRQHandler
 .text.HAL_GPIO_Init
                0x08007a68      0x188 ./Drivers/STM32H5xx_HAL_Driver/Src/stm32h5xx_hal_gpio.o
                0x08007a68                HAL_GPIO_Init
 .text.HAL_GPIO_ReadPin
                0x08007bf0        0xc ./Drivers/STM32H5xx_HAL_Driver/Src/stm32h5xx_hal_gpio.o
                0x08007bf0                HAL_GPIO_ReadPin
 .text.HAL_GPIO_WritePin
                0x08007bfc        0xc ./Drivers/STM32H5xx_HAL_Driver/Src/stm32h5xx_hal_gpio.o
                0x08007bfc                HAL_GPIO_WritePin
 .text.HAL_GPIO_TogglePin
                0x08007c08       0x14 ./Drivers/STM32H5xx_HAL_Driver/Src/stm32h5xx_hal_gpio.o
                0x08007c08                HAL_GPIO_TogglePin
 .text.HAL_GPIO_EXTI_IRQHandler
                0x08007c1c       0x2c ./Drivers/STM32H5xx_HAL_Driver/Src/stm32h5xx_hal_gpio.o
                0x08007c1c                HAL_GPIO_EXTI_IRQHandler
 .text.I2C_WaitOnFlagUntilTimeout.constprop.0
                0x08007c48      0x140 ./Drivers/STM32H5xx_HAL_Driver/Src/stm32h5xx_hal_i2c.o
 .text.I2C_WaitOnTXISFlagUntilTimeout
                0x08007d88      0x16c ./Drivers/STM32H5xx_HAL_Driver/Src/stm32h5xx_hal_i2c.o
 .text.I2C_WaitOnFlagUntilTimeout
                0x08007ef4      0x18c ./Drivers/STM32H5xx_HAL_Driver/Src/stm32h5xx_hal_i2c.o
 .text.I2C_WaitOnSTOPFlagUntilTimeout
                0x08008080      0x160 ./Drivers/STM32H5xx_HAL_Driver/Src/stm32h5xx_hal_i2c.o
 .text.HAL_I2C_Init
                0x080081e0       0xb4 ./Drivers/STM32H5xx_HAL_Driver/Src/stm32h5xx_hal_i2c.o
                0x080081e0                HAL_I2C_Init
 .text.HAL_I2C_Mem_Write
                0x08008294      0x1f4 ./Drivers/STM32H5xx_HAL_Driver/Src/stm32h5xx_hal_i2c.o
                0x08008294                HAL_I2C_Mem_Write
 .text.HAL_I2C_Mem_Write_DMA
                0x08008488      0x154 ./Drivers/STM32H5xx_HAL_Driver/Src/stm32h5xx_hal_i2c.o
                0x08008488                HAL_I2C_Mem_Write_DMA
 .text.HAL_I2C_IsDeviceReady
                0x080085dc      0x1d0 ./Drivers/STM32H5xx_HAL_Driver/Src/stm32h5xx_hal_i2c.o
                0x080085dc                HAL_I2C_IsDeviceReady
 .text.HAL_I2C_EV_IRQHandler
                0x080087ac       0x10 ./Drivers/STM32H5xx_HAL_Driver/Src/stm32h5xx_hal_i2c.o
                0x080087ac                HAL_I2C_EV_IRQHandler
 .text.HAL_I2C_MasterTxCpltCallback
                0x080087bc        0x4 ./Drivers/STM32H5xx_HAL_Driver/Src/stm32h5xx_hal_i2c.o
                0x080087bc                HAL_I2C_MasterTxCpltCallback
 .text.HAL_I2C_MasterRxCpltCallback
                0x080087c0        0x4 ./Drivers/STM32H5xx_HAL_Driver/Src/stm32h5xx_hal_i2c.o
                0x080087c0                HAL_I2C_MasterRxCpltCallback
 .text.HAL_I2C_SlaveTxCpltCallback
                0x080087c4        0x4 ./Drivers/STM32H5xx_HAL_Driver/Src/stm32h5xx_hal_i2c.o
                0x080087c4                HAL_I2C_SlaveTxCpltCallback
 .text.HAL_I2C_SlaveRxCpltCallback
                0x080087c8        0x4 ./Drivers/STM32H5xx_HAL_Driver/Src/stm32h5xx_hal_i2c.o
                0x080087c8                HAL_I2C_SlaveRxCpltCallback
 .text.I2C_ITSlaveSeqCplt
                0x080087cc       0x9c ./Drivers/STM32H5xx_HAL_Driver/Src/stm32h5xx_hal_i2c.o
 .text.HAL_I2C_AddrCallback
                0x08008868        0x4 ./Drivers/STM32H5xx_HAL_Driver/Src/stm32h5xx_hal_i2c.o
                0x08008868                HAL_I2C_AddrCallback
 .text.I2C_ITAddrCplt.part.0.constprop.0
                0x0800886c       0x64 ./Drivers/STM32H5xx_HAL_Driver/Src/stm32h5xx_hal_i2c.o
 .text.HAL_I2C_ListenCpltCallback
                0x080088d0        0x4 ./Drivers/STM32H5xx_HAL_Driver/Src/stm32h5xx_hal_i2c.o
                0x080088d0                HAL_I2C_ListenCpltCallback
 .text.HAL_I2C_MemRxCpltCallback
                0x080088d4        0x4 ./Drivers/STM32H5xx_HAL_Driver/Src/stm32h5xx_hal_i2c.o
                0x080088d4                HAL_I2C_MemRxCpltCallback
 .text.HAL_I2C_ErrorCallback
                0x080088d8        0x4 ./Drivers/STM32H5xx_HAL_Driver/Src/stm32h5xx_hal_i2c.o
                0x080088d8                HAL_I2C_ErrorCallback
 .text.HAL_I2C_AbortCpltCallback
                0x080088dc        0x4 ./Drivers/STM32H5xx_HAL_Driver/Src/stm32h5xx_hal_i2c.o
                0x080088dc                HAL_I2C_AbortCpltCallback
 .text.I2C_DMAAbort
                0x080088e0       0x40 ./Drivers/STM32H5xx_HAL_Driver/Src/stm32h5xx_hal_i2c.o
 .text.I2C_ITError
                0x08008920      0x168 ./Drivers/STM32H5xx_HAL_Driver/Src/stm32h5xx_hal_i2c.o
 .text.I2C_ITMasterCplt
                0x08008a88      0x124 ./Drivers/STM32H5xx_HAL_Driver/Src/stm32h5xx_hal_i2c.o
 .text.I2C_Mem_ISR_DMA
                0x08008bac      0x1ec ./Drivers/STM32H5xx_HAL_Driver/Src/stm32h5xx_hal_i2c.o
 .text.I2C_Master_ISR_DMA
                0x08008d98      0x23c ./Drivers/STM32H5xx_HAL_Driver/Src/stm32h5xx_hal_i2c.o
 .text.I2C_DMAMasterTransmitCplt
                0x08008fd4       0xc4 ./Drivers/STM32H5xx_HAL_Driver/Src/stm32h5xx_hal_i2c.o
 .text.HAL_I2C_ER_IRQHandler
                0x08009098       0x7c ./Drivers/STM32H5xx_HAL_Driver/Src/stm32h5xx_hal_i2c.o
                0x08009098                HAL_I2C_ER_IRQHandler
 .text.I2C_ITSlaveCplt.constprop.0
                0x08009114      0x254 ./Drivers/STM32H5xx_HAL_Driver/Src/stm32h5xx_hal_i2c.o
 .text.I2C_Slave_ISR_DMA
                0x08009368      0x1bc ./Drivers/STM32H5xx_HAL_Driver/Src/stm32h5xx_hal_i2c.o
 .text.I2C_Slave_ISR_IT
                0x08009524      0x1ac ./Drivers/STM32H5xx_HAL_Driver/Src/stm32h5xx_hal_i2c.o
 .text.I2C_DMAError
                0x080096d0      0x174 ./Drivers/STM32H5xx_HAL_Driver/Src/stm32h5xx_hal_i2c.o
 .text.HAL_I2C_GetState
                0x08009844        0x8 ./Drivers/STM32H5xx_HAL_Driver/Src/stm32h5xx_hal_i2c.o
                0x08009844                HAL_I2C_GetState
 .text.HAL_I2CEx_ConfigAnalogFilter
                0x0800984c       0x54 ./Drivers/STM32H5xx_HAL_Driver/Src/stm32h5xx_hal_i2c_ex.o
                0x0800984c                HAL_I2CEx_ConfigAnalogFilter
 .text.HAL_I2CEx_ConfigDigitalFilter
                0x080098a0       0x58 ./Drivers/STM32H5xx_HAL_Driver/Src/stm32h5xx_hal_i2c_ex.o
                0x080098a0                HAL_I2CEx_ConfigDigitalFilter
 .text.HAL_I2CEx_ConfigFastModePlus
                0x080098f8       0x64 ./Drivers/STM32H5xx_HAL_Driver/Src/stm32h5xx_hal_i2c_ex.o
                0x080098f8                HAL_I2CEx_ConfigFastModePlus
 .text.HAL_RCC_GetSysClockFreq.part.0
                0x0800995c      0x128 ./Drivers/STM32H5xx_HAL_Driver/Src/stm32h5xx_hal_rcc.o
 .text.HAL_RCC_OscConfig
                0x08009a84      0x6ac ./Drivers/STM32H5xx_HAL_Driver/Src/stm32h5xx_hal_rcc.o
                0x08009a84                HAL_RCC_OscConfig
 .text.HAL_RCC_ClockConfig
                0x0800a130      0x2ac ./Drivers/STM32H5xx_HAL_Driver/Src/stm32h5xx_hal_rcc.o
                0x0800a130                HAL_RCC_ClockConfig
 .text.HAL_RCC_GetSysClockFreq
                0x0800a3dc       0x5c ./Drivers/STM32H5xx_HAL_Driver/Src/stm32h5xx_hal_rcc.o
                0x0800a3dc                HAL_RCC_GetSysClockFreq
 .text.HAL_RCC_GetHCLKFreq
                0x0800a438       0x7c ./Drivers/STM32H5xx_HAL_Driver/Src/stm32h5xx_hal_rcc.o
                0x0800a438                HAL_RCC_GetHCLKFreq
 .text.HAL_RCC_GetPCLK1Freq
                0x0800a4b4       0x94 ./Drivers/STM32H5xx_HAL_Driver/Src/stm32h5xx_hal_rcc.o
                0x0800a4b4                HAL_RCC_GetPCLK1Freq
 .text.HAL_RCC_GetPCLK2Freq
                0x0800a548       0x94 ./Drivers/STM32H5xx_HAL_Driver/Src/stm32h5xx_hal_rcc.o
                0x0800a548                HAL_RCC_GetPCLK2Freq
 .text.HAL_RCC_GetPCLK3Freq
                0x0800a5dc       0x94 ./Drivers/STM32H5xx_HAL_Driver/Src/stm32h5xx_hal_rcc.o
                0x0800a5dc                HAL_RCC_GetPCLK3Freq
 .text.RCCEx_PLL2_Config
                0x0800a670       0xd4 ./Drivers/STM32H5xx_HAL_Driver/Src/stm32h5xx_hal_rcc_ex.o
 .text.RCCEx_PLL3_Config
                0x0800a744       0xd4 ./Drivers/STM32H5xx_HAL_Driver/Src/stm32h5xx_hal_rcc_ex.o
 .text.HAL_RCCEx_PeriphCLKConfig
                0x0800a818     0x12ac ./Drivers/STM32H5xx_HAL_Driver/Src/stm32h5xx_hal_rcc_ex.o
                0x0800a818                HAL_RCCEx_PeriphCLKConfig
 .text.HAL_RCCEx_GetPLL1ClockFreq
                0x0800bac4      0x158 ./Drivers/STM32H5xx_HAL_Driver/Src/stm32h5xx_hal_rcc_ex.o
                0x0800bac4                HAL_RCCEx_GetPLL1ClockFreq
 .text.HAL_RCCEx_GetPLL2ClockFreq
                0x0800bc1c      0x158 ./Drivers/STM32H5xx_HAL_Driver/Src/stm32h5xx_hal_rcc_ex.o
                0x0800bc1c                HAL_RCCEx_GetPLL2ClockFreq
 .text.HAL_RCCEx_GetPLL3ClockFreq
                0x0800bd74      0x158 ./Drivers/STM32H5xx_HAL_Driver/Src/stm32h5xx_hal_rcc_ex.o
                0x0800bd74                HAL_RCCEx_GetPLL3ClockFreq
 .text.HAL_RCCEx_GetPeriphCLKFreq
                0x0800becc     0x177c ./Drivers/STM32H5xx_HAL_Driver/Src/stm32h5xx_hal_rcc_ex.o
                0x0800becc                HAL_RCCEx_GetPeriphCLKFreq
 .text.TIM_OC1_SetConfig
                0x0800d648       0xa8 ./Drivers/STM32H5xx_HAL_Driver/Src/stm32h5xx_hal_tim.o
 .text.TIM_OC3_SetConfig
                0x0800d6f0       0xac ./Drivers/STM32H5xx_HAL_Driver/Src/stm32h5xx_hal_tim.o
 .text.TIM_OC4_SetConfig
                0x0800d79c       0xb0 ./Drivers/STM32H5xx_HAL_Driver/Src/stm32h5xx_hal_tim.o
 .text.TIM_OC5_SetConfig
                0x0800d84c       0x98 ./Drivers/STM32H5xx_HAL_Driver/Src/stm32h5xx_hal_tim.o
 .text.TIM_OC6_SetConfig
                0x0800d8e4       0x9c ./Drivers/STM32H5xx_HAL_Driver/Src/stm32h5xx_hal_tim.o
 .text.HAL_TIM_Base_Init
                0x0800d980      0x254 ./Drivers/STM32H5xx_HAL_Driver/Src/stm32h5xx_hal_tim.o
                0x0800d980                HAL_TIM_Base_Init
 .text.HAL_TIM_Base_Start_IT
                0x0800dbd4       0xc8 ./Drivers/STM32H5xx_HAL_Driver/Src/stm32h5xx_hal_tim.o
                0x0800dbd4                HAL_TIM_Base_Start_IT
 .text.HAL_TIM_PWM_Init
                0x0800dc9c      0x254 ./Drivers/STM32H5xx_HAL_Driver/Src/stm32h5xx_hal_tim.o
                0x0800dc9c                HAL_TIM_PWM_Init
 .text.HAL_TIM_ConfigClockSource
                0x0800def0      0x1c0 ./Drivers/STM32H5xx_HAL_Driver/Src/stm32h5xx_hal_tim.o
                0x0800def0                HAL_TIM_ConfigClockSource
 .text.HAL_TIM_OC_DelayElapsedCallback
                0x0800e0b0        0x4 ./Drivers/STM32H5xx_HAL_Driver/Src/stm32h5xx_hal_tim.o
                0x0800e0b0                HAL_TIM_OC_DelayElapsedCallback
 .text.HAL_TIM_IC_CaptureCallback
                0x0800e0b4        0x4 ./Drivers/STM32H5xx_HAL_Driver/Src/stm32h5xx_hal_tim.o
                0x0800e0b4                HAL_TIM_IC_CaptureCallback
 .text.HAL_TIM_PWM_PulseFinishedCallback
                0x0800e0b8        0x4 ./Drivers/STM32H5xx_HAL_Driver/Src/stm32h5xx_hal_tim.o
                0x0800e0b8                HAL_TIM_PWM_PulseFinishedCallback
 .text.HAL_TIM_TriggerCallback
                0x0800e0bc        0x4 ./Drivers/STM32H5xx_HAL_Driver/Src/stm32h5xx_hal_tim.o
                0x0800e0bc                HAL_TIM_TriggerCallback
 .text.HAL_TIM_IRQHandler
                0x0800e0c0      0x1c4 ./Drivers/STM32H5xx_HAL_Driver/Src/stm32h5xx_hal_tim.o
                0x0800e0c0                HAL_TIM_IRQHandler
 .text.TIM_OC2_SetConfig
                0x0800e284       0xb0 ./Drivers/STM32H5xx_HAL_Driver/Src/stm32h5xx_hal_tim.o
                0x0800e284                TIM_OC2_SetConfig
 .text.HAL_TIM_PWM_ConfigChannel
                0x0800e334      0x108 ./Drivers/STM32H5xx_HAL_Driver/Src/stm32h5xx_hal_tim.o
                0x0800e334                HAL_TIM_PWM_ConfigChannel
 .text.HAL_TIMEx_MasterConfigSynchronization
                0x0800e43c       0xe8 ./Drivers/STM32H5xx_HAL_Driver/Src/stm32h5xx_hal_tim_ex.o
                0x0800e43c                HAL_TIMEx_MasterConfigSynchronization
 .text.HAL_TIMEx_CommutCallback
                0x0800e524        0x4 ./Drivers/STM32H5xx_HAL_Driver/Src/stm32h5xx_hal_tim_ex.o
                0x0800e524                HAL_TIMEx_CommutCallback
 .text.HAL_TIMEx_BreakCallback
                0x0800e528        0x4 ./Drivers/STM32H5xx_HAL_Driver/Src/stm32h5xx_hal_tim_ex.o
                0x0800e528                HAL_TIMEx_BreakCallback
 .text.HAL_TIMEx_Break2Callback
                0x0800e52c        0x4 ./Drivers/STM32H5xx_HAL_Driver/Src/stm32h5xx_hal_tim_ex.o
                0x0800e52c                HAL_TIMEx_Break2Callback
 .text.HAL_TIMEx_EncoderIndexCallback
                0x0800e530        0x4 ./Drivers/STM32H5xx_HAL_Driver/Src/stm32h5xx_hal_tim_ex.o
                0x0800e530                HAL_TIMEx_EncoderIndexCallback
 .text.HAL_TIMEx_DirectionChangeCallback
                0x0800e534        0x4 ./Drivers/STM32H5xx_HAL_Driver/Src/stm32h5xx_hal_tim_ex.o
                0x0800e534                HAL_TIMEx_DirectionChangeCallback
 .text.HAL_TIMEx_IndexErrorCallback
                0x0800e538        0x4 ./Drivers/STM32H5xx_HAL_Driver/Src/stm32h5xx_hal_tim_ex.o
                0x0800e538                HAL_TIMEx_IndexErrorCallback
 .text.HAL_TIMEx_TransitionErrorCallback
                0x0800e53c        0x4 ./Drivers/STM32H5xx_HAL_Driver/Src/stm32h5xx_hal_tim_ex.o
                0x0800e53c                HAL_TIMEx_TransitionErrorCallback
 .text.HAL_UART_Transmit
                0x0800e540      0x130 ./Drivers/STM32H5xx_HAL_Driver/Src/stm32h5xx_hal_uart.o
                0x0800e540                HAL_UART_Transmit
 .text.HAL_UART_Receive
                0x0800e670      0x238 ./Drivers/STM32H5xx_HAL_Driver/Src/stm32h5xx_hal_uart.o
                0x0800e670                HAL_UART_Receive
 .text.HAL_UART_AbortReceive
                0x0800e8a8       0xa8 ./Drivers/STM32H5xx_HAL_Driver/Src/stm32h5xx_hal_uart.o
                0x0800e8a8                HAL_UART_AbortReceive
 .text.HAL_UART_TxCpltCallback
                0x0800e950        0x4 ./Drivers/STM32H5xx_HAL_Driver/Src/stm32h5xx_hal_uart.o
                0x0800e950                HAL_UART_TxCpltCallback
 .text.HAL_UART_RxCpltCallback
                0x0800e954        0x4 ./Drivers/STM32H5xx_HAL_Driver/Src/stm32h5xx_hal_uart.o
                0x0800e954                HAL_UART_RxCpltCallback
 .text.HAL_UART_RxHalfCpltCallback
                0x0800e958        0x4 ./Drivers/STM32H5xx_HAL_Driver/Src/stm32h5xx_hal_uart.o
                0x0800e958                HAL_UART_RxHalfCpltCallback
 .text.HAL_UART_ErrorCallback
                0x0800e95c        0x4 ./Drivers/STM32H5xx_HAL_Driver/Src/stm32h5xx_hal_uart.o
                0x0800e95c                HAL_UART_ErrorCallback
 .text.UART_DMAError
                0x0800e960       0xd4 ./Drivers/STM32H5xx_HAL_Driver/Src/stm32h5xx_hal_uart.o
 .text.UART_DMAAbortOnError
                0x0800ea34       0x10 ./Drivers/STM32H5xx_HAL_Driver/Src/stm32h5xx_hal_uart.o
 .text.HAL_UART_IRQHandler
                0x0800ea44      0x374 ./Drivers/STM32H5xx_HAL_Driver/Src/stm32h5xx_hal_uart.o
                0x0800ea44                HAL_UART_IRQHandler
 .text.UART_DMARxHalfCplt
                0x0800edb8       0x3c ./Drivers/STM32H5xx_HAL_Driver/Src/stm32h5xx_hal_uart.o
 .text.UART_DMAReceiveCplt
                0x0800edf4       0xa0 ./Drivers/STM32H5xx_HAL_Driver/Src/stm32h5xx_hal_uart.o
 .text.UART_AdvFeatureConfig
                0x0800ee94       0xb0 ./Drivers/STM32H5xx_HAL_Driver/Src/stm32h5xx_hal_uart.o
                0x0800ee94                UART_AdvFeatureConfig
 .text.UART_CheckIdleState
                0x0800ef44      0x258 ./Drivers/STM32H5xx_HAL_Driver/Src/stm32h5xx_hal_uart.o
                0x0800ef44                UART_CheckIdleState
 .text.HAL_UART_Init
                0x0800f19c      0x2e8 ./Drivers/STM32H5xx_HAL_Driver/Src/stm32h5xx_hal_uart.o
                0x0800f19c                HAL_UART_Init
 .text.UART_Start_Receive_DMA
                0x0800f484       0xe0 ./Drivers/STM32H5xx_HAL_Driver/Src/stm32h5xx_hal_uart.o
                0x0800f484                UART_Start_Receive_DMA
 .text.HAL_UARTEx_WakeupCallback
                0x0800f564        0x4 ./Drivers/STM32H5xx_HAL_Driver/Src/stm32h5xx_hal_uart_ex.o
                0x0800f564                HAL_UARTEx_WakeupCallback
 .text.HAL_UARTEx_RxFifoFullCallback
                0x0800f568        0x4 ./Drivers/STM32H5xx_HAL_Driver/Src/stm32h5xx_hal_uart_ex.o
                0x0800f568                HAL_UARTEx_RxFifoFullCallback
 .text.HAL_UARTEx_TxFifoEmptyCallback
                0x0800f56c        0x4 ./Drivers/STM32H5xx_HAL_Driver/Src/stm32h5xx_hal_uart_ex.o
                0x0800f56c                HAL_UARTEx_TxFifoEmptyCallback
 .text.HAL_UARTEx_DisableFifoMode
                0x0800f570       0x3c ./Drivers/STM32H5xx_HAL_Driver/Src/stm32h5xx_hal_uart_ex.o
                0x0800f570                HAL_UARTEx_DisableFifoMode
 .text.HAL_UARTEx_SetTxFifoThreshold
                0x0800f5ac       0x84 ./Drivers/STM32H5xx_HAL_Driver/Src/stm32h5xx_hal_uart_ex.o
                0x0800f5ac                HAL_UARTEx_SetTxFifoThreshold
 .text.HAL_UARTEx_SetRxFifoThreshold
                0x0800f630       0x84 ./Drivers/STM32H5xx_HAL_Driver/Src/stm32h5xx_hal_uart_ex.o
                0x0800f630                HAL_UARTEx_SetRxFifoThreshold
 .text.HAL_UARTEx_ReceiveToIdle_DMA
                0x0800f6b4       0x48 ./Drivers/STM32H5xx_HAL_Driver/Src/stm32h5xx_hal_uart_ex.o
                0x0800f6b4                HAL_UARTEx_ReceiveToIdle_DMA
 .text.__itoa   0x0800f6fc       0x30 C:/ST/STM32CubeIDE_1.19.0/STM32CubeIDE/plugins/com.st.stm32cube.ide.mcu.externaltools.gnu-tools-for-stm32.13.3.rel1.win32_1.0.0.202411081344/tools/bin/../lib/gcc/arm-none-eabi/13.3.1/../../../../arm-none-eabi/lib/thumb/v8-m.main+fp/hard\libc_nano.a(libc_a-itoa.o)
                0x0800f6fc                __itoa
 .text.itoa     0x0800f72c        0x4 C:/ST/STM32CubeIDE_1.19.0/STM32CubeIDE/plugins/com.st.stm32cube.ide.mcu.externaltools.gnu-tools-for-stm32.13.3.rel1.win32_1.0.0.202411081344/tools/bin/../lib/gcc/arm-none-eabi/13.3.1/../../../../arm-none-eabi/lib/thumb/v8-m.main+fp/hard\libc_nano.a(libc_a-itoa.o)
                0x0800f72c                itoa
 .text.__utoa   0x0800f730       0x84 C:/ST/STM32CubeIDE_1.19.0/STM32CubeIDE/plugins/com.st.stm32cube.ide.mcu.externaltools.gnu-tools-for-stm32.13.3.rel1.win32_1.0.0.202411081344/tools/bin/../lib/gcc/arm-none-eabi/13.3.1/../../../../arm-none-eabi/lib/thumb/v8-m.main+fp/hard\libc_nano.a(libc_a-utoa.o)
                0x0800f730                __utoa
 .text.memset   0x0800f7b4       0x10 C:/ST/STM32CubeIDE_1.19.0/STM32CubeIDE/plugins/com.st.stm32cube.ide.mcu.externaltools.gnu-tools-for-stm32.13.3.rel1.win32_1.0.0.202411081344/tools/bin/../lib/gcc/arm-none-eabi/13.3.1/../../../../arm-none-eabi/lib/thumb/v8-m.main+fp/hard\libc_nano.a(libc_a-memset.o)
                0x0800f7b4                memset
 .text.__libc_init_array
                0x0800f7c4       0x48 C:/ST/STM32CubeIDE_1.19.0/STM32CubeIDE/plugins/com.st.stm32cube.ide.mcu.externaltools.gnu-tools-for-stm32.13.3.rel1.win32_1.0.0.202411081344/tools/bin/../lib/gcc/arm-none-eabi/13.3.1/../../../../arm-none-eabi/lib/thumb/v8-m.main+fp/hard\libc_nano.a(libc_a-init.o)
                0x0800f7c4                __libc_init_array
 *(.glue_7)
 .glue_7        0x0800f80c        0x0 linker stubs
 *(.glue_7t)
 .glue_7t       0x0800f80c        0x0 linker stubs
 *(.eh_frame)
 .eh_frame      0x0800f80c        0x0 C:/ST/STM32CubeIDE_1.19.0/STM32CubeIDE/plugins/com.st.stm32cube.ide.mcu.externaltools.gnu-tools-for-stm32.13.3.rel1.win32_1.0.0.202411081344/tools/bin/../lib/gcc/arm-none-eabi/13.3.1/thumb/v8-m.main+fp/hard/crtbegin.o
 *(.init)
 .init          0x0800f80c        0x4 C:/ST/STM32CubeIDE_1.19.0/STM32CubeIDE/plugins/com.st.stm32cube.ide.mcu.externaltools.gnu-tools-for-stm32.13.3.rel1.win32_1.0.0.202411081344/tools/bin/../lib/gcc/arm-none-eabi/13.3.1/thumb/v8-m.main+fp/hard/crti.o
                0x0800f80c                _init
 .init          0x0800f810        0x8 C:/ST/STM32CubeIDE_1.19.0/STM32CubeIDE/plugins/com.st.stm32cube.ide.mcu.externaltools.gnu-tools-for-stm32.13.3.rel1.win32_1.0.0.202411081344/tools/bin/../lib/gcc/arm-none-eabi/13.3.1/thumb/v8-m.main+fp/hard/crtn.o
 *(.fini)
 .fini          0x0800f818        0x4 C:/ST/STM32CubeIDE_1.19.0/STM32CubeIDE/plugins/com.st.stm32cube.ide.mcu.externaltools.gnu-tools-for-stm32.13.3.rel1.win32_1.0.0.202411081344/tools/bin/../lib/gcc/arm-none-eabi/13.3.1/thumb/v8-m.main+fp/hard/crti.o
                0x0800f818                _fini
 .fini          0x0800f81c        0x8 C:/ST/STM32CubeIDE_1.19.0/STM32CubeIDE/plugins/com.st.stm32cube.ide.mcu.externaltools.gnu-tools-for-stm32.13.3.rel1.win32_1.0.0.202411081344/tools/bin/../lib/gcc/arm-none-eabi/13.3.1/thumb/v8-m.main+fp/hard/crtn.o
                0x0800f824                        . = ALIGN (0x4)
                0x0800f824                        _etext = .

.vfp11_veneer   0x0800f824        0x0
 .vfp11_veneer  0x0800f824        0x0 linker stubs

.v4_bx          0x0800f824        0x0
 .v4_bx         0x0800f824        0x0 linker stubs

.iplt           0x0800f824        0x0
 .iplt          0x0800f824        0x0 C:/ST/STM32CubeIDE_1.19.0/STM32CubeIDE/plugins/com.st.stm32cube.ide.mcu.externaltools.gnu-tools-for-stm32.13.3.rel1.win32_1.0.0.202411081344/tools/bin/../lib/gcc/arm-none-eabi/13.3.1/thumb/v8-m.main+fp/hard/crtbegin.o

.rodata         0x0800f824     0x14b4
                0x0800f824                        . = ALIGN (0x4)
 *(.rodata)
 *(.rodata*)
 .rodata.Font6x8
                0x0800f824      0x5f0 ./Core/Src/fonts.o
 .rodata.Font11x18
                0x0800fe14      0xd5c ./Core/Src/fonts.o
 .rodata._ssd1306_WriteInTheMiddle.constprop.0.str1.4
                0x08010b70       0xee ./Core/Src/main.o
                                  0x6 (size before relaxing)
 .rodata.HAL_TIM_PeriodElapsedCallback.str1.4
                0x08010c5e       0x36 ./Core/Src/main.o
 .rodata.main.str1.4
                0x08010c5e       0xb6 ./Core/Src/main.o
 *fill*         0x08010c5e        0x2 
 .rodata.APBPrescTable
                0x08010c60        0x8 ./Core/Src/system_stm32h5xx.o
                0x08010c60                APBPrescTable
 .rodata.AHBPrescTable
                0x08010c68       0x10 ./Core/Src/system_stm32h5xx.o
                0x08010c68                AHBPrescTable
 .rodata.DLCtoBytes
                0x08010c78       0x10 ./Drivers/STM32H5xx_HAL_Driver/Src/stm32h5xx_hal_fdcan.o
 .rodata.UARTPrescTable
                0x08010c88       0x18 ./Drivers/STM32H5xx_HAL_Driver/Src/stm32h5xx_hal_uart.o
                0x08010c88                UARTPrescTable
 .rodata.denominator.0
                0x08010ca0        0x8 ./Drivers/STM32H5xx_HAL_Driver/Src/stm32h5xx_hal_uart_ex.o
 .rodata.numerator.1
                0x08010ca8        0x8 ./Drivers/STM32H5xx_HAL_Driver/Src/stm32h5xx_hal_uart_ex.o
 .rodata.__utoa.str1.1
                0x08010cb0       0x25 C:/ST/STM32CubeIDE_1.19.0/STM32CubeIDE/plugins/com.st.stm32cube.ide.mcu.externaltools.gnu-tools-for-stm32.13.3.rel1.win32_1.0.0.202411081344/tools/bin/../lib/gcc/arm-none-eabi/13.3.1/../../../../arm-none-eabi/lib/thumb/v8-m.main+fp/hard\libc_nano.a(libc_a-utoa.o)
                0x08010cd8                        . = ALIGN (0x4)
 *fill*         0x08010cd5        0x3 

.ARM.extab      0x08010cd8        0x0
                0x08010cd8                        . = ALIGN (0x4)
 *(.ARM.extab* .gnu.linkonce.armextab.*)
                0x08010cd8                        . = ALIGN (0x4)

.ARM            0x08010cd8        0x8
                0x08010cd8                        . = ALIGN (0x4)
                0x08010cd8                        __exidx_start = .
 *(.ARM.exidx*)
 .ARM.exidx     0x08010cd8        0x8 C:/ST/STM32CubeIDE_1.19.0/STM32CubeIDE/plugins/com.st.stm32cube.ide.mcu.externaltools.gnu-tools-for-stm32.13.3.rel1.win32_1.0.0.202411081344/tools/bin/../lib/gcc/arm-none-eabi/13.3.1/../../../../arm-none-eabi/lib/thumb/v8-m.main+fp/hard\libc_nano.a(libc_a-strlen.o)
 .ARM.exidx     0x08010ce0        0x0 C:/ST/STM32CubeIDE_1.19.0/STM32CubeIDE/plugins/com.st.stm32cube.ide.mcu.externaltools.gnu-tools-for-stm32.13.3.rel1.win32_1.0.0.202411081344/tools/bin/../lib/gcc/arm-none-eabi/13.3.1/thumb/v8-m.main+fp/hard\libgcc.a(_udivmoddi4.o)
                                  0x8 (size before relaxing)
                0x08010ce0                        __exidx_end = .
                0x08010ce0                        . = ALIGN (0x4)

.preinit_array  0x08010ce0        0x0
                0x08010ce0                        . = ALIGN (0x4)
                0x08010ce0                        PROVIDE (__preinit_array_start = .)
 *(.preinit_array*)
                0x08010ce0                        PROVIDE (__preinit_array_end = .)
                0x08010ce0                        . = ALIGN (0x4)

.init_array     0x08010ce0        0x4
                0x08010ce0                        . = ALIGN (0x4)
                0x08010ce0                        PROVIDE (__init_array_start = .)
 *(SORT_BY_NAME(.init_array.*))
 *(.init_array*)
 .init_array    0x08010ce0        0x4 C:/ST/STM32CubeIDE_1.19.0/STM32CubeIDE/plugins/com.st.stm32cube.ide.mcu.externaltools.gnu-tools-for-stm32.13.3.rel1.win32_1.0.0.202411081344/tools/bin/../lib/gcc/arm-none-eabi/13.3.1/thumb/v8-m.main+fp/hard/crtbegin.o
                0x08010ce4                        PROVIDE (__init_array_end = .)
                0x08010ce4                        . = ALIGN (0x4)

.fini_array     0x08010ce4        0x4
                0x08010ce4                        . = ALIGN (0x4)
                [!provide]                        PROVIDE (__fini_array_start = .)
 *(SORT_BY_NAME(.fini_array.*))
 *(.fini_array*)
 .fini_array    0x08010ce4        0x4 C:/ST/STM32CubeIDE_1.19.0/STM32CubeIDE/plugins/com.st.stm32cube.ide.mcu.externaltools.gnu-tools-for-stm32.13.3.rel1.win32_1.0.0.202411081344/tools/bin/../lib/gcc/arm-none-eabi/13.3.1/thumb/v8-m.main+fp/hard/crtbegin.o
                [!provide]                        PROVIDE (__fini_array_end = .)
                0x08010ce8                        . = ALIGN (0x4)
                0x08010ce8                        _sidata = LOADADDR (.data)

.rel.dyn        0x08010ce8        0x0
 .rel.iplt      0x08010ce8        0x0 C:/ST/STM32CubeIDE_1.19.0/STM32CubeIDE/plugins/com.st.stm32cube.ide.mcu.externaltools.gnu-tools-for-stm32.13.3.rel1.win32_1.0.0.202411081344/tools/bin/../lib/gcc/arm-none-eabi/13.3.1/thumb/v8-m.main+fp/hard/crtbegin.o

.data           0x20000000       0x28 load address 0x08010ce8
                0x20000000                        . = ALIGN (0x4)
                0x20000000                        _sdata = .
 *(.data)
 *(.data*)
 .data.Font_11x18
                0x20000000        0x8 ./Core/Src/fonts.o
                0x20000000                Font_11x18
 .data.Font_6x8
                0x20000008        0x8 ./Core/Src/fonts.o
                0x20000008                Font_6x8
 .data.ComeBackLinerTimer.18
                0x20000010        0x2 ./Core/Src/main.o
 .data.LED_Status.29
                0x20000012        0x1 ./Core/Src/main.o
 .data.LED_Status.32
                0x20000013        0x1 ./Core/Src/main.o
 .data.LED_Status.35
                0x20000014        0x1 ./Core/Src/main.o
 .data.Module_State
                0x20000015        0x1 ./Core/Src/main.o
                0x20000015                Module_State
 .data.before_attack_rotation_direction
                0x20000016        0x1 ./Core/Src/main.o
                0x20000016                before_attack_rotation_direction
 .data.lastSeen
                0x20000017        0x1 ./Core/Src/main.o
                0x20000017                lastSeen
 .data.actual_init_freq
                0x20000018        0x2 ./Core/Src/main.o
                0x20000018                actual_init_freq
 .data.ssd1306_updatestatus
                0x2000001a        0x1 ./Core/Src/ssd1306.o
                0x2000001a                ssd1306_updatestatus
 .data.display_geometry
                0x2000001b        0x1 ./Core/Src/ssd1306.o
                0x2000001b                display_geometry
 .data.SystemCoreClock
                0x2000001c        0x4 ./Core/Src/system_stm32h5xx.o
                0x2000001c                SystemCoreClock
 .data.uwTickFreq
                0x20000020        0x1 ./Drivers/STM32H5xx_HAL_Driver/Src/stm32h5xx_hal.o
                0x20000020                uwTickFreq
 *fill*         0x20000021        0x3 
 .data.uwTickPrio
                0x20000024        0x4 ./Drivers/STM32H5xx_HAL_Driver/Src/stm32h5xx_hal.o
                0x20000024                uwTickPrio
 *(.RamFunc)
 *(.RamFunc*)
                0x20000028                        . = ALIGN (0x4)
                0x20000028                        _edata = .

.igot.plt       0x20000028        0x0 load address 0x08010d10
 .igot.plt      0x20000028        0x0 C:/ST/STM32CubeIDE_1.19.0/STM32CubeIDE/plugins/com.st.stm32cube.ide.mcu.externaltools.gnu-tools-for-stm32.13.3.rel1.win32_1.0.0.202411081344/tools/bin/../lib/gcc/arm-none-eabi/13.3.1/thumb/v8-m.main+fp/hard/crtbegin.o
                0x20000028                        . = ALIGN (0x4)

.bss            0x20000028      0xc18 load address 0x08010d10
                0x20000028                        _sbss = .
                0x20000028                        __bss_start__ = _sbss
 *(.bss)
 .bss           0x20000028       0x1c C:/ST/STM32CubeIDE_1.19.0/STM32CubeIDE/plugins/com.st.stm32cube.ide.mcu.externaltools.gnu-tools-for-stm32.13.3.rel1.win32_1.0.0.202411081344/tools/bin/../lib/gcc/arm-none-eabi/13.3.1/thumb/v8-m.main+fp/hard/crtbegin.o
 *(.bss*)
 .bss.window5_Amp.0
                0x20000044       0x16 ./Core/Src/main.o
 .bss.idx5_Amp.1
                0x2000005a        0x1 ./Core/Src/main.o
 *fill*         0x2000005b        0x1 
 .bss.window5_Dist.2
                0x2000005c       0x16 ./Core/Src/main.o
 .bss.idx5_Dist.3
                0x20000072        0x1 ./Core/Src/main.o
 *fill*         0x20000073        0x1 
 .bss.window4_Amp.4
                0x20000074       0x16 ./Core/Src/main.o
 .bss.idx4_Amp.5
                0x2000008a        0x1 ./Core/Src/main.o
 *fill*         0x2000008b        0x1 
 .bss.window4_Dist.6
                0x2000008c       0x16 ./Core/Src/main.o
 .bss.idx4_Dist.7
                0x200000a2        0x1 ./Core/Src/main.o
 *fill*         0x200000a3        0x1 
 .bss.window2_Amp.8
                0x200000a4       0x16 ./Core/Src/main.o
 .bss.idx2_Amp.9
                0x200000ba        0x1 ./Core/Src/main.o
 *fill*         0x200000bb        0x1 
 .bss.window2_Dist.10
                0x200000bc       0x16 ./Core/Src/main.o
 .bss.idx2_Dist.11
                0x200000d2        0x1 ./Core/Src/main.o
 *fill*         0x200000d3        0x1 
 .bss.window1_Amp.12
                0x200000d4       0x16 ./Core/Src/main.o
 .bss.idx1_Amp.13
                0x200000ea        0x1 ./Core/Src/main.o
 *fill*         0x200000eb        0x1 
 .bss.window1_Dist.14
                0x200000ec       0x16 ./Core/Src/main.o
 .bss.idx1_Dist.15
                0x20000102        0x1 ./Core/Src/main.o
 .bss.WHICH_DRIVER_TO_ASK.16
                0x20000103        0x1 ./Core/Src/main.o
 .bss.Counter.17
                0x20000104        0x2 ./Core/Src/main.o
 .bss.WhichFirst.19
                0x20000106        0x1 ./Core/Src/main.o
 *fill*         0x20000107        0x1 
 .bss.prev_error.20
                0x20000108        0x4 ./Core/Src/main.o
 .bss.switched_eva_state.21
                0x2000010c        0x1 ./Core/Src/main.o
 .bss.Last_Edge.22
                0x2000010d        0x1 ./Core/Src/main.o
 .bss.IR_Buffer.23
                0x2000010e        0x2 ./Core/Src/main.o
 .bss.Bit_Nbr.24
                0x20000110        0x1 ./Core/Src/main.o
 .bss.Line_Iddle.25
                0x20000111        0x1 ./Core/Src/main.o
 .bss.IR_Protocol.26
                0x20000112        0x1 ./Core/Src/main.o
 .bss.Counter.27
                0x20000113        0x1 ./Core/Src/main.o
 .bss.LED_Data.28
                0x20000114        0x1 ./Core/Src/main.o
 .bss.Counter.30
                0x20000115        0x1 ./Core/Src/main.o
 .bss.LED_Data.31
                0x20000116        0x1 ./Core/Src/main.o
 .bss.Counter.33
                0x20000117        0x1 ./Core/Src/main.o
 .bss.LED_Data.34
                0x20000118        0x1 ./Core/Src/main.o
 .bss.Dohyo_ID  0x20000119        0x1 ./Core/Src/main.o
 .bss.MCU_LOAD_MAX
                0x2000011a        0x1 ./Core/Src/main.o
                0x2000011a                MCU_LOAD_MAX
 .bss.MCU_LOAD  0x2000011b        0x1 ./Core/Src/main.o
                0x2000011b                MCU_LOAD
 .bss.cpu_load_permille
                0x2000011c        0x4 ./Core/Src/main.o
                0x2000011c                cpu_load_permille
 .bss.cpu_idle_cycles
                0x20000120        0x4 ./Core/Src/main.o
                0x20000120                cpu_idle_cycles
 .bss.last_idle
                0x20000124        0x4 ./Core/Src/main.o
 .bss.last_total
                0x20000128        0x4 ./Core/Src/main.o
 .bss.BATTERY_CONSTANT
                0x2000012c        0x4 ./Core/Src/main.o
                0x2000012c                BATTERY_CONSTANT
 .bss.ADC_BUFFER
                0x20000130       0x12 ./Core/Src/main.o
                0x20000130                ADC_BUFFER
 *fill*         0x20000142        0x2 
 .bss.Settings  0x20000144        0x6 ./Core/Src/main.o
                0x20000144                Settings
 *fill*         0x2000014a        0x2 
 .bss.Motors    0x2000014c        0x6 ./Core/Src/main.o
                0x2000014c                Motors
 *fill*         0x20000152        0x2 
 .bss.Eva       0x20000154       0x10 ./Core/Src/main.o
                0x20000154                Eva
 .bss.BackRight
                0x20000164        0xc ./Core/Src/main.o
                0x20000164                BackRight
 .bss.BackLeft  0x20000170        0xc ./Core/Src/main.o
                0x20000170                BackLeft
 .bss.FrontRight
                0x2000017c        0xc ./Core/Src/main.o
                0x2000017c                FrontRight
 .bss.FrontLeft
                0x20000188        0xc ./Core/Src/main.o
                0x20000188                FrontLeft
 .bss.UART_TX   0x20000194        0x9 ./Core/Src/main.o
                0x20000194                UART_TX
 *fill*         0x2000019d        0x3 
 .bss.UART5_RX  0x200001a0        0x9 ./Core/Src/main.o
                0x200001a0                UART5_RX
 *fill*         0x200001a9        0x3 
 .bss.UART4_RX  0x200001ac        0x9 ./Core/Src/main.o
                0x200001ac                UART4_RX
 *fill*         0x200001b5        0x3 
 .bss.UART2_RX  0x200001b8        0x9 ./Core/Src/main.o
                0x200001b8                UART2_RX
 *fill*         0x200001c1        0x3 
 .bss.UART1_RX  0x200001c4        0x9 ./Core/Src/main.o
                0x200001c4                UART1_RX
 *fill*         0x200001cd        0x1 
 .bss.ERROR_FLAG
                0x200001ce        0x2 ./Core/Src/main.o
                0x200001ce                ERROR_FLAG
 .bss.dupa2     0x200001d0        0x4 ./Core/Src/main.o
                0x200001d0                dupa2
 .bss.dupa      0x200001d4        0x4 ./Core/Src/main.o
                0x200001d4                dupa
 .bss.CAN_Filter
                0x200001d8       0x18 ./Core/Src/main.o
                0x200001d8                CAN_Filter
 .bss.CAN_RX    0x200001f0        0x8 ./Core/Src/main.o
                0x200001f0                CAN_RX
 .bss.CAN_TX    0x200001f8        0x8 ./Core/Src/main.o
                0x200001f8                CAN_TX
 .bss.CAN_TX_Header
                0x20000200       0x24 ./Core/Src/main.o
                0x20000200                CAN_TX_Header
 .bss.CAN_RX_Header
                0x20000224       0x28 ./Core/Src/main.o
                0x20000224                CAN_RX_Header
 .bss.handle_GPDMA1_Channel2
                0x2000024c       0x78 ./Core/Src/main.o
                0x2000024c                handle_GPDMA1_Channel2
 .bss.handle_GPDMA1_Channel1
                0x200002c4       0x78 ./Core/Src/main.o
                0x200002c4                handle_GPDMA1_Channel1
 .bss.handle_GPDMA1_Channel5
                0x2000033c       0x78 ./Core/Src/main.o
                0x2000033c                handle_GPDMA1_Channel5
 .bss.handle_GPDMA1_Channel4
                0x200003b4       0x78 ./Core/Src/main.o
                0x200003b4                handle_GPDMA1_Channel4
 .bss.huart2    0x2000042c       0x94 ./Core/Src/main.o
                0x2000042c                huart2
 .bss.huart1    0x200004c0       0x94 ./Core/Src/main.o
                0x200004c0                huart1
 .bss.huart5    0x20000554       0x94 ./Core/Src/main.o
                0x20000554                huart5
 .bss.huart4    0x200005e8       0x94 ./Core/Src/main.o
                0x200005e8                huart4
 .bss.htim17    0x2000067c       0x4c ./Core/Src/main.o
                0x2000067c                htim17
 .bss.htim16    0x200006c8       0x4c ./Core/Src/main.o
                0x200006c8                htim16
 .bss.htim15    0x20000714       0x4c ./Core/Src/main.o
                0x20000714                htim15
 .bss.htim14    0x20000760       0x4c ./Core/Src/main.o
                0x20000760                htim14
 .bss.htim13    0x200007ac       0x4c ./Core/Src/main.o
                0x200007ac                htim13
 .bss.htim12    0x200007f8       0x4c ./Core/Src/main.o
                0x200007f8                htim12
 .bss.htim3     0x20000844       0x4c ./Core/Src/main.o
                0x20000844                htim3
 .bss.handle_GPDMA2_Channel1
                0x20000890       0x78 ./Core/Src/main.o
                0x20000890                handle_GPDMA2_Channel1
 .bss.hi2c3     0x20000908       0x54 ./Core/Src/main.o
                0x20000908                hi2c3
 .bss.hi2c1     0x2000095c       0x54 ./Core/Src/main.o
                0x2000095c                hi2c1
 .bss.hfdcan1   0x200009b0       0x64 ./Core/Src/main.o
                0x200009b0                hfdcan1
 .bss.handle_GPDMA2_Channel0
                0x20000a14       0x78 ./Core/Src/main.o
                0x20000a14                handle_GPDMA2_Channel0
 .bss.List_GPDMA2_Channel0
                0x20000a8c       0x18 ./Core/Src/main.o
                0x20000a8c                List_GPDMA2_Channel0
 .bss.Node_GPDMA2_Channel0
                0x20000aa4       0x24 ./Core/Src/main.o
                0x20000aa4                Node_GPDMA2_Channel0
 .bss.hadc1     0x20000ac8       0x68 ./Core/Src/main.o
                0x20000ac8                hadc1
 .bss.dma_command_buffer
                0x20000b30        0x3 ./Core/Src/ssd1306.o
 *fill*         0x20000b33        0x1 
 .bss.SSD1306_Buffer
                0x20000b34      0x100 ./Core/Src/ssd1306.o
 .bss.SSD1306   0x20000c34        0x8 ./Core/Src/ssd1306.o
 .bss.uwTick    0x20000c3c        0x4 ./Drivers/STM32H5xx_HAL_Driver/Src/stm32h5xx_hal.o
                0x20000c3c                uwTick
 *(COMMON)
                0x20000c40                        . = ALIGN (0x4)
                0x20000c40                        _ebss = .
                0x20000c40                        __bss_end__ = _ebss

._user_heap_stack
                0x20000c40      0x600 load address 0x08010d10
                0x20000c40                        . = ALIGN (0x8)
                [!provide]                        PROVIDE (end = .)
                0x20000c40                        PROVIDE (_end = .)
                0x20000e40                        . = (. + _Min_Heap_Size)
 *fill*         0x20000c40      0x200 
                0x20001240                        . = (. + _Min_Stack_Size)
 *fill*         0x20000e40      0x400 
                0x20001240                        . = ALIGN (0x8)

/DISCARD/
 libc.a(*)
 libm.a(*)
 libgcc.a(*)

.ARM.attributes
                0x00000000       0x36
 *(.ARM.attributes)
 .ARM.attributes
                0x00000000       0x26 C:/ST/STM32CubeIDE_1.19.0/STM32CubeIDE/plugins/com.st.stm32cube.ide.mcu.externaltools.gnu-tools-for-stm32.13.3.rel1.win32_1.0.0.202411081344/tools/bin/../lib/gcc/arm-none-eabi/13.3.1/thumb/v8-m.main+fp/hard/crti.o
 .ARM.attributes
                0x00000026       0x38 C:/ST/STM32CubeIDE_1.19.0/STM32CubeIDE/plugins/com.st.stm32cube.ide.mcu.externaltools.gnu-tools-for-stm32.13.3.rel1.win32_1.0.0.202411081344/tools/bin/../lib/gcc/arm-none-eabi/13.3.1/thumb/v8-m.main+fp/hard/crtbegin.o
 .ARM.attributes
                0x0000005e       0x36 ./Core/Src/fonts.o
 .ARM.attributes
                0x00000094       0x36 ./Core/Src/main.o
 .ARM.attributes
                0x000000ca       0x36 ./Core/Src/ssd1306.o
 .ARM.attributes
                0x00000100       0x36 ./Core/Src/stm32h5xx_hal_msp.o
 .ARM.attributes
                0x00000136       0x36 ./Core/Src/stm32h5xx_it.o
 .ARM.attributes
                0x0000016c       0x36 ./Core/Src/system_stm32h5xx.o
 .ARM.attributes
                0x000001a2       0x24 ./Core/Startup/startup_stm32h562rivx.o
 .ARM.attributes
                0x000001c6       0x36 ./Drivers/STM32H5xx_HAL_Driver/Src/stm32h5xx_hal.o
 .ARM.attributes
                0x000001fc       0x36 ./Drivers/STM32H5xx_HAL_Driver/Src/stm32h5xx_hal_adc.o
 .ARM.attributes
                0x00000232       0x36 ./Drivers/STM32H5xx_HAL_Driver/Src/stm32h5xx_hal_adc_ex.o
 .ARM.attributes
                0x00000268       0x36 ./Drivers/STM32H5xx_HAL_Driver/Src/stm32h5xx_hal_cortex.o
 .ARM.attributes
                0x0000029e       0x36 ./Drivers/STM32H5xx_HAL_Driver/Src/stm32h5xx_hal_dma.o
 .ARM.attributes
                0x000002d4       0x36 ./Drivers/STM32H5xx_HAL_Driver/Src/stm32h5xx_hal_dma_ex.o
 .ARM.attributes
                0x0000030a       0x36 ./Drivers/STM32H5xx_HAL_Driver/Src/stm32h5xx_hal_fdcan.o
 .ARM.attributes
                0x00000340       0x36 ./Drivers/STM32H5xx_HAL_Driver/Src/stm32h5xx_hal_gpio.o
 .ARM.attributes
                0x00000376       0x36 ./Drivers/STM32H5xx_HAL_Driver/Src/stm32h5xx_hal_i2c.o
 .ARM.attributes
                0x000003ac       0x36 ./Drivers/STM32H5xx_HAL_Driver/Src/stm32h5xx_hal_i2c_ex.o
 .ARM.attributes
                0x000003e2       0x36 ./Drivers/STM32H5xx_HAL_Driver/Src/stm32h5xx_hal_rcc.o
 .ARM.attributes
                0x00000418       0x36 ./Drivers/STM32H5xx_HAL_Driver/Src/stm32h5xx_hal_rcc_ex.o
 .ARM.attributes
                0x0000044e       0x36 ./Drivers/STM32H5xx_HAL_Driver/Src/stm32h5xx_hal_tim.o
 .ARM.attributes
                0x00000484       0x36 ./Drivers/STM32H5xx_HAL_Driver/Src/stm32h5xx_hal_tim_ex.o
 .ARM.attributes
                0x000004ba       0x36 ./Drivers/STM32H5xx_HAL_Driver/Src/stm32h5xx_hal_uart.o
 .ARM.attributes
                0x000004f0       0x36 ./Drivers/STM32H5xx_HAL_Driver/Src/stm32h5xx_hal_uart_ex.o
 .ARM.attributes
                0x00000526       0x38 C:/ST/STM32CubeIDE_1.19.0/STM32CubeIDE/plugins/com.st.stm32cube.ide.mcu.externaltools.gnu-tools-for-stm32.13.3.rel1.win32_1.0.0.202411081344/tools/bin/../lib/gcc/arm-none-eabi/13.3.1/../../../../arm-none-eabi/lib/thumb/v8-m.main+fp/hard\libc_nano.a(libc_a-itoa.o)
 .ARM.attributes
                0x0000055e       0x38 C:/ST/STM32CubeIDE_1.19.0/STM32CubeIDE/plugins/com.st.stm32cube.ide.mcu.externaltools.gnu-tools-for-stm32.13.3.rel1.win32_1.0.0.202411081344/tools/bin/../lib/gcc/arm-none-eabi/13.3.1/../../../../arm-none-eabi/lib/thumb/v8-m.main+fp/hard\libc_nano.a(libc_a-utoa.o)
 .ARM.attributes
                0x00000596       0x38 C:/ST/STM32CubeIDE_1.19.0/STM32CubeIDE/plugins/com.st.stm32cube.ide.mcu.externaltools.gnu-tools-for-stm32.13.3.rel1.win32_1.0.0.202411081344/tools/bin/../lib/gcc/arm-none-eabi/13.3.1/../../../../arm-none-eabi/lib/thumb/v8-m.main+fp/hard\libc_nano.a(libc_a-memset.o)
 .ARM.attributes
                0x000005ce       0x38 C:/ST/STM32CubeIDE_1.19.0/STM32CubeIDE/plugins/com.st.stm32cube.ide.mcu.externaltools.gnu-tools-for-stm32.13.3.rel1.win32_1.0.0.202411081344/tools/bin/../lib/gcc/arm-none-eabi/13.3.1/../../../../arm-none-eabi/lib/thumb/v8-m.main+fp/hard\libc_nano.a(libc_a-init.o)
 .ARM.attributes
                0x00000606       0x24 C:/ST/STM32CubeIDE_1.19.0/STM32CubeIDE/plugins/com.st.stm32cube.ide.mcu.externaltools.gnu-tools-for-stm32.13.3.rel1.win32_1.0.0.202411081344/tools/bin/../lib/gcc/arm-none-eabi/13.3.1/../../../../arm-none-eabi/lib/thumb/v8-m.main+fp/hard\libc_nano.a(libc_a-strlen.o)
 .ARM.attributes
                0x0000062a       0x26 C:/ST/STM32CubeIDE_1.19.0/STM32CubeIDE/plugins/com.st.stm32cube.ide.mcu.externaltools.gnu-tools-for-stm32.13.3.rel1.win32_1.0.0.202411081344/tools/bin/../lib/gcc/arm-none-eabi/13.3.1/thumb/v8-m.main+fp/hard\libgcc.a(_aeabi_uldivmod.o)
 .ARM.attributes
                0x00000650       0x38 C:/ST/STM32CubeIDE_1.19.0/STM32CubeIDE/plugins/com.st.stm32cube.ide.mcu.externaltools.gnu-tools-for-stm32.13.3.rel1.win32_1.0.0.202411081344/tools/bin/../lib/gcc/arm-none-eabi/13.3.1/thumb/v8-m.main+fp/hard\libgcc.a(_udivmoddi4.o)
 .ARM.attributes
                0x00000688       0x26 C:/ST/STM32CubeIDE_1.19.0/STM32CubeIDE/plugins/com.st.stm32cube.ide.mcu.externaltools.gnu-tools-for-stm32.13.3.rel1.win32_1.0.0.202411081344/tools/bin/../lib/gcc/arm-none-eabi/13.3.1/thumb/v8-m.main+fp/hard\libgcc.a(_dvmd_tls.o)
 .ARM.attributes
                0x000006ae       0x26 C:/ST/STM32CubeIDE_1.19.0/STM32CubeIDE/plugins/com.st.stm32cube.ide.mcu.externaltools.gnu-tools-for-stm32.13.3.rel1.win32_1.0.0.202411081344/tools/bin/../lib/gcc/arm-none-eabi/13.3.1/thumb/v8-m.main+fp/hard/crtn.o
OUTPUT(evangelion_turbo_controller-v1.elf elf32-littlearm)
LOAD linker stubs
LOAD C:/ST/STM32CubeIDE_1.19.0/STM32CubeIDE/plugins/com.st.stm32cube.ide.mcu.externaltools.gnu-tools-for-stm32.13.3.rel1.win32_1.0.0.202411081344/tools/bin/../lib/gcc/arm-none-eabi/13.3.1/../../../../arm-none-eabi/lib/thumb/v8-m.main+fp/hard\libc.a
LOAD C:/ST/STM32CubeIDE_1.19.0/STM32CubeIDE/plugins/com.st.stm32cube.ide.mcu.externaltools.gnu-tools-for-stm32.13.3.rel1.win32_1.0.0.202411081344/tools/bin/../lib/gcc/arm-none-eabi/13.3.1/../../../../arm-none-eabi/lib/thumb/v8-m.main+fp/hard\libm.a
LOAD C:/ST/STM32CubeIDE_1.19.0/STM32CubeIDE/plugins/com.st.stm32cube.ide.mcu.externaltools.gnu-tools-for-stm32.13.3.rel1.win32_1.0.0.202411081344/tools/bin/../lib/gcc/arm-none-eabi/13.3.1/thumb/v8-m.main+fp/hard\libgcc.a

.debug_info     0x00000000    0x3df11
 .debug_info    0x00000000      0x15b ./Core/Src/fonts.o
 .debug_info    0x0000015b     0x7c64 ./Core/Src/main.o
 .debug_info    0x00007dbf     0x4572 ./Core/Src/ssd1306.o
 .debug_info    0x0000c331     0x368e ./Core/Src/stm32h5xx_hal_msp.o
 .debug_info    0x0000f9bf     0x18da ./Core/Src/stm32h5xx_it.o
 .debug_info    0x00011299      0xdbb ./Core/Src/system_stm32h5xx.o
 .debug_info    0x00012054       0x30 ./Core/Startup/startup_stm32h562rivx.o
 .debug_info    0x00012084     0x14d0 ./Drivers/STM32H5xx_HAL_Driver/Src/stm32h5xx_hal.o
 .debug_info    0x00013554     0x3880 ./Drivers/STM32H5xx_HAL_Driver/Src/stm32h5xx_hal_adc.o
 .debug_info    0x00016dd4     0x30b4 ./Drivers/STM32H5xx_HAL_Driver/Src/stm32h5xx_hal_adc_ex.o
 .debug_info    0x00019e88     0x18bb ./Drivers/STM32H5xx_HAL_Driver/Src/stm32h5xx_hal_cortex.o
 .debug_info    0x0001b743      0xcd4 ./Drivers/STM32H5xx_HAL_Driver/Src/stm32h5xx_hal_dma.o
 .debug_info    0x0001c417     0x3663 ./Drivers/STM32H5xx_HAL_Driver/Src/stm32h5xx_hal_dma_ex.o
 .debug_info    0x0001fa7a     0x1cd8 ./Drivers/STM32H5xx_HAL_Driver/Src/stm32h5xx_hal_fdcan.o
 .debug_info    0x00021752      0x70d ./Drivers/STM32H5xx_HAL_Driver/Src/stm32h5xx_hal_gpio.o
 .debug_info    0x00021e5f     0x6685 ./Drivers/STM32H5xx_HAL_Driver/Src/stm32h5xx_hal_i2c.o
 .debug_info    0x000284e4      0x920 ./Drivers/STM32H5xx_HAL_Driver/Src/stm32h5xx_hal_i2c_ex.o
 .debug_info    0x00028e04     0x1629 ./Drivers/STM32H5xx_HAL_Driver/Src/stm32h5xx_hal_rcc.o
 .debug_info    0x0002a42d     0x1b2e ./Drivers/STM32H5xx_HAL_Driver/Src/stm32h5xx_hal_rcc_ex.o
 .debug_info    0x0002bf5b     0x7193 ./Drivers/STM32H5xx_HAL_Driver/Src/stm32h5xx_hal_tim.o
 .debug_info    0x000330ee     0x26d2 ./Drivers/STM32H5xx_HAL_Driver/Src/stm32h5xx_hal_tim_ex.o
 .debug_info    0x000357c0     0x7267 ./Drivers/STM32H5xx_HAL_Driver/Src/stm32h5xx_hal_uart.o
 .debug_info    0x0003ca27     0x14ea ./Drivers/STM32H5xx_HAL_Driver/Src/stm32h5xx_hal_uart_ex.o

.debug_abbrev   0x00000000     0x4740
 .debug_abbrev  0x00000000       0xb3 ./Core/Src/fonts.o
 .debug_abbrev  0x000000b3      0x55c ./Core/Src/main.o
 .debug_abbrev  0x0000060f      0x5cf ./Core/Src/ssd1306.o
 .debug_abbrev  0x00000bde      0x30d ./Core/Src/stm32h5xx_hal_msp.o
 .debug_abbrev  0x00000eeb      0x27f ./Core/Src/stm32h5xx_it.o
 .debug_abbrev  0x0000116a      0x143 ./Core/Src/system_stm32h5xx.o
 .debug_abbrev  0x000012ad       0x24 ./Core/Startup/startup_stm32h562rivx.o
 .debug_abbrev  0x000012d1      0x308 ./Drivers/STM32H5xx_HAL_Driver/Src/stm32h5xx_hal.o
 .debug_abbrev  0x000015d9      0x33a ./Drivers/STM32H5xx_HAL_Driver/Src/stm32h5xx_hal_adc.o
 .debug_abbrev  0x00001913      0x3db ./Drivers/STM32H5xx_HAL_Driver/Src/stm32h5xx_hal_adc_ex.o
 .debug_abbrev  0x00001cee      0x3b8 ./Drivers/STM32H5xx_HAL_Driver/Src/stm32h5xx_hal_cortex.o
 .debug_abbrev  0x000020a6      0x295 ./Drivers/STM32H5xx_HAL_Driver/Src/stm32h5xx_hal_dma.o
 .debug_abbrev  0x0000233b      0x358 ./Drivers/STM32H5xx_HAL_Driver/Src/stm32h5xx_hal_dma_ex.o
 .debug_abbrev  0x00002693      0x2c6 ./Drivers/STM32H5xx_HAL_Driver/Src/stm32h5xx_hal_fdcan.o
 .debug_abbrev  0x00002959      0x274 ./Drivers/STM32H5xx_HAL_Driver/Src/stm32h5xx_hal_gpio.o
 .debug_abbrev  0x00002bcd      0x41f ./Drivers/STM32H5xx_HAL_Driver/Src/stm32h5xx_hal_i2c.o
 .debug_abbrev  0x00002fec      0x1b1 ./Drivers/STM32H5xx_HAL_Driver/Src/stm32h5xx_hal_i2c_ex.o
 .debug_abbrev  0x0000319d      0x2f9 ./Drivers/STM32H5xx_HAL_Driver/Src/stm32h5xx_hal_rcc.o
 .debug_abbrev  0x00003496      0x2df ./Drivers/STM32H5xx_HAL_Driver/Src/stm32h5xx_hal_rcc_ex.o
 .debug_abbrev  0x00003775      0x3fa ./Drivers/STM32H5xx_HAL_Driver/Src/stm32h5xx_hal_tim.o
 .debug_abbrev  0x00003b6f      0x3c1 ./Drivers/STM32H5xx_HAL_Driver/Src/stm32h5xx_hal_tim_ex.o
 .debug_abbrev  0x00003f30      0x4ae ./Drivers/STM32H5xx_HAL_Driver/Src/stm32h5xx_hal_uart.o
 .debug_abbrev  0x000043de      0x362 ./Drivers/STM32H5xx_HAL_Driver/Src/stm32h5xx_hal_uart_ex.o

.debug_aranges  0x00000000     0x19b0
 .debug_aranges
                0x00000000       0x18 ./Core/Src/fonts.o
 .debug_aranges
                0x00000018       0xa0 ./Core/Src/main.o
 .debug_aranges
                0x000000b8      0x110 ./Core/Src/ssd1306.o
 .debug_aranges
                0x000001c8       0x88 ./Core/Src/stm32h5xx_hal_msp.o
 .debug_aranges
                0x00000250      0x120 ./Core/Src/stm32h5xx_it.o
 .debug_aranges
                0x00000370       0x28 ./Core/Src/system_stm32h5xx.o
 .debug_aranges
                0x00000398       0x28 ./Core/Startup/startup_stm32h562rivx.o
 .debug_aranges
                0x000003c0      0x200 ./Drivers/STM32H5xx_HAL_Driver/Src/stm32h5xx_hal.o
 .debug_aranges
                0x000005c0      0x108 ./Drivers/STM32H5xx_HAL_Driver/Src/stm32h5xx_hal_adc.o
 .debug_aranges
                0x000006c8       0xf0 ./Drivers/STM32H5xx_HAL_Driver/Src/stm32h5xx_hal_adc_ex.o
 .debug_aranges
                0x000007b8       0xc8 ./Drivers/STM32H5xx_HAL_Driver/Src/stm32h5xx_hal_cortex.o
 .debug_aranges
                0x00000880       0x90 ./Drivers/STM32H5xx_HAL_Driver/Src/stm32h5xx_hal_dma.o
 .debug_aranges
                0x00000910      0x138 ./Drivers/STM32H5xx_HAL_Driver/Src/stm32h5xx_hal_dma_ex.o
 .debug_aranges
                0x00000a48      0x1f8 ./Drivers/STM32H5xx_HAL_Driver/Src/stm32h5xx_hal_fdcan.o
 .debug_aranges
                0x00000c40       0x78 ./Drivers/STM32H5xx_HAL_Driver/Src/stm32h5xx_hal_gpio.o
 .debug_aranges
                0x00000cb8      0x250 ./Drivers/STM32H5xx_HAL_Driver/Src/stm32h5xx_hal_i2c.o
 .debug_aranges
                0x00000f08       0x40 ./Drivers/STM32H5xx_HAL_Driver/Src/stm32h5xx_hal_i2c_ex.o
 .debug_aranges
                0x00000f48       0xa8 ./Drivers/STM32H5xx_HAL_Driver/Src/stm32h5xx_hal_rcc.o
 .debug_aranges
                0x00000ff0      0x108 ./Drivers/STM32H5xx_HAL_Driver/Src/stm32h5xx_hal_rcc_ex.o
 .debug_aranges
                0x000010f8      0x3b0 ./Drivers/STM32H5xx_HAL_Driver/Src/stm32h5xx_hal_tim.o
 .debug_aranges
                0x000014a8      0x238 ./Drivers/STM32H5xx_HAL_Driver/Src/stm32h5xx_hal_tim_ex.o
 .debug_aranges
                0x000016e0      0x238 ./Drivers/STM32H5xx_HAL_Driver/Src/stm32h5xx_hal_uart.o
 .debug_aranges
                0x00001918       0x98 ./Drivers/STM32H5xx_HAL_Driver/Src/stm32h5xx_hal_uart_ex.o

.debug_macro    0x00000000    0x3229a
 .debug_macro   0x00000000       0x6d ./Core/Src/fonts.o
 .debug_macro   0x0000006d      0xb02 ./Core/Src/fonts.o
 .debug_macro   0x00000b6f       0x22 ./Core/Src/fonts.o
 .debug_macro   0x00000b91       0x8e ./Core/Src/fonts.o
 .debug_macro   0x00000c1f       0x51 ./Core/Src/fonts.o
 .debug_macro   0x00000c70      0x103 ./Core/Src/fonts.o
 .debug_macro   0x00000d73       0x6a ./Core/Src/fonts.o
 .debug_macro   0x00000ddd      0x1df ./Core/Src/fonts.o
 .debug_macro   0x00000fbc      0x501 ./Core/Src/main.o
 .debug_macro   0x000014bd      0x1f8 ./Core/Src/main.o
 .debug_macro   0x000016b5       0x5b ./Core/Src/main.o
 .debug_macro   0x00001710       0x2a ./Core/Src/main.o
 .debug_macro   0x0000173a       0x94 ./Core/Src/main.o
 .debug_macro   0x000017ce       0x43 ./Core/Src/main.o
 .debug_macro   0x00001811       0x34 ./Core/Src/main.o
 .debug_macro   0x00001845      0x190 ./Core/Src/main.o
 .debug_macro   0x000019d5       0x57 ./Core/Src/main.o
 .debug_macro   0x00001a2c      0x370 ./Core/Src/main.o
 .debug_macro   0x00001d9c       0x16 ./Core/Src/main.o
 .debug_macro   0x00001db2       0x4a ./Core/Src/main.o
 .debug_macro   0x00001dfc       0x34 ./Core/Src/main.o
 .debug_macro   0x00001e30       0x10 ./Core/Src/main.o
 .debug_macro   0x00001e40       0x58 ./Core/Src/main.o
 .debug_macro   0x00001e98       0x8e ./Core/Src/main.o
 .debug_macro   0x00001f26       0x1c ./Core/Src/main.o
 .debug_macro   0x00001f42      0x185 ./Core/Src/main.o
 .debug_macro   0x000020c7      0x19b ./Core/Src/main.o
 .debug_macro   0x00002262       0x28 ./Core/Src/main.o
 .debug_macro   0x0000228a       0x49 ./Core/Src/main.o
 .debug_macro   0x000022d3       0x1c ./Core/Src/main.o
 .debug_macro   0x000022ef       0x29 ./Core/Src/main.o
 .debug_macro   0x00002318       0xfb ./Core/Src/main.o
 .debug_macro   0x00002413     0x1685 ./Core/Src/main.o
 .debug_macro   0x00003a98       0x5e ./Core/Src/main.o
 .debug_macro   0x00003af6    0x1dc22 ./Core/Src/main.o
 .debug_macro   0x00021718       0x6d ./Core/Src/main.o
 .debug_macro   0x00021785     0x388a ./Core/Src/main.o
 .debug_macro   0x0002500f       0x63 ./Core/Src/main.o
 .debug_macro   0x00025072     0x1e49 ./Core/Src/main.o
 .debug_macro   0x00026ebb      0xe6c ./Core/Src/main.o
 .debug_macro   0x00027d27      0x166 ./Core/Src/main.o
 .debug_macro   0x00027e8d      0x2dd ./Core/Src/main.o
 .debug_macro   0x0002816a      0x917 ./Core/Src/main.o
 .debug_macro   0x00028a81      0x478 ./Core/Src/main.o
 .debug_macro   0x00028ef9       0xd6 ./Core/Src/main.o
 .debug_macro   0x00028fcf      0x1cd ./Core/Src/main.o
 .debug_macro   0x0002919c      0xf82 ./Core/Src/main.o
 .debug_macro   0x0002a11e      0x671 ./Core/Src/main.o
 .debug_macro   0x0002a78f      0x30c ./Core/Src/main.o
 .debug_macro   0x0002aa9b      0x55b ./Core/Src/main.o
 .debug_macro   0x0002aff6      0x638 ./Core/Src/main.o
 .debug_macro   0x0002b62e       0x7b ./Core/Src/main.o
 .debug_macro   0x0002b6a9      0x22c ./Core/Src/main.o
 .debug_macro   0x0002b8d5       0x35 ./Core/Src/main.o
 .debug_macro   0x0002b90a       0xa5 ./Core/Src/main.o
 .debug_macro   0x0002b9af      0x313 ./Core/Src/main.o
 .debug_macro   0x0002bcc2      0x1bb ./Core/Src/main.o
 .debug_macro   0x0002be7d      0xbe8 ./Core/Src/main.o
 .debug_macro   0x0002ca65      0x3d8 ./Core/Src/main.o
 .debug_macro   0x0002ce3d      0x693 ./Core/Src/main.o
 .debug_macro   0x0002d4d0       0xa6 ./Core/Src/main.o
 .debug_macro   0x0002d576      0x2a0 ./Core/Src/main.o
 .debug_macro   0x0002d816      0x6bd ./Core/Src/main.o
 .debug_macro   0x0002ded3      0x4ee ./Core/Src/main.o
 .debug_macro   0x0002e3c1      0x106 ./Core/Src/main.o
 .debug_macro   0x0002e4c7       0x16 ./Core/Src/main.o
 .debug_macro   0x0002e4dd       0x3c ./Core/Src/main.o
 .debug_macro   0x0002e519       0x16 ./Core/Src/main.o
 .debug_macro   0x0002e52f       0x29 ./Core/Src/main.o
 .debug_macro   0x0002e558      0x172 ./Core/Src/main.o
 .debug_macro   0x0002e6ca       0x28 ./Core/Src/main.o
 .debug_macro   0x0002e6f2       0x16 ./Core/Src/main.o
 .debug_macro   0x0002e708       0x20 ./Core/Src/main.o
 .debug_macro   0x0002e728      0x111 ./Core/Src/main.o
 .debug_macro   0x0002e839      0x34e ./Core/Src/ssd1306.o
 .debug_macro   0x0002eb87       0x2e ./Core/Src/ssd1306.o
 .debug_macro   0x0002ebb5      0x2c7 ./Core/Src/stm32h5xx_hal_msp.o
 .debug_macro   0x0002ee7c      0x2d1 ./Core/Src/stm32h5xx_it.o
 .debug_macro   0x0002f14d      0x2bf ./Core/Src/system_stm32h5xx.o
 .debug_macro   0x0002f40c      0x2ee ./Drivers/STM32H5xx_HAL_Driver/Src/stm32h5xx_hal.o
 .debug_macro   0x0002f6fa      0x2d5 ./Drivers/STM32H5xx_HAL_Driver/Src/stm32h5xx_hal_adc.o
 .debug_macro   0x0002f9cf      0x2c4 ./Drivers/STM32H5xx_HAL_Driver/Src/stm32h5xx_hal_adc_ex.o
 .debug_macro   0x0002fc93      0x2b8 ./Drivers/STM32H5xx_HAL_Driver/Src/stm32h5xx_hal_cortex.o
 .debug_macro   0x0002ff4b      0x2b9 ./Drivers/STM32H5xx_HAL_Driver/Src/stm32h5xx_hal_dma.o
 .debug_macro   0x00030204      0x2b9 ./Drivers/STM32H5xx_HAL_Driver/Src/stm32h5xx_hal_dma_ex.o
 .debug_macro   0x000304bd      0x3ca ./Drivers/STM32H5xx_HAL_Driver/Src/stm32h5xx_hal_fdcan.o
 .debug_macro   0x00030887      0x2ee ./Drivers/STM32H5xx_HAL_Driver/Src/stm32h5xx_hal_gpio.o
 .debug_macro   0x00030b75      0x384 ./Drivers/STM32H5xx_HAL_Driver/Src/stm32h5xx_hal_i2c.o
 .debug_macro   0x00030ef9      0x2b8 ./Drivers/STM32H5xx_HAL_Driver/Src/stm32h5xx_hal_i2c_ex.o
 .debug_macro   0x000311b1      0x2fa ./Drivers/STM32H5xx_HAL_Driver/Src/stm32h5xx_hal_rcc.o
 .debug_macro   0x000314ab      0x2ca ./Drivers/STM32H5xx_HAL_Driver/Src/stm32h5xx_hal_rcc_ex.o
 .debug_macro   0x00031775      0x2c0 ./Drivers/STM32H5xx_HAL_Driver/Src/stm32h5xx_hal_tim.o
 .debug_macro   0x00031a35      0x2be ./Drivers/STM32H5xx_HAL_Driver/Src/stm32h5xx_hal_tim_ex.o
 .debug_macro   0x00031cf3      0x2e3 ./Drivers/STM32H5xx_HAL_Driver/Src/stm32h5xx_hal_uart.o
 .debug_macro   0x00031fd6      0x2c4 ./Drivers/STM32H5xx_HAL_Driver/Src/stm32h5xx_hal_uart_ex.o

.debug_line     0x00000000    0x467aa
 .debug_line    0x00000000      0x40a ./Core/Src/fonts.o
 .debug_line    0x0000040a     0x5cf4 ./Core/Src/main.o
 .debug_line    0x000060fe     0x95e4 ./Core/Src/ssd1306.o
 .debug_line    0x0000f6e2     0x1584 ./Core/Src/stm32h5xx_hal_msp.o
 .debug_line    0x00010c66      0xbce ./Core/Src/stm32h5xx_it.o
 .debug_line    0x00011834      0xb79 ./Core/Src/system_stm32h5xx.o
 .debug_line    0x000123ad       0x77 ./Core/Startup/startup_stm32h562rivx.o
 .debug_line    0x00012424     0x11b0 ./Drivers/STM32H5xx_HAL_Driver/Src/stm32h5xx_hal.o
 .debug_line    0x000135d4     0x30ae ./Drivers/STM32H5xx_HAL_Driver/Src/stm32h5xx_hal_adc.o