../Core/Src/main.c:197:5:main	16	static
../Core/Src/main.c:296:6:SystemClock_Config	120	static
../Core/Src/main.c:357:13:MX_ADC1_Init	40	static
../Core/Src/main.c:488:13:MX_FDCAN1_Init	8	static
../Core/Src/main.c:531:13:MX_GPDMA1_Init	16	static
../Core/Src/main.c:565:13:MX_GPDMA2_Init	16	static
../Core/Src/main.c:599:13:MX_I2C3_Init	8	static
../Core/Src/main.c:654:13:MX_I2C4_Init	8	static
../Core/Src/main.c:709:13:MX_TIM2_Init	48	static
../Core/Src/main.c:758:13:MX_TIM3_Init	48	static
../Core/Src/main.c:807:13:MX_TIM15_Init	40	static
../Core/Src/main.c:853:13:MX_TIM16_Init	8	static
../Core/Src/main.c:885:13:MX_TIM17_Init	8	static
../Core/Src/main.c:917:13:MX_UART4_Init	8	static
../Core/Src/main.c:965:13:MX_UART5_Init	8	static
../Core/Src/main.c:1013:13:MX_USART1_UART_Init	8	static
../Core/Src/main.c:1061:13:MX_USART2_UART_Init	8	static
../Core/Src/main.c:1109:13:MX_GPIO_Init	56	static
../Core/Src/main.c:1210:6:COOKED	16	static
../Core/Src/main.c:1216:6:HAL_TIM_PeriodElapsedCallback	16	static
../Core/Src/main.c:1246:6:Error_Handler	4	static,ignoring_inline_asm
