../Core/Src/main.c:88:5:main	1
../Core/Src/main.c:142:6:SystemClock_Config	4
../Core/Src/main.c:203:13:MX_ADC1_Init	3
../Core/Src/main.c:262:13:MX_FDCAN1_Init	2
../Core/Src/main.c:305:13:MX_I2C1_Init	4
../Core/Src/main.c:353:13:MX_I2C3_Init	4
../Core/Src/main.c:401:13:MX_I2C4_Init	4
../Core/Src/main.c:449:13:MX_LPTIM1_Init	3
../Core/Src/main.c:492:13:MX_UART4_Init	5
../Core/Src/main.c:540:13:MX_UART5_Init	5
../Core/Src/main.c:588:13:MX_USART1_UART_Init	5
../Core/Src/main.c:636:13:MX_USART2_UART_Init	5
../Core/Src/main.c:684:13:MX_GPIO_Init	1
../Core/Src/main.c:751:6:Error_Handler	1
