../Core/Src/main.c:88:5:main	8	static
../Core/Src/main.c:142:6:SystemClock_Config	120	static
../Core/Src/main.c:203:13:MX_ADC1_Init	40	static
../Core/Src/main.c:262:13:MX_FDCAN1_Init	8	static
../Core/Src/main.c:305:13:MX_I2C1_Init	8	static
../Core/Src/main.c:353:13:MX_I2C3_Init	8	static
../Core/Src/main.c:401:13:MX_I2C4_Init	8	static
../Core/Src/main.c:449:13:MX_LPTIM1_Init	16	static
../Core/Src/main.c:492:13:MX_UART4_Init	8	static
../Core/Src/main.c:540:13:MX_UART5_Init	8	static
../Core/Src/main.c:588:13:MX_USART1_UART_Init	8	static
../Core/Src/main.c:636:13:MX_USART2_UART_Init	8	static
../Core/Src/main.c:684:13:MX_GPIO_Init	48	static
../Core/Src/main.c:751:6:Error_Handler	4	static,ignoring_inline_asm
