../Core/Src/main.c:197:5:main	3
../Core/Src/main.c:285:6:SystemClock_Config	4
../Core/Src/main.c:346:13:MX_ADC1_Init	11
../Core/Src/main.c:477:13:MX_FDCAN1_Init	2
../Core/Src/main.c:520:13:MX_GPDMA1_Init	1
../Core/Src/main.c:554:13:MX_GPDMA2_Init	1
../Core/Src/main.c:588:13:MX_I2C3_Init	5
../Core/Src/main.c:643:13:MX_I2C4_Init	5
../Core/Src/main.c:698:13:MX_TIM2_Init	4
../Core/Src/main.c:747:13:MX_TIM3_Init	4
../Core/Src/main.c:796:13:MX_TIM15_Init	4
../Core/Src/main.c:842:13:MX_TIM16_Init	2
../Core/Src/main.c:874:13:MX_TIM17_Init	2
../Core/Src/main.c:906:13:MX_UART4_Init	5
../Core/Src/main.c:954:13:MX_UART5_Init	5
../Core/Src/main.c:1002:13:MX_USART1_UART_Init	5
../Core/Src/main.c:1050:13:MX_USART2_UART_Init	5
../Core/Src/main.c:1098:13:MX_GPIO_Init	1
../Core/Src/main.c:1199:6:COOKED	1
../Core/Src/main.c:1205:6:HAL_TIM_PeriodElapsedCallback	1
../Core/Src/main.c:1235:6:Error_Handler	1
