../Core/Src/ssd1306.c:38:23:width	4	static
../Core/Src/ssd1306.c:39:23:height	4	static
../Core/Src/ssd1306.c:41:10:ssd1306_GetWidth	4	static
../Core/Src/ssd1306.c:46:10:ssd1306_GetHeight	4	static
../Core/Src/ssd1306.c:51:15:ssd1306_GetColor	4	static
../Core/Src/ssd1306.c:56:6:ssd1306_SetColor	16	static
../Core/Src/ssd1306.c:62:9:ssd1306_Init	56	static
../Core/Src/ssd1306.c:187:6:ssd1306_Fill	16	static
../Core/Src/ssd1306.c:204:6:ssd1306_DrawPixel	40	static
../Core/Src/ssd1306.c:231:6:ssd1306_DrawLine	48	static
../Core/Src/ssd1306.c:281:6:ssd1306_DrawHorizontalLine	32	static
../Core/Src/ssd1306.c:327:6:ssd1306_DrawVerticalLine	40	static
../Core/Src/ssd1306.c:410:6:ssd1306_DrawRect	24	static
../Core/Src/ssd1306.c:418:6:ssd1306_FillRect	32	static
../Core/Src/ssd1306.c:426:6:ssd1306_DrawTriangle	24	static
../Core/Src/ssd1306.c:434:6:ssd1306_DrawFillTriangle	56	static
../Core/Src/ssd1306.c:521:14:ssd1306_DegToRad	16	static
../Core/Src/ssd1306.c:527:17:ssd1306_NormalizeTo0_360	24	static
../Core/Src/ssd1306.c:545:6:ssd1306_DrawArc	48	static
../Core/Src/ssd1306.c:583:6:ssd1306_DrawCircle	24	static
../Core/Src/ssd1306.c:611:6:ssd1306_FillCircle	24	static
../Core/Src/ssd1306.c:636:6:ssd1306_DrawCircleQuads	32	static
../Core/Src/ssd1306.c:685:6:ssd1306_DrawProgressBar	40	static
../Core/Src/ssd1306.c:714:6:ssd1306_DrawBitmap	32	static
../Core/Src/ssd1306.c:755:6:ssd1306_WriteChar	40	static
../Core/Src/ssd1306.c:796:6:ssd1306_WriteString	24	static
../Core/Src/ssd1306.c:818:6:ssd1306_SetCursor	16	static
../Core/Src/ssd1306.c:824:6:ssd1306_Clear	8	static
../Core/Src/ssd1306.c:870:6:ssd1306_WriteCommand	24	static
../Core/Src/ssd1306.c:881:6:ssd1306_UpdateScreen	16	static
../Core/Src/ssd1306.c:897:6:ssd1306_UpdateScreenCompleted	4	static
../Core/Src/ssd1306.c:905:13:ssd1306_UpdateCompletedCallback	4	static
../Core/Src/ssd1306.c:907:6:HAL_I2C_MemTxCpltCallback	40	static
