../Core/Src/stm32h5xx_it.c:92:6:NMI_Handler	8	static
../Core/Src/stm32h5xx_it.c:108:6:HardFault_Handler	4	static
../Core/Src/stm32h5xx_it.c:123:6:MemManage_Handler	4	static
../Core/Src/stm32h5xx_it.c:138:6:BusFault_Handler	4	static
../Core/Src/stm32h5xx_it.c:153:6:UsageFault_Handler	4	static
../Core/Src/stm32h5xx_it.c:168:6:SVC_Handler	4	static
../Core/Src/stm32h5xx_it.c:181:6:DebugMon_Handler	4	static
../Core/Src/stm32h5xx_it.c:194:6:PendSV_Handler	4	static
../Core/Src/stm32h5xx_it.c:207:6:SysTick_Handler	8	static
../Core/Src/stm32h5xx_it.c:228:6:EXTI0_IRQHandler	8	static
../Core/Src/stm32h5xx_it.c:242:6:EXTI11_IRQHandler	8	static
../Core/Src/stm32h5xx_it.c:256:6:EXTI14_IRQHandler	8	static
../Core/Src/stm32h5xx_it.c:270:6:GPDMA1_Channel0_IRQHandler	8	static
../Core/Src/stm32h5xx_it.c:284:6:GPDMA1_Channel1_IRQHandler	8	static
../Core/Src/stm32h5xx_it.c:298:6:GPDMA1_Channel2_IRQHandler	8	static
../Core/Src/stm32h5xx_it.c:312:6:GPDMA1_Channel3_IRQHandler	8	static
../Core/Src/stm32h5xx_it.c:326:6:ADC1_IRQHandler	8	static
../Core/Src/stm32h5xx_it.c:340:6:USART1_IRQHandler	8	static
../Core/Src/stm32h5xx_it.c:354:6:USART2_IRQHandler	8	static
../Core/Src/stm32h5xx_it.c:368:6:UART4_IRQHandler	8	static
../Core/Src/stm32h5xx_it.c:382:6:UART5_IRQHandler	8	static
../Core/Src/stm32h5xx_it.c:396:6:TIM15_IRQHandler	8	static
../Core/Src/stm32h5xx_it.c:410:6:GPDMA2_Channel0_IRQHandler	8	static
../Core/Src/stm32h5xx_it.c:424:6:GPDMA2_Channel1_IRQHandler	8	static
../Core/Src/stm32h5xx_it.c:438:6:GPDMA2_Channel2_IRQHandler	8	static
../Core/Src/stm32h5xx_it.c:452:6:GPDMA2_Channel3_IRQHandler	8	static
