16:56:27 **** Incremental Build of configuration Debug for project evangelion_turbo_controller ****
make -j16 all 
arm-none-eabi-gcc "../Core/Src/main.c" -mcpu=cortex-m33 -std=gnu11 -g3 -DDEBUG -DUSE_HAL_DRIVER -DSTM32H563xx -c -I../Core/Inc -I../Drivers/STM32H5xx_HAL_Driver/Inc -I../Drivers/STM32H5xx_HAL_Driver/Inc/Legacy -I../Drivers/CMSIS/Device/ST/STM32H5xx/Include -I../Drivers/CMSIS/Include -O0 -ffunction-sections -fdata-sections -Wall -fstack-usage -fcyclomatic-complexity -MMD -MP -MF"Core/Src/main.d" -MT"Core/Src/main.o" --specs=nano.specs -mfpu=fpv5-sp-d16 -mfloat-abi=hard -mthumb -o "Core/Src/main.o"
arm-none-eabi-gcc -o "evangelion_turbo_controller.elf" @"objects.list"   -mcpu=cortex-m33 -T"D:\tech\robotyka\robots\evangelion-turbo\kod\evangelion_turbo_controller\STM32H563RGVX_FLASH.ld" --specs=nosys.specs -Wl,-Map="evangelion_turbo_controller.map" -Wl,--gc-sections -static --specs=nano.specs -mfpu=fpv5-sp-d16 -mfloat-abi=hard -mthumb -Wl,--start-group -lc -lm -Wl,--end-group
Finished building target: evangelion_turbo_controller.elf
 
arm-none-eabi-size  evangelion_turbo_controller.elf 
arm-none-eabi-objdump -h -S evangelion_turbo_controller.elf  > "evangelion_turbo_controller.list"
   text	   data	    bss	    dec	    hex	filename
  44612	     16	   2528	  47156	   b834	evangelion_turbo_controller.elf
Finished building: default.size.stdout
 
Finished building: evangelion_turbo_controller.list
 

16:56:27 Build Finished. 0 errors, 0 warnings. (took 713ms)

