20:38:59 **** Incremental Build of configuration Debug for project evangelion-turbo_h563 ****
make -j16 all 
arm-none-eabi-gcc -gdwarf-4 "../Core/Src/main.c" -mcpu=cortex-m33 -std=gnu11 -g3 -DDEBUG -DUSE_HAL_DRIVER -DSTM32H563xx -c -I../Core/Inc -I../Drivers/STM32H5xx_HAL_Driver/Inc -I../Drivers/STM32H5xx_HAL_Driver/Inc/Legacy -I../Drivers/CMSIS/Device/ST/STM32H5xx/Include -I../Drivers/CMSIS/Include -O0 -ffunction-sections -fdata-sections -Wall -fstack-usage -fcyclomatic-complexity -MMD -MP -MF"Core/Src/main.d" -MT"Core/Src/main.o" --specs=nano.specs -mfpu=fpv5-sp-d16 -mfloat-abi=hard -mthumb -o "Core/Src/main.o"
arm-none-eabi-gcc -gdwarf-4 -o "evangelion-turbo_h563.elf" @"objects.list"   -mcpu=cortex-m33 -T"D:\tech\robotyka\robots\evangelion-turbo\kod\evangelion-turbo_h563\STM32H563RIVX_FLASH.ld" --specs=nosys.specs -Wl,-Map="evangelion-turbo_h563.map" -Wl,--gc-sections -static --specs=nano.specs -mfpu=fpv5-sp-d16 -mfloat-abi=hard -mthumb -Wl,--start-group -lc -lm -Wl,--end-group
Finished building target: evangelion-turbo_h563.elf
 
arm-none-eabi-size  evangelion-turbo_h563.elf 
arm-none-eabi-objdump -h -S evangelion-turbo_h563.elf  > "evangelion-turbo_h563.list"
   text	   data	    bss	    dec	    hex	filename
   7308	     16	   1568	   8892	   22bc	evangelion-turbo_h563.elf
Finished building: default.size.stdout
 
Finished building: evangelion-turbo_h563.list
 

20:39:00 Build Finished. 0 errors, 0 warnings. (took 499ms)

