21:02:33 **** Incremental Build of configuration Debug for project evangelion_turbo_controller-v1 ****
make -j16 all 
arm-none-eabi-gcc "../Core/Src/main.c" -mcpu=cortex-m33 -std=gnu11 -g3 -DDEBUG -DUSE_HAL_DRIVER -DSTM32H562xx -c -I../Core/Inc -I../Core/Src -I../Drivers/STM32H5xx_HAL_Driver/Inc -I../Drivers/STM32H5xx_HAL_Driver/Inc/Legacy -I../Drivers/CMSIS/Device/ST/STM32H5xx/Include -I../Drivers/CMSIS/Include -Ofast -ffunction-sections -fdata-sections -Wall -fstack-usage -fcyclomatic-complexity -MMD -MP -MF"Core/Src/main.d" -MT"Core/Src/main.o" --specs=nano.specs -mfpu=fpv5-sp-d16 -mfloat-abi=hard -mthumb -o "Core/Src/main.o"
../Core/Src/main.c:2186:6: warning: '_ssd1306_WriteString' defined but not used [-Wunused-function]
 2186 | void _ssd1306_WriteString(char* str, uint8_t font)
      |      ^~~~~~~~~~~~~~~~~~~~
../Core/Src/main.c:1471:6: warning: 'TASK_BEFORE_ATTACK' defined but not used [-Wunused-function]
 1471 | void TASK_BEFORE_ATTACK()
      |      ^~~~~~~~~~~~~~~~~~
../Core/Src/main.c: In function 'HAL_UARTEx_RxEventCallback':
../Core/Src/main.c:1843:41: warning: 'Dist' may be used uninitialized [-Wmaybe-uninitialized]
 1843 |                 window1_Dist[idx1_Dist] = Dist;
      |                 ~~~~~~~~~~~~~~~~~~~~~~~~^~~~~~
../Core/Src/main.c:1802:18: note: 'Dist' was declared here
 1802 |         uint16_t Dist, Temp, Amp;
      |                  ^~~~
../Core/Src/main.c:1867:36: warning: 'Temp' may be used uninitialized [-Wmaybe-uninitialized]
 1867 |                 BackLeft.LidarTemp = Temp;
      |                 ~~~~~~~~~~~~~~~~~~~^~~~~~
../Core/Src/main.c:1802:24: note: 'Temp' was declared here
 1802 |         uint16_t Dist, Temp, Amp;
      |                        ^~~~
../Core/Src/main.c:1844:39: warning: 'Amp' may be used uninitialized [-Wmaybe-uninitialized]
 1844 |                 window1_Amp[idx1_Amp] = Amp;
      |                 ~~~~~~~~~~~~~~~~~~~~~~^~~~~
../Core/Src/main.c:1802:30: note: 'Amp' was declared here
 1802 |         uint16_t Dist, Temp, Amp;
      |                              ^~~
arm-none-eabi-gcc -o "evangelion_turbo_controller-v1.elf" @"objects.list"   -mcpu=cortex-m33 -T"D:\tech\robotyka\robots\evangelion-turbo\kod\evangelion_turbo_controller-v1\STM32H562RIVX_FLASH.ld" --specs=nosys.specs -Wl,-Map="evangelion_turbo_controller-v1.map" -Wl,--gc-sections -static --specs=nano.specs -mfpu=fpv5-sp-d16 -mfloat-abi=hard -mthumb -Wl,--start-group -lc -lm -Wl,--end-group
Finished building target: evangelion_turbo_controller-v1.elf
 
arm-none-eabi-size  evangelion_turbo_controller-v1.elf 
arm-none-eabi-objdump -h -S evangelion_turbo_controller-v1.elf  > "evangelion_turbo_controller-v1.list"
   text	   data	    bss	    dec	    hex	filename
  62424	     36	   4380	  66840	  10518	evangelion_turbo_controller-v1.elf
Finished building: default.size.stdout
 
Finished building: evangelion_turbo_controller-v1.list
 
21:02:34 **** Incremental Build of configuration Debug for project evangelion_turbo_controller-v1 ****
make -j16 all 
arm-none-eabi-size  evangelion_turbo_controller-v1.elf 
   text	   data	    bss	    dec	    hex	filename
  62424	     36	   4380	  66840	  10518	evangelion_turbo_controller-v1.elf
Finished building: default.size.stdout
 
21:13:00 **** Incremental Build of configuration Debug for project evangelion_turbo_controller-v1 ****
make -j16 all 
arm-none-eabi-gcc "../Core/Src/main.c" -mcpu=cortex-m33 -std=gnu11 -g3 -DDEBUG -DUSE_HAL_DRIVER -DSTM32H562xx -c -I../Core/Inc -I../Core/Src -I../Drivers/STM32H5xx_HAL_Driver/Inc -I../Drivers/STM32H5xx_HAL_Driver/Inc/Legacy -I../Drivers/CMSIS/Device/ST/STM32H5xx/Include -I../Drivers/CMSIS/Include -Ofast -ffunction-sections -fdata-sections -Wall -fstack-usage -fcyclomatic-complexity -MMD -MP -MF"Core/Src/main.d" -MT"Core/Src/main.o" --specs=nano.specs -mfpu=fpv5-sp-d16 -mfloat-abi=hard -mthumb -o "Core/Src/main.o"
../Core/Src/main.c:2186:6: warning: '_ssd1306_WriteString' defined but not used [-Wunused-function]
 2186 | void _ssd1306_WriteString(char* str, uint8_t font)
      |      ^~~~~~~~~~~~~~~~~~~~
../Core/Src/main.c:1471:6: warning: 'TASK_BEFORE_ATTACK' defined but not used [-Wunused-function]
 1471 | void TASK_BEFORE_ATTACK()
      |      ^~~~~~~~~~~~~~~~~~
../Core/Src/main.c: In function 'HAL_UARTEx_RxEventCallback':
../Core/Src/main.c:1843:41: warning: 'Dist' may be used uninitialized [-Wmaybe-uninitialized]
 1843 |                 window1_Dist[idx1_Dist] = Dist;
      |                 ~~~~~~~~~~~~~~~~~~~~~~~~^~~~~~
../Core/Src/main.c:1802:18: note: 'Dist' was declared here
 1802 |         uint16_t Dist, Temp, Amp;
      |                  ^~~~
../Core/Src/main.c:1867:36: warning: 'Temp' may be used uninitialized [-Wmaybe-uninitialized]
 1867 |                 BackLeft.LidarTemp = Temp;
      |                 ~~~~~~~~~~~~~~~~~~~^~~~~~
../Core/Src/main.c:1802:24: note: 'Temp' was declared here
 1802 |         uint16_t Dist, Temp, Amp;
      |                        ^~~~
../Core/Src/main.c:1844:39: warning: 'Amp' may be used uninitialized [-Wmaybe-uninitialized]
 1844 |                 window1_Amp[idx1_Amp] = Amp;
      |                 ~~~~~~~~~~~~~~~~~~~~~~^~~~~
../Core/Src/main.c:1802:30: note: 'Amp' was declared here
 1802 |         uint16_t Dist, Temp, Amp;
      |                              ^~~
arm-none-eabi-gcc -o "evangelion_turbo_controller-v1.elf" @"objects.list"   -mcpu=cortex-m33 -T"D:\tech\robotyka\robots\evangelion-turbo\kod\evangelion_turbo_controller-v1\STM32H562RIVX_FLASH.ld" --specs=nosys.specs -Wl,-Map="evangelion_turbo_controller-v1.map" -Wl,--gc-sections -static --specs=nano.specs -mfpu=fpv5-sp-d16 -mfloat-abi=hard -mthumb -Wl,--start-group -lc -lm -Wl,--end-group
Finished building target: evangelion_turbo_controller-v1.elf
 
arm-none-eabi-size  evangelion_turbo_controller-v1.elf 
arm-none-eabi-objdump -h -S evangelion_turbo_controller-v1.elf  > "evangelion_turbo_controller-v1.list"
   text	   data	    bss	    dec	    hex	filename
  62452	     36	   4380	  66868	  10534	evangelion_turbo_controller-v1.elf
Finished building: default.size.stdout
 
Finished building: evangelion_turbo_controller-v1.list
 
21:15:42 **** Incremental Build of configuration Debug for project motor_driver ****
make -j16 all 
arm-none-eabi-size  motor_driver.elf 
   text	   data	    bss	    dec	    hex	filename
  20704	    104	   3072	  23880	   5d48	motor_driver.elf
Finished building: default.size.stdout
 
21:32:45 **** Incremental Build of configuration Debug for project evangelion_turbo_controller-v1 ****
make -j16 all 
arm-none-eabi-gcc "../Core/Src/main.c" -mcpu=cortex-m33 -std=gnu11 -g3 -DDEBUG -DUSE_HAL_DRIVER -DSTM32H562xx -c -I../Core/Inc -I../Core/Src -I../Drivers/STM32H5xx_HAL_Driver/Inc -I../Drivers/STM32H5xx_HAL_Driver/Inc/Legacy -I../Drivers/CMSIS/Device/ST/STM32H5xx/Include -I../Drivers/CMSIS/Include -Ofast -ffunction-sections -fdata-sections -Wall -fstack-usage -fcyclomatic-complexity -MMD -MP -MF"Core/Src/main.d" -MT"Core/Src/main.o" --specs=nano.specs -mfpu=fpv5-sp-d16 -mfloat-abi=hard -mthumb -o "Core/Src/main.o"
../Core/Src/main.c:2182:6: warning: '_ssd1306_WriteString' defined but not used [-Wunused-function]
 2182 | void _ssd1306_WriteString(char* str, uint8_t font)
      |      ^~~~~~~~~~~~~~~~~~~~
../Core/Src/main.c:1467:6: warning: 'TASK_BEFORE_ATTACK' defined but not used [-Wunused-function]
 1467 | void TASK_BEFORE_ATTACK()
      |      ^~~~~~~~~~~~~~~~~~
../Core/Src/main.c: In function 'HAL_UARTEx_RxEventCallback':
../Core/Src/main.c:1839:41: warning: 'Dist' may be used uninitialized [-Wmaybe-uninitialized]
 1839 |                 window1_Dist[idx1_Dist] = Dist;
      |                 ~~~~~~~~~~~~~~~~~~~~~~~~^~~~~~
../Core/Src/main.c:1798:18: note: 'Dist' was declared here
 1798 |         uint16_t Dist, Temp, Amp;
      |                  ^~~~
../Core/Src/main.c:1863:36: warning: 'Temp' may be used uninitialized [-Wmaybe-uninitialized]
 1863 |                 BackLeft.LidarTemp = Temp;
      |                 ~~~~~~~~~~~~~~~~~~~^~~~~~
../Core/Src/main.c:1798:24: note: 'Temp' was declared here
 1798 |         uint16_t Dist, Temp, Amp;
      |                        ^~~~
../Core/Src/main.c:1840:39: warning: 'Amp' may be used uninitialized [-Wmaybe-uninitialized]
 1840 |                 window1_Amp[idx1_Amp] = Amp;
      |                 ~~~~~~~~~~~~~~~~~~~~~~^~~~~
../Core/Src/main.c:1798:30: note: 'Amp' was declared here
 1798 |         uint16_t Dist, Temp, Amp;
      |                              ^~~
arm-none-eabi-gcc -o "evangelion_turbo_controller-v1.elf" @"objects.list"   -mcpu=cortex-m33 -T"D:\tech\robotyka\robots\evangelion-turbo\kod\evangelion_turbo_controller-v1\STM32H562RIVX_FLASH.ld" --specs=nosys.specs -Wl,-Map="evangelion_turbo_controller-v1.map" -Wl,--gc-sections -static --specs=nano.specs -mfpu=fpv5-sp-d16 -mfloat-abi=hard -mthumb -Wl,--start-group -lc -lm -Wl,--end-group
Finished building target: evangelion_turbo_controller-v1.elf
 
arm-none-eabi-size  evangelion_turbo_controller-v1.elf 
arm-none-eabi-objdump -h -S evangelion_turbo_controller-v1.elf  > "evangelion_turbo_controller-v1.list"
   text	   data	    bss	    dec	    hex	filename
  62452	     36	   4380	  66868	  10534	evangelion_turbo_controller-v1.elf
Finished building: default.size.stdout
 
Finished building: evangelion_turbo_controller-v1.list
 
21:34:29 **** Incremental Build of configuration Debug for project evangelion_turbo_controller-v1 ****
make -j16 all 
arm-none-eabi-gcc "../Core/Src/main.c" -mcpu=cortex-m33 -std=gnu11 -g3 -DDEBUG -DUSE_HAL_DRIVER -DSTM32H562xx -c -I../Core/Inc -I../Core/Src -I../Drivers/STM32H5xx_HAL_Driver/Inc -I../Drivers/STM32H5xx_HAL_Driver/Inc/Legacy -I../Drivers/CMSIS/Device/ST/STM32H5xx/Include -I../Drivers/CMSIS/Include -Ofast -ffunction-sections -fdata-sections -Wall -fstack-usage -fcyclomatic-complexity -MMD -MP -MF"Core/Src/main.d" -MT"Core/Src/main.o" --specs=nano.specs -mfpu=fpv5-sp-d16 -mfloat-abi=hard -mthumb -o "Core/Src/main.o"
../Core/Src/main.c:2182:6: warning: '_ssd1306_WriteString' defined but not used [-Wunused-function]
 2182 | void _ssd1306_WriteString(char* str, uint8_t font)
      |      ^~~~~~~~~~~~~~~~~~~~
../Core/Src/main.c:1467:6: warning: 'TASK_BEFORE_ATTACK' defined but not used [-Wunused-function]
 1467 | void TASK_BEFORE_ATTACK()
      |      ^~~~~~~~~~~~~~~~~~
../Core/Src/main.c: In function 'HAL_UARTEx_RxEventCallback':
../Core/Src/main.c:1839:41: warning: 'Dist' may be used uninitialized [-Wmaybe-uninitialized]
 1839 |                 window1_Dist[idx1_Dist] = Dist;
      |                 ~~~~~~~~~~~~~~~~~~~~~~~~^~~~~~
../Core/Src/main.c:1798:18: note: 'Dist' was declared here
 1798 |         uint16_t Dist, Temp, Amp;
      |                  ^~~~
../Core/Src/main.c:1863:36: warning: 'Temp' may be used uninitialized [-Wmaybe-uninitialized]
 1863 |                 BackLeft.LidarTemp = Temp;
      |                 ~~~~~~~~~~~~~~~~~~~^~~~~~
../Core/Src/main.c:1798:24: note: 'Temp' was declared here
 1798 |         uint16_t Dist, Temp, Amp;
      |                        ^~~~
../Core/Src/main.c:1840:39: warning: 'Amp' may be used uninitialized [-Wmaybe-uninitialized]
 1840 |                 window1_Amp[idx1_Amp] = Amp;
      |                 ~~~~~~~~~~~~~~~~~~~~~~^~~~~
../Core/Src/main.c:1798:30: note: 'Amp' was declared here
 1798 |         uint16_t Dist, Temp, Amp;
      |                              ^~~
arm-none-eabi-gcc -o "evangelion_turbo_controller-v1.elf" @"objects.list"   -mcpu=cortex-m33 -T"D:\tech\robotyka\robots\evangelion-turbo\kod\evangelion_turbo_controller-v1\STM32H562RIVX_FLASH.ld" --specs=nosys.specs -Wl,-Map="evangelion_turbo_controller-v1.map" -Wl,--gc-sections -static --specs=nano.specs -mfpu=fpv5-sp-d16 -mfloat-abi=hard -mthumb -Wl,--start-group -lc -lm -Wl,--end-group
Finished building target: evangelion_turbo_controller-v1.elf
 
arm-none-eabi-size  evangelion_turbo_controller-v1.elf 
arm-none-eabi-objdump -h -S evangelion_turbo_controller-v1.elf  > "evangelion_turbo_controller-v1.list"
   text	   data	    bss	    dec	    hex	filename
  62504	     36	   4380	  66920	  10568	evangelion_turbo_controller-v1.elf
Finished building: default.size.stdout
 
Finished building: evangelion_turbo_controller-v1.list
 
21:35:01 **** Incremental Build of configuration Debug for project evangelion_turbo_controller-v1 ****
make -j16 all 
arm-none-eabi-gcc "../Core/Src/main.c" -mcpu=cortex-m33 -std=gnu11 -g3 -DDEBUG -DUSE_HAL_DRIVER -DSTM32H562xx -c -I../Core/Inc -I../Core/Src -I../Drivers/STM32H5xx_HAL_Driver/Inc -I../Drivers/STM32H5xx_HAL_Driver/Inc/Legacy -I../Drivers/CMSIS/Device/ST/STM32H5xx/Include -I../Drivers/CMSIS/Include -Ofast -ffunction-sections -fdata-sections -Wall -fstack-usage -fcyclomatic-complexity -MMD -MP -MF"Core/Src/main.d" -MT"Core/Src/main.o" --specs=nano.specs -mfpu=fpv5-sp-d16 -mfloat-abi=hard -mthumb -o "Core/Src/main.o"
../Core/Src/main.c:2182:6: warning: '_ssd1306_WriteString' defined but not used [-Wunused-function]
 2182 | void _ssd1306_WriteString(char* str, uint8_t font)
      |      ^~~~~~~~~~~~~~~~~~~~
../Core/Src/main.c:1467:6: warning: 'TASK_BEFORE_ATTACK' defined but not used [-Wunused-function]
 1467 | void TASK_BEFORE_ATTACK()
      |      ^~~~~~~~~~~~~~~~~~
../Core/Src/main.c: In function 'HAL_UARTEx_RxEventCallback':
../Core/Src/main.c:1839:41: warning: 'Dist' may be used uninitialized [-Wmaybe-uninitialized]
 1839 |                 window1_Dist[idx1_Dist] = Dist;
      |                 ~~~~~~~~~~~~~~~~~~~~~~~~^~~~~~
../Core/Src/main.c:1798:18: note: 'Dist' was declared here
 1798 |         uint16_t Dist, Temp, Amp;
      |                  ^~~~
../Core/Src/main.c:1863:36: warning: 'Temp' may be used uninitialized [-Wmaybe-uninitialized]
 1863 |                 BackLeft.LidarTemp = Temp;
      |                 ~~~~~~~~~~~~~~~~~~~^~~~~~
../Core/Src/main.c:1798:24: note: 'Temp' was declared here
 1798 |         uint16_t Dist, Temp, Amp;
      |                        ^~~~
../Core/Src/main.c:1840:39: warning: 'Amp' may be used uninitialized [-Wmaybe-uninitialized]
 1840 |                 window1_Amp[idx1_Amp] = Amp;
      |                 ~~~~~~~~~~~~~~~~~~~~~~^~~~~
../Core/Src/main.c:1798:30: note: 'Amp' was declared here
 1798 |         uint16_t Dist, Temp, Amp;
      |                              ^~~
arm-none-eabi-gcc -o "evangelion_turbo_controller-v1.elf" @"objects.list"   -mcpu=cortex-m33 -T"D:\tech\robotyka\robots\evangelion-turbo\kod\evangelion_turbo_controller-v1\STM32H562RIVX_FLASH.ld" --specs=nosys.specs -Wl,-Map="evangelion_turbo_controller-v1.map" -Wl,--gc-sections -static --specs=nano.specs -mfpu=fpv5-sp-d16 -mfloat-abi=hard -mthumb -Wl,--start-group -lc -lm -Wl,--end-group
Finished building target: evangelion_turbo_controller-v1.elf
 
arm-none-eabi-size  evangelion_turbo_controller-v1.elf 
arm-none-eabi-objdump -h -S evangelion_turbo_controller-v1.elf  > "evangelion_turbo_controller-v1.list"
   text	   data	    bss	    dec	    hex	filename
  62424	     36	   4380	  66840	  10518	evangelion_turbo_controller-v1.elf
Finished building: default.size.stdout
 
Finished building: evangelion_turbo_controller-v1.list
 
21:41:41 **** Incremental Build of configuration Debug for project evangelion_turbo_controller-v1 ****
make -j16 all 
arm-none-eabi-gcc "../Core/Src/main.c" -mcpu=cortex-m33 -std=gnu11 -g3 -DDEBUG -DUSE_HAL_DRIVER -DSTM32H562xx -c -I../Core/Inc -I../Core/Src -I../Drivers/STM32H5xx_HAL_Driver/Inc -I../Drivers/STM32H5xx_HAL_Driver/Inc/Legacy -I../Drivers/CMSIS/Device/ST/STM32H5xx/Include -I../Drivers/CMSIS/Include -Ofast -ffunction-sections -fdata-sections -Wall -fstack-usage -fcyclomatic-complexity -MMD -MP -MF"Core/Src/main.d" -MT"Core/Src/main.o" --specs=nano.specs -mfpu=fpv5-sp-d16 -mfloat-abi=hard -mthumb -o "Core/Src/main.o"
../Core/Src/main.c: In function 'MOTOR_DRIVER_INIT':
../Core/Src/main.c:2200:9: error: expected '=', ',', ';', 'asm' or '__attribute__' before 'CAN_TX_Header'
 2200 |         CAN_TX_Header.DataLength = FDCAN_DLC_BYTES_3;
      |         ^~~~~~~~~~~~~
../Core/Src/main.c:2207:17: error: 'req' undeclared (first use in this function)
 2207 |                 req = HAL_FDCAN_GetLatestTxFifoQRequestBuffer(&hfdcan1);
      |                 ^~~
../Core/Src/main.c:2207:17: note: each undeclared identifier is reported only once for each function it appears in
../Core/Src/main.c: At top level:
../Core/Src/main.c:2182:6: warning: '_ssd1306_WriteString' defined but not used [-Wunused-function]
 2182 | void _ssd1306_WriteString(char* str, uint8_t font)
      |      ^~~~~~~~~~~~~~~~~~~~
../Core/Src/main.c:1467:6: warning: 'TASK_BEFORE_ATTACK' defined but not used [-Wunused-function]
 1467 | void TASK_BEFORE_ATTACK()
      |      ^~~~~~~~~~~~~~~~~~
make: *** [Core/Src/subdir.mk:40: Core/Src/main.o] Error 1
"make -j16 all" terminated with exit code 2. Build might be incomplete.
21:41:50 **** Incremental Build of configuration Debug for project evangelion_turbo_controller-v1 ****
make -j16 all 
arm-none-eabi-gcc "../Core/Src/main.c" -mcpu=cortex-m33 -std=gnu11 -g3 -DDEBUG -DUSE_HAL_DRIVER -DSTM32H562xx -c -I../Core/Inc -I../Core/Src -I../Drivers/STM32H5xx_HAL_Driver/Inc -I../Drivers/STM32H5xx_HAL_Driver/Inc/Legacy -I../Drivers/CMSIS/Device/ST/STM32H5xx/Include -I../Drivers/CMSIS/Include -Ofast -ffunction-sections -fdata-sections -Wall -fstack-usage -fcyclomatic-complexity -MMD -MP -MF"Core/Src/main.d" -MT"Core/Src/main.o" --specs=nano.specs -mfpu=fpv5-sp-d16 -mfloat-abi=hard -mthumb -o "Core/Src/main.o"
../Core/Src/main.c:2182:6: warning: '_ssd1306_WriteString' defined but not used [-Wunused-function]
 2182 | void _ssd1306_WriteString(char* str, uint8_t font)
      |      ^~~~~~~~~~~~~~~~~~~~
../Core/Src/main.c:1467:6: warning: 'TASK_BEFORE_ATTACK' defined but not used [-Wunused-function]
 1467 | void TASK_BEFORE_ATTACK()
      |      ^~~~~~~~~~~~~~~~~~
../Core/Src/main.c: In function 'HAL_UARTEx_RxEventCallback':
../Core/Src/main.c:1839:41: warning: 'Dist' may be used uninitialized [-Wmaybe-uninitialized]
 1839 |                 window1_Dist[idx1_Dist] = Dist;
      |                 ~~~~~~~~~~~~~~~~~~~~~~~~^~~~~~
../Core/Src/main.c:1798:18: note: 'Dist' was declared here
 1798 |         uint16_t Dist, Temp, Amp;
      |                  ^~~~
../Core/Src/main.c:1863:36: warning: 'Temp' may be used uninitialized [-Wmaybe-uninitialized]
 1863 |                 BackLeft.LidarTemp = Temp;
      |                 ~~~~~~~~~~~~~~~~~~~^~~~~~
../Core/Src/main.c:1798:24: note: 'Temp' was declared here
 1798 |         uint16_t Dist, Temp, Amp;
      |                        ^~~~
../Core/Src/main.c:1840:39: warning: 'Amp' may be used uninitialized [-Wmaybe-uninitialized]
 1840 |                 window1_Amp[idx1_Amp] = Amp;
      |                 ~~~~~~~~~~~~~~~~~~~~~~^~~~~
../Core/Src/main.c:1798:30: note: 'Amp' was declared here
 1798 |         uint16_t Dist, Temp, Amp;
      |                              ^~~
arm-none-eabi-gcc -o "evangelion_turbo_controller-v1.elf" @"objects.list"   -mcpu=cortex-m33 -T"D:\tech\robotyka\robots\evangelion-turbo\kod\evangelion_turbo_controller-v1\STM32H562RIVX_FLASH.ld" --specs=nosys.specs -Wl,-Map="evangelion_turbo_controller-v1.map" -Wl,--gc-sections -static --specs=nano.specs -mfpu=fpv5-sp-d16 -mfloat-abi=hard -mthumb -Wl,--start-group -lc -lm -Wl,--end-group
Finished building target: evangelion_turbo_controller-v1.elf
 
arm-none-eabi-size  evangelion_turbo_controller-v1.elf 
arm-none-eabi-objdump -h -S evangelion_turbo_controller-v1.elf  > "evangelion_turbo_controller-v1.list"
   text	   data	    bss	    dec	    hex	filename
  63460	     36	   4388	  67884	  1092c	evangelion_turbo_controller-v1.elf
Finished building: default.size.stdout
 
Finished building: evangelion_turbo_controller-v1.list
 
21:42:04 **** Incremental Build of configuration Debug for project evangelion_turbo_controller-v1 ****
make -j16 all 
arm-none-eabi-size  evangelion_turbo_controller-v1.elf 
   text	   data	    bss	    dec	    hex	filename
  63460	     36	   4388	  67884	  1092c	evangelion_turbo_controller-v1.elf
Finished building: default.size.stdout
 
