17:01:05 **** Incremental Build of configuration Debug for project evangelion_turbo_controller ****
make -j16 all 
arm-none-eabi-size  evangelion_turbo_controller.elf 
   text	   data	    bss	    dec	    hex	filename
  59556	     16	   3792	  63364	   f784	evangelion_turbo_controller.elf
Finished building: default.size.stdout
 
17:01:29 **** Incremental Build of configuration Debug for project evangelion_turbo_controller ****
make -j16 all 
arm-none-eabi-size  evangelion_turbo_controller.elf 
   text	   data	    bss	    dec	    hex	filename
  59556	     16	   3792	  63364	   f784	evangelion_turbo_controller.elf
Finished building: default.size.stdout
 
17:01:58 **** Incremental Build of configuration Debug for project evangelion_turbo_controller ****
make -j16 all 
arm-none-eabi-size  evangelion_turbo_controller.elf 
   text	   data	    bss	    dec	    hex	filename
  59556	     16	   3792	  63364	   f784	evangelion_turbo_controller.elf
Finished building: default.size.stdout
 
17:02:08 **** Incremental Build of configuration Debug for project evangelion_turbo_controller ****
make -j16 all 
arm-none-eabi-size  evangelion_turbo_controller.elf 
   text	   data	    bss	    dec	    hex	filename
  59556	     16	   3792	  63364	   f784	evangelion_turbo_controller.elf
Finished building: default.size.stdout
 
17:03:05 **** Incremental Build of configuration Debug for project evangelion_turbo_controller ****
make -j16 all 
arm-none-eabi-gcc "../Core/Src/main.c" -mcpu=cortex-m33 -std=gnu11 -g3 -DDEBUG -DUSE_HAL_DRIVER -DSTM32H563xx -c -I../Core/Inc -I../Drivers/STM32H5xx_HAL_Driver/Inc -I../Drivers/STM32H5xx_HAL_Driver/Inc/Legacy -I../Drivers/CMSIS/Device/ST/STM32H5xx/Include -I../Drivers/CMSIS/Include -O0 -ffunction-sections -fdata-sections -Wall -fstack-usage -fcyclomatic-complexity -MMD -MP -MF"Core/Src/main.d" -MT"Core/Src/main.o" --specs=nano.specs -mfpu=fpv5-sp-d16 -mfloat-abi=hard -mthumb -o "Core/Src/main.o"
arm-none-eabi-gcc -o "evangelion_turbo_controller.elf" @"objects.list"   -mcpu=cortex-m33 -T"D:\tech\robotyka\robots\evangelion-turbo\kod\evangelion_turbo_controller\STM32H563RGVX_FLASH.ld" --specs=nosys.specs -Wl,-Map="evangelion_turbo_controller.map" -Wl,--gc-sections -static --specs=nano.specs -mfpu=fpv5-sp-d16 -mfloat-abi=hard -mthumb -Wl,--start-group -lc -lm -Wl,--end-group
Finished building target: evangelion_turbo_controller.elf
 
arm-none-eabi-size  evangelion_turbo_controller.elf 
arm-none-eabi-objdump -h -S evangelion_turbo_controller.elf  > "evangelion_turbo_controller.list"
   text	   data	    bss	    dec	    hex	filename
  59564	     16	   3792	  63372	   f78c	evangelion_turbo_controller.elf
Finished building: default.size.stdout
 
Finished building: evangelion_turbo_controller.list
 
17:04:48 **** Build of configuration Debug for project Hiroshima Motor Driver G431 ****
make -j16 all 
arm-none-eabi-size  Hiroshima\ Motor\ Driver\ G431.elf 
   text	   data	    bss	    dec	    hex	filename
  33268	    100	   2948	  36316	   8ddc	Hiroshima Motor Driver G431.elf
Finished building: default.size.stdout
 
17:04:48 **** Incremental Build of configuration Debug for project evangelion_turbo_controller ****
make -j16 all 
arm-none-eabi-gcc "../Core/Src/main.c" -mcpu=cortex-m33 -std=gnu11 -g3 -DDEBUG -DUSE_HAL_DRIVER -DSTM32H563xx -c -I../Core/Inc -I../Drivers/STM32H5xx_HAL_Driver/Inc -I../Drivers/STM32H5xx_HAL_Driver/Inc/Legacy -I../Drivers/CMSIS/Device/ST/STM32H5xx/Include -I../Drivers/CMSIS/Include -O0 -ffunction-sections -fdata-sections -Wall -fstack-usage -fcyclomatic-complexity -MMD -MP -MF"Core/Src/main.d" -MT"Core/Src/main.o" --specs=nano.specs -mfpu=fpv5-sp-d16 -mfloat-abi=hard -mthumb -o "Core/Src/main.o"
../Core/Src/main.c: In function 'main':
../Core/Src/main.c:185:11: warning: implicit declaration of function 'sprintf' [-Wimplicit-function-declaration]
  185 |           sprintf(msg, "I2C device: 0x%02X\r\n", addr);
      |           ^~~~~~~
../Core/Src/main.c:28:1: note: include '<stdio.h>' or provide a declaration of 'sprintf'
   27 | #include "MY_INCLUDES.h"
  +++ |+#include <stdio.h>
   28 | /* USER CODE END Includes */
../Core/Src/main.c:185:11: warning: incompatible implicit declaration of built-in function 'sprintf' [-Wbuiltin-declaration-mismatch]
  185 |           sprintf(msg, "I2C device: 0x%02X\r\n", addr);
      |           ^~~~~~~
../Core/Src/main.c:185:11: note: include '<stdio.h>' or provide a declaration of 'sprintf'
arm-none-eabi-gcc -o "evangelion_turbo_controller.elf" @"objects.list"   -mcpu=cortex-m33 -T"D:\tech\robotyka\robots\evangelion-turbo\kod\evangelion_turbo_controller\STM32H563RGVX_FLASH.ld" --specs=nosys.specs -Wl,-Map="evangelion_turbo_controller.map" -Wl,--gc-sections -static --specs=nano.specs -mfpu=fpv5-sp-d16 -mfloat-abi=hard -mthumb -Wl,--start-group -lc -lm -Wl,--end-group
Finished building target: evangelion_turbo_controller.elf
 
arm-none-eabi-size  evangelion_turbo_controller.elf 
arm-none-eabi-objdump -h -S evangelion_turbo_controller.elf  > "evangelion_turbo_controller.list"
   text	   data	    bss	    dec	    hex	filename
  62004	     96	   4120	  66220	  102ac	evangelion_turbo_controller.elf
Finished building: default.size.stdout
 
Finished building: evangelion_turbo_controller.list
 
17:04:48 **** Incremental Build of configuration Debug for project motor_driver ****
make -j16 all 
arm-none-eabi-size  motor_driver.elf 
   text	   data	    bss	    dec	    hex	filename
  32980	     96	   2984	  36060	   8cdc	motor_driver.elf
Finished building: default.size.stdout
 
17:05:26 **** Incremental Build of configuration Debug for project evangelion_turbo_controller ****
make -j16 all 
arm-none-eabi-gcc "../Core/Src/main.c" -mcpu=cortex-m33 -std=gnu11 -g3 -DDEBUG -DUSE_HAL_DRIVER -DSTM32H563xx -c -I../Core/Inc -I../Drivers/STM32H5xx_HAL_Driver/Inc -I../Drivers/STM32H5xx_HAL_Driver/Inc/Legacy -I../Drivers/CMSIS/Device/ST/STM32H5xx/Include -I../Drivers/CMSIS/Include -O0 -ffunction-sections -fdata-sections -Wall -fstack-usage -fcyclomatic-complexity -MMD -MP -MF"Core/Src/main.d" -MT"Core/Src/main.o" --specs=nano.specs -mfpu=fpv5-sp-d16 -mfloat-abi=hard -mthumb -o "Core/Src/main.o"
../Core/Src/main.c: In function 'main':
../Core/Src/main.c:178:8: warning: unused variable 'msg' [-Wunused-variable]
  178 |   char msg[32];
      |        ^~~
arm-none-eabi-gcc -o "evangelion_turbo_controller.elf" @"objects.list"   -mcpu=cortex-m33 -T"D:\tech\robotyka\robots\evangelion-turbo\kod\evangelion_turbo_controller\STM32H563RGVX_FLASH.ld" --specs=nosys.specs -Wl,-Map="evangelion_turbo_controller.map" -Wl,--gc-sections -static --specs=nano.specs -mfpu=fpv5-sp-d16 -mfloat-abi=hard -mthumb -Wl,--start-group -lc -lm -Wl,--end-group
Finished building target: evangelion_turbo_controller.elf
 
arm-none-eabi-size  evangelion_turbo_controller.elf 
arm-none-eabi-objdump -h -S evangelion_turbo_controller.elf  > "evangelion_turbo_controller.list"
   text	   data	    bss	    dec	    hex	filename
  59140	     16	   3792	  62948	   f5e4	evangelion_turbo_controller.elf
Finished building: default.size.stdout
 
Finished building: evangelion_turbo_controller.list
 
17:06:07 **** Incremental Build of configuration Debug for project evangelion_turbo_controller ****
make -j16 all 
arm-none-eabi-size  evangelion_turbo_controller.elf 
   text	   data	    bss	    dec	    hex	filename
  59140	     16	   3792	  62948	   f5e4	evangelion_turbo_controller.elf
Finished building: default.size.stdout
 
17:06:36 **** Incremental Build of configuration Debug for project evangelion_turbo_controller ****
make -j16 all 
arm-none-eabi-gcc "../Core/Src/main.c" -mcpu=cortex-m33 -std=gnu11 -g3 -DDEBUG -DUSE_HAL_DRIVER -DSTM32H563xx -c -I../Core/Inc -I../Drivers/STM32H5xx_HAL_Driver/Inc -I../Drivers/STM32H5xx_HAL_Driver/Inc/Legacy -I../Drivers/CMSIS/Device/ST/STM32H5xx/Include -I../Drivers/CMSIS/Include -O0 -ffunction-sections -fdata-sections -Wall -fstack-usage -fcyclomatic-complexity -MMD -MP -MF"Core/Src/main.d" -MT"Core/Src/main.o" --specs=nano.specs -mfpu=fpv5-sp-d16 -mfloat-abi=hard -mthumb -o "Core/Src/main.o"
../Core/Src/main.c: In function 'main':
../Core/Src/main.c:178:8: warning: unused variable 'msg' [-Wunused-variable]
  178 |   char msg[32];
      |        ^~~
arm-none-eabi-gcc -o "evangelion_turbo_controller.elf" @"objects.list"   -mcpu=cortex-m33 -T"D:\tech\robotyka\robots\evangelion-turbo\kod\evangelion_turbo_controller\STM32H563RGVX_FLASH.ld" --specs=nosys.specs -Wl,-Map="evangelion_turbo_controller.map" -Wl,--gc-sections -static --specs=nano.specs -mfpu=fpv5-sp-d16 -mfloat-abi=hard -mthumb -Wl,--start-group -lc -lm -Wl,--end-group
Finished building target: evangelion_turbo_controller.elf
 
arm-none-eabi-size  evangelion_turbo_controller.elf 
arm-none-eabi-objdump -h -S evangelion_turbo_controller.elf  > "evangelion_turbo_controller.list"
   text	   data	    bss	    dec	    hex	filename
  59128	     16	   3792	  62936	   f5d8	evangelion_turbo_controller.elf
Finished building: default.size.stdout
 
Finished building: evangelion_turbo_controller.list
 
17:06:44 **** Incremental Build of configuration Debug for project evangelion_turbo_controller ****
make -j16 all 
arm-none-eabi-size  evangelion_turbo_controller.elf 
   text	   data	    bss	    dec	    hex	filename
  59128	     16	   3792	  62936	   f5d8	evangelion_turbo_controller.elf
Finished building: default.size.stdout
 
17:07:33 **** Incremental Build of configuration Debug for project evangelion_turbo_controller ****
make -j16 all 
arm-none-eabi-gcc "../Core/Src/main.c" -mcpu=cortex-m33 -std=gnu11 -g3 -DDEBUG -DUSE_HAL_DRIVER -DSTM32H563xx -c -I../Core/Inc -I../Drivers/STM32H5xx_HAL_Driver/Inc -I../Drivers/STM32H5xx_HAL_Driver/Inc/Legacy -I../Drivers/CMSIS/Device/ST/STM32H5xx/Include -I../Drivers/CMSIS/Include -O0 -ffunction-sections -fdata-sections -Wall -fstack-usage -fcyclomatic-complexity -MMD -MP -MF"Core/Src/main.d" -MT"Core/Src/main.o" --specs=nano.specs -mfpu=fpv5-sp-d16 -mfloat-abi=hard -mthumb -o "Core/Src/main.o"
../Core/Src/main.c: In function 'main':
../Core/Src/main.c:178:8: warning: unused variable 'msg' [-Wunused-variable]
  178 |   char msg[32];
      |        ^~~
arm-none-eabi-gcc -o "evangelion_turbo_controller.elf" @"objects.list"   -mcpu=cortex-m33 -T"D:\tech\robotyka\robots\evangelion-turbo\kod\evangelion_turbo_controller\STM32H563RGVX_FLASH.ld" --specs=nosys.specs -Wl,-Map="evangelion_turbo_controller.map" -Wl,--gc-sections -static --specs=nano.specs -mfpu=fpv5-sp-d16 -mfloat-abi=hard -mthumb -Wl,--start-group -lc -lm -Wl,--end-group
Finished building target: evangelion_turbo_controller.elf
 
arm-none-eabi-size  evangelion_turbo_controller.elf 
arm-none-eabi-objdump -h -S evangelion_turbo_controller.elf  > "evangelion_turbo_controller.list"
   text	   data	    bss	    dec	    hex	filename
  59128	     16	   3792	  62936	   f5d8	evangelion_turbo_controller.elf
Finished building: default.size.stdout
 
Finished building: evangelion_turbo_controller.list
 
17:09:19 **** Incremental Build of configuration Debug for project evangelion_turbo_controller ****
make -j16 all 
arm-none-eabi-gcc "../Core/Src/main.c" -mcpu=cortex-m33 -std=gnu11 -g3 -DDEBUG -DUSE_HAL_DRIVER -DSTM32H563xx -c -I../Core/Inc -I../Drivers/STM32H5xx_HAL_Driver/Inc -I../Drivers/STM32H5xx_HAL_Driver/Inc/Legacy -I../Drivers/CMSIS/Device/ST/STM32H5xx/Include -I../Drivers/CMSIS/Include -O0 -ffunction-sections -fdata-sections -Wall -fstack-usage -fcyclomatic-complexity -MMD -MP -MF"Core/Src/main.d" -MT"Core/Src/main.o" --specs=nano.specs -mfpu=fpv5-sp-d16 -mfloat-abi=hard -mthumb -o "Core/Src/main.o"
../Core/Src/main.c: In function 'main':
../Core/Src/main.c:181:11: warning: implicit declaration of function 'HAL_I2C_ClearError'; did you mean 'HAL_I2C_GetError'? [-Wimplicit-function-declaration]
  181 |           HAL_I2C_ClearError(&hi2c3);
      |           ^~~~~~~~~~~~~~~~~~
      |           HAL_I2C_GetError
../Core/Src/main.c:178:8: warning: unused variable 'msg' [-Wunused-variable]
  178 |   char msg[32];
      |        ^~~
arm-none-eabi-gcc -o "evangelion_turbo_controller.elf" @"objects.list"   -mcpu=cortex-m33 -T"D:\tech\robotyka\robots\evangelion-turbo\kod\evangelion_turbo_controller\STM32H563RGVX_FLASH.ld" --specs=nosys.specs -Wl,-Map="evangelion_turbo_controller.map" -Wl,--gc-sections -static --specs=nano.specs -mfpu=fpv5-sp-d16 -mfloat-abi=hard -mthumb -Wl,--start-group -lc -lm -Wl,--end-group
C:/ProgramFiles/ST/STM32CubeIDE_1.16.0/STM32CubeIDE/plugins/com.st.stm32cube.ide.mcu.externaltools.gnu-tools-for-stm32.13.3.rel1.win32_1.0.0.202411081344/tools/bin/../lib/gcc/arm-none-eabi/13.3.1/../../../../arm-none-eabi/bin/ld.exe: ./Core/Src/main.o: in function `main':
D:/tech/robotyka/robots/evangelion-turbo/kod/evangelion_turbo_controller/Debug/../Core/Src/main.c:181:(.text.main+0xa2): undefined reference to `HAL_I2C_ClearError'
collect2.exe: error: ld returned 1 exit status
make: *** [makefile:64: evangelion_turbo_controller.elf] Error 1
"make -j16 all" terminated with exit code 2. Build might be incomplete.
17:09:36 **** Incremental Build of configuration Debug for project evangelion_turbo_controller ****
make -j16 all 
arm-none-eabi-gcc -o "evangelion_turbo_controller.elf" @"objects.list"   -mcpu=cortex-m33 -T"D:\tech\robotyka\robots\evangelion-turbo\kod\evangelion_turbo_controller\STM32H563RGVX_FLASH.ld" --specs=nosys.specs -Wl,-Map="evangelion_turbo_controller.map" -Wl,--gc-sections -static --specs=nano.specs -mfpu=fpv5-sp-d16 -mfloat-abi=hard -mthumb -Wl,--start-group -lc -lm -Wl,--end-group
C:/ProgramFiles/ST/STM32CubeIDE_1.16.0/STM32CubeIDE/plugins/com.st.stm32cube.ide.mcu.externaltools.gnu-tools-for-stm32.13.3.rel1.win32_1.0.0.202411081344/tools/bin/../lib/gcc/arm-none-eabi/13.3.1/../../../../arm-none-eabi/bin/ld.exe: ./Core/Src/main.o: in function `main':
D:/tech/robotyka/robots/evangelion-turbo/kod/evangelion_turbo_controller/Debug/../Core/Src/main.c:181:(.text.main+0xa2): undefined reference to `HAL_I2C_ClearError'
collect2.exe: error: ld returned 1 exit status
make: *** [makefile:64: evangelion_turbo_controller.elf] Error 1
"make -j16 all" terminated with exit code 2. Build might be incomplete.
17:10:15 **** Incremental Build of configuration Debug for project evangelion_turbo_controller ****
make -j16 all 
arm-none-eabi-gcc "../Core/Src/main.c" -mcpu=cortex-m33 -std=gnu11 -g3 -DDEBUG -DUSE_HAL_DRIVER -DSTM32H563xx -c -I../Core/Inc -I../Drivers/STM32H5xx_HAL_Driver/Inc -I../Drivers/STM32H5xx_HAL_Driver/Inc/Legacy -I../Drivers/CMSIS/Device/ST/STM32H5xx/Include -I../Drivers/CMSIS/Include -O0 -ffunction-sections -fdata-sections -Wall -fstack-usage -fcyclomatic-complexity -MMD -MP -MF"Core/Src/main.d" -MT"Core/Src/main.o" --specs=nano.specs -mfpu=fpv5-sp-d16 -mfloat-abi=hard -mthumb -o "Core/Src/main.o"
../Core/Src/main.c: In function 'main':
../Core/Src/main.c:178:8: warning: unused variable 'msg' [-Wunused-variable]
  178 |   char msg[32];
      |        ^~~
arm-none-eabi-gcc -o "evangelion_turbo_controller.elf" @"objects.list"   -mcpu=cortex-m33 -T"D:\tech\robotyka\robots\evangelion-turbo\kod\evangelion_turbo_controller\STM32H563RGVX_FLASH.ld" --specs=nosys.specs -Wl,-Map="evangelion_turbo_controller.map" -Wl,--gc-sections -static --specs=nano.specs -mfpu=fpv5-sp-d16 -mfloat-abi=hard -mthumb -Wl,--start-group -lc -lm -Wl,--end-group
Finished building target: evangelion_turbo_controller.elf
 
arm-none-eabi-size  evangelion_turbo_controller.elf 
arm-none-eabi-objdump -h -S evangelion_turbo_controller.elf  > "evangelion_turbo_controller.list"
   text	   data	    bss	    dec	    hex	filename
  60244	     16	   3792	  64052	   fa34	evangelion_turbo_controller.elf
Finished building: default.size.stdout
 
Finished building: evangelion_turbo_controller.list
 
17:10:30 **** Incremental Build of configuration Debug for project evangelion_turbo_controller ****
make -j16 all 
arm-none-eabi-gcc "../Core/Src/main.c" -mcpu=cortex-m33 -std=gnu11 -g3 -DDEBUG -DUSE_HAL_DRIVER -DSTM32H563xx -c -I../Core/Inc -I../Drivers/STM32H5xx_HAL_Driver/Inc -I../Drivers/STM32H5xx_HAL_Driver/Inc/Legacy -I../Drivers/CMSIS/Device/ST/STM32H5xx/Include -I../Drivers/CMSIS/Include -O0 -ffunction-sections -fdata-sections -Wall -fstack-usage -fcyclomatic-complexity -MMD -MP -MF"Core/Src/main.d" -MT"Core/Src/main.o" --specs=nano.specs -mfpu=fpv5-sp-d16 -mfloat-abi=hard -mthumb -o "Core/Src/main.o"
../Core/Src/main.c: In function 'main':
../Core/Src/main.c:178:8: warning: unused variable 'msg' [-Wunused-variable]
  178 |   char msg[32];
      |        ^~~
arm-none-eabi-gcc -o "evangelion_turbo_controller.elf" @"objects.list"   -mcpu=cortex-m33 -T"D:\tech\robotyka\robots\evangelion-turbo\kod\evangelion_turbo_controller\STM32H563RGVX_FLASH.ld" --specs=nosys.specs -Wl,-Map="evangelion_turbo_controller.map" -Wl,--gc-sections -static --specs=nano.specs -mfpu=fpv5-sp-d16 -mfloat-abi=hard -mthumb -Wl,--start-group -lc -lm -Wl,--end-group
Finished building target: evangelion_turbo_controller.elf
 
arm-none-eabi-size  evangelion_turbo_controller.elf 
arm-none-eabi-objdump -h -S evangelion_turbo_controller.elf  > "evangelion_turbo_controller.list"
   text	   data	    bss	    dec	    hex	filename
  60248	     16	   3792	  64056	   fa38	evangelion_turbo_controller.elf
Finished building: default.size.stdout
 
Finished building: evangelion_turbo_controller.list
 
17:10:45 **** Incremental Build of configuration Debug for project evangelion_turbo_controller ****
make -j16 all 
arm-none-eabi-gcc "../Core/Src/main.c" -mcpu=cortex-m33 -std=gnu11 -g3 -DDEBUG -DUSE_HAL_DRIVER -DSTM32H563xx -c -I../Core/Inc -I../Drivers/STM32H5xx_HAL_Driver/Inc -I../Drivers/STM32H5xx_HAL_Driver/Inc/Legacy -I../Drivers/CMSIS/Device/ST/STM32H5xx/Include -I../Drivers/CMSIS/Include -O0 -ffunction-sections -fdata-sections -Wall -fstack-usage -fcyclomatic-complexity -MMD -MP -MF"Core/Src/main.d" -MT"Core/Src/main.o" --specs=nano.specs -mfpu=fpv5-sp-d16 -mfloat-abi=hard -mthumb -o "Core/Src/main.o"
arm-none-eabi-gcc -o "evangelion_turbo_controller.elf" @"objects.list"   -mcpu=cortex-m33 -T"D:\tech\robotyka\robots\evangelion-turbo\kod\evangelion_turbo_controller\STM32H563RGVX_FLASH.ld" --specs=nosys.specs -Wl,-Map="evangelion_turbo_controller.map" -Wl,--gc-sections -static --specs=nano.specs -mfpu=fpv5-sp-d16 -mfloat-abi=hard -mthumb -Wl,--start-group -lc -lm -Wl,--end-group
Finished building target: evangelion_turbo_controller.elf
 
arm-none-eabi-size  evangelion_turbo_controller.elf 
arm-none-eabi-objdump -h -S evangelion_turbo_controller.elf  > "evangelion_turbo_controller.list"
   text	   data	    bss	    dec	    hex	filename
  60244	     16	   3792	  64052	   fa34	evangelion_turbo_controller.elf
Finished building: default.size.stdout
 
Finished building: evangelion_turbo_controller.list
 
17:11:53 **** Incremental Build of configuration Debug for project evangelion_turbo_controller ****
make -j16 all 
arm-none-eabi-gcc "../Core/Src/main.c" -mcpu=cortex-m33 -std=gnu11 -g3 -DDEBUG -DUSE_HAL_DRIVER -DSTM32H563xx -c -I../Core/Inc -I../Drivers/STM32H5xx_HAL_Driver/Inc -I../Drivers/STM32H5xx_HAL_Driver/Inc/Legacy -I../Drivers/CMSIS/Device/ST/STM32H5xx/Include -I../Drivers/CMSIS/Include -O0 -ffunction-sections -fdata-sections -Wall -fstack-usage -fcyclomatic-complexity -MMD -MP -MF"Core/Src/main.d" -MT"Core/Src/main.o" --specs=nano.specs -mfpu=fpv5-sp-d16 -mfloat-abi=hard -mthumb -o "Core/Src/main.o"
arm-none-eabi-gcc -o "evangelion_turbo_controller.elf" @"objects.list"   -mcpu=cortex-m33 -T"D:\tech\robotyka\robots\evangelion-turbo\kod\evangelion_turbo_controller\STM32H563RGVX_FLASH.ld" --specs=nosys.specs -Wl,-Map="evangelion_turbo_controller.map" -Wl,--gc-sections -static --specs=nano.specs -mfpu=fpv5-sp-d16 -mfloat-abi=hard -mthumb -Wl,--start-group -lc -lm -Wl,--end-group
Finished building target: evangelion_turbo_controller.elf
 
arm-none-eabi-size  evangelion_turbo_controller.elf 
arm-none-eabi-objdump -h -S evangelion_turbo_controller.elf  > "evangelion_turbo_controller.list"
   text	   data	    bss	    dec	    hex	filename
  60244	     16	   3792	  64052	   fa34	evangelion_turbo_controller.elf
Finished building: default.size.stdout
 
Finished building: evangelion_turbo_controller.list
 
17:13:40 **** Incremental Build of configuration Debug for project evangelion_turbo_controller ****
make -j16 all 
arm-none-eabi-gcc "../Core/Src/main.c" -mcpu=cortex-m33 -std=gnu11 -g3 -DDEBUG -DUSE_HAL_DRIVER -DSTM32H563xx -c -I../Core/Inc -I../Drivers/STM32H5xx_HAL_Driver/Inc -I../Drivers/STM32H5xx_HAL_Driver/Inc/Legacy -I../Drivers/CMSIS/Device/ST/STM32H5xx/Include -I../Drivers/CMSIS/Include -O0 -ffunction-sections -fdata-sections -Wall -fstack-usage -fcyclomatic-complexity -MMD -MP -MF"Core/Src/main.d" -MT"Core/Src/main.o" --specs=nano.specs -mfpu=fpv5-sp-d16 -mfloat-abi=hard -mthumb -o "Core/Src/main.o"
arm-none-eabi-gcc "../Core/Src/stm32h5xx_it.c" -mcpu=cortex-m33 -std=gnu11 -g3 -DDEBUG -DUSE_HAL_DRIVER -DSTM32H563xx -c -I../Core/Inc -I../Drivers/STM32H5xx_HAL_Driver/Inc -I../Drivers/STM32H5xx_HAL_Driver/Inc/Legacy -I../Drivers/CMSIS/Device/ST/STM32H5xx/Include -I../Drivers/CMSIS/Include -O0 -ffunction-sections -fdata-sections -Wall -fstack-usage -fcyclomatic-complexity -MMD -MP -MF"Core/Src/stm32h5xx_it.d" -MT"Core/Src/stm32h5xx_it.o" --specs=nano.specs -mfpu=fpv5-sp-d16 -mfloat-abi=hard -mthumb -o "Core/Src/stm32h5xx_it.o"
arm-none-eabi-gcc -o "evangelion_turbo_controller.elf" @"objects.list"   -mcpu=cortex-m33 -T"D:\tech\robotyka\robots\evangelion-turbo\kod\evangelion_turbo_controller\STM32H563RGVX_FLASH.ld" --specs=nosys.specs -Wl,-Map="evangelion_turbo_controller.map" -Wl,--gc-sections -static --specs=nano.specs -mfpu=fpv5-sp-d16 -mfloat-abi=hard -mthumb -Wl,--start-group -lc -lm -Wl,--end-group
Finished building target: evangelion_turbo_controller.elf
 
arm-none-eabi-size  evangelion_turbo_controller.elf 
arm-none-eabi-objdump -h -S evangelion_turbo_controller.elf  > "evangelion_turbo_controller.list"
   text	   data	    bss	    dec	    hex	filename
  60336	     16	   3792	  64144	   fa90	evangelion_turbo_controller.elf
Finished building: default.size.stdout
 
Finished building: evangelion_turbo_controller.list
 
17:14:23 **** Incremental Build of configuration Debug for project evangelion_turbo_controller ****
make -j16 all 
arm-none-eabi-size  evangelion_turbo_controller.elf 
   text	   data	    bss	    dec	    hex	filename
  60336	     16	   3792	  64144	   fa90	evangelion_turbo_controller.elf
Finished building: default.size.stdout
 
17:18:52 **** Incremental Build of configuration Debug for project evangelion_turbo_controller ****
make -j16 all 
arm-none-eabi-gcc "../Core/Src/main.c" -mcpu=cortex-m33 -std=gnu11 -g3 -DDEBUG -DUSE_HAL_DRIVER -DSTM32H563xx -c -I../Core/Inc -I../Drivers/STM32H5xx_HAL_Driver/Inc -I../Drivers/STM32H5xx_HAL_Driver/Inc/Legacy -I../Drivers/CMSIS/Device/ST/STM32H5xx/Include -I../Drivers/CMSIS/Include -O0 -ffunction-sections -fdata-sections -Wall -fstack-usage -fcyclomatic-complexity -MMD -MP -MF"Core/Src/main.d" -MT"Core/Src/main.o" --specs=nano.specs -mfpu=fpv5-sp-d16 -mfloat-abi=hard -mthumb -o "Core/Src/main.o"
arm-none-eabi-gcc "../Core/Src/stm32h5xx_it.c" -mcpu=cortex-m33 -std=gnu11 -g3 -DDEBUG -DUSE_HAL_DRIVER -DSTM32H563xx -c -I../Core/Inc -I../Drivers/STM32H5xx_HAL_Driver/Inc -I../Drivers/STM32H5xx_HAL_Driver/Inc/Legacy -I../Drivers/CMSIS/Device/ST/STM32H5xx/Include -I../Drivers/CMSIS/Include -O0 -ffunction-sections -fdata-sections -Wall -fstack-usage -fcyclomatic-complexity -MMD -MP -MF"Core/Src/stm32h5xx_it.d" -MT"Core/Src/stm32h5xx_it.o" --specs=nano.specs -mfpu=fpv5-sp-d16 -mfloat-abi=hard -mthumb -o "Core/Src/stm32h5xx_it.o"
arm-none-eabi-gcc -o "evangelion_turbo_controller.elf" @"objects.list"   -mcpu=cortex-m33 -T"D:\tech\robotyka\robots\evangelion-turbo\kod\evangelion_turbo_controller\STM32H563RGVX_FLASH.ld" --specs=nosys.specs -Wl,-Map="evangelion_turbo_controller.map" -Wl,--gc-sections -static --specs=nano.specs -mfpu=fpv5-sp-d16 -mfloat-abi=hard -mthumb -Wl,--start-group -lc -lm -Wl,--end-group
Finished building target: evangelion_turbo_controller.elf
 
arm-none-eabi-size  evangelion_turbo_controller.elf 
arm-none-eabi-objdump -h -S evangelion_turbo_controller.elf  > "evangelion_turbo_controller.list"
   text	   data	    bss	    dec	    hex	filename
  60244	     16	   3792	  64052	   fa34	evangelion_turbo_controller.elf
Finished building: default.size.stdout
 
Finished building: evangelion_turbo_controller.list
 
17:19:55 **** Incremental Build of configuration Debug for project evangelion_turbo_controller ****
make -j16 all 
arm-none-eabi-gcc "../Core/Src/main.c" -mcpu=cortex-m33 -std=gnu11 -g3 -DDEBUG -DUSE_HAL_DRIVER -DSTM32H563xx -c -I../Core/Inc -I../Drivers/STM32H5xx_HAL_Driver/Inc -I../Drivers/STM32H5xx_HAL_Driver/Inc/Legacy -I../Drivers/CMSIS/Device/ST/STM32H5xx/Include -I../Drivers/CMSIS/Include -O0 -ffunction-sections -fdata-sections -Wall -fstack-usage -fcyclomatic-complexity -MMD -MP -MF"Core/Src/main.d" -MT"Core/Src/main.o" --specs=nano.specs -mfpu=fpv5-sp-d16 -mfloat-abi=hard -mthumb -o "Core/Src/main.o"
arm-none-eabi-gcc "../Core/Src/ssd1306.c" -mcpu=cortex-m33 -std=gnu11 -g3 -DDEBUG -DUSE_HAL_DRIVER -DSTM32H563xx -c -I../Core/Inc -I../Drivers/STM32H5xx_HAL_Driver/Inc -I../Drivers/STM32H5xx_HAL_Driver/Inc/Legacy -I../Drivers/CMSIS/Device/ST/STM32H5xx/Include -I../Drivers/CMSIS/Include -O0 -ffunction-sections -fdata-sections -Wall -fstack-usage -fcyclomatic-complexity -MMD -MP -MF"Core/Src/ssd1306.d" -MT"Core/Src/ssd1306.o" --specs=nano.specs -mfpu=fpv5-sp-d16 -mfloat-abi=hard -mthumb -o "Core/Src/ssd1306.o"
arm-none-eabi-gcc -o "evangelion_turbo_controller.elf" @"objects.list"   -mcpu=cortex-m33 -T"D:\tech\robotyka\robots\evangelion-turbo\kod\evangelion_turbo_controller\STM32H563RGVX_FLASH.ld" --specs=nosys.specs -Wl,-Map="evangelion_turbo_controller.map" -Wl,--gc-sections -static --specs=nano.specs -mfpu=fpv5-sp-d16 -mfloat-abi=hard -mthumb -Wl,--start-group -lc -lm -Wl,--end-group
Finished building target: evangelion_turbo_controller.elf
 
arm-none-eabi-size  evangelion_turbo_controller.elf 
arm-none-eabi-objdump -h -S evangelion_turbo_controller.elf  > "evangelion_turbo_controller.list"
   text	   data	    bss	    dec	    hex	filename
  57040	     16	   3784	  60840	   eda8	evangelion_turbo_controller.elf
Finished building: default.size.stdout
 
Finished building: evangelion_turbo_controller.list
 
17:20:14 **** Incremental Build of configuration Debug for project evangelion_turbo_controller ****
make -j16 all 
arm-none-eabi-gcc "../Core/Src/main.c" -mcpu=cortex-m33 -std=gnu11 -g3 -DDEBUG -DUSE_HAL_DRIVER -DSTM32H563xx -c -I../Core/Inc -I../Drivers/STM32H5xx_HAL_Driver/Inc -I../Drivers/STM32H5xx_HAL_Driver/Inc/Legacy -I../Drivers/CMSIS/Device/ST/STM32H5xx/Include -I../Drivers/CMSIS/Include -O0 -ffunction-sections -fdata-sections -Wall -fstack-usage -fcyclomatic-complexity -MMD -MP -MF"Core/Src/main.d" -MT"Core/Src/main.o" --specs=nano.specs -mfpu=fpv5-sp-d16 -mfloat-abi=hard -mthumb -o "Core/Src/main.o"
arm-none-eabi-gcc -o "evangelion_turbo_controller.elf" @"objects.list"   -mcpu=cortex-m33 -T"D:\tech\robotyka\robots\evangelion-turbo\kod\evangelion_turbo_controller\STM32H563RGVX_FLASH.ld" --specs=nosys.specs -Wl,-Map="evangelion_turbo_controller.map" -Wl,--gc-sections -static --specs=nano.specs -mfpu=fpv5-sp-d16 -mfloat-abi=hard -mthumb -Wl,--start-group -lc -lm -Wl,--end-group
Finished building target: evangelion_turbo_controller.elf
 
arm-none-eabi-size  evangelion_turbo_controller.elf 
arm-none-eabi-objdump -h -S evangelion_turbo_controller.elf  > "evangelion_turbo_controller.list"
   text	   data	    bss	    dec	    hex	filename
  56236	     16	   3792	  60044	   ea8c	evangelion_turbo_controller.elf
Finished building: default.size.stdout
 
Finished building: evangelion_turbo_controller.list
 
17:20:38 **** Incremental Build of configuration Debug for project evangelion_turbo_controller ****
make -j16 all 
arm-none-eabi-gcc "../Core/Src/main.c" -mcpu=cortex-m33 -std=gnu11 -g3 -DDEBUG -DUSE_HAL_DRIVER -DSTM32H563xx -c -I../Core/Inc -I../Drivers/STM32H5xx_HAL_Driver/Inc -I../Drivers/STM32H5xx_HAL_Driver/Inc/Legacy -I../Drivers/CMSIS/Device/ST/STM32H5xx/Include -I../Drivers/CMSIS/Include -O0 -ffunction-sections -fdata-sections -Wall -fstack-usage -fcyclomatic-complexity -MMD -MP -MF"Core/Src/main.d" -MT"Core/Src/main.o" --specs=nano.specs -mfpu=fpv5-sp-d16 -mfloat-abi=hard -mthumb -o "Core/Src/main.o"
arm-none-eabi-gcc -o "evangelion_turbo_controller.elf" @"objects.list"   -mcpu=cortex-m33 -T"D:\tech\robotyka\robots\evangelion-turbo\kod\evangelion_turbo_controller\STM32H563RGVX_FLASH.ld" --specs=nosys.specs -Wl,-Map="evangelion_turbo_controller.map" -Wl,--gc-sections -static --specs=nano.specs -mfpu=fpv5-sp-d16 -mfloat-abi=hard -mthumb -Wl,--start-group -lc -lm -Wl,--end-group
Finished building target: evangelion_turbo_controller.elf
 
arm-none-eabi-size  evangelion_turbo_controller.elf 
arm-none-eabi-objdump -h -S evangelion_turbo_controller.elf  > "evangelion_turbo_controller.list"
   text	   data	    bss	    dec	    hex	filename
  56252	     16	   3792	  60060	   ea9c	evangelion_turbo_controller.elf
Finished building: default.size.stdout
 
Finished building: evangelion_turbo_controller.list
 
17:22:39 **** Incremental Build of configuration Debug for project evangelion_turbo_controller ****
make -j16 all 
arm-none-eabi-gcc "../Core/Src/main.c" -mcpu=cortex-m33 -std=gnu11 -g3 -DDEBUG -DUSE_HAL_DRIVER -DSTM32H563xx -c -I../Core/Inc -I../Drivers/STM32H5xx_HAL_Driver/Inc -I../Drivers/STM32H5xx_HAL_Driver/Inc/Legacy -I../Drivers/CMSIS/Device/ST/STM32H5xx/Include -I../Drivers/CMSIS/Include -O0 -ffunction-sections -fdata-sections -Wall -fstack-usage -fcyclomatic-complexity -MMD -MP -MF"Core/Src/main.d" -MT"Core/Src/main.o" --specs=nano.specs -mfpu=fpv5-sp-d16 -mfloat-abi=hard -mthumb -o "Core/Src/main.o"
arm-none-eabi-gcc -o "evangelion_turbo_controller.elf" @"objects.list"   -mcpu=cortex-m33 -T"D:\tech\robotyka\robots\evangelion-turbo\kod\evangelion_turbo_controller\STM32H563RGVX_FLASH.ld" --specs=nosys.specs -Wl,-Map="evangelion_turbo_controller.map" -Wl,--gc-sections -static --specs=nano.specs -mfpu=fpv5-sp-d16 -mfloat-abi=hard -mthumb -Wl,--start-group -lc -lm -Wl,--end-group
Finished building target: evangelion_turbo_controller.elf
 
arm-none-eabi-size  evangelion_turbo_controller.elf 
arm-none-eabi-objdump -h -S evangelion_turbo_controller.elf  > "evangelion_turbo_controller.list"
   text	   data	    bss	    dec	    hex	filename
  56080	     16	   3792	  59888	   e9f0	evangelion_turbo_controller.elf
Finished building: default.size.stdout
 
Finished building: evangelion_turbo_controller.list
 
17:23:33 **** Incremental Build of configuration Debug for project evangelion_turbo_controller ****
make -j16 all 
arm-none-eabi-gcc "../Core/Src/main.c" -mcpu=cortex-m33 -std=gnu11 -g3 -DDEBUG -DUSE_HAL_DRIVER -DSTM32H563xx -c -I../Core/Inc -I../Drivers/STM32H5xx_HAL_Driver/Inc -I../Drivers/STM32H5xx_HAL_Driver/Inc/Legacy -I../Drivers/CMSIS/Device/ST/STM32H5xx/Include -I../Drivers/CMSIS/Include -O0 -ffunction-sections -fdata-sections -Wall -fstack-usage -fcyclomatic-complexity -MMD -MP -MF"Core/Src/main.d" -MT"Core/Src/main.o" --specs=nano.specs -mfpu=fpv5-sp-d16 -mfloat-abi=hard -mthumb -o "Core/Src/main.o"
arm-none-eabi-gcc -o "evangelion_turbo_controller.elf" @"objects.list"   -mcpu=cortex-m33 -T"D:\tech\robotyka\robots\evangelion-turbo\kod\evangelion_turbo_controller\STM32H563RGVX_FLASH.ld" --specs=nosys.specs -Wl,-Map="evangelion_turbo_controller.map" -Wl,--gc-sections -static --specs=nano.specs -mfpu=fpv5-sp-d16 -mfloat-abi=hard -mthumb -Wl,--start-group -lc -lm -Wl,--end-group
Finished building target: evangelion_turbo_controller.elf
 
arm-none-eabi-size  evangelion_turbo_controller.elf 
arm-none-eabi-objdump -h -S evangelion_turbo_controller.elf  > "evangelion_turbo_controller.list"
   text	   data	    bss	    dec	    hex	filename
  56080	     16	   3792	  59888	   e9f0	evangelion_turbo_controller.elf
Finished building: default.size.stdout
 
Finished building: evangelion_turbo_controller.list
 
17:25:34 **** Incremental Build of configuration Debug for project evangelion_turbo_controller ****
make -j16 all 
arm-none-eabi-gcc "../Core/Src/main.c" -mcpu=cortex-m33 -std=gnu11 -g3 -DDEBUG -DUSE_HAL_DRIVER -DSTM32H563xx -c -I../Core/Inc -I../Drivers/STM32H5xx_HAL_Driver/Inc -I../Drivers/STM32H5xx_HAL_Driver/Inc/Legacy -I../Drivers/CMSIS/Device/ST/STM32H5xx/Include -I../Drivers/CMSIS/Include -O0 -ffunction-sections -fdata-sections -Wall -fstack-usage -fcyclomatic-complexity -MMD -MP -MF"Core/Src/main.d" -MT"Core/Src/main.o" --specs=nano.specs -mfpu=fpv5-sp-d16 -mfloat-abi=hard -mthumb -o "Core/Src/main.o"
arm-none-eabi-gcc -o "evangelion_turbo_controller.elf" @"objects.list"   -mcpu=cortex-m33 -T"D:\tech\robotyka\robots\evangelion-turbo\kod\evangelion_turbo_controller\STM32H563RGVX_FLASH.ld" --specs=nosys.specs -Wl,-Map="evangelion_turbo_controller.map" -Wl,--gc-sections -static --specs=nano.specs -mfpu=fpv5-sp-d16 -mfloat-abi=hard -mthumb -Wl,--start-group -lc -lm -Wl,--end-group
Finished building target: evangelion_turbo_controller.elf
 
arm-none-eabi-size  evangelion_turbo_controller.elf 
arm-none-eabi-objdump -h -S evangelion_turbo_controller.elf  > "evangelion_turbo_controller.list"
   text	   data	    bss	    dec	    hex	filename
  56252	     16	   3792	  60060	   ea9c	evangelion_turbo_controller.elf
Finished building: default.size.stdout
 
Finished building: evangelion_turbo_controller.list
 
