12:27:39 **** Incremental Build of configuration Debug for project evangelion_turbo_controller-v1 ****
make -j8 all 
arm-none-eabi-gcc "../Core/Src/main.c" -mcpu=cortex-m33 -std=gnu11 -g3 -DDEBUG -DUSE_HAL_DRIVER -DSTM32H562xx -c -I../Core/Inc -I../Core/Src -I../Drivers/STM32H5xx_HAL_Driver/Inc -I../Drivers/STM32H5xx_HAL_Driver/Inc/Legacy -I../Drivers/CMSIS/Device/ST/STM32H5xx/Include -I../Drivers/CMSIS/Include -Ofast -ffunction-sections -fdata-sections -Wall -fstack-usage -fcyclomatic-complexity -MMD -MP -MF"Core/Src/main.d" -MT"Core/Src/main.o" --specs=nano.specs -mfpu=fpv5-sp-d16 -mfloat-abi=hard -mthumb -o "Core/Src/main.o"
../Core/Src/main.c: In function 'main':
../Core/Src/main.c:394:13: warning: unused variable 'Status' [-Wunused-variable]
  394 |     uint8_t Status;
      |             ^~~~~~
../Core/Src/main.c: In function 'HAL_UARTEx_RxEventCallback':
../Core/Src/main.c:2119:41: warning: 'Dist' may be used uninitialized [-Wmaybe-uninitialized]
 2119 |                 window1_Dist[idx1_Dist] = Dist;
      |                 ~~~~~~~~~~~~~~~~~~~~~~~~^~~~~~
../Core/Src/main.c:2078:18: note: 'Dist' was declared here
 2078 |         uint16_t Dist, Temp, Amp;
      |                  ^~~~
../Core/Src/main.c:2143:36: warning: 'Temp' may be used uninitialized [-Wmaybe-uninitialized]
 2143 |                 BackLeft.LidarTemp = Temp;
      |                 ~~~~~~~~~~~~~~~~~~~^~~~~~
../Core/Src/main.c:2078:24: note: 'Temp' was declared here
 2078 |         uint16_t Dist, Temp, Amp;
      |                        ^~~~
../Core/Src/main.c:2120:39: warning: 'Amp' may be used uninitialized [-Wmaybe-uninitialized]
 2120 |                 window1_Amp[idx1_Amp] = Amp;
      |                 ~~~~~~~~~~~~~~~~~~~~~~^~~~~
../Core/Src/main.c:2078:30: note: 'Amp' was declared here
 2078 |         uint16_t Dist, Temp, Amp;
      |                              ^~~
arm-none-eabi-gcc -o "evangelion_turbo_controller-v1.elf" @"objects.list"   -mcpu=cortex-m33 -T"D:\tech\robotyka\robots\evangelion-turbo\kod\evangelion_turbo_controller-v1\STM32H562RIVX_FLASH.ld" --specs=nosys.specs -Wl,-Map="evangelion_turbo_controller-v1.map" -Wl,--gc-sections -static --specs=nano.specs -mfpu=fpv5-sp-d16 -mfloat-abi=hard -mthumb -Wl,--start-group -lc -lm -Wl,--end-group
Finished building target: evangelion_turbo_controller-v1.elf
 
arm-none-eabi-size  evangelion_turbo_controller-v1.elf 
arm-none-eabi-objdump -h -S evangelion_turbo_controller-v1.elf  > "evangelion_turbo_controller-v1.list"
   text	   data	    bss	    dec	    hex	filename
  68104	     36	   4556	  72696	  11bf8	evangelion_turbo_controller-v1.elf
Finished building: default.size.stdout
 
Finished building: evangelion_turbo_controller-v1.list
 
12:29:10 **** Incremental Build of configuration Debug for project evangelion_turbo_controller-v1 ****
make -j8 all 
arm-none-eabi-size  evangelion_turbo_controller-v1.elf 
   text	   data	    bss	    dec	    hex	filename
  68104	     36	   4556	  72696	  11bf8	evangelion_turbo_controller-v1.elf
Finished building: default.size.stdout
 
12:30:48 **** Incremental Build of configuration Debug for project evangelion_turbo_controller-v1 ****
make -j8 all 
arm-none-eabi-size  evangelion_turbo_controller-v1.elf 
   text	   data	    bss	    dec	    hex	filename
  68104	     36	   4556	  72696	  11bf8	evangelion_turbo_controller-v1.elf
Finished building: default.size.stdout
 
12:31:04 **** Incremental Build of configuration Debug for project evangelion_turbo_controller-v1 ****
make -j8 all 
arm-none-eabi-size  evangelion_turbo_controller-v1.elf 
   text	   data	    bss	    dec	    hex	filename
  68104	     36	   4556	  72696	  11bf8	evangelion_turbo_controller-v1.elf
Finished building: default.size.stdout
 
12:31:23 **** Incremental Build of configuration Debug for project evangelion_turbo_controller-v1 ****
make -j8 all 
arm-none-eabi-gcc "../Core/Src/main.c" -mcpu=cortex-m33 -std=gnu11 -g3 -DDEBUG -DUSE_HAL_DRIVER -DSTM32H562xx -c -I../Core/Inc -I../Core/Src -I../Drivers/STM32H5xx_HAL_Driver/Inc -I../Drivers/STM32H5xx_HAL_Driver/Inc/Legacy -I../Drivers/CMSIS/Device/ST/STM32H5xx/Include -I../Drivers/CMSIS/Include -Ofast -ffunction-sections -fdata-sections -Wall -fstack-usage -fcyclomatic-complexity -MMD -MP -MF"Core/Src/main.d" -MT"Core/Src/main.o" --specs=nano.specs -mfpu=fpv5-sp-d16 -mfloat-abi=hard -mthumb -o "Core/Src/main.o"
../Core/Src/main.c: In function 'main':
../Core/Src/main.c:394:13: warning: unused variable 'Status' [-Wunused-variable]
  394 |     uint8_t Status;
      |             ^~~~~~
../Core/Src/main.c: In function 'HAL_UARTEx_RxEventCallback':
../Core/Src/main.c:2120:41: warning: 'Dist' may be used uninitialized [-Wmaybe-uninitialized]
 2120 |                 window1_Dist[idx1_Dist] = Dist;
      |                 ~~~~~~~~~~~~~~~~~~~~~~~~^~~~~~
../Core/Src/main.c:2079:18: note: 'Dist' was declared here
 2079 |         uint16_t Dist, Temp, Amp;
      |                  ^~~~
../Core/Src/main.c:2144:36: warning: 'Temp' may be used uninitialized [-Wmaybe-uninitialized]
 2144 |                 BackLeft.LidarTemp = Temp;
      |                 ~~~~~~~~~~~~~~~~~~~^~~~~~
../Core/Src/main.c:2079:24: note: 'Temp' was declared here
 2079 |         uint16_t Dist, Temp, Amp;
      |                        ^~~~
../Core/Src/main.c:2121:39: warning: 'Amp' may be used uninitialized [-Wmaybe-uninitialized]
 2121 |                 window1_Amp[idx1_Amp] = Amp;
      |                 ~~~~~~~~~~~~~~~~~~~~~~^~~~~
../Core/Src/main.c:2079:30: note: 'Amp' was declared here
 2079 |         uint16_t Dist, Temp, Amp;
      |                              ^~~
arm-none-eabi-gcc -o "evangelion_turbo_controller-v1.elf" @"objects.list"   -mcpu=cortex-m33 -T"D:\tech\robotyka\robots\evangelion-turbo\kod\evangelion_turbo_controller-v1\STM32H562RIVX_FLASH.ld" --specs=nosys.specs -Wl,-Map="evangelion_turbo_controller-v1.map" -Wl,--gc-sections -static --specs=nano.specs -mfpu=fpv5-sp-d16 -mfloat-abi=hard -mthumb -Wl,--start-group -lc -lm -Wl,--end-group
Finished building target: evangelion_turbo_controller-v1.elf
 
arm-none-eabi-size  evangelion_turbo_controller-v1.elf 
arm-none-eabi-objdump -h -S evangelion_turbo_controller-v1.elf  > "evangelion_turbo_controller-v1.list"
   text	   data	    bss	    dec	    hex	filename
  68104	     36	   4556	  72696	  11bf8	evangelion_turbo_controller-v1.elf
Finished building: default.size.stdout
 
Finished building: evangelion_turbo_controller-v1.list
 
14:13:41 **** Incremental Build of configuration Debug for project evangelion_turbo_controller-v1 ****
make -j8 all 
arm-none-eabi-gcc "../Core/Src/main.c" -mcpu=cortex-m33 -std=gnu11 -g3 -DDEBUG -DUSE_HAL_DRIVER -DSTM32H562xx -c -I../Core/Inc -I../Core/Src -I../Drivers/STM32H5xx_HAL_Driver/Inc -I../Drivers/STM32H5xx_HAL_Driver/Inc/Legacy -I../Drivers/CMSIS/Device/ST/STM32H5xx/Include -I../Drivers/CMSIS/Include -Ofast -ffunction-sections -fdata-sections -Wall -fstack-usage -fcyclomatic-complexity -MMD -MP -MF"Core/Src/main.d" -MT"Core/Src/main.o" --specs=nano.specs -mfpu=fpv5-sp-d16 -mfloat-abi=hard -mthumb -o "Core/Src/main.o"
../Core/Src/main.c: In function 'main':
../Core/Src/main.c:394:13: warning: unused variable 'Status' [-Wunused-variable]
  394 |     uint8_t Status;
      |             ^~~~~~
../Core/Src/main.c: In function 'HAL_UARTEx_RxEventCallback':
../Core/Src/main.c:2121:41: warning: 'Dist' may be used uninitialized [-Wmaybe-uninitialized]
 2121 |                 window1_Dist[idx1_Dist] = Dist;
      |                 ~~~~~~~~~~~~~~~~~~~~~~~~^~~~~~
../Core/Src/main.c:2080:18: note: 'Dist' was declared here
 2080 |         uint16_t Dist, Temp, Amp;
      |                  ^~~~
../Core/Src/main.c:2145:36: warning: 'Temp' may be used uninitialized [-Wmaybe-uninitialized]
 2145 |                 BackLeft.LidarTemp = Temp;
      |                 ~~~~~~~~~~~~~~~~~~~^~~~~~
../Core/Src/main.c:2080:24: note: 'Temp' was declared here
 2080 |         uint16_t Dist, Temp, Amp;
      |                        ^~~~
../Core/Src/main.c:2122:39: warning: 'Amp' may be used uninitialized [-Wmaybe-uninitialized]
 2122 |                 window1_Amp[idx1_Amp] = Amp;
      |                 ~~~~~~~~~~~~~~~~~~~~~~^~~~~
../Core/Src/main.c:2080:30: note: 'Amp' was declared here
 2080 |         uint16_t Dist, Temp, Amp;
      |                              ^~~
arm-none-eabi-gcc -o "evangelion_turbo_controller-v1.elf" @"objects.list"   -mcpu=cortex-m33 -T"D:\tech\robotyka\robots\evangelion-turbo\kod\evangelion_turbo_controller-v1\STM32H562RIVX_FLASH.ld" --specs=nosys.specs -Wl,-Map="evangelion_turbo_controller-v1.map" -Wl,--gc-sections -static --specs=nano.specs -mfpu=fpv5-sp-d16 -mfloat-abi=hard -mthumb -Wl,--start-group -lc -lm -Wl,--end-group
Finished building target: evangelion_turbo_controller-v1.elf
 
arm-none-eabi-size  evangelion_turbo_controller-v1.elf 
arm-none-eabi-objdump -h -S evangelion_turbo_controller-v1.elf  > "evangelion_turbo_controller-v1.list"
   text	   data	    bss	    dec	    hex	filename
  68112	     36	   4556	  72704	  11c00	evangelion_turbo_controller-v1.elf
Finished building: default.size.stdout
 
Finished building: evangelion_turbo_controller-v1.list
 
14:16:37 **** Incremental Build of configuration Debug for project evangelion_turbo_controller-v1 ****
make -j8 all 
arm-none-eabi-gcc "../Core/Src/main.c" -mcpu=cortex-m33 -std=gnu11 -g3 -DDEBUG -DUSE_HAL_DRIVER -DSTM32H562xx -c -I../Core/Inc -I../Core/Src -I../Drivers/STM32H5xx_HAL_Driver/Inc -I../Drivers/STM32H5xx_HAL_Driver/Inc/Legacy -I../Drivers/CMSIS/Device/ST/STM32H5xx/Include -I../Drivers/CMSIS/Include -Ofast -ffunction-sections -fdata-sections -Wall -fstack-usage -fcyclomatic-complexity -MMD -MP -MF"Core/Src/main.d" -MT"Core/Src/main.o" --specs=nano.specs -mfpu=fpv5-sp-d16 -mfloat-abi=hard -mthumb -o "Core/Src/main.o"
../Core/Src/main.c: In function 'main':
../Core/Src/main.c:394:13: warning: unused variable 'Status' [-Wunused-variable]
  394 |     uint8_t Status;
      |             ^~~~~~
../Core/Src/main.c: In function 'HAL_UARTEx_RxEventCallback':
../Core/Src/main.c:2121:41: warning: 'Dist' may be used uninitialized [-Wmaybe-uninitialized]
 2121 |                 window1_Dist[idx1_Dist] = Dist;
      |                 ~~~~~~~~~~~~~~~~~~~~~~~~^~~~~~
../Core/Src/main.c:2080:18: note: 'Dist' was declared here
 2080 |         uint16_t Dist, Temp, Amp;
      |                  ^~~~
../Core/Src/main.c:2145:36: warning: 'Temp' may be used uninitialized [-Wmaybe-uninitialized]
 2145 |                 BackLeft.LidarTemp = Temp;
      |                 ~~~~~~~~~~~~~~~~~~~^~~~~~
../Core/Src/main.c:2080:24: note: 'Temp' was declared here
 2080 |         uint16_t Dist, Temp, Amp;
      |                        ^~~~
../Core/Src/main.c:2122:39: warning: 'Amp' may be used uninitialized [-Wmaybe-uninitialized]
 2122 |                 window1_Amp[idx1_Amp] = Amp;
      |                 ~~~~~~~~~~~~~~~~~~~~~~^~~~~
../Core/Src/main.c:2080:30: note: 'Amp' was declared here
 2080 |         uint16_t Dist, Temp, Amp;
      |                              ^~~
arm-none-eabi-gcc -o "evangelion_turbo_controller-v1.elf" @"objects.list"   -mcpu=cortex-m33 -T"D:\tech\robotyka\robots\evangelion-turbo\kod\evangelion_turbo_controller-v1\STM32H562RIVX_FLASH.ld" --specs=nosys.specs -Wl,-Map="evangelion_turbo_controller-v1.map" -Wl,--gc-sections -static --specs=nano.specs -mfpu=fpv5-sp-d16 -mfloat-abi=hard -mthumb -Wl,--start-group -lc -lm -Wl,--end-group
Finished building target: evangelion_turbo_controller-v1.elf
 
arm-none-eabi-size  evangelion_turbo_controller-v1.elf 
arm-none-eabi-objdump -h -S evangelion_turbo_controller-v1.elf  > "evangelion_turbo_controller-v1.list"
   text	   data	    bss	    dec	    hex	filename
  68112	     36	   4556	  72704	  11c00	evangelion_turbo_controller-v1.elf
Finished building: default.size.stdout
 
Finished building: evangelion_turbo_controller-v1.list
 
