22:44:41 **** Incremental Build of configuration Debug for project motor_driver ****
make -j16 all 
arm-none-eabi-gcc "../Core/Src/main.c" -mcpu=cortex-m4 -std=gnu11 -g3 -DDEBUG -DUSE_HAL_DRIVER -DSTM32G431xx -c -I../Core/Inc -I../Drivers/STM32G4xx_HAL_Driver/Inc -I../Drivers/STM32G4xx_HAL_Driver/Inc/Legacy -I../Drivers/CMSIS/Device/ST/STM32G4xx/Include -I../Drivers/CMSIS/Include -Ofast -ffunction-sections -fdata-sections -Wall -fstack-usage -fcyclomatic-complexity -MMD -MP -MF"Core/Src/main.d" -MT"Core/Src/main.o" --specs=nano.specs -mfpu=fpv4-sp-d16 -mfloat-abi=hard -mthumb -o "Core/Src/main.o"
../Core/Src/main.c: In function 'HAL_FDCAN_RxFifo0Callback':
../Core/Src/main.c:969:17: error: break statement not within loop or switch
  969 |                 break;
      |                 ^~~~~
make: *** [Core/Src/subdir.mk:34: Core/Src/main.o] Error 1
"make -j16 all" terminated with exit code 2. Build might be incomplete.
22:45:22 **** Incremental Build of configuration Debug for project motor_driver ****
make -j16 all 
arm-none-eabi-gcc "../Core/Src/main.c" -mcpu=cortex-m4 -std=gnu11 -g3 -DDEBUG -DUSE_HAL_DRIVER -DSTM32G431xx -c -I../Core/Inc -I../Drivers/STM32G4xx_HAL_Driver/Inc -I../Drivers/STM32G4xx_HAL_Driver/Inc/Legacy -I../Drivers/CMSIS/Device/ST/STM32G4xx/Include -I../Drivers/CMSIS/Include -Ofast -ffunction-sections -fdata-sections -Wall -fstack-usage -fcyclomatic-complexity -MMD -MP -MF"Core/Src/main.d" -MT"Core/Src/main.o" --specs=nano.specs -mfpu=fpv4-sp-d16 -mfloat-abi=hard -mthumb -o "Core/Src/main.o"
arm-none-eabi-gcc -o "motor_driver.elf" @"objects.list"   -mcpu=cortex-m4 -T"D:\tech\robotyka\robots\evangelion-turbo\kod\motor_driver\STM32G431KBUX_FLASH.ld" --specs=nosys.specs -Wl,-Map="motor_driver.map" -Wl,--gc-sections -static --specs=nano.specs -mfpu=fpv4-sp-d16 -mfloat-abi=hard -mthumb -Wl,--start-group -lc -lm -Wl,--end-group
Finished building target: motor_driver.elf
 
arm-none-eabi-size  motor_driver.elf 
arm-none-eabi-objdump -h -S motor_driver.elf  > "motor_driver.list"
   text	   data	    bss	    dec	    hex	filename
  20176	     92	   3084	  23352	   5b38	motor_driver.elf
Finished building: default.size.stdout
 
Finished building: motor_driver.list
 
22:47:10 **** Incremental Build of configuration Debug for project motor_driver ****
make -j16 all 
arm-none-eabi-size  motor_driver.elf 
   text	   data	    bss	    dec	    hex	filename
  20176	     92	   3084	  23352	   5b38	motor_driver.elf
Finished building: default.size.stdout
 
