Removed Pin From Net: NetName=Vcc Pin=C41A-1
Removed Pin From Net: NetName=GND Pin=C41A-2
Removed Pin From Net: NetName=Vcc Pin=C41B-1
Removed Pin From Net: NetName=GND Pin=C41B-2
Removed Pin From Net: NetName=Vcc Pin=C44A-1
Removed Pin From Net: NetName=GND Pin=C44A-2
Removed Pin From Net: NetName=Vcc Pin=C44B-1
Removed Pin From Net: NetName=GND Pin=C44B-2
Removed Pin From Net: NetName=Vcc Pin=C51A-1
Removed Pin From Net: NetName=GND Pin=C51A-2
Removed Pin From Net: NetName=Vcc Pin=C51B-1
Removed Pin From Net: NetName=GND Pin=C51B-2
Removed Pin From Net: NetName=Vcc Pin=C70A-1
Removed Pin From Net: NetName=GND Pin=C70A-2
Removed Pin From Net: NetName=Vcc Pin=C70B-1
Removed Pin From Net: NetName=GND Pin=C70B-2
Removed Pin From Net: NetName=Vcc Pin=C71A-1
Removed Pin From Net: NetName=GND Pin=C71A-2
Removed Pin From Net: NetName=Vcc Pin=C71B-1
Removed Pin From Net: NetName=GND Pin=C71B-2
Removed Pin From Net: NetName=Vcc Pin=C73A-1
Removed Pin From Net: NetName=GND Pin=C73A-2
Removed Pin From Net: NetName=Vcc Pin=C73B-1
Removed Pin From Net: NetName=GND Pin=C73B-2
Removed Member From Class: ClassName=U_MotorDriver8873SA Member=C41A
Removed Member From Class: ClassName=U_MotorDriver8873SB Member=C41B
Removed Member From Class: ClassName=U_MotorDriver8873SA Member=C44A
Removed Member From Class: ClassName=U_MotorDriver8873SB Member=C44B
Removed Member From Class: ClassName=U_MotorDriver8873SA Member=C51A
Removed Member From Class: ClassName=U_MotorDriver8873SB Member=C51B
Removed Member From Class: ClassName=U_MotorDriver8873SA Member=C70A
Removed Member From Class: ClassName=U_MotorDriver8873SB Member=C70B
Removed Member From Class: ClassName=U_MotorDriver8873SA Member=C71A
Removed Member From Class: ClassName=U_MotorDriver8873SB Member=C71B
Removed Member From Class: ClassName=U_MotorDriver8873SA Member=C73A
Removed Member From Class: ClassName=U_MotorDriver8873SB Member=C73B
