Removed Pin From Net: NetName=GND Pin=C35A-2
Removed Pin From Net: NetName=GND Pin=C35B-2
Removed Pin From Net: NetName=GND Pin=C35C-2
Removed Pin From Net: NetName=GND Pin=C35D-2
Removed Pin From Net: NetName=GND Pin=C35E-2
Removed Pin From Net: NetName=GND Pin=C35F-2
Removed Pin From Net: NetName=GND Pin=C35G-2
Removed Pin From Net: NetName=GND Pin=C35H-2
Removed Pin From Net: NetName=LINE4B Pin=R5A-1
Removed Pin From Net: NetName=LINE4A Pin=R5B-1
Removed Pin From Net: NetName=LINE3B Pin=R5C-1
Removed Pin From Net: NetName=LINE3A Pin=R5D-1
Removed Pin From Net: NetName=LINE2B Pin=R5E-1
Removed Pin From Net: NetName=LINE2A Pin=R5F-1
Removed Pin From Net: NetName=LINE1B Pin=R5G-1
Removed Pin From Net: NetName=LINE1A Pin=R5H-1
Added Pin To Net: NetName=LINE4B Pin=IC1-9
Added Pin To Net: NetName=LINE1A Pin=IC1-13
Added Pin To Net: NetName=LINE1B Pin=IC1-14
Added Pin To Net: NetName=LINE2A Pin=IC1-15
Added Pin To Net: NetName=LINE2B Pin=IC1-16
Added Pin To Net: NetName=LINE3A Pin=IC1-17
Added Pin To Net: NetName=LINE3B Pin=IC1-18
Added Pin To Net: NetName=LINE4A Pin=IC1-19
