Added Component: Designator=*(XT30 flat hanging)
Added Component: Designator=C1(C 0402)
Added Component: Designator=C2(C 0402)
Added Component: Designator=C3(C 0402)
Added Component: Designator=C4(C 0402)
Added Component: Designator=C5(CAPPC3528X100N)
Add component (AddParameter): Name = "Arrow Part Number"; Value = ""; VariantName = "[No Variations]"
Add component (AddParameter): Name = "Arrow Price/Stock"; Value = ""; VariantName = "[No Variations]"
Add component (AddParameter): Name = "Datasheet Link"; Value = "https://componentsearchengine.com/Datasheets/2/TL8B0336M020C.pdf"; VariantName = "[No Variations]"
Add component (AddParameter): Name = "Height"; Value = "1mm"; VariantName = "[No Variations]"
Add component (AddParameter): Name = "Manufacturer_Name"; Value = "Vishay"; VariantName = "[No Variations]"
Add component (AddParameter): Name = "Manufacturer_Part_Number"; Value = "TL8B0336M020C"; VariantName = "[No Variations]"
Add component (AddParameter): Name = "Mouser Part Number"; Value = "74-TL8B0336M020C"; VariantName = "[No Variations]"
Add component (AddParameter): Name = "Mouser Price/Stock"; Value = "https://www.mouser.com/Search/Refine.aspx?Keyword=74-TL8B0336M020C"; VariantName = "[No Variations]"
Added Component: Designator=C6(CAPPC3528X100N)
Add component (AddParameter): Name = "Arrow Part Number"; Value = ""; VariantName = "[No Variations]"
Add component (AddParameter): Name = "Arrow Price/Stock"; Value = ""; VariantName = "[No Variations]"
Add component (AddParameter): Name = "Datasheet Link"; Value = "https://componentsearchengine.com/Datasheets/2/TL8B0336M020C.pdf"; VariantName = "[No Variations]"
Add component (AddParameter): Name = "Height"; Value = "1mm"; VariantName = "[No Variations]"
Add component (AddParameter): Name = "Manufacturer_Name"; Value = "Vishay"; VariantName = "[No Variations]"
Add component (AddParameter): Name = "Manufacturer_Part_Number"; Value = "TL8B0336M020C"; VariantName = "[No Variations]"
Add component (AddParameter): Name = "Mouser Part Number"; Value = "74-TL8B0336M020C"; VariantName = "[No Variations]"
Add component (AddParameter): Name = "Mouser Price/Stock"; Value = "https://www.mouser.com/Search/Refine.aspx?Keyword=74-TL8B0336M020C"; VariantName = "[No Variations]"
Added Component: Designator=C7(CAPPC3528X100N)
Add component (AddParameter): Name = "Arrow Part Number"; Value = ""; VariantName = "[No Variations]"
Add component (AddParameter): Name = "Arrow Price/Stock"; Value = ""; VariantName = "[No Variations]"
Add component (AddParameter): Name = "Datasheet Link"; Value = "https://componentsearchengine.com/Datasheets/2/TL8B0336M020C.pdf"; VariantName = "[No Variations]"
Add component (AddParameter): Name = "Height"; Value = "1mm"; VariantName = "[No Variations]"
Add component (AddParameter): Name = "Manufacturer_Name"; Value = "Vishay"; VariantName = "[No Variations]"
Add component (AddParameter): Name = "Manufacturer_Part_Number"; Value = "TL8B0336M020C"; VariantName = "[No Variations]"
Add component (AddParameter): Name = "Mouser Part Number"; Value = "74-TL8B0336M020C"; VariantName = "[No Variations]"
Add component (AddParameter): Name = "Mouser Price/Stock"; Value = "https://www.mouser.com/Search/Refine.aspx?Keyword=74-TL8B0336M020C"; VariantName = "[No Variations]"
Added Component: Designator=C8(CAPPC3528X100N)
Add component (AddParameter): Name = "Arrow Part Number"; Value = ""; VariantName = "[No Variations]"
Add component (AddParameter): Name = "Arrow Price/Stock"; Value = ""; VariantName = "[No Variations]"
Add component (AddParameter): Name = "Datasheet Link"; Value = "https://componentsearchengine.com/Datasheets/2/TL8B0336M020C.pdf"; VariantName = "[No Variations]"
Add component (AddParameter): Name = "Height"; Value = "1mm"; VariantName = "[No Variations]"
Add component (AddParameter): Name = "Manufacturer_Name"; Value = "Vishay"; VariantName = "[No Variations]"
Add component (AddParameter): Name = "Manufacturer_Part_Number"; Value = "TL8B0336M020C"; VariantName = "[No Variations]"
Add component (AddParameter): Name = "Mouser Part Number"; Value = "74-TL8B0336M020C"; VariantName = "[No Variations]"
Add component (AddParameter): Name = "Mouser Price/Stock"; Value = "https://www.mouser.com/Search/Refine.aspx?Keyword=74-TL8B0336M020C"; VariantName = "[No Variations]"
Added Component: Designator=C9(C 0402)
Added Component: Designator=C10(CAPPC3528X100N)
Add component (AddParameter): Name = "Arrow Part Number"; Value = ""; VariantName = "[No Variations]"
Add component (AddParameter): Name = "Arrow Price/Stock"; Value = ""; VariantName = "[No Variations]"
Add component (AddParameter): Name = "Datasheet Link"; Value = "https://componentsearchengine.com/Datasheets/2/TL8B0336M020C.pdf"; VariantName = "[No Variations]"
Add component (AddParameter): Name = "Height"; Value = "1mm"; VariantName = "[No Variations]"
Add component (AddParameter): Name = "Manufacturer_Name"; Value = "Vishay"; VariantName = "[No Variations]"
Add component (AddParameter): Name = "Manufacturer_Part_Number"; Value = "TL8B0336M020C"; VariantName = "[No Variations]"
Add component (AddParameter): Name = "Mouser Part Number"; Value = "74-TL8B0336M020C"; VariantName = "[No Variations]"
Add component (AddParameter): Name = "Mouser Price/Stock"; Value = "https://www.mouser.com/Search/Refine.aspx?Keyword=74-TL8B0336M020C"; VariantName = "[No Variations]"
Added Component: Designator=C11(CAPPC3528X100N)
Add component (AddParameter): Name = "Arrow Part Number"; Value = ""; VariantName = "[No Variations]"
Add component (AddParameter): Name = "Arrow Price/Stock"; Value = ""; VariantName = "[No Variations]"
Add component (AddParameter): Name = "Datasheet Link"; Value = "https://componentsearchengine.com/Datasheets/2/TL8B0336M020C.pdf"; VariantName = "[No Variations]"
Add component (AddParameter): Name = "Height"; Value = "1mm"; VariantName = "[No Variations]"
Add component (AddParameter): Name = "Manufacturer_Name"; Value = "Vishay"; VariantName = "[No Variations]"
Add component (AddParameter): Name = "Manufacturer_Part_Number"; Value = "TL8B0336M020C"; VariantName = "[No Variations]"
Add component (AddParameter): Name = "Mouser Part Number"; Value = "74-TL8B0336M020C"; VariantName = "[No Variations]"
Add component (AddParameter): Name = "Mouser Price/Stock"; Value = "https://www.mouser.com/Search/Refine.aspx?Keyword=74-TL8B0336M020C"; VariantName = "[No Variations]"
Added Component: Designator=C12(C 0402)
Added Component: Designator=C13(C 0402)
Added Component: Designator=C14(CAPPC3528X100N)
Add component (AddParameter): Name = "Arrow Part Number"; Value = ""; VariantName = "[No Variations]"
Add component (AddParameter): Name = "Arrow Price/Stock"; Value = ""; VariantName = "[No Variations]"
Add component (AddParameter): Name = "Datasheet Link"; Value = "https://componentsearchengine.com/Datasheets/2/TL8B0336M020C.pdf"; VariantName = "[No Variations]"
Add component (AddParameter): Name = "Height"; Value = "1mm"; VariantName = "[No Variations]"
Add component (AddParameter): Name = "Manufacturer_Name"; Value = "Vishay"; VariantName = "[No Variations]"
Add component (AddParameter): Name = "Manufacturer_Part_Number"; Value = "TL8B0336M020C"; VariantName = "[No Variations]"
Add component (AddParameter): Name = "Mouser Part Number"; Value = "74-TL8B0336M020C"; VariantName = "[No Variations]"
Add component (AddParameter): Name = "Mouser Price/Stock"; Value = "https://www.mouser.com/Search/Refine.aspx?Keyword=74-TL8B0336M020C"; VariantName = "[No Variations]"
Added Component: Designator=C15(C 0402)
Added Component: Designator=C16(CAPPC3528X100N)
Add component (AddParameter): Name = "Arrow Part Number"; Value = ""; VariantName = "[No Variations]"
Add component (AddParameter): Name = "Arrow Price/Stock"; Value = ""; VariantName = "[No Variations]"
Add component (AddParameter): Name = "Datasheet Link"; Value = "https://componentsearchengine.com/Datasheets/2/TL8B0336M020C.pdf"; VariantName = "[No Variations]"
Add component (AddParameter): Name = "Height"; Value = "1mm"; VariantName = "[No Variations]"
Add component (AddParameter): Name = "Manufacturer_Name"; Value = "Vishay"; VariantName = "[No Variations]"
Add component (AddParameter): Name = "Manufacturer_Part_Number"; Value = "TL8B0336M020C"; VariantName = "[No Variations]"
Add component (AddParameter): Name = "Mouser Part Number"; Value = "74-TL8B0336M020C"; VariantName = "[No Variations]"
Add component (AddParameter): Name = "Mouser Price/Stock"; Value = "https://www.mouser.com/Search/Refine.aspx?Keyword=74-TL8B0336M020C"; VariantName = "[No Variations]"
Added Component: Designator=C17(CAPPC3528X100N)
Add component (AddParameter): Name = "Arrow Part Number"; Value = ""; VariantName = "[No Variations]"
Add component (AddParameter): Name = "Arrow Price/Stock"; Value = ""; VariantName = "[No Variations]"
Add component (AddParameter): Name = "Datasheet Link"; Value = "https://componentsearchengine.com/Datasheets/2/TL8B0336M020C.pdf"; VariantName = "[No Variations]"
Add component (AddParameter): Name = "Height"; Value = "1mm"; VariantName = "[No Variations]"
Add component (AddParameter): Name = "Manufacturer_Name"; Value = "Vishay"; VariantName = "[No Variations]"
Add component (AddParameter): Name = "Manufacturer_Part_Number"; Value = "TL8B0336M020C"; VariantName = "[No Variations]"
Add component (AddParameter): Name = "Mouser Part Number"; Value = "74-TL8B0336M020C"; VariantName = "[No Variations]"
Add component (AddParameter): Name = "Mouser Price/Stock"; Value = "https://www.mouser.com/Search/Refine.aspx?Keyword=74-TL8B0336M020C"; VariantName = "[No Variations]"
Added Component: Designator=C18(C 0402)
Added Component: Designator=C19(CAPPC3528X100N)
Add component (AddParameter): Name = "Arrow Part Number"; Value = ""; VariantName = "[No Variations]"
Add component (AddParameter): Name = "Arrow Price/Stock"; Value = ""; VariantName = "[No Variations]"
Add component (AddParameter): Name = "Datasheet Link"; Value = "https://componentsearchengine.com/Datasheets/2/TL8B0336M020C.pdf"; VariantName = "[No Variations]"
Add component (AddParameter): Name = "Height"; Value = "1mm"; VariantName = "[No Variations]"
Add component (AddParameter): Name = "Manufacturer_Name"; Value = "Vishay"; VariantName = "[No Variations]"
Add component (AddParameter): Name = "Manufacturer_Part_Number"; Value = "TL8B0336M020C"; VariantName = "[No Variations]"
Add component (AddParameter): Name = "Mouser Part Number"; Value = "74-TL8B0336M020C"; VariantName = "[No Variations]"
Add component (AddParameter): Name = "Mouser Price/Stock"; Value = "https://www.mouser.com/Search/Refine.aspx?Keyword=74-TL8B0336M020C"; VariantName = "[No Variations]"
Added Component: Designator=C20(C 0402)
Added Component: Designator=C21(C 0402)
Added Component: Designator=C22(C 0402)
Added Component: Designator=C23(CAPPC3528X100N)
Add component (AddParameter): Name = "Arrow Part Number"; Value = ""; VariantName = "[No Variations]"
Add component (AddParameter): Name = "Arrow Price/Stock"; Value = ""; VariantName = "[No Variations]"
Add component (AddParameter): Name = "Datasheet Link"; Value = "https://componentsearchengine.com/Datasheets/2/TL8B0336M020C.pdf"; VariantName = "[No Variations]"
Add component (AddParameter): Name = "Height"; Value = "1mm"; VariantName = "[No Variations]"
Add component (AddParameter): Name = "Manufacturer_Name"; Value = "Vishay"; VariantName = "[No Variations]"
Add component (AddParameter): Name = "Manufacturer_Part_Number"; Value = "TL8B0336M020C"; VariantName = "[No Variations]"
Add component (AddParameter): Name = "Mouser Part Number"; Value = "74-TL8B0336M020C"; VariantName = "[No Variations]"
Add component (AddParameter): Name = "Mouser Price/Stock"; Value = "https://www.mouser.com/Search/Refine.aspx?Keyword=74-TL8B0336M020C"; VariantName = "[No Variations]"
Added Component: Designator=C24(C 0805)
Added Component: Designator=C25(CAPPC3528X100N)
Add component (AddParameter): Name = "Arrow Part Number"; Value = ""; VariantName = "[No Variations]"
Add component (AddParameter): Name = "Arrow Price/Stock"; Value = ""; VariantName = "[No Variations]"
Add component (AddParameter): Name = "Datasheet Link"; Value = "https://componentsearchengine.com/Datasheets/2/TL8B0336M020C.pdf"; VariantName = "[No Variations]"
Add component (AddParameter): Name = "Height"; Value = "1mm"; VariantName = "[No Variations]"
Add component (AddParameter): Name = "Manufacturer_Name"; Value = "Vishay"; VariantName = "[No Variations]"
Add component (AddParameter): Name = "Manufacturer_Part_Number"; Value = "TL8B0336M020C"; VariantName = "[No Variations]"
Add component (AddParameter): Name = "Mouser Part Number"; Value = "74-TL8B0336M020C"; VariantName = "[No Variations]"
Add component (AddParameter): Name = "Mouser Price/Stock"; Value = "https://www.mouser.com/Search/Refine.aspx?Keyword=74-TL8B0336M020C"; VariantName = "[No Variations]"
Added Component: Designator=C26(C 0805)
Added Component: Designator=C27(C 0805)
Added Component: Designator=C28(C 0805)
Added Component: Designator=C29(C 0402)
Added Component: Designator=C30(C 0402)
Added Component: Designator=C32(C 0805)
Added Component: Designator=C33(C 0805)
Added Component: Designator=C34(C 0805)
Added Component: Designator=C35A(C 0402)
Added Component: Designator=C35B(C 0402)
Added Component: Designator=C35C(C 0402)
Added Component: Designator=C35D(C 0402)
Added Component: Designator=C35E(C 0402)
Added Component: Designator=C35F(C 0402)
Added Component: Designator=C35G(C 0402)
Added Component: Designator=C35H(C 0402)
Added Component: Designator=C36(C 0805)
Added Component: Designator=C37A(C 0402)
Added Component: Designator=C37B(C 0402)
Added Component: Designator=C38(C 0402)
Added Component: Designator=C39(C 0402)
Added Component: Designator=C40A(C 0402)
Added Component: Designator=C40B(C 0402)
Added Component: Designator=C41A(CAPPC3528X100N)
Add component (AddParameter): Name = "Arrow Part Number"; Value = ""; VariantName = "[No Variations]"
Add component (AddParameter): Name = "Arrow Price/Stock"; Value = ""; VariantName = "[No Variations]"
Add component (AddParameter): Name = "Datasheet Link"; Value = "https://componentsearchengine.com/Datasheets/2/TL8B0336M020C.pdf"; VariantName = "[No Variations]"
Add component (AddParameter): Name = "Height"; Value = "1mm"; VariantName = "[No Variations]"
Add component (AddParameter): Name = "Manufacturer_Name"; Value = "Vishay"; VariantName = "[No Variations]"
Add component (AddParameter): Name = "Manufacturer_Part_Number"; Value = "TL8B0336M020C"; VariantName = "[No Variations]"
Add component (AddParameter): Name = "Mouser Part Number"; Value = "74-TL8B0336M020C"; VariantName = "[No Variations]"
Add component (AddParameter): Name = "Mouser Price/Stock"; Value = "https://www.mouser.com/Search/Refine.aspx?Keyword=74-TL8B0336M020C"; VariantName = "[No Variations]"
Added Component: Designator=C41B(CAPPC3528X100N)
Add component (AddParameter): Name = "Arrow Part Number"; Value = ""; VariantName = "[No Variations]"
Add component (AddParameter): Name = "Arrow Price/Stock"; Value = ""; VariantName = "[No Variations]"
Add component (AddParameter): Name = "Datasheet Link"; Value = "https://componentsearchengine.com/Datasheets/2/TL8B0336M020C.pdf"; VariantName = "[No Variations]"
Add component (AddParameter): Name = "Height"; Value = "1mm"; VariantName = "[No Variations]"
Add component (AddParameter): Name = "Manufacturer_Name"; Value = "Vishay"; VariantName = "[No Variations]"
Add component (AddParameter): Name = "Manufacturer_Part_Number"; Value = "TL8B0336M020C"; VariantName = "[No Variations]"
Add component (AddParameter): Name = "Mouser Part Number"; Value = "74-TL8B0336M020C"; VariantName = "[No Variations]"
Add component (AddParameter): Name = "Mouser Price/Stock"; Value = "https://www.mouser.com/Search/Refine.aspx?Keyword=74-TL8B0336M020C"; VariantName = "[No Variations]"
Added Component: Designator=C44A(CAPPC3528X100N)
Add component (AddParameter): Name = "Arrow Part Number"; Value = ""; VariantName = "[No Variations]"
Add component (AddParameter): Name = "Arrow Price/Stock"; Value = ""; VariantName = "[No Variations]"
Add component (AddParameter): Name = "Datasheet Link"; Value = "https://componentsearchengine.com/Datasheets/2/TL8B0336M020C.pdf"; VariantName = "[No Variations]"
Add component (AddParameter): Name = "Height"; Value = "1mm"; VariantName = "[No Variations]"
Add component (AddParameter): Name = "Manufacturer_Name"; Value = "Vishay"; VariantName = "[No Variations]"
Add component (AddParameter): Name = "Manufacturer_Part_Number"; Value = "TL8B0336M020C"; VariantName = "[No Variations]"
Add component (AddParameter): Name = "Mouser Part Number"; Value = "74-TL8B0336M020C"; VariantName = "[No Variations]"
Add component (AddParameter): Name = "Mouser Price/Stock"; Value = "https://www.mouser.com/Search/Refine.aspx?Keyword=74-TL8B0336M020C"; VariantName = "[No Variations]"
Added Component: Designator=C44B(CAPPC3528X100N)
Add component (AddParameter): Name = "Arrow Part Number"; Value = ""; VariantName = "[No Variations]"
Add component (AddParameter): Name = "Arrow Price/Stock"; Value = ""; VariantName = "[No Variations]"
Add component (AddParameter): Name = "Datasheet Link"; Value = "https://componentsearchengine.com/Datasheets/2/TL8B0336M020C.pdf"; VariantName = "[No Variations]"
Add component (AddParameter): Name = "Height"; Value = "1mm"; VariantName = "[No Variations]"
Add component (AddParameter): Name = "Manufacturer_Name"; Value = "Vishay"; VariantName = "[No Variations]"
Add component (AddParameter): Name = "Manufacturer_Part_Number"; Value = "TL8B0336M020C"; VariantName = "[No Variations]"
Add component (AddParameter): Name = "Mouser Part Number"; Value = "74-TL8B0336M020C"; VariantName = "[No Variations]"
Add component (AddParameter): Name = "Mouser Price/Stock"; Value = "https://www.mouser.com/Search/Refine.aspx?Keyword=74-TL8B0336M020C"; VariantName = "[No Variations]"
Added Component: Designator=C45(C 0402)
Added Component: Designator=C46(C 0402)
Added Component: Designator=C47(C 0402)
Added Component: Designator=C48(C 0402)
Added Component: Designator=C49(C 0603)
Added Component: Designator=C50(C 0603)
Added Component: Designator=C51A(CAPPC3528X100N)
Add component (AddParameter): Name = "Arrow Part Number"; Value = ""; VariantName = "[No Variations]"
Add component (AddParameter): Name = "Arrow Price/Stock"; Value = ""; VariantName = "[No Variations]"
Add component (AddParameter): Name = "Datasheet Link"; Value = "https://componentsearchengine.com/Datasheets/2/TL8B0336M020C.pdf"; VariantName = "[No Variations]"
Add component (AddParameter): Name = "Height"; Value = "1mm"; VariantName = "[No Variations]"
Add component (AddParameter): Name = "Manufacturer_Name"; Value = "Vishay"; VariantName = "[No Variations]"
Add component (AddParameter): Name = "Manufacturer_Part_Number"; Value = "TL8B0336M020C"; VariantName = "[No Variations]"
Add component (AddParameter): Name = "Mouser Part Number"; Value = "74-TL8B0336M020C"; VariantName = "[No Variations]"
Add component (AddParameter): Name = "Mouser Price/Stock"; Value = "https://www.mouser.com/Search/Refine.aspx?Keyword=74-TL8B0336M020C"; VariantName = "[No Variations]"
Added Component: Designator=C51B(CAPPC3528X100N)
Add component (AddParameter): Name = "Arrow Part Number"; Value = ""; VariantName = "[No Variations]"
Add component (AddParameter): Name = "Arrow Price/Stock"; Value = ""; VariantName = "[No Variations]"
Add component (AddParameter): Name = "Datasheet Link"; Value = "https://componentsearchengine.com/Datasheets/2/TL8B0336M020C.pdf"; VariantName = "[No Variations]"
Add component (AddParameter): Name = "Height"; Value = "1mm"; VariantName = "[No Variations]"
Add component (AddParameter): Name = "Manufacturer_Name"; Value = "Vishay"; VariantName = "[No Variations]"
Add component (AddParameter): Name = "Manufacturer_Part_Number"; Value = "TL8B0336M020C"; VariantName = "[No Variations]"
Add component (AddParameter): Name = "Mouser Part Number"; Value = "74-TL8B0336M020C"; VariantName = "[No Variations]"
Add component (AddParameter): Name = "Mouser Price/Stock"; Value = "https://www.mouser.com/Search/Refine.aspx?Keyword=74-TL8B0336M020C"; VariantName = "[No Variations]"
Added Component: Designator=C52(C 0402)
Added Component: Designator=C53(C 0402)
Added Component: Designator=C54(C 0402)
Added Component: Designator=C55(C 0402)
Added Component: Designator=C56(C 0402)
Added Component: Designator=C57(C 0402)
Added Component: Designator=C58(C 0402)
Added Component: Designator=C59(C 0402)
Added Component: Designator=C60(C 0402)
Added Component: Designator=C61(C 0402)
Added Component: Designator=C62(C 0402)
Added Component: Designator=C63(C 0402)
Added Component: Designator=C64(C 0402)
Added Component: Designator=C65(C 0402)
Added Component: Designator=C66(C 0402)
Added Component: Designator=C67(C 0402)
Added Component: Designator=C68(C 0402)
Added Component: Designator=C69(C 0402)
Added Component: Designator=C70A(CAPPC3528X100N)
Add component (AddParameter): Name = "Arrow Part Number"; Value = ""; VariantName = "[No Variations]"
Add component (AddParameter): Name = "Arrow Price/Stock"; Value = ""; VariantName = "[No Variations]"
Add component (AddParameter): Name = "Datasheet Link"; Value = "https://componentsearchengine.com/Datasheets/2/TL8B0336M020C.pdf"; VariantName = "[No Variations]"
Add component (AddParameter): Name = "Height"; Value = "1mm"; VariantName = "[No Variations]"
Add component (AddParameter): Name = "Manufacturer_Name"; Value = "Vishay"; VariantName = "[No Variations]"
Add component (AddParameter): Name = "Manufacturer_Part_Number"; Value = "TL8B0336M020C"; VariantName = "[No Variations]"
Add component (AddParameter): Name = "Mouser Part Number"; Value = "74-TL8B0336M020C"; VariantName = "[No Variations]"
Add component (AddParameter): Name = "Mouser Price/Stock"; Value = "https://www.mouser.com/Search/Refine.aspx?Keyword=74-TL8B0336M020C"; VariantName = "[No Variations]"
Added Component: Designator=C70B(CAPPC3528X100N)
Add component (AddParameter): Name = "Arrow Part Number"; Value = ""; VariantName = "[No Variations]"
Add component (AddParameter): Name = "Arrow Price/Stock"; Value = ""; VariantName = "[No Variations]"
Add component (AddParameter): Name = "Datasheet Link"; Value = "https://componentsearchengine.com/Datasheets/2/TL8B0336M020C.pdf"; VariantName = "[No Variations]"
Add component (AddParameter): Name = "Height"; Value = "1mm"; VariantName = "[No Variations]"
Add component (AddParameter): Name = "Manufacturer_Name"; Value = "Vishay"; VariantName = "[No Variations]"
Add component (AddParameter): Name = "Manufacturer_Part_Number"; Value = "TL8B0336M020C"; VariantName = "[No Variations]"
Add component (AddParameter): Name = "Mouser Part Number"; Value = "74-TL8B0336M020C"; VariantName = "[No Variations]"
Add component (AddParameter): Name = "Mouser Price/Stock"; Value = "https://www.mouser.com/Search/Refine.aspx?Keyword=74-TL8B0336M020C"; VariantName = "[No Variations]"
Added Component: Designator=C71A(CAPPC3528X100N)
Add component (AddParameter): Name = "Arrow Part Number"; Value = ""; VariantName = "[No Variations]"
Add component (AddParameter): Name = "Arrow Price/Stock"; Value = ""; VariantName = "[No Variations]"
Add component (AddParameter): Name = "Datasheet Link"; Value = "https://componentsearchengine.com/Datasheets/2/TL8B0336M020C.pdf"; VariantName = "[No Variations]"
Add component (AddParameter): Name = "Height"; Value = "1mm"; VariantName = "[No Variations]"
Add component (AddParameter): Name = "Manufacturer_Name"; Value = "Vishay"; VariantName = "[No Variations]"
Add component (AddParameter): Name = "Manufacturer_Part_Number"; Value = "TL8B0336M020C"; VariantName = "[No Variations]"
Add component (AddParameter): Name = "Mouser Part Number"; Value = "74-TL8B0336M020C"; VariantName = "[No Variations]"
Add component (AddParameter): Name = "Mouser Price/Stock"; Value = "https://www.mouser.com/Search/Refine.aspx?Keyword=74-TL8B0336M020C"; VariantName = "[No Variations]"
Added Component: Designator=C71B(CAPPC3528X100N)
Add component (AddParameter): Name = "Arrow Part Number"; Value = ""; VariantName = "[No Variations]"
Add component (AddParameter): Name = "Arrow Price/Stock"; Value = ""; VariantName = "[No Variations]"
Add component (AddParameter): Name = "Datasheet Link"; Value = "https://componentsearchengine.com/Datasheets/2/TL8B0336M020C.pdf"; VariantName = "[No Variations]"
Add component (AddParameter): Name = "Height"; Value = "1mm"; VariantName = "[No Variations]"
Add component (AddParameter): Name = "Manufacturer_Name"; Value = "Vishay"; VariantName = "[No Variations]"
Add component (AddParameter): Name = "Manufacturer_Part_Number"; Value = "TL8B0336M020C"; VariantName = "[No Variations]"
Add component (AddParameter): Name = "Mouser Part Number"; Value = "74-TL8B0336M020C"; VariantName = "[No Variations]"
Add component (AddParameter): Name = "Mouser Price/Stock"; Value = "https://www.mouser.com/Search/Refine.aspx?Keyword=74-TL8B0336M020C"; VariantName = "[No Variations]"
Added Component: Designator=C72A(C 0805)
Added Component: Designator=C72B(C 0805)
Added Component: Designator=C73A(CAPPC3528X100N)
Add component (AddParameter): Name = "Arrow Part Number"; Value = ""; VariantName = "[No Variations]"
Add component (AddParameter): Name = "Arrow Price/Stock"; Value = ""; VariantName = "[No Variations]"
Add component (AddParameter): Name = "Datasheet Link"; Value = "https://componentsearchengine.com/Datasheets/2/TL8B0336M020C.pdf"; VariantName = "[No Variations]"
Add component (AddParameter): Name = "Height"; Value = "1mm"; VariantName = "[No Variations]"
Add component (AddParameter): Name = "Manufacturer_Name"; Value = "Vishay"; VariantName = "[No Variations]"
Add component (AddParameter): Name = "Manufacturer_Part_Number"; Value = "TL8B0336M020C"; VariantName = "[No Variations]"
Add component (AddParameter): Name = "Mouser Part Number"; Value = "74-TL8B0336M020C"; VariantName = "[No Variations]"
Add component (AddParameter): Name = "Mouser Price/Stock"; Value = "https://www.mouser.com/Search/Refine.aspx?Keyword=74-TL8B0336M020C"; VariantName = "[No Variations]"
Added Component: Designator=C73B(CAPPC3528X100N)
Add component (AddParameter): Name = "Arrow Part Number"; Value = ""; VariantName = "[No Variations]"
Add component (AddParameter): Name = "Arrow Price/Stock"; Value = ""; VariantName = "[No Variations]"
Add component (AddParameter): Name = "Datasheet Link"; Value = "https://componentsearchengine.com/Datasheets/2/TL8B0336M020C.pdf"; VariantName = "[No Variations]"
Add component (AddParameter): Name = "Height"; Value = "1mm"; VariantName = "[No Variations]"
Add component (AddParameter): Name = "Manufacturer_Name"; Value = "Vishay"; VariantName = "[No Variations]"
Add component (AddParameter): Name = "Manufacturer_Part_Number"; Value = "TL8B0336M020C"; VariantName = "[No Variations]"
Add component (AddParameter): Name = "Mouser Part Number"; Value = "74-TL8B0336M020C"; VariantName = "[No Variations]"
Add component (AddParameter): Name = "Mouser Price/Stock"; Value = "https://www.mouser.com/Search/Refine.aspx?Keyword=74-TL8B0336M020C"; VariantName = "[No Variations]"
Added Component: Designator=C74A(C 0805)
Added Component: Designator=C74B(C 0805)
Added Component: Designator=C75A(C 0402)
Added Component: Designator=C75B(C 0402)
Added Component: Designator=C76A(C 0402)
Added Component: Designator=C76B(C 0402)
Added Component: Designator=D1(SOD523)
Added Component: Designator=D2(SOD523)
Added Component: Designator=D4(SOT65P210X110-3N)
Add component (AddParameter): Name = "Arrow Part Number"; Value = "BAV199W-7"; VariantName = "[No Variations]"
Add component (AddParameter): Name = "Arrow Price/Stock"; Value = "https://www.arrow.com/en/products/bav199w-7/diodes-incorporated?utm_currency=USD&region=europe"; VariantName = "[No Variations]"
Add component (AddParameter): Name = "Datasheet Link"; Value = "https://www.diodes.com//assets/Datasheets/ds30462.pdf"; VariantName = "[No Variations]"
Add component (AddParameter): Name = "Height"; Value = "1.1mm"; VariantName = "[No Variations]"
Add component (AddParameter): Name = "Manufacturer_Name"; Value = "Diodes Incorporated"; VariantName = "[No Variations]"
Add component (AddParameter): Name = "Manufacturer_Part_Number"; Value = "BAV199W-7"; VariantName = "[No Variations]"
Add component (AddParameter): Name = "Mouser Part Number"; Value = "621-BAV199W-7"; VariantName = "[No Variations]"
Add component (AddParameter): Name = "Mouser Price/Stock"; Value = "https://www.mouser.co.uk/ProductDetail/Diodes-Incorporated/BAV199W-7?qs=rGAXPo9uwV1rE3JSBcdiXg%3D%3D"; VariantName = "[No Variations]"
Added Component: Designator=D5(1N4148WT7)
Add component (AddParameter): Name = "Arrow Part Number"; Value = "1N4148WT-7"; VariantName = "[No Variations]"
Add component (AddParameter): Name = "Arrow Price/Stock"; Value = "https://www.arrow.com/en/products/1n4148wt-7/diodes-incorporated?region=nac"; VariantName = "[No Variations]"
Add component (AddParameter): Name = "Datasheet Link"; Value = "https://datasheet.datasheetarchive.com/originals/distributors/Datasheets-305/73268.pdf"; VariantName = "[No Variations]"
Add component (AddParameter): Name = "Height"; Value = "0mm"; VariantName = "[No Variations]"
Add component (AddParameter): Name = "Manufacturer_Name"; Value = "Diodes Inc."; VariantName = "[No Variations]"
Add component (AddParameter): Name = "Manufacturer_Part_Number"; Value = "1N4148WT-7"; VariantName = "[No Variations]"
Add component (AddParameter): Name = "Mouser Part Number"; Value = "621-1N4148WT"; VariantName = "[No Variations]"
Add component (AddParameter): Name = "Mouser Price/Stock"; Value = "https://www.mouser.co.uk/ProductDetail/Diodes-Incorporated/1N4148WT-7?qs=FITO%2F%2FQgYDlMYETivVNccQ%3D%3D"; VariantName = "[No Variations]"
Added Component: Designator=D6(LED 0402)
Added Component: Designator=D7(LED 0402)
Added Component: Designator=D8(LED 0402)
Added Component: Designator=D_3v3(LED 0402)
Added Component: Designator=D_5V(LED 0402)
Added Component: Designator=D_VCC(LED 0402)
Added Component: Designator=DIST1(SM04B-XSRS-ETB_2)
Add component (AddParameter): Name = "Arrow Part Number"; Value = ""; VariantName = "[No Variations]"
Add component (AddParameter): Name = "Arrow Price/Stock"; Value = ""; VariantName = "[No Variations]"
Add component (AddParameter): Name = "Datasheet Link"; Value = "https://pt.mouser.com/datasheet/3/1070/1/eXSR.pdf"; VariantName = "[No Variations]"
Add component (AddParameter): Name = "Manufacturer_Name"; Value = "JST (JAPAN SOLDERLESS TERMINALS)"; VariantName = "[No Variations]"
Add component (AddParameter): Name = "Manufacturer_Part_Number"; Value = "SM04B-XSRS-ETB(LF)(SN)"; VariantName = "[No Variations]"
Add component (AddParameter): Name = "Mouser Part Number"; Value = "306-SM04BXSRSETBLFSN"; VariantName = "[No Variations]"
Add component (AddParameter): Name = "Mouser Price/Stock"; Value = "https://www.mouser.co.uk/ProductDetail/JST-Commercial/SM04B-XSRS-ETBLFSN?qs=QpmGXVUTftEeZ2Uizbg35Q%3D%3D"; VariantName = "[No Variations]"
Added Component: Designator=DIST2(SM04B-XSRS-ETB_2)
Add component (AddParameter): Name = "Arrow Part Number"; Value = ""; VariantName = "[No Variations]"
Add component (AddParameter): Name = "Arrow Price/Stock"; Value = ""; VariantName = "[No Variations]"
Add component (AddParameter): Name = "Datasheet Link"; Value = "https://pt.mouser.com/datasheet/3/1070/1/eXSR.pdf"; VariantName = "[No Variations]"
Add component (AddParameter): Name = "Manufacturer_Name"; Value = "JST (JAPAN SOLDERLESS TERMINALS)"; VariantName = "[No Variations]"
Add component (AddParameter): Name = "Manufacturer_Part_Number"; Value = "SM04B-XSRS-ETB(LF)(SN)"; VariantName = "[No Variations]"
Add component (AddParameter): Name = "Mouser Part Number"; Value = "306-SM04BXSRSETBLFSN"; VariantName = "[No Variations]"
Add component (AddParameter): Name = "Mouser Price/Stock"; Value = "https://www.mouser.co.uk/ProductDetail/JST-Commercial/SM04B-XSRS-ETBLFSN?qs=QpmGXVUTftEeZ2Uizbg35Q%3D%3D"; VariantName = "[No Variations]"
Added Component: Designator=DIST3(SM04B-XSRS-ETB_2)
Add component (AddParameter): Name = "Arrow Part Number"; Value = ""; VariantName = "[No Variations]"
Add component (AddParameter): Name = "Arrow Price/Stock"; Value = ""; VariantName = "[No Variations]"
Add component (AddParameter): Name = "Datasheet Link"; Value = "https://pt.mouser.com/datasheet/3/1070/1/eXSR.pdf"; VariantName = "[No Variations]"
Add component (AddParameter): Name = "Manufacturer_Name"; Value = "JST (JAPAN SOLDERLESS TERMINALS)"; VariantName = "[No Variations]"
Add component (AddParameter): Name = "Manufacturer_Part_Number"; Value = "SM04B-XSRS-ETB(LF)(SN)"; VariantName = "[No Variations]"
Add component (AddParameter): Name = "Mouser Part Number"; Value = "306-SM04BXSRSETBLFSN"; VariantName = "[No Variations]"
Add component (AddParameter): Name = "Mouser Price/Stock"; Value = "https://www.mouser.co.uk/ProductDetail/JST-Commercial/SM04B-XSRS-ETBLFSN?qs=QpmGXVUTftEeZ2Uizbg35Q%3D%3D"; VariantName = "[No Variations]"
Added Component: Designator=DIST4(SM04B-XSRS-ETB_2)
Add component (AddParameter): Name = "Arrow Part Number"; Value = ""; VariantName = "[No Variations]"
Add component (AddParameter): Name = "Arrow Price/Stock"; Value = ""; VariantName = "[No Variations]"
Add component (AddParameter): Name = "Datasheet Link"; Value = "https://pt.mouser.com/datasheet/3/1070/1/eXSR.pdf"; VariantName = "[No Variations]"
Add component (AddParameter): Name = "Manufacturer_Name"; Value = "JST (JAPAN SOLDERLESS TERMINALS)"; VariantName = "[No Variations]"
Add component (AddParameter): Name = "Manufacturer_Part_Number"; Value = "SM04B-XSRS-ETB(LF)(SN)"; VariantName = "[No Variations]"
Add component (AddParameter): Name = "Mouser Part Number"; Value = "306-SM04BXSRSETBLFSN"; VariantName = "[No Variations]"
Add component (AddParameter): Name = "Mouser Price/Stock"; Value = "https://www.mouser.co.uk/ProductDetail/JST-Commercial/SM04B-XSRS-ETBLFSN?qs=QpmGXVUTftEeZ2Uizbg35Q%3D%3D"; VariantName = "[No Variations]"
Added Component: Designator=GND1(SMD PAD 2.54x5.08)
Added Component: Designator=IC2(AP63203WU7)
Add component (AddParameter): Name = "Arrow Part Number"; Value = "AP63203WU-7"; VariantName = "[No Variations]"
Add component (AddParameter): Name = "Arrow Price/Stock"; Value = "https://www.arrow.com/en/products/ap63203wu-7/diodes-incorporated?utm_currency=USD&region=europe"; VariantName = "[No Variations]"
Add component (AddParameter): Name = "Datasheet Link"; Value = "https://www.diodes.com/assets/Datasheets/AP63200-AP63201-AP63203-AP63205.pdf"; VariantName = "[No Variations]"
Add component (AddParameter): Name = "Height"; Value = "1mm"; VariantName = "[No Variations]"
Add component (AddParameter): Name = "Manufacturer_Name"; Value = "Diodes Incorporated"; VariantName = "[No Variations]"
Add component (AddParameter): Name = "Manufacturer_Part_Number"; Value = "AP63203WU-7"; VariantName = "[No Variations]"
Add component (AddParameter): Name = "Mouser Part Number"; Value = "621-AP63203WU-7"; VariantName = "[No Variations]"
Add component (AddParameter): Name = "Mouser Price/Stock"; Value = "https://www.mouser.co.uk/ProductDetail/Diodes-Incorporated/AP63203WU-7?qs=u16ybLDytRZ1JqxbuLkMJw%3D%3D"; VariantName = "[No Variations]"
Added Component: Designator=IC3(AP63203WU7)
Add component (AddParameter): Name = "Arrow Part Number"; Value = "AP63203WU-7"; VariantName = "[No Variations]"
Add component (AddParameter): Name = "Arrow Price/Stock"; Value = "https://www.arrow.com/en/products/ap63203wu-7/diodes-incorporated?utm_currency=USD&region=europe"; VariantName = "[No Variations]"
Add component (AddParameter): Name = "Datasheet Link"; Value = "https://www.diodes.com/assets/Datasheets/AP63200-AP63201-AP63203-AP63205.pdf"; VariantName = "[No Variations]"
Add component (AddParameter): Name = "Height"; Value = "1mm"; VariantName = "[No Variations]"
Add component (AddParameter): Name = "Manufacturer_Name"; Value = "Diodes Incorporated"; VariantName = "[No Variations]"
Add component (AddParameter): Name = "Manufacturer_Part_Number"; Value = "AP63203WU-7"; VariantName = "[No Variations]"
Add component (AddParameter): Name = "Mouser Part Number"; Value = "621-AP63203WU-7"; VariantName = "[No Variations]"
Add component (AddParameter): Name = "Mouser Price/Stock"; Value = "https://www.mouser.co.uk/ProductDetail/Diodes-Incorporated/AP63203WU-7?qs=u16ybLDytRZ1JqxbuLkMJw%3D%3D"; VariantName = "[No Variations]"
Added Component: Designator=IC5(LSM6DSV16BXTR)
Add component (AddParameter): Name = "Arrow Part Number"; Value = "LSM6DSV320XTR"; VariantName = "[No Variations]"
Add component (AddParameter): Name = "Arrow Price/Stock"; Value = "https://www.arrow.com/en/products/lsm6dsv320xtr/stmicroelectronics?utm_currency=USD&region=nac"; VariantName = "[No Variations]"
Add component (AddParameter): Name = "Datasheet Link"; Value = "https://www.st.com/resource/en/datasheet/lsm6dsv320x.pdf"; VariantName = "[No Variations]"
Add component (AddParameter): Name = "Height"; Value = "0.74mm"; VariantName = "[No Variations]"
Add component (AddParameter): Name = "Manufacturer_Name"; Value = "STMicroelectronics"; VariantName = "[No Variations]"
Add component (AddParameter): Name = "Manufacturer_Part_Number"; Value = "LSM6DSV320XTR"; VariantName = "[No Variations]"
Add component (AddParameter): Name = "Mouser Part Number"; Value = "511-LSM6DSV320XTR"; VariantName = "[No Variations]"
Add component (AddParameter): Name = "Mouser Price/Stock"; Value = "https://www.mouser.co.uk/ProductDetail/STMicroelectronics/LSM6DSV320XTR?qs=ZcfC38r4PovtVvaAitDAYA%3D%3D"; VariantName = "[No Variations]"
Added Component: Designator=IC6A(SOP65P640X120-25N)
Add component (AddParameter): Name = "Arrow Part Number"; Value = "DRV8873SPWPR"; VariantName = "[No Variations]"
Add component (AddParameter): Name = "Arrow Price/Stock"; Value = "https://www.arrow.com/en/products/drv8873spwpr/texas-instruments.html?utm_currency=USD&region=nac"; VariantName = "[No Variations]"
Add component (AddParameter): Name = "Datasheet Link"; Value = "http://www.ti.com/lit/ds/symlink/drv8873.pdf"; VariantName = "[No Variations]"
Add component (AddParameter): Name = "Height"; Value = "1.2mm"; VariantName = "[No Variations]"
Add component (AddParameter): Name = "Manufacturer_Name"; Value = "Texas Instruments"; VariantName = "[No Variations]"
Add component (AddParameter): Name = "Manufacturer_Part_Number"; Value = "DRV8873SPWPR"; VariantName = "[No Variations]"
Add component (AddParameter): Name = "Mouser Part Number"; Value = "595-DRV8873SPWPR"; VariantName = "[No Variations]"
Add component (AddParameter): Name = "Mouser Price/Stock"; Value = "https://www.mouser.co.uk/ProductDetail/Texas-Instruments/DRV8873SPWPR?qs=0lSvoLzn4L%2FOilSh2RhZEg%3D%3D"; VariantName = "[No Variations]"
Added Component: Designator=IC6B(SOP65P640X120-25N)
Add component (AddParameter): Name = "Arrow Part Number"; Value = "DRV8873SPWPR"; VariantName = "[No Variations]"
Add component (AddParameter): Name = "Arrow Price/Stock"; Value = "https://www.arrow.com/en/products/drv8873spwpr/texas-instruments.html?utm_currency=USD&region=nac"; VariantName = "[No Variations]"
Add component (AddParameter): Name = "Datasheet Link"; Value = "http://www.ti.com/lit/ds/symlink/drv8873.pdf"; VariantName = "[No Variations]"
Add component (AddParameter): Name = "Height"; Value = "1.2mm"; VariantName = "[No Variations]"
Add component (AddParameter): Name = "Manufacturer_Name"; Value = "Texas Instruments"; VariantName = "[No Variations]"
Add component (AddParameter): Name = "Manufacturer_Part_Number"; Value = "DRV8873SPWPR"; VariantName = "[No Variations]"
Add component (AddParameter): Name = "Mouser Part Number"; Value = "595-DRV8873SPWPR"; VariantName = "[No Variations]"
Add component (AddParameter): Name = "Mouser Price/Stock"; Value = "https://www.mouser.co.uk/ProductDetail/Texas-Instruments/DRV8873SPWPR?qs=0lSvoLzn4L%2FOilSh2RhZEg%3D%3D"; VariantName = "[No Variations]"
Added Component: Designator=IC7(TSOP57438TT1)
Add component (AddParameter): Name = "Arrow Part Number"; Value = "TSOP57438TT1"; VariantName = "[No Variations]"
Add component (AddParameter): Name = "Arrow Price/Stock"; Value = "https://www.arrow.com/en/products/tsop57438tt1/vishay?region=nac"; VariantName = "[No Variations]"
Add component (AddParameter): Name = "Datasheet Link"; Value = "http://www.vishay.com/docs/82434/tsop572.pdf"; VariantName = "[No Variations]"
Add component (AddParameter): Name = "Height"; Value = "0.8mm"; VariantName = "[No Variations]"
Add component (AddParameter): Name = "Manufacturer_Name"; Value = "Vishay"; VariantName = "[No Variations]"
Add component (AddParameter): Name = "Manufacturer_Part_Number"; Value = "TSOP57438TT1"; VariantName = "[No Variations]"
Add component (AddParameter): Name = "Mouser Part Number"; Value = "78-TSOP57438TT1"; VariantName = "[No Variations]"
Add component (AddParameter): Name = "Mouser Price/Stock"; Value = "https://www.mouser.co.uk/ProductDetail/Vishay-Semiconductors/TSOP57438TT1?qs=irVir877As%252B0kVjtr547ig%3D%3D"; VariantName = "[No Variations]"
Added Component: Designator=L1(L 1206)
Added Component: Designator=L2(L 1206)
Added Component: Designator=LINE1(SM04B-XSRS-ETB_2)
Add component (AddParameter): Name = "Arrow Part Number"; Value = ""; VariantName = "[No Variations]"
Add component (AddParameter): Name = "Arrow Price/Stock"; Value = ""; VariantName = "[No Variations]"
Add component (AddParameter): Name = "Datasheet Link"; Value = "https://pt.mouser.com/datasheet/3/1070/1/eXSR.pdf"; VariantName = "[No Variations]"
Add component (AddParameter): Name = "Manufacturer_Name"; Value = "JST (JAPAN SOLDERLESS TERMINALS)"; VariantName = "[No Variations]"
Add component (AddParameter): Name = "Manufacturer_Part_Number"; Value = "SM04B-XSRS-ETB(LF)(SN)"; VariantName = "[No Variations]"
Add component (AddParameter): Name = "Mouser Part Number"; Value = "306-SM04BXSRSETBLFSN"; VariantName = "[No Variations]"
Add component (AddParameter): Name = "Mouser Price/Stock"; Value = "https://www.mouser.co.uk/ProductDetail/JST-Commercial/SM04B-XSRS-ETBLFSN?qs=QpmGXVUTftEeZ2Uizbg35Q%3D%3D"; VariantName = "[No Variations]"
Added Component: Designator=LINE2(SM04B-XSRS-ETB_2)
Add component (AddParameter): Name = "Arrow Part Number"; Value = ""; VariantName = "[No Variations]"
Add component (AddParameter): Name = "Arrow Price/Stock"; Value = ""; VariantName = "[No Variations]"
Add component (AddParameter): Name = "Datasheet Link"; Value = "https://pt.mouser.com/datasheet/3/1070/1/eXSR.pdf"; VariantName = "[No Variations]"
Add component (AddParameter): Name = "Manufacturer_Name"; Value = "JST (JAPAN SOLDERLESS TERMINALS)"; VariantName = "[No Variations]"
Add component (AddParameter): Name = "Manufacturer_Part_Number"; Value = "SM04B-XSRS-ETB(LF)(SN)"; VariantName = "[No Variations]"
Add component (AddParameter): Name = "Mouser Part Number"; Value = "306-SM04BXSRSETBLFSN"; VariantName = "[No Variations]"
Add component (AddParameter): Name = "Mouser Price/Stock"; Value = "https://www.mouser.co.uk/ProductDetail/JST-Commercial/SM04B-XSRS-ETBLFSN?qs=QpmGXVUTftEeZ2Uizbg35Q%3D%3D"; VariantName = "[No Variations]"
Added Component: Designator=LINE3(SM04B-XSRS-ETB_2)
Add component (AddParameter): Name = "Arrow Part Number"; Value = ""; VariantName = "[No Variations]"
Add component (AddParameter): Name = "Arrow Price/Stock"; Value = ""; VariantName = "[No Variations]"
Add component (AddParameter): Name = "Datasheet Link"; Value = "https://pt.mouser.com/datasheet/3/1070/1/eXSR.pdf"; VariantName = "[No Variations]"
Add component (AddParameter): Name = "Manufacturer_Name"; Value = "JST (JAPAN SOLDERLESS TERMINALS)"; VariantName = "[No Variations]"
Add component (AddParameter): Name = "Manufacturer_Part_Number"; Value = "SM04B-XSRS-ETB(LF)(SN)"; VariantName = "[No Variations]"
Add component (AddParameter): Name = "Mouser Part Number"; Value = "306-SM04BXSRSETBLFSN"; VariantName = "[No Variations]"
Add component (AddParameter): Name = "Mouser Price/Stock"; Value = "https://www.mouser.co.uk/ProductDetail/JST-Commercial/SM04B-XSRS-ETBLFSN?qs=QpmGXVUTftEeZ2Uizbg35Q%3D%3D"; VariantName = "[No Variations]"
Added Component: Designator=LINE4(SM04B-XSRS-ETB_2)
Add component (AddParameter): Name = "Arrow Part Number"; Value = ""; VariantName = "[No Variations]"
Add component (AddParameter): Name = "Arrow Price/Stock"; Value = ""; VariantName = "[No Variations]"
Add component (AddParameter): Name = "Datasheet Link"; Value = "https://pt.mouser.com/datasheet/3/1070/1/eXSR.pdf"; VariantName = "[No Variations]"
Add component (AddParameter): Name = "Manufacturer_Name"; Value = "JST (JAPAN SOLDERLESS TERMINALS)"; VariantName = "[No Variations]"
Add component (AddParameter): Name = "Manufacturer_Part_Number"; Value = "SM04B-XSRS-ETB(LF)(SN)"; VariantName = "[No Variations]"
Add component (AddParameter): Name = "Mouser Part Number"; Value = "306-SM04BXSRSETBLFSN"; VariantName = "[No Variations]"
Add component (AddParameter): Name = "Mouser Price/Stock"; Value = "https://www.mouser.co.uk/ProductDetail/JST-Commercial/SM04B-XSRS-ETBLFSN?qs=QpmGXVUTftEeZ2Uizbg35Q%3D%3D"; VariantName = "[No Variations]"
Added Component: Designator=M1A(GOLDPIN 2.54mm 1P)
Added Component: Designator=M1B(GOLDPIN 2.54mm 1P)
Added Component: Designator=M2A(GOLDPIN 2.54mm 1P)
Added Component: Designator=M2B(GOLDPIN 2.54mm 1P)
Added Component: Designator=OLED1(oled flex 0.96)
Added Component: Designator=PROG(BM04B-SRSS-TB)
Added Component: Designator=Q1(dfn33)
Added Component: Designator=Q2(dfn33)
Added Component: Designator=R2(R 0402)
Added Component: Designator=R3(R 0402)
Added Component: Designator=R4(R 0402)
Added Component: Designator=R5A(R 0402)
Added Component: Designator=R5B(R 0402)
Added Component: Designator=R5C(R 0402)
Added Component: Designator=R5D(R 0402)
Added Component: Designator=R5E(R 0402)
Added Component: Designator=R5F(R 0402)
Added Component: Designator=R5G(R 0402)
Added Component: Designator=R5H(R 0402)
Added Component: Designator=R8A(R 0402)
Added Component: Designator=R8B(R 0402)
Added Component: Designator=R9A(R 0402)
Added Component: Designator=R9B(R 0402)
Added Component: Designator=R10A(R 0402)
Added Component: Designator=R10B(R 0402)
Added Component: Designator=R11A(R 0402)
Added Component: Designator=R11B(R 0402)
Added Component: Designator=R12(R 0402)
Added Component: Designator=R13A(R 0402)
Added Component: Designator=R13B(R 0402)
Added Component: Designator=R15(R 0402)
Added Component: Designator=R16(R 0402)
Added Component: Designator=R20(R 0402)
Added Component: Designator=R21(R 0402)
Added Component: Designator=R22(R 0402)
Added Component: Designator=R23(R 0402)
Added Component: Designator=R24(R 0402)
Added Component: Designator=R25(R 0402)
Added Component: Designator=R26(R 0402)
Added Component: Designator=R27(R 0402)
Added Component: Designator=R28(R 0402)
Added Component: Designator=R29(R 0402)
Added Component: Designator=R30(R 0402)
Added Component: Designator=R31(R 0402)
Added Component: Designator=R32(R 0402)
Added Component: Designator=R33(R 0402)
Added Component: Designator=R34(R 0402)
Added Component: Designator=R35(R 0402)
Added Component: Designator=R36(R 0402)
Added Component: Designator=R37(R 0402)
Added Component: Designator=S1(SKRHABE010)
Add component (AddParameter): Name = "Arrow Part Number"; Value = "SKRHABE010"; VariantName = "[No Variations]"
Add component (AddParameter): Name = "Arrow Price/Stock"; Value = "https://www.arrow.com/en/products/skrhabe010/alps-electric"; VariantName = "[No Variations]"
Add component (AddParameter): Name = "Datasheet Link"; Value = ""; VariantName = "[No Variations]"
Add component (AddParameter): Name = "Height"; Value = "5mm"; VariantName = "[No Variations]"
Add component (AddParameter): Name = "Manufacturer_Name"; Value = "ALPS Electric"; VariantName = "[No Variations]"
Add component (AddParameter): Name = "Manufacturer_Part_Number"; Value = "SKRHABE010"; VariantName = "[No Variations]"
Add component (AddParameter): Name = "Mouser Part Number"; Value = "688-SKRHAB"; VariantName = "[No Variations]"
Add component (AddParameter): Name = "Mouser Price/Stock"; Value = "https://www.mouser.co.uk/ProductDetail/Alps-Alpine/SKRHABE010?qs=seHrhfPpLDxEOwRqoDvYHw%3D%3D"; VariantName = "[No Variations]"
Added Component: Designator=S2(EG1271)
Add component (AddParameter): Name = "Arrow Part Number"; Value = ""; VariantName = "[No Variations]"
Add component (AddParameter): Name = "Arrow Price/Stock"; Value = ""; VariantName = "[No Variations]"
Add component (AddParameter): Name = "Datasheet Link"; Value = "https://configured-product-images.s3.amazonaws.com/2D/specs/EG1271A.pdf"; VariantName = "[No Variations]"
Add component (AddParameter): Name = "Manufacturer_Name"; Value = "E-Switch"; VariantName = "[No Variations]"
Add component (AddParameter): Name = "Manufacturer_Part_Number"; Value = "EG1271A"; VariantName = "[No Variations]"
Add component (AddParameter): Name = "Mouser Part Number"; Value = "612-EG1271A"; VariantName = "[No Variations]"
Add component (AddParameter): Name = "Mouser Price/Stock"; Value = "https://www.mouser.co.uk/ProductDetail/E-Switch/EG1271A?qs=YXf4ACKMM4zsVCD8YMVB7w%3D%3D"; VariantName = "[No Variations]"
Added Component: Designator=VIN1(SMD PAD 2.54x5.08)
Added Component: Designator=Y1(US3200005Z)
Add component (AddParameter): Name = "Arrow Part Number"; Value = "US3200005Z"; VariantName = "[No Variations]"
Add component (AddParameter): Name = "Arrow Price/Stock"; Value = "https://www.arrow.com/en/products/us3200005z/diodes-incorporated?region=nac"; VariantName = "[No Variations]"
Add component (AddParameter): Name = "Datasheet Link"; Value = "https://www.digikey.com/en/products/detail/diodes-incorporated/US3200005Z/6049201"; VariantName = "[No Variations]"
Add component (AddParameter): Name = "Height"; Value = "0.4mm"; VariantName = "[No Variations]"
Add component (AddParameter): Name = "Manufacturer_Name"; Value = "Diodes Incorporated"; VariantName = "[No Variations]"
Add component (AddParameter): Name = "Manufacturer_Part_Number"; Value = "US3200005Z"; VariantName = "[No Variations]"
Add component (AddParameter): Name = "Mouser Part Number"; Value = "729-US3200005Z"; VariantName = "[No Variations]"
Add component (AddParameter): Name = "Mouser Price/Stock"; Value = "https://www.mouser.co.uk/ProductDetail/Diodes-Incorporated/US3200005Z?qs=ZrPdAQfJ6DNKaEa1UhmxSg%3D%3D"; VariantName = "[No Variations]"
Added Pin To Net: NetName=3.3v Pin=C1-1
Added Pin To Net: NetName=3.3v Pin=C2-1
Added Pin To Net: NetName=3.3v Pin=C3-1
Added Pin To Net: NetName=3.3v Pin=C4-1
Added Pin To Net: NetName=3.3v Pin=C9-1
Added Pin To Net: NetName=3.3v Pin=C13-1
Added Pin To Net: NetName=3.3v Pin=C15-1
Added Pin To Net: NetName=3.3v Pin=C18-1
Added Pin To Net: NetName=3.3v Pin=C20-1
Added Pin To Net: NetName=3.3v Pin=C24-1
Added Pin To Net: NetName=3.3v Pin=C26-1
Added Pin To Net: NetName=3.3v Pin=C28-1
Added Pin To Net: NetName=3.3v Pin=C30-1
Added Pin To Net: NetName=3.3v Pin=C33-1
Added Pin To Net: NetName=3.3v Pin=C38-1
Added Pin To Net: NetName=3.3v Pin=C39-1
Added Pin To Net: NetName=3.3v Pin=C52-1
Added Pin To Net: NetName=3.3v Pin=C53-1
Added Pin To Net: NetName=3.3v Pin=C58-1
Added Pin To Net: NetName=3.3v Pin=C59-1
Added Pin To Net: NetName=3.3v Pin=C60-1
Added Pin To Net: NetName=3.3v Pin=C61-1
Added Pin To Net: NetName=3.3v Pin=C62-1
Added Pin To Net: NetName=3.3v Pin=C63-1
Added Pin To Net: NetName=3.3v Pin=C68-1
Added Pin To Net: NetName=3.3v Pin=C69-1
Added Pin To Net: NetName=3.3v Pin=D4-2
Added Pin To Net: NetName=3.3v Pin=D5-1
Added Pin To Net: NetName=3.3v Pin=IC2-1
Added Pin To Net: NetName=3.3v Pin=IC5-5
Added Pin To Net: NetName=3.3v Pin=IC5-8
Added Pin To Net: NetName=3.3v Pin=IC5-10
Added Pin To Net: NetName=3.3v Pin=IC5-11
Added Pin To Net: NetName=3.3v Pin=IC5-12
Added Pin To Net: NetName=3.3v Pin=IC7-5
Added Pin To Net: NetName=3.3v Pin=L1-2
Added Pin To Net: NetName=3.3v Pin=LINE1-3
Added Pin To Net: NetName=3.3v Pin=LINE2-3
Added Pin To Net: NetName=3.3v Pin=LINE3-3
Added Pin To Net: NetName=3.3v Pin=LINE4-3
Added Pin To Net: NetName=3.3v Pin=OLED1-6
Added Pin To Net: NetName=3.3v Pin=OLED1-9
Added Pin To Net: NetName=3.3v Pin=OLED1-11
Added Pin To Net: NetName=3.3v Pin=R15-2
Added Pin To Net: NetName=3.3v Pin=R16-2
Added Pin To Net: NetName=3.3v Pin=R23-2
Added Pin To Net: NetName=3.3v Pin=R24-1
Added Pin To Net: NetName=3.3v Pin=R25-1
Added Pin To Net: NetName=3.3v Pin=R26-1
Added Pin To Net: NetName=3.3v Pin=R27-1
Added Pin To Net: NetName=3.3v Pin=R28-2
Added Pin To Net: NetName=3.3v Pin=R30-2
Added Pin To Net: NetName=3.3v Pin=R31-2
Added Pin To Net: NetName=3.3v Pin=R34-2
Added Net: Name=3.3v
Added Pin To Net: NetName=5v Pin=C27-1
Added Pin To Net: NetName=5v Pin=C32-1
Added Pin To Net: NetName=5v Pin=C34-1
Added Pin To Net: NetName=5v Pin=C36-1
Added Pin To Net: NetName=5v Pin=C54-1
Added Pin To Net: NetName=5v Pin=C55-1
Added Pin To Net: NetName=5v Pin=C56-1
Added Pin To Net: NetName=5v Pin=C57-1
Added Pin To Net: NetName=5v Pin=C64-1
Added Pin To Net: NetName=5v Pin=C65-1
Added Pin To Net: NetName=5v Pin=C66-1
Added Pin To Net: NetName=5v Pin=C67-1
Added Pin To Net: NetName=5v Pin=C75A-1
Added Pin To Net: NetName=5v Pin=C75B-1
Added Pin To Net: NetName=5v Pin=C76A-1
Added Pin To Net: NetName=5v Pin=C76B-1
Added Pin To Net: NetName=5v Pin=DIST1-3
Added Pin To Net: NetName=5v Pin=DIST2-3
Added Pin To Net: NetName=5v Pin=DIST3-3
Added Pin To Net: NetName=5v Pin=DIST4-3
Added Pin To Net: NetName=5v Pin=IC3-1
Added Pin To Net: NetName=5v Pin=IC6A-1
Added Pin To Net: NetName=5v Pin=IC6A-11
Added Pin To Net: NetName=5v Pin=IC6B-1
Added Pin To Net: NetName=5v Pin=IC6B-11
Added Pin To Net: NetName=5v Pin=L2-2
Added Pin To Net: NetName=5v Pin=R13A-2
Added Pin To Net: NetName=5v Pin=R13B-2
Added Pin To Net: NetName=5v Pin=R33-2
Added Net: Name=5v
Added Pin To Net: NetName=ADC1 Pin=C35H-1
Added Pin To Net: NetName=ADC1 Pin=R5H-2
Added Net: Name=ADC1
Added Pin To Net: NetName=ADC2 Pin=C35G-1
Added Pin To Net: NetName=ADC2 Pin=R5G-2
Added Net: Name=ADC2
Added Pin To Net: NetName=ADC3 Pin=C35F-1
Added Pin To Net: NetName=ADC3 Pin=R5F-2
Added Net: Name=ADC3
Added Pin To Net: NetName=ADC4 Pin=C35E-1
Added Pin To Net: NetName=ADC4 Pin=R5E-2
Added Net: Name=ADC4
Added Pin To Net: NetName=ADC5 Pin=C35D-1
Added Pin To Net: NetName=ADC5 Pin=R5D-2
Added Net: Name=ADC5
Added Pin To Net: NetName=ADC6 Pin=C35C-1
Added Pin To Net: NetName=ADC6 Pin=R5C-2
Added Net: Name=ADC6
Added Pin To Net: NetName=ADC7 Pin=C35B-1
Added Pin To Net: NetName=ADC7 Pin=R5B-2
Added Net: Name=ADC7
Added Pin To Net: NetName=ADC8 Pin=C35A-1
Added Pin To Net: NetName=ADC8 Pin=R5A-2
Added Net: Name=ADC8
Added Pin To Net: NetName=Battery Voltage Pin=C45-1
Added Pin To Net: NetName=Battery Voltage Pin=R22-1
Added Net: Name=Battery Voltage
Added Pin To Net: NetName=CLK1 Pin=C21-1
Added Pin To Net: NetName=CLK1 Pin=Y1-1
Added Net: Name=CLK1
Added Pin To Net: NetName=CLK2 Pin=C22-1
Added Pin To Net: NetName=CLK2 Pin=Y1-3
Added Net: Name=CLK2
Added Pin To Net: NetName=DIRA Pin=R11A-1
Added Net: Name=DIRA
Added Pin To Net: NetName=DIRB Pin=R11B-1
Added Net: Name=DIRB
Added Pin To Net: NetName=DRV_PWM_A1 Pin=R10A-1
Added Net: Name=DRV_PWM_A1
Added Pin To Net: NetName=DRV_PWM_B1 Pin=R10B-1
Added Net: Name=DRV_PWM_B1
Added Pin To Net: NetName=GND Pin=*-2
Added Pin To Net: NetName=GND Pin=C1-2
Added Pin To Net: NetName=GND Pin=C2-2
Added Pin To Net: NetName=GND Pin=C3-2
Added Pin To Net: NetName=GND Pin=C4-2
Added Pin To Net: NetName=GND Pin=C5-2
Added Pin To Net: NetName=GND Pin=C6-2
Added Pin To Net: NetName=GND Pin=C7-2
Added Pin To Net: NetName=GND Pin=C8-2
Added Pin To Net: NetName=GND Pin=C9-2
Added Pin To Net: NetName=GND Pin=C10-2
Added Pin To Net: NetName=GND Pin=C11-2
Added Pin To Net: NetName=GND Pin=C13-2
Added Pin To Net: NetName=GND Pin=C14-2
Added Pin To Net: NetName=GND Pin=C15-2
Added Pin To Net: NetName=GND Pin=C16-2
Added Pin To Net: NetName=GND Pin=C17-2
Added Pin To Net: NetName=GND Pin=C18-2
Added Pin To Net: NetName=GND Pin=C19-2
Added Pin To Net: NetName=GND Pin=C20-2
Added Pin To Net: NetName=GND Pin=C21-2
Added Pin To Net: NetName=GND Pin=C22-2
Added Pin To Net: NetName=GND Pin=C23-2
Added Pin To Net: NetName=GND Pin=C24-2
Added Pin To Net: NetName=GND Pin=C25-2
Added Pin To Net: NetName=GND Pin=C26-2
Added Pin To Net: NetName=GND Pin=C27-2
Added Pin To Net: NetName=GND Pin=C28-2
Added Pin To Net: NetName=GND Pin=C30-2
Added Pin To Net: NetName=GND Pin=C32-2
Added Pin To Net: NetName=GND Pin=C33-2
Added Pin To Net: NetName=GND Pin=C34-2
Added Pin To Net: NetName=GND Pin=C35A-2
Added Pin To Net: NetName=GND Pin=C35B-2
Added Pin To Net: NetName=GND Pin=C35C-2
Added Pin To Net: NetName=GND Pin=C35D-2
Added Pin To Net: NetName=GND Pin=C35E-2
Added Pin To Net: NetName=GND Pin=C35F-2
Added Pin To Net: NetName=GND Pin=C35G-2
Added Pin To Net: NetName=GND Pin=C35H-2
Added Pin To Net: NetName=GND Pin=C36-2
Added Pin To Net: NetName=GND Pin=C37A-2
Added Pin To Net: NetName=GND Pin=C37B-2
Added Pin To Net: NetName=GND Pin=C38-2
Added Pin To Net: NetName=GND Pin=C39-2
Added Pin To Net: NetName=GND Pin=C40A-2
Added Pin To Net: NetName=GND Pin=C40B-2
Added Pin To Net: NetName=GND Pin=C41A-2
Added Pin To Net: NetName=GND Pin=C41B-2
Added Pin To Net: NetName=GND Pin=C44A-2
Added Pin To Net: NetName=GND Pin=C44B-2
Added Pin To Net: NetName=GND Pin=C45-2
Added Pin To Net: NetName=GND Pin=C46-2
Added Pin To Net: NetName=GND Pin=C49-2
Added Pin To Net: NetName=GND Pin=C50-2
Added Pin To Net: NetName=GND Pin=C51A-2
Added Pin To Net: NetName=GND Pin=C51B-2
Added Pin To Net: NetName=GND Pin=C52-2
Added Pin To Net: NetName=GND Pin=C53-2
Added Pin To Net: NetName=GND Pin=C54-2
Added Pin To Net: NetName=GND Pin=C55-2
Added Pin To Net: NetName=GND Pin=C56-2
Added Pin To Net: NetName=GND Pin=C57-2
Added Pin To Net: NetName=GND Pin=C58-2
Added Pin To Net: NetName=GND Pin=C59-2
Added Pin To Net: NetName=GND Pin=C60-2
Added Pin To Net: NetName=GND Pin=C61-2
Added Pin To Net: NetName=GND Pin=C62-2
Added Pin To Net: NetName=GND Pin=C63-2
Added Pin To Net: NetName=GND Pin=C64-2
Added Pin To Net: NetName=GND Pin=C65-2
Added Pin To Net: NetName=GND Pin=C66-2
Added Pin To Net: NetName=GND Pin=C67-2
Added Pin To Net: NetName=GND Pin=C68-2
Added Pin To Net: NetName=GND Pin=C69-2
Added Pin To Net: NetName=GND Pin=C70A-2
Added Pin To Net: NetName=GND Pin=C70B-2
Added Pin To Net: NetName=GND Pin=C71A-2
Added Pin To Net: NetName=GND Pin=C71B-2
Added Pin To Net: NetName=GND Pin=C73A-2
Added Pin To Net: NetName=GND Pin=C73B-2
Added Pin To Net: NetName=GND Pin=C75A-2
Added Pin To Net: NetName=GND Pin=C75B-2
Added Pin To Net: NetName=GND Pin=C76A-2
Added Pin To Net: NetName=GND Pin=C76B-2
Added Pin To Net: NetName=GND Pin=D4-1
Added Pin To Net: NetName=GND Pin=D_3v3-2
Added Pin To Net: NetName=GND Pin=D_5V-2
Added Pin To Net: NetName=GND Pin=D_VCC-2
Added Pin To Net: NetName=GND Pin=DIST1-4
Added Pin To Net: NetName=GND Pin=DIST2-4
Added Pin To Net: NetName=GND Pin=DIST3-4
Added Pin To Net: NetName=GND Pin=DIST4-4
Added Pin To Net: NetName=GND Pin=GND1-1
Added Pin To Net: NetName=GND Pin=IC2-4
Added Pin To Net: NetName=GND Pin=IC3-4
Added Pin To Net: NetName=GND Pin=IC5-2
Added Pin To Net: NetName=GND Pin=IC5-3
Added Pin To Net: NetName=GND Pin=IC5-6
Added Pin To Net: NetName=GND Pin=IC5-7
Added Pin To Net: NetName=GND Pin=IC6A-9
Added Pin To Net: NetName=GND Pin=IC6A-16
Added Pin To Net: NetName=GND Pin=IC6A-17
Added Pin To Net: NetName=GND Pin=IC6A-24
Added Pin To Net: NetName=GND Pin=IC6A-25
Added Pin To Net: NetName=GND Pin=IC6B-9
Added Pin To Net: NetName=GND Pin=IC6B-16
Added Pin To Net: NetName=GND Pin=IC6B-17
Added Pin To Net: NetName=GND Pin=IC6B-24
Added Pin To Net: NetName=GND Pin=IC6B-25
Added Pin To Net: NetName=GND Pin=IC7-6
Added Pin To Net: NetName=GND Pin=IC7-8
Added Pin To Net: NetName=GND Pin=LINE1-4
Added Pin To Net: NetName=GND Pin=LINE2-4
Added Pin To Net: NetName=GND Pin=LINE3-4
Added Pin To Net: NetName=GND Pin=LINE4-4
Added Pin To Net: NetName=GND Pin=OLED1-1
Added Pin To Net: NetName=GND Pin=OLED1-8
Added Pin To Net: NetName=GND Pin=OLED1-10
Added Pin To Net: NetName=GND Pin=OLED1-12
Added Pin To Net: NetName=GND Pin=OLED1-13
Added Pin To Net: NetName=GND Pin=OLED1-15
Added Pin To Net: NetName=GND Pin=OLED1-16
Added Pin To Net: NetName=GND Pin=OLED1-17
Added Pin To Net: NetName=GND Pin=OLED1-21
Added Pin To Net: NetName=GND Pin=OLED1-22
Added Pin To Net: NetName=GND Pin=OLED1-23
Added Pin To Net: NetName=GND Pin=OLED1-24
Added Pin To Net: NetName=GND Pin=OLED1-25
Added Pin To Net: NetName=GND Pin=OLED1-29
Added Pin To Net: NetName=GND Pin=OLED1-30
Added Pin To Net: NetName=GND Pin=PROG-3
Added Pin To Net: NetName=GND Pin=R2-1
Added Pin To Net: NetName=GND Pin=R8A-1
Added Pin To Net: NetName=GND Pin=R8B-1
Added Pin To Net: NetName=GND Pin=R9A-1
Added Pin To Net: NetName=GND Pin=R9B-1
Added Pin To Net: NetName=GND Pin=R12-1
Added Pin To Net: NetName=GND Pin=R21-1
Added Pin To Net: NetName=GND Pin=R29-1
Added Pin To Net: NetName=GND Pin=R35-1
Added Pin To Net: NetName=GND Pin=R36-1
Added Pin To Net: NetName=GND Pin=R37-1
Added Pin To Net: NetName=GND Pin=S1-5
Added Pin To Net: NetName=GND Pin=S2-3
Added Pin To Net: NetName=GND Pin=S2-6
Added Pin To Net: NetName=GND Pin=Y1-2
Added Pin To Net: NetName=GND Pin=Y1-4
Added Net: Name=GND
Added Pin To Net: NetName=I2C_OLED_SCL Pin=OLED1-18
Added Pin To Net: NetName=I2C_OLED_SCL Pin=R31-1
Added Net: Name=I2C_OLED_SCL
Added Pin To Net: NetName=I2C_OLED_SDA Pin=OLED1-19
Added Pin To Net: NetName=I2C_OLED_SDA Pin=OLED1-20
Added Pin To Net: NetName=I2C_OLED_SDA Pin=R30-1
Added Net: Name=I2C_OLED_SDA
Added Pin To Net: NetName=IMU_SCL Pin=IC5-13
Added Pin To Net: NetName=IMU_SCL Pin=R16-1
Added Net: Name=IMU_SCL
Added Pin To Net: NetName=IMU_SDA Pin=IC5-14
Added Pin To Net: NetName=IMU_SDA Pin=R15-1
Added Net: Name=IMU_SDA
Added Pin To Net: NetName=IPROPI1A Pin=IC6A-10
Added Pin To Net: NetName=IPROPI1A Pin=IC6A-12
Added Pin To Net: NetName=IPROPI1A Pin=R8A-2
Added Pin To Net: NetName=IPROPI1A Pin=R9A-2
Added Net: Name=IPROPI1A
Added Pin To Net: NetName=IPROPI1B Pin=IC6B-10
Added Pin To Net: NetName=IPROPI1B Pin=IC6B-12
Added Pin To Net: NetName=IPROPI1B Pin=R8B-2
Added Pin To Net: NetName=IPROPI1B Pin=R9B-2
Added Net: Name=IPROPI1B
Added Pin To Net: NetName=JOY1 Pin=R25-2
Added Pin To Net: NetName=JOY1 Pin=S1-1
Added Net: Name=JOY1
Added Pin To Net: NetName=JOY2 Pin=R24-2
Added Pin To Net: NetName=JOY2 Pin=S1-2
Added Net: Name=JOY2
Added Pin To Net: NetName=JOY3 Pin=R23-1
Added Pin To Net: NetName=JOY3 Pin=S1-3
Added Net: Name=JOY3
Added Pin To Net: NetName=JOY4 Pin=R27-2
Added Pin To Net: NetName=JOY4 Pin=S1-4
Added Net: Name=JOY4
Added Pin To Net: NetName=JOY5 Pin=PROG-1
Added Pin To Net: NetName=JOY5 Pin=R26-2
Added Pin To Net: NetName=JOY5 Pin=S1-6
Added Net: Name=JOY5
Added Pin To Net: NetName=LED BLUE Pin=D6-1
Added Net: Name=LED BLUE
Added Pin To Net: NetName=LED GREEN Pin=D8-1
Added Net: Name=LED GREEN
Added Pin To Net: NetName=LED RED Pin=D7-1
Added Net: Name=LED RED
Added Pin To Net: NetName=LINE1A Pin=LINE1-2
Added Pin To Net: NetName=LINE1A Pin=R5H-1
Added Net: Name=LINE1A
Added Pin To Net: NetName=LINE1B Pin=LINE1-1
Added Pin To Net: NetName=LINE1B Pin=R5G-1
Added Net: Name=LINE1B
Added Pin To Net: NetName=LINE2A Pin=LINE2-1
Added Pin To Net: NetName=LINE2A Pin=R5F-1
Added Net: Name=LINE2A
Added Pin To Net: NetName=LINE2B Pin=LINE2-2
Added Pin To Net: NetName=LINE2B Pin=R5E-1
Added Net: Name=LINE2B
Added Pin To Net: NetName=LINE3A Pin=LINE3-1
Added Pin To Net: NetName=LINE3A Pin=R5D-1
Added Net: Name=LINE3A
Added Pin To Net: NetName=LINE3B Pin=LINE3-2
Added Pin To Net: NetName=LINE3B Pin=R5C-1
Added Net: Name=LINE3B
Added Pin To Net: NetName=LINE4A Pin=LINE4-2
Added Pin To Net: NetName=LINE4A Pin=R5B-1
Added Net: Name=LINE4A
Added Pin To Net: NetName=LINE4B Pin=LINE4-1
Added Pin To Net: NetName=LINE4B Pin=R5A-1
Added Net: Name=LINE4B
Added Pin To Net: NetName=Net*_1 Pin=*-1
Added Pin To Net: NetName=Net*_1 Pin=Q1-5_8
Added Pin To Net: NetName=Net*_1 Pin=Q1-5_8
Added Pin To Net: NetName=Net*_1 Pin=Q1-5_8
Added Pin To Net: NetName=Net*_1 Pin=Q1-5_8
Added Pin To Net: NetName=Net*_1 Pin=Q1-5_8
Added Net: Name=Net*_1
Added Pin To Net: NetName=NetC12_1 Pin=C12-1
Added Pin To Net: NetName=NetC12_1 Pin=IC2-6
Added Net: Name=NetC12_1
Added Pin To Net: NetName=NetC12_2 Pin=C12-2
Added Pin To Net: NetName=NetC12_2 Pin=IC2-5
Added Pin To Net: NetName=NetC12_2 Pin=L1-1
Added Net: Name=NetC12_2
Added Pin To Net: NetName=NetC29_1 Pin=C29-1
Added Pin To Net: NetName=NetC29_1 Pin=IC3-6
Added Net: Name=NetC29_1
Added Pin To Net: NetName=NetC29_2 Pin=C29-2
Added Pin To Net: NetName=NetC29_2 Pin=IC3-5
Added Pin To Net: NetName=NetC29_2 Pin=L2-1
Added Net: Name=NetC29_2
Added Pin To Net: NetName=NetC37A_1 Pin=C37A-1
Added Pin To Net: NetName=NetC37A_1 Pin=IC6A-8
Added Pin To Net: NetName=NetC37A_1 Pin=R11A-2
Added Net: Name=NetC37A_1
Added Pin To Net: NetName=NetC37B_1 Pin=C37B-1
Added Pin To Net: NetName=NetC37B_1 Pin=IC6B-8
Added Pin To Net: NetName=NetC37B_1 Pin=R11B-2
Added Net: Name=NetC37B_1
Added Pin To Net: NetName=NetC40A_1 Pin=C40A-1
Added Pin To Net: NetName=NetC40A_1 Pin=IC6A-7
Added Pin To Net: NetName=NetC40A_1 Pin=R10A-2
Added Net: Name=NetC40A_1
Added Pin To Net: NetName=NetC40B_1 Pin=C40B-1
Added Pin To Net: NetName=NetC40B_1 Pin=IC6B-7
Added Pin To Net: NetName=NetC40B_1 Pin=R10B-2
Added Net: Name=NetC40B_1
Added Pin To Net: NetName=NetC46_1 Pin=C46-1
Added Pin To Net: NetName=NetC46_1 Pin=D5-2
Added Pin To Net: NetName=NetC46_1 Pin=OLED1-14
Added Pin To Net: NetName=NetC46_1 Pin=R28-1
Added Net: Name=NetC46_1
Added Pin To Net: NetName=NetC47_1 Pin=C47-1
Added Pin To Net: NetName=NetC47_1 Pin=OLED1-2
Added Net: Name=NetC47_1
Added Pin To Net: NetName=NetC47_2 Pin=C47-2
Added Pin To Net: NetName=NetC47_2 Pin=OLED1-3
Added Net: Name=NetC47_2
Added Pin To Net: NetName=NetC48_1 Pin=C48-1
Added Pin To Net: NetName=NetC48_1 Pin=OLED1-4
Added Net: Name=NetC48_1
Added Pin To Net: NetName=NetC48_2 Pin=C48-2
Added Pin To Net: NetName=NetC48_2 Pin=OLED1-5
Added Net: Name=NetC48_2
Added Pin To Net: NetName=NetC49_1 Pin=C49-1
Added Pin To Net: NetName=NetC49_1 Pin=OLED1-27
Added Net: Name=NetC49_1
Added Pin To Net: NetName=NetC50_1 Pin=C50-1
Added Pin To Net: NetName=NetC50_1 Pin=OLED1-28
Added Net: Name=NetC50_1
Added Pin To Net: NetName=NetC72A_2 Pin=C72A-2
Added Pin To Net: NetName=NetC72A_2 Pin=IC6A-21
Added Net: Name=NetC72A_2
Added Pin To Net: NetName=NetC72B_2 Pin=C72B-2
Added Pin To Net: NetName=NetC72B_2 Pin=IC6B-21
Added Net: Name=NetC72B_2
Added Pin To Net: NetName=NetC74A_1 Pin=C74A-1
Added Pin To Net: NetName=NetC74A_1 Pin=IC6A-23
Added Net: Name=NetC74A_1
Added Pin To Net: NetName=NetC74A_2 Pin=C74A-2
Added Pin To Net: NetName=NetC74A_2 Pin=IC6A-22
Added Net: Name=NetC74A_2
Added Pin To Net: NetName=NetC74B_1 Pin=C74B-1
Added Pin To Net: NetName=NetC74B_1 Pin=IC6B-23
Added Net: Name=NetC74B_1
Added Pin To Net: NetName=NetC74B_2 Pin=C74B-2
Added Pin To Net: NetName=NetC74B_2 Pin=IC6B-22
Added Net: Name=NetC74B_2
Added Pin To Net: NetName=NetD1_1 Pin=D1-1
Added Pin To Net: NetName=NetD1_1 Pin=Q1-4
Added Pin To Net: NetName=NetD1_1 Pin=R2-2
Added Net: Name=NetD1_1
Added Pin To Net: NetName=NetD2_1 Pin=D2-1
Added Pin To Net: NetName=NetD2_1 Pin=Q2-4
Added Pin To Net: NetName=NetD2_1 Pin=R3-1
Added Pin To Net: NetName=NetD2_1 Pin=R4-2
Added Net: Name=NetD2_1
Added Pin To Net: NetName=NetD4_3 Pin=D4-3
Added Pin To Net: NetName=NetD4_3 Pin=R20-1
Added Pin To Net: NetName=NetD4_3 Pin=R21-2
Added Pin To Net: NetName=NetD4_3 Pin=R22-2
Added Net: Name=NetD4_3
Added Pin To Net: NetName=NetD6_2 Pin=D6-2
Added Pin To Net: NetName=NetD6_2 Pin=R35-2
Added Net: Name=NetD6_2
Added Pin To Net: NetName=NetD7_2 Pin=D7-2
Added Pin To Net: NetName=NetD7_2 Pin=R36-2
Added Net: Name=NetD7_2
Added Pin To Net: NetName=NetD8_2 Pin=D8-2
Added Pin To Net: NetName=NetD8_2 Pin=R37-2
Added Net: Name=NetD8_2
Added Pin To Net: NetName=NetD_3v3_1 Pin=D_3v3-1
Added Pin To Net: NetName=NetD_3v3_1 Pin=R34-1
Added Net: Name=NetD_3v3_1
Added Pin To Net: NetName=NetD_5V_1 Pin=D_5V-1
Added Pin To Net: NetName=NetD_5V_1 Pin=R33-1
Added Net: Name=NetD_5V_1
Added Pin To Net: NetName=NetD_VCC_1 Pin=D_VCC-1
Added Pin To Net: NetName=NetD_VCC_1 Pin=R32-1
Added Net: Name=NetD_VCC_1
Added Pin To Net: NetName=NetIC5_1 Pin=IC5-1
Added Pin To Net: NetName=NetIC5_1 Pin=R12-2
Added Net: Name=NetIC5_1
Added Pin To Net: NetName=NetIC6A_2 Pin=IC6A-2
Added Pin To Net: NetName=NetIC6A_2 Pin=R13A-1
Added Net: Name=NetIC6A_2
Added Pin To Net: NetName=NetIC6A_14 Pin=IC6A-14
Added Pin To Net: NetName=NetIC6A_14 Pin=IC6A-15
Added Pin To Net: NetName=NetIC6A_14 Pin=M2A-1
Added Net: Name=NetIC6A_14
Added Pin To Net: NetName=NetIC6A_18 Pin=IC6A-18
Added Pin To Net: NetName=NetIC6A_18 Pin=IC6A-19
Added Pin To Net: NetName=NetIC6A_18 Pin=M1A-1
Added Net: Name=NetIC6A_18
Added Pin To Net: NetName=NetIC6B_2 Pin=IC6B-2
Added Pin To Net: NetName=NetIC6B_2 Pin=R13B-1
Added Net: Name=NetIC6B_2
Added Pin To Net: NetName=NetIC6B_14 Pin=IC6B-14
Added Pin To Net: NetName=NetIC6B_14 Pin=IC6B-15
Added Pin To Net: NetName=NetIC6B_14 Pin=M2B-1
Added Net: Name=NetIC6B_14
Added Pin To Net: NetName=NetIC6B_18 Pin=IC6B-18
Added Pin To Net: NetName=NetIC6B_18 Pin=IC6B-19
Added Pin To Net: NetName=NetIC6B_18 Pin=M1B-1
Added Net: Name=NetIC6B_18
Added Pin To Net: NetName=NetOLED1_26 Pin=OLED1-26
Added Pin To Net: NetName=NetOLED1_26 Pin=R29-2
Added Net: Name=NetOLED1_26
Added Pin To Net: NetName=Power_enable_buttor_output Pin=R4-1
Added Pin To Net: NetName=Power_enable_buttor_output Pin=S2-2
Added Pin To Net: NetName=Power_enable_buttor_output Pin=S2-5
Added Net: Name=Power_enable_buttor_output
Added Pin To Net: NetName=SPI_CLK Pin=IC6A-5
Added Pin To Net: NetName=SPI_CLK Pin=IC6B-5
Added Net: Name=SPI_CLK
Added Pin To Net: NetName=SPI_CSA Pin=IC6A-6
Added Net: Name=SPI_CSA
Added Pin To Net: NetName=SPI_CSB Pin=IC6B-6
Added Net: Name=SPI_CSB
Added Pin To Net: NetName=SPI_SDI Pin=IC6A-4
Added Pin To Net: NetName=SPI_SDI Pin=IC6B-4
Added Net: Name=SPI_SDI
Added Pin To Net: NetName=SPI_SDO Pin=IC6A-3
Added Pin To Net: NetName=SPI_SDO Pin=IC6B-3
Added Net: Name=SPI_SDO
Added Pin To Net: NetName=START_MOD_IR Pin=IC7-1
Added Net: Name=START_MOD_IR
Added Pin To Net: NetName=SWCLK Pin=PROG-4
Added Net: Name=SWCLK
Added Pin To Net: NetName=SWDIO Pin=PROG-2
Added Net: Name=SWDIO
Added Pin To Net: NetName=UART1_RX Pin=DIST1-2
Added Net: Name=UART1_RX
Added Pin To Net: NetName=UART2_RX Pin=DIST2-2
Added Net: Name=UART2_RX
Added Pin To Net: NetName=UART2_TX Pin=DIST1-1
Added Pin To Net: NetName=UART2_TX Pin=DIST2-1
Added Pin To Net: NetName=UART2_TX Pin=DIST3-1
Added Pin To Net: NetName=UART2_TX Pin=DIST4-1
Added Net: Name=UART2_TX
Added Pin To Net: NetName=UART3_RX Pin=DIST3-2
Added Net: Name=UART3_RX
Added Pin To Net: NetName=UART4_RX Pin=DIST4-2
Added Net: Name=UART4_RX
Added Pin To Net: NetName=Vcc Pin=C5-1
Added Pin To Net: NetName=Vcc Pin=C6-1
Added Pin To Net: NetName=Vcc Pin=C7-1
Added Pin To Net: NetName=Vcc Pin=C8-1
Added Pin To Net: NetName=Vcc Pin=C10-1
Added Pin To Net: NetName=Vcc Pin=C11-1
Added Pin To Net: NetName=Vcc Pin=C14-1
Added Pin To Net: NetName=Vcc Pin=C16-1
Added Pin To Net: NetName=Vcc Pin=C17-1
Added Pin To Net: NetName=Vcc Pin=C19-1
Added Pin To Net: NetName=Vcc Pin=C23-1
Added Pin To Net: NetName=Vcc Pin=C25-1
Added Pin To Net: NetName=Vcc Pin=C41A-1
Added Pin To Net: NetName=Vcc Pin=C41B-1
Added Pin To Net: NetName=Vcc Pin=C44A-1
Added Pin To Net: NetName=Vcc Pin=C44B-1
Added Pin To Net: NetName=Vcc Pin=C51A-1
Added Pin To Net: NetName=Vcc Pin=C51B-1
Added Pin To Net: NetName=Vcc Pin=C70A-1
Added Pin To Net: NetName=Vcc Pin=C70B-1
Added Pin To Net: NetName=Vcc Pin=C71A-1
Added Pin To Net: NetName=Vcc Pin=C71B-1
Added Pin To Net: NetName=Vcc Pin=C72A-1
Added Pin To Net: NetName=Vcc Pin=C72B-1
Added Pin To Net: NetName=Vcc Pin=C73A-1
Added Pin To Net: NetName=Vcc Pin=C73B-1
Added Pin To Net: NetName=Vcc Pin=IC2-3
Added Pin To Net: NetName=Vcc Pin=IC3-3
Added Pin To Net: NetName=Vcc Pin=IC6A-13
Added Pin To Net: NetName=Vcc Pin=IC6A-20
Added Pin To Net: NetName=Vcc Pin=IC6B-13
Added Pin To Net: NetName=Vcc Pin=IC6B-20
Added Pin To Net: NetName=Vcc Pin=Q2-5_8
Added Pin To Net: NetName=Vcc Pin=Q2-5_8
Added Pin To Net: NetName=Vcc Pin=Q2-5_8
Added Pin To Net: NetName=Vcc Pin=Q2-5_8
Added Pin To Net: NetName=Vcc Pin=Q2-5_8
Added Pin To Net: NetName=Vcc Pin=R20-2
Added Pin To Net: NetName=Vcc Pin=R32-2
Added Pin To Net: NetName=Vcc Pin=VIN1-1
Added Net: Name=Vcc
Added Pin To Net: NetName=Vin Pin=D1-2
Added Pin To Net: NetName=Vin Pin=D2-2
Added Pin To Net: NetName=Vin Pin=R3-2
Added Pin To Net: NetName=Vin Pin=Q1-1
Added Pin To Net: NetName=Vin Pin=Q1-2
Added Pin To Net: NetName=Vin Pin=Q1-3
Added Pin To Net: NetName=Vin Pin=Q2-1
Added Pin To Net: NetName=Vin Pin=Q2-2
Added Pin To Net: NetName=Vin Pin=Q2-3
Added Net: Name=Vin
Added Class: Name=U_ADC_low_pass_filterA
Added Class: Name=U_ADC_low_pass_filterB
Added Class: Name=U_ADC_low_pass_filterC
Added Class: Name=U_ADC_low_pass_filterD
Added Class: Name=U_ADC_low_pass_filterE
Added Class: Name=U_ADC_low_pass_filterF
Added Class: Name=U_ADC_low_pass_filterG
Added Class: Name=U_ADC_low_pass_filterH
Added Class: Name=U_IMU
Added Class: Name=U_Interface
Added Class: Name=U_MCU_2
Added Class: Name=U_MCU
Added Class: Name=U_MotorDriver8873SA
Added Class: Name=U_MotorDriver8873SB
Added Class: Name=U_OledAndLed
Added Class: Name=U_Power_supply
Added Class: Name=U_PWRButton
Added Class: Name=U_Sensor_connectors
Added Class: Name=U_Start_mod
Added Class: Name=ADC_low_pass_filter
Added Class: Name=MotorDriver8873S
Added Room: Name=U_MotorDriver8873SA
Added Room: Name=U_MotorDriver8873SB
