../Core/Src/main.c:182:5:main	48
../Core/Src/main.c:473:6:SystemClock_Config	3
../Core/Src/main.c:515:6:HAL_FDCAN_RxFifo0Callback	12
../Core/Src/main.c:581:6:HAL_UARTEx_RxEventCallback	29
../Core/Src/main.c:739:6:HAL_TIM_PeriodElapsedCallback	5
../Core/Src/main.c:757:6:HAL_I2C_MemTxCpltCallback	2
../Core/Src/main.c:770:6:HAL_I2C_MemRxCpltCallback	5
../Core/Src/main.c:800:6:OLED_Interrupt_25Hz	24
../Core/Src/main.c:918:6:Init_Loop_1000Hz	1
../Core/Src/main.c:930:6:Watchdog_100HZ	29
../Core/Src/main.c:1087:6:Interrupt_1000HZ	4
../Core/Src/main.c:1099:23:Sensor_Out	3
../Core/Src/main.c:1111:9:RingStatus	11
../Core/Src/main.c:1141:9:EnemyLocation	15
../Core/Src/main.c:1169:9:BATTERY_SelectType	5
../Core/Src/main.c:1190:9:BATTERY_UndervoltageProtection	7
../Core/Src/main.c:1228:6:OLED_DisplayData	1
../Core/Src/main.c:1279:6:OLED_SendInitializeMessage	1
../Core/Src/main.c:1291:6:OLED_MotorDataBuffer	5
../Core/Src/main.c:1394:6:OLED_DisplayLOW_BATTERY	1
../Core/Src/main.c:1406:6:OLED_DisplayLOW_BATTERY_Motor	1
../Core/Src/main.c:1418:6:OLED_DisplayRobotName	7
../Core/Src/main.c:1461:6:MOTOR_DRIVER_SetDuty	4
../Core/Src/main.c:1478:6:MOTOR_DRIVER_TransmitData	1
../Core/Src/main.c:1482:8:MOTOR_Acceleration_Compensation	3
../Core/Src/main.c:1494:6:TF_MINI_Init	9
../Core/Src/main.c:1553:9:TF_MINI_Config	10
../Core/Src/main.c:1644:6:Error_Handler	1
