../Core/Src/main.c:182:5:main	24	static
../Core/Src/main.c:473:6:SystemClock_Config	88	static
../Core/Src/main.c:515:6:HAL_FDCAN_RxFifo0Callback	24	static
../Core/Src/main.c:581:6:HAL_UARTEx_RxEventCallback	48	static
../Core/Src/main.c:739:6:HAL_TIM_PeriodElapsedCallback	16	static
../Core/Src/main.c:757:6:HAL_I2C_MemTxCpltCallback	16	static
../Core/Src/main.c:770:6:HAL_I2C_MemRxCpltCallback	16	static
../Core/Src/main.c:800:6:OLED_Interrupt_25Hz	8	static
../Core/Src/main.c:918:6:Init_Loop_1000Hz	8	static
../Core/Src/main.c:930:6:Watchdog_100HZ	8	static
../Core/Src/main.c:1087:6:Interrupt_1000HZ	8	static
../Core/Src/main.c:1099:23:Sensor_Out	24	static
../Core/Src/main.c:1111:9:RingStatus	24	static
../Core/Src/main.c:1141:9:EnemyLocation	24	static
../Core/Src/main.c:1169:9:BATTERY_SelectType	16	static
../Core/Src/main.c:1190:9:BATTERY_UndervoltageProtection	32	static
../Core/Src/main.c:1228:6:OLED_DisplayData	16	static
../Core/Src/main.c:1279:6:OLED_SendInitializeMessage	32	static
../Core/Src/main.c:1291:6:OLED_MotorDataBuffer	32	static
../Core/Src/main.c:1394:6:OLED_DisplayLOW_BATTERY	16	static
../Core/Src/main.c:1406:6:OLED_DisplayLOW_BATTERY_Motor	16	static
../Core/Src/main.c:1418:6:OLED_DisplayRobotName	16	static
../Core/Src/main.c:1461:6:MOTOR_DRIVER_SetDuty	16	static
../Core/Src/main.c:1478:6:MOTOR_DRIVER_TransmitData	8	static
../Core/Src/main.c:1482:8:MOTOR_Acceleration_Compensation	16	static
../Core/Src/main.c:1494:6:TF_MINI_Init	24	static
../Core/Src/main.c:1553:9:TF_MINI_Config	24	static
../Core/Src/main.c:1644:6:Error_Handler	4	static,ignoring_inline_asm
