../Core/Src/ssd1306.c:38:23:width	4	static
../Core/Src/ssd1306.c:39:23:height	4	static
../Core/Src/ssd1306.c:41:10:ssd1306_GetWidth	4	static
../Core/Src/ssd1306.c:46:10:ssd1306_GetHeight	4	static
../Core/Src/ssd1306.c:51:15:ssd1306_GetColor	4	static
../Core/Src/ssd1306.c:56:6:ssd1306_SetColor	16	static
../Core/Src/ssd1306.c:62:9:ssd1306_Init	8	static
../Core/Src/ssd1306.c:145:6:ssd1306_Fill	16	static
../Core/Src/ssd1306.c:162:6:ssd1306_DrawPixel	40	static
../Core/Src/ssd1306.c:189:6:ssd1306_DrawLine	48	static
../Core/Src/ssd1306.c:239:6:ssd1306_DrawHorizontalLine	32	static
../Core/Src/ssd1306.c:285:6:ssd1306_DrawVerticalLine	40	static
../Core/Src/ssd1306.c:368:6:ssd1306_DrawRect	24	static
../Core/Src/ssd1306.c:376:6:ssd1306_FillRect	32	static
../Core/Src/ssd1306.c:384:6:ssd1306_DrawTriangle	24	static
../Core/Src/ssd1306.c:392:6:ssd1306_DrawFillTriangle	56	static
../Core/Src/ssd1306.c:461:6:ssd1306_Polyline	32	static
../Core/Src/ssd1306.c:479:14:ssd1306_DegToRad	16	static
../Core/Src/ssd1306.c:485:17:ssd1306_NormalizeTo0_360	24	static
../Core/Src/ssd1306.c:503:6:ssd1306_DrawArc	48	static
../Core/Src/ssd1306.c:541:6:ssd1306_DrawCircle	24	static
../Core/Src/ssd1306.c:569:6:ssd1306_FillCircle	24	static
../Core/Src/ssd1306.c:594:6:ssd1306_DrawCircleQuads	32	static
../Core/Src/ssd1306.c:643:6:ssd1306_DrawProgressBar	40	static
../Core/Src/ssd1306.c:672:6:ssd1306_DrawBitmap	32	static
../Core/Src/ssd1306.c:713:6:ssd1306_WriteChar	40	static
../Core/Src/ssd1306.c:754:6:ssd1306_WriteString	24	static
../Core/Src/ssd1306.c:776:6:ssd1306_SetCursor	16	static
../Core/Src/ssd1306.c:782:6:ssd1306_Clear	8	static
../Core/Src/ssd1306.c:828:6:ssd1306_WriteCommand	24	static
../Core/Src/ssd1306.c:839:6:ssd1306_UpdateScreen	16	static
../Core/Src/ssd1306.c:855:6:ssd1306_UpdateScreenCompleted	4	static
../Core/Src/ssd1306.c:863:13:ssd1306_UpdateCompletedCallback	4	static
../Core/Src/ssd1306.c:898:6:I2C_TX_Interrupt	32	static
