Added Component: Designator=IC1(TSOP57438TT1)
Add component (AddParameter): Name = "Arrow Part Number"; Value = "TSOP57438TT1"; VariantName = "[No Variations]"
Add component (AddParameter): Name = "Arrow Price/Stock"; Value = "https://www.arrow.com/en/products/tsop57438tt1/vishay?region=nac"; VariantName = "[No Variations]"
Add component (AddParameter): Name = "Datasheet Link"; Value = "http://www.vishay.com/docs/82434/tsop572.pdf"; VariantName = "[No Variations]"
Add component (AddParameter): Name = "Height"; Value = "0.8mm"; VariantName = "[No Variations]"
Add component (AddParameter): Name = "Manufacturer_Name"; Value = "Vishay"; VariantName = "[No Variations]"
Add component (AddParameter): Name = "Manufacturer_Part_Number"; Value = "TSOP57438TT1"; VariantName = "[No Variations]"
Add component (AddParameter): Name = "Mouser Part Number"; Value = "78-TSOP57438TT1"; VariantName = "[No Variations]"
Add component (AddParameter): Name = "Mouser Price/Stock"; Value = "https://www.mouser.co.uk/ProductDetail/Vishay-Semiconductors/TSOP57438TT1?qs=irVir877As%252B0kVjtr547ig%3D%3D"; VariantName = "[No Variations]"
Added Component: Designator=J1(FTM-102-XX-Y-DV)
Add component (AddParameter): Name = "Arrow Part Number"; Value = "FTM-102-02-L-DV"; VariantName = "[No Variations]"
Add component (AddParameter): Name = "Arrow Price/Stock"; Value = "https://www.arrow.com/en/products/ftm-102-02-l-dv/samtec?region=nac"; VariantName = "[No Variations]"
Add component (AddParameter): Name = "Datasheet Link"; Value = "http://suddendocs.samtec.com/prints/ftm-1xx-xx-xx-dv-xx-mkt.pdf"; VariantName = "[No Variations]"
Add component (AddParameter): Name = "Manufacturer_Name"; Value = "SAMTEC"; VariantName = "[No Variations]"
Add component (AddParameter): Name = "Manufacturer_Part_Number"; Value = "FTM-102-02-L-DV"; VariantName = "[No Variations]"
Add component (AddParameter): Name = "Mouser Part Number"; Value = "200-FTM10202LDV"; VariantName = "[No Variations]"
Add component (AddParameter): Name = "Mouser Price/Stock"; Value = "https://www.mouser.co.uk/ProductDetail/Samtec/FTM-102-02-L-DV?qs=0lQeLiL1qya6YPCmM89DGQ%3D%3D"; VariantName = "[No Variations]"
Added Pin To Net: NetName=3.3v Pin=IC1-5
Added Pin To Net: NetName=3.3v Pin=J1-2
Added Net: Name=3.3v
Added Pin To Net: NetName=GND Pin=IC1-6
Added Pin To Net: NetName=GND Pin=IC1-8
Added Pin To Net: NetName=GND Pin=J1-1
Added Pin To Net: NetName=GND Pin=J1-3
Added Net: Name=GND
Added Pin To Net: NetName=IR Pin=IC1-1
Added Pin To Net: NetName=IR Pin=J1-4
Added Net: Name=IR
Added Member To Class: ClassName=Main Member=Component IC1 TSOP57438TT1
Added Member To Class: ClassName=Main Member=Component J1 FTM-102-02-L-DV
Added Room: Name=Main
