Removed Pin From Net: NetName=GND Pin=OLED1-1
Removed Pin From Net: NetName=NetC47_1 Pin=OLED1-2
Removed Pin From Net: NetName=NetC47_2 Pin=OLED1-3
Removed Pin From Net: NetName=NetC48_1 Pin=OLED1-4
Removed Pin From Net: NetName=NetC48_2 Pin=OLED1-5
Removed Pin From Net: NetName=3.3v Pin=OLED1-6
Removed Pin From Net: NetName=GND Pin=OLED1-8
Removed Pin From Net: NetName=3.3v Pin=OLED1-9
Removed Pin From Net: NetName=GND Pin=OLED1-10
Removed Pin From Net: NetName=3.3v Pin=OLED1-11
Removed Pin From Net: NetName=GND Pin=OLED1-12
Removed Pin From Net: NetName=GND Pin=OLED1-13
Removed Pin From Net: NetName=NetC46_1 Pin=OLED1-14
Removed Pin From Net: NetName=GND Pin=OLED1-15
Removed Pin From Net: NetName=GND Pin=OLED1-16
Removed Pin From Net: NetName=GND Pin=OLED1-17
Removed Pin From Net: NetName=I2C_OLED_SCL Pin=OLED1-18
Removed Pin From Net: NetName=I2C_OLED_SDA Pin=OLED1-19
Removed Pin From Net: NetName=I2C_OLED_SDA Pin=OLED1-20
Removed Pin From Net: NetName=GND Pin=OLED1-21
Removed Pin From Net: NetName=GND Pin=OLED1-22
Removed Pin From Net: NetName=GND Pin=OLED1-23
Removed Pin From Net: NetName=GND Pin=OLED1-24
Removed Pin From Net: NetName=GND Pin=OLED1-25
Removed Pin From Net: NetName=NetC49_1 Pin=OLED1-27
Removed Pin From Net: NetName=NetC50_1 Pin=OLED1-28
Removed Pin From Net: NetName=GND Pin=OLED1-29
Removed Pin From Net: NetName=GND Pin=OLED1-30
Removed Member From Class: ClassName=U_OledAndLed Member=OLED1
Added Component: Designator=OLED?(oled flex 0.96)
Added Pin To Net: NetName=GND Pin=OLED?-1
Added Pin To Net: NetName=NetC47_1 Pin=OLED?-2
Added Pin To Net: NetName=NetC47_2 Pin=OLED?-3
Added Pin To Net: NetName=NetC48_1 Pin=OLED?-4
Added Pin To Net: NetName=NetC48_2 Pin=OLED?-5
Added Pin To Net: NetName=3.3v Pin=OLED?-6
Added Pin To Net: NetName=GND Pin=OLED?-8
Added Pin To Net: NetName=3.3v Pin=OLED?-9
Added Pin To Net: NetName=GND Pin=OLED?-10
Added Pin To Net: NetName=3.3v Pin=OLED?-11
Added Pin To Net: NetName=GND Pin=OLED?-12
Added Pin To Net: NetName=GND Pin=OLED?-13
Added Pin To Net: NetName=NetC46_1 Pin=OLED?-14
Added Pin To Net: NetName=GND Pin=OLED?-15
Added Pin To Net: NetName=GND Pin=OLED?-16
Added Pin To Net: NetName=GND Pin=OLED?-17
Added Pin To Net: NetName=I2C_OLED_SCL Pin=OLED?-18
Added Pin To Net: NetName=I2C_OLED_SDA Pin=OLED?-19
Added Pin To Net: NetName=I2C_OLED_SDA Pin=OLED?-20
Added Pin To Net: NetName=GND Pin=OLED?-21
Added Pin To Net: NetName=GND Pin=OLED?-22
Added Pin To Net: NetName=GND Pin=OLED?-23
Added Pin To Net: NetName=GND Pin=OLED?-24
Added Pin To Net: NetName=GND Pin=OLED?-25
Added Pin To Net: NetName=NetC49_1 Pin=OLED?-27
Added Pin To Net: NetName=NetC50_1 Pin=OLED?-28
Added Pin To Net: NetName=GND Pin=OLED?-29
Added Pin To Net: NetName=GND Pin=OLED?-30
Added Pin To Net: NetName=NetOLED?_26 Pin=OLED?-26
Added Pin To Net: NetName=NetOLED?_26 Pin=R29-2
Added Net: Name=NetOLED?_26
Added Member To Class: ClassName=U_OledAndLed Member=Component OLED? oled flex 0.96
