Removed Pin From Net: NetName=START_MOD_IR_1 Pin=J5-1
Removed Pin From Net: NetName=3.3v Pin=J5-2
Removed Pin From Net: NetName=GND Pin=J5-3
Removed Pin From Net: NetName=GND Pin=J5-4
Removed Pin From Net: NetName=START_MOD_IR_2 Pin=J6-1
Removed Pin From Net: NetName=3.3v Pin=J6-2
Removed Pin From Net: NetName=GND Pin=J6-3
Removed Pin From Net: NetName=GND Pin=J6-4
Removed Member From Class: ClassName=U_Start_mod Member=J5
Removed Member From Class: ClassName=U_Start_mod Member=J6
Added Component: Designator=D11(1N4148WT7)
Add component (AddParameter): Name = "Arrow Part Number"; Value = "1N4148WT-7"; VariantName = "[No Variations]"
Add component (AddParameter): Name = "Arrow Price/Stock"; Value = "https://www.arrow.com/en/products/1n4148wt-7/diodes-incorporated?region=nac"; VariantName = "[No Variations]"
Add component (AddParameter): Name = "Datasheet Link"; Value = "https://datasheet.datasheetarchive.com/originals/distributors/Datasheets-305/73268.pdf"; VariantName = "[No Variations]"
Add component (AddParameter): Name = "Height"; Value = "0mm"; VariantName = "[No Variations]"
Add component (AddParameter): Name = "Manufacturer_Name"; Value = "Diodes Inc."; VariantName = "[No Variations]"
Add component (AddParameter): Name = "Manufacturer_Part_Number"; Value = "1N4148WT-7"; VariantName = "[No Variations]"
Add component (AddParameter): Name = "Mouser Part Number"; Value = "621-1N4148WT"; VariantName = "[No Variations]"
Add component (AddParameter): Name = "Mouser Price/Stock"; Value = "https://www.mouser.co.uk/ProductDetail/Diodes-Incorporated/1N4148WT-7?qs=FITO%2F%2FQgYDlMYETivVNccQ%3D%3D"; VariantName = "[No Variations]"
Added Component: Designator=J3(MLE10201GDV - ir receiver)
Add component (AddParameter): Name = "Arrow Part Number"; Value = "MLE-102-01-G-DV"; VariantName = "[No Variations]"
Add component (AddParameter): Name = "Arrow Price/Stock"; Value = "https://www.arrow.com/en/products/mle-102-01-g-dv/samtec?region=nac"; VariantName = "[No Variations]"
Add component (AddParameter): Name = "Datasheet Link"; Value = "https://suddendocs.samtec.com/prints/mle-1xx-xx-x-dv-x-x-xx-mkt.pdf"; VariantName = "[No Variations]"
Add component (AddParameter): Name = "Height"; Value = "3.43mm"; VariantName = "[No Variations]"
Add component (AddParameter): Name = "Manufacturer_Name"; Value = "SAMTEC"; VariantName = "[No Variations]"
Add component (AddParameter): Name = "Manufacturer_Part_Number"; Value = "MLE-102-01-G-DV"; VariantName = "[No Variations]"
Add component (AddParameter): Name = "Mouser Part Number"; Value = "200-MLE10201GDV"; VariantName = "[No Variations]"
Add component (AddParameter): Name = "Mouser Price/Stock"; Value = "https://www.mouser.co.uk/ProductDetail/Samtec/MLE-102-01-G-DV?qs=rU5fayqh%252BE2cyeeus1X4ww%3D%3D"; VariantName = "[No Variations]"
Added Component: Designator=J4(MLE10201GDV - ir receiver)
Add component (AddParameter): Name = "Arrow Part Number"; Value = "MLE-102-01-G-DV"; VariantName = "[No Variations]"
Add component (AddParameter): Name = "Arrow Price/Stock"; Value = "https://www.arrow.com/en/products/mle-102-01-g-dv/samtec?region=nac"; VariantName = "[No Variations]"
Add component (AddParameter): Name = "Datasheet Link"; Value = "https://suddendocs.samtec.com/prints/mle-1xx-xx-x-dv-x-x-xx-mkt.pdf"; VariantName = "[No Variations]"
Add component (AddParameter): Name = "Height"; Value = "3.43mm"; VariantName = "[No Variations]"
Add component (AddParameter): Name = "Manufacturer_Name"; Value = "SAMTEC"; VariantName = "[No Variations]"
Add component (AddParameter): Name = "Manufacturer_Part_Number"; Value = "MLE-102-01-G-DV"; VariantName = "[No Variations]"
Add component (AddParameter): Name = "Mouser Part Number"; Value = "200-MLE10201GDV"; VariantName = "[No Variations]"
Add component (AddParameter): Name = "Mouser Price/Stock"; Value = "https://www.mouser.co.uk/ProductDetail/Samtec/MLE-102-01-G-DV?qs=rU5fayqh%252BE2cyeeus1X4ww%3D%3D"; VariantName = "[No Variations]"
Added Component: Designator=M1(HCT5020A)
Added Pin To Net: NetName=3.3v Pin=D11-1
Added Pin To Net: NetName=IMU_INT1_MCU Pin=IC1-42
Added Pin To Net: NetName=START_MOD_IR_1 Pin=J3-1
Added Pin To Net: NetName=3.3v Pin=J3-2
Added Pin To Net: NetName=GND Pin=J3-3
Added Pin To Net: NetName=GND Pin=J3-4
Added Pin To Net: NetName=START_MOD_IR_2 Pin=J4-1
Added Pin To Net: NetName=3.3v Pin=J4-2
Added Pin To Net: NetName=GND Pin=J4-3
Added Pin To Net: NetName=GND Pin=J4-4
Added Pin To Net: NetName=3.3v Pin=M1-2
Added Pin To Net: NetName=BUZZ_PWM Pin=IC1-40
Added Net: Name=BUZZ_PWM
Added Pin To Net: NetName=IMU_INT2_MCU Pin=IC1-41
Added Pin To Net: NetName=IMU_INT2_MCU Pin=IC5-9
Added Net: Name=IMU_INT2_MCU
Added Pin To Net: NetName=NetD11_2 Pin=D11-2
Added Pin To Net: NetName=NetD11_2 Pin=M1-1
Added Net: Name=NetD11_2
Added Net: Name=NetQ4_1
Added Pin To Net: NetName=START_MOD_IR_3 Pin=IC1-3
Added Net: Name=START_MOD_IR_3
Added Class: Name=U_Buzzer
Added Member To Class: ClassName=U_Start_mod Member=Component J3 MLE-102-01-G-DV
Added Member To Class: ClassName=U_Start_mod Member=Component J4 MLE-102-01-G-DV
Added Room: Name=U_Buzzer
