Change Component Physical Designator: Old Designator=C35_LowPass1 New Designator=C35I
Change Component Physical Designator: Old Designator=C35_LowPass2 New Designator=C35J
Change Component Physical Designator: Old Designator=C35_LowPass3 New Designator=C35K
Change Component Physical Designator: Old Designator=C35_LowPass4 New Designator=C35L
Change Component Physical Designator: Old Designator=C35_LowPass5 New Designator=C35M
Change Component Physical Designator: Old Designator=C35_Low pass filter1 New Designator=C35A
Change Component Physical Designator: Old Designator=C35_Low pass filter2 New Designator=C35B
Change Component Physical Designator: Old Designator=C35_Low pass filter3 New Designator=C35C
Change Component Physical Designator: Old Designator=C35_Low pass filter4 New Designator=C35D
Change Component Physical Designator: Old Designator=C35_Low pass filter5 New Designator=C35E
Change Component Physical Designator: Old Designator=C35_Low pass filter6 New Designator=C35F
Change Component Physical Designator: Old Designator=C35_Low pass filter7 New Designator=C35G
Change Component Physical Designator: Old Designator=C35_Low pass filter8 New Designator=C35H
Change Component Physical Designator: Old Designator=C61_U_Encoder1 New Designator=C61A
Change Component Physical Designator: Old Designator=C61_U_Encoder2 New Designator=C61B
Change Component Physical Designator: Old Designator=C62_U_Encoder1 New Designator=C62A
Change Component Physical Designator: Old Designator=C62_U_Encoder2 New Designator=C62B
Change Component Physical Designator: Old Designator=IC1_U_Encoder1 New Designator=IC1A
Change Component Physical Designator: Old Designator=IC1_U_Encoder2 New Designator=IC1B
Change Component Physical Designator: Old Designator=R8_LowPass1 New Designator=R8I
Change Component Physical Designator: Old Designator=R8_LowPass2 New Designator=R8J
Change Component Physical Designator: Old Designator=R8_LowPass3 New Designator=R8K
Change Component Physical Designator: Old Designator=R8_LowPass4 New Designator=R8L
Change Component Physical Designator: Old Designator=R8_LowPass5 New Designator=R8M
Change Component Physical Designator: Old Designator=R8_Low pass filter1 New Designator=R8A
Change Component Physical Designator: Old Designator=R8_Low pass filter2 New Designator=R8B
Change Component Physical Designator: Old Designator=R8_Low pass filter3 New Designator=R8C
Change Component Physical Designator: Old Designator=R8_Low pass filter4 New Designator=R8D
Change Component Physical Designator: Old Designator=R8_Low pass filter5 New Designator=R8E
Change Component Physical Designator: Old Designator=R8_Low pass filter6 New Designator=R8F
Change Component Physical Designator: Old Designator=R8_Low pass filter7 New Designator=R8G
Change Component Physical Designator: Old Designator=R8_Low pass filter8 New Designator=R8H
