Removed Pin From Net: NetName=Power_enable_buttor_output Pin=C30-1
Removed Pin From Net: NetName=3.3v Pin=C36-1
Removed Pin From Net: NetName=GND Pin=C36-2
Removed Pin From Net: NetName=3.3v Pin=C37-1
Removed Pin From Net: NetName=GND Pin=C37-2
Removed Pin From Net: NetName=5v Pin=C40-1
Removed Pin From Net: NetName=GND Pin=C40-2
Removed Pin From Net: NetName=5v Pin=C41-1
Removed Pin From Net: NetName=GND Pin=C41-2
Removed Pin From Net: NetName=NetC44_1 Pin=C44-1
Removed Pin From Net: NetName=GND Pin=C44-2
Removed Pin From Net: NetName=5v Pin=D3-1
Removed Pin From Net: NetName=PWR_ENABLE_DRIVER2 Pin=D9-1
Removed Pin From Net: NetName=DR1_EN_MCU Pin=D9-2
Removed Pin From Net: NetName=PWR_ENABLE_DRIVER1 Pin=D10-1
Removed Pin From Net: NetName=DR2_EN_MCU Pin=D10-2
Removed Pin From Net: NetName=3.3v Pin=D11-1
Removed Pin From Net: NetName=5v Pin=FAN1-3
Removed Pin From Net: NetName=5v Pin=FAN1-4
Removed Pin From Net: NetName=GND Pin=IC4-1
Removed Pin From Net: NetName=GND Pin=IC4-2
Removed Pin From Net: NetName=GND Pin=IC4-3
Removed Pin From Net: NetName=GND Pin=IC4-4
Removed Pin From Net: NetName=I2C_EPROM_SDA Pin=IC4-5
Removed Pin From Net: NetName=I2C_EPROM_SCL Pin=IC4-6
Removed Pin From Net: NetName=3.3v Pin=IC4-8
Removed Pin From Net: NetName=GND Pin=IC4-9
Removed Pin From Net: NetName=CAN_TX_MCU Pin=IC6-1
Removed Pin From Net: NetName=GND Pin=IC6-2
Removed Pin From Net: NetName=5v Pin=IC6-3
Removed Pin From Net: NetName=CAN_RX_MCU Pin=IC6-4
Removed Pin From Net: NetName=_CAN_L Pin=IC6-6
Removed Pin From Net: NetName=_CAN_H Pin=IC6-7
Removed Pin From Net: NetName=GND Pin=IC6-9
Removed Pin From Net: NetName=Power_enable_buttor_output Pin=J1-1
Removed Pin From Net: NetName=PWR_ENABLE_DRIVER1 Pin=J1-2
Removed Pin From Net: NetName=Power_enable_buttor_output Pin=J2-1
Removed Pin From Net: NetName=PWR_ENABLE_DRIVER2 Pin=J2-2
Removed Pin From Net: NetName=START_MOD_IR_1 Pin=J3-1
Removed Pin From Net: NetName=3.3v Pin=J3-2
Removed Pin From Net: NetName=GND Pin=J3-3
Removed Pin From Net: NetName=GND Pin=J3-4
Removed Pin From Net: NetName=START_MOD_IR_2 Pin=J4-1
Removed Pin From Net: NetName=3.3v Pin=J4-2
Removed Pin From Net: NetName=GND Pin=J4-3
Removed Pin From Net: NetName=GND Pin=J4-4
Removed Pin From Net: NetName=3.3v Pin=M1-2
Removed Pin From Net: NetName=GND Pin=Q3-2
Removed Pin From Net: NetName=GND Pin=Q4-3
Removed Pin From Net: NetName=BUZZ_PWM Pin=R6-1
Removed Pin From Net: NetName=GND Pin=R7-1
Removed Pin From Net: NetName=GND Pin=R9-1
Removed Pin From Net: NetName=I2C_EPROM_SCL Pin=R10-1
Removed Pin From Net: NetName=3.3v Pin=R10-2
Removed Pin From Net: NetName=I2C_EPROM_SDA Pin=R11-1
Removed Pin From Net: NetName=3.3v Pin=R11-2
Removed Pin From Net: NetName=GND Pin=R17-1
Removed Pin From Net: NetName=FAN_PWM Pin=R18-2
Removed Member From Class: ClassName=U_MCU_2 Member=C44
Removed Member From Class: ClassName=U_Start_mod Member=J2
Change Component Comment : Designator=R22 Old Comment=1k New Comment=4.7k
Change Component Comment : Designator=C30 Old Comment=1uF New Comment=100nF
Change Component Comment : Designator=C45 Old Comment=1uF New Comment=100nF
Change Component Comment : Designator=R17 Old Comment=10K New Comment=0R
Change Component Comment : Designator=R21 Old Comment=10k New Comment=4.7k
Change Component Comment : Designator=R1 Old Comment=10k New Comment=100R
Change Component Comment : Designator=C21 Old Comment=10pF New Comment=6.8pF
Change Component Comment : Designator=C22 Old Comment=10pF New Comment=6.8pF
Change Component Comment : Designator=R20 Old Comment=91k New Comment=47k
Change Component Comment : Designator=IC3 Old Comment=AP63203WU-7 New Comment=AP63205WU-7
Change Component Comment : Designator=J1 Old Comment=NOPE New Comment=CLP-102-02-LM-D-BE-TR
Change Component Comment : Designator=C23 Old Comment=TL8B0336M020C (33uF tantalum cap) New Comment=2* 10uF 50v 1206
Added Component: Designator=C9(C 0402)
Added Component: Designator=C15(C 0402)
Added Component: Designator=C20(C 0402)
Added Component: Designator=IC?(SON65P300X300X100-9N-D)
Add component (AddParameter): Name = "Arrow Part Number"; Value = "TCAN1042VDRBTQ1"; VariantName = "[No Variations]"
Add component (AddParameter): Name = "Arrow Price/Stock"; Value = "https://www.arrow.com/en/products/tcan1042vdrbtq1/texas-instruments?region=nac"; VariantName = "[No Variations]"
Add component (AddParameter): Name = "Datasheet Link"; Value = "http://www.ti.com/lit/gpn/tcan1042v-q1"; VariantName = "[No Variations]"
Add component (AddParameter): Name = "Height"; Value = "1mm"; VariantName = "[No Variations]"
Add component (AddParameter): Name = "Manufacturer_Name"; Value = "Texas Instruments"; VariantName = "[No Variations]"
Add component (AddParameter): Name = "Manufacturer_Part_Number"; Value = "TCAN1042VDRBTQ1"; VariantName = "[No Variations]"
Add component (AddParameter): Name = "Mouser Part Number"; Value = "595-TCAN1042VDRBTQ1"; VariantName = "[No Variations]"
Add component (AddParameter): Name = "Mouser Price/Stock"; Value = "https://www.mouser.co.uk/ProductDetail/Texas-Instruments/TCAN1042VDRBTQ1?qs=HXFqYaX1Q2wv7WXgCzMaig%3D%3D"; VariantName = "[No Variations]"
Added Component: Designator=R8(R 0402)
Added Component: Designator=R13(R 0402)
Added Component: Designator=R14(R 0402)
Added Pin To Net: NetName=3.3v Pin=C9-1
Added Pin To Net: NetName=GND Pin=C9-2
Added Pin To Net: NetName=3.3v Pin=C15-1
Added Pin To Net: NetName=GND Pin=C15-2
Added Pin To Net: NetName=3.3v Pin=C20-1
Added Pin To Net: NetName=GND Pin=C20-2
Added Pin To Net: NetName=3.3v Pin=C30-1
Added Pin To Net: NetName=CAN_TX_MCU Pin=IC?-1
Added Pin To Net: NetName=GND Pin=IC?-2
Added Pin To Net: NetName=5v Pin=IC?-3
Added Pin To Net: NetName=CAN_RX_MCU Pin=IC?-4
Added Pin To Net: NetName=3.3v Pin=IC?-5
Added Pin To Net: NetName=_CAN_L Pin=IC?-6
Added Pin To Net: NetName=_CAN_H Pin=IC?-7
Added Pin To Net: NetName=GND Pin=IC?-9
Added Pin To Net: NetName=START_MOD_IR_1 Pin=J1-1
Added Pin To Net: NetName=3.3v Pin=J1-2
Added Pin To Net: NetName=PWR_ENABLE_DRIVER1 Pin=R8-1
Added Pin To Net: NetName=Power_enable_buttor_output Pin=R8-2
Added Pin To Net: NetName=PWR_ENABLE_DRIVER2 Pin=R13-1
Added Pin To Net: NetName=Power_enable_buttor_output Pin=R13-2
Added Pin To Net: NetName=PWR_ENABLE_DRIVER2 Pin=R14-1
Added Pin To Net: NetName=DR1_EN_MCU Pin=R14-2
Added Pin To Net: NetName=PWR_ENABLE_DRIVER1 Pin=R17-1
Added Pin To Net: NetName=DR2_EN_MCU Pin=R17-2
Change Net Name : Old Net Name=NetC44_1 New Net Name=NetD4_2
Added Pin To Net: NetName=IMU_INT2_MCU Pin=IC1-56
Added Pin To Net: NetName=IMU_INT2_MCU Pin=IC5-9
Added Net: Name=IMU_INT2_MCU
Added Pin To Net: NetName=NetIC?_8 Pin=IC?-8
Added Pin To Net: NetName=NetIC?_8 Pin=R19-2
Added Net: Name=NetIC?_8
Added Member To Class: ClassName=U_MCU Member=Component C8 (C3) 100nF
Added Member To Class: ClassName=U_Start_mod Member=Component C9 1uF
Added Member To Class: ClassName=U_Start_mod Member=Component C15 100nF
Added Member To Class: ClassName=U_Start_mod Member=Component C20 1uF
Added Member To Class: ClassName=U_MCU_2 Member=Component IC? TCAN1042VDRBTQ1
Added Member To Class: ClassName=PCB Member=Component R8 NOPE
Added Member To Class: ClassName=PCB Member=Component R13 NOPE
Added Member To Class: ClassName=PCB Member=Component R14 0R
