Added Room: Name=LowPass1
Added Room: Name=LowPass2
Added Room: Name=LowPass3
Added Room: Name=LowPass4
Added Room: Name=LowPass5
Added Room: Name=Low pass filter1
Added Room: Name=Low pass filter2
Added Room: Name=Low pass filter3
Added Room: Name=Low pass filter4
Added Room: Name=Low pass filter5
Added Room: Name=Low pass filter6
Added Room: Name=Low pass filter7
Added Room: Name=Low pass filter8
Added Room: Name=U_BTB_Main_connector.
Added Room: Name=U_BTB_Top_connector
Added Room: Name=U_Encoder1
Added Room: Name=U_Encoder2
Added Room: Name=U_EPROM
Added Room: Name=U_FAN
Added Room: Name=U_IMU
Added Room: Name=U_MCU
Added Room: Name=U_Power_supply
