2026-08-05 14:17:55,224 [INFO] Activator:176 - 


2026-08-05 14:17:55,227 [INFO] Activator:177 - !SESSION log4j initialized
2026-08-05 14:18:01,132 [INFO] LogOutputStream:77 - [STDOUT_REDIRECT] 
2026-08-05 14:18:08,115 [INFO] ApplicationProperties:184 - Using Application install path: C:\ST\STM32CubeIDE_1.19.0\STM32CubeIDE\plugins\com.st.stm32cube.common.mx_6.15.0.202507011659
2026-08-05 14:18:08,128 [INFO] DbMcusXml:78 - Set database path to: C:\ST\STM32CubeIDE_1.19.0\STM32CubeIDE\plugins\com.st.stm32cube.common.mx_6.15.0.202507011659\\db\/mcu/
2026-08-05 14:18:08,129 [INFO] ApiDb:274 - Set plugin database path to: C:\ST\STM32CubeIDE_1.19.0\STM32CubeIDE\plugins\com.st.stm32cube.common.mx_6.15.0.202507011659\\db\/plugins/boardmanager/
2026-08-05 14:18:08,129 [WARN] ApiDb:259 - Overriding images path with different value:  => C:\ST\STM32CubeIDE_1.19.0\STM32CubeIDE\plugins\com.st.stm32cube.common.mx_6.15.0.202507011659\\db\/plugins/mcufinder/images/
2026-08-05 14:18:08,138 [INFO] ApiDb:250 - Set database path to: C:\Users\szymo\.stmcufinder\plugins\mcufinder//mcu/
2026-08-05 14:18:08,139 [INFO] DbMcusAds:125 - Set database path to: C:\Users\szymo\.stmcufinder\plugins\mcufinder//mcu/
2026-08-05 14:18:08,140 [INFO] CrossReferenceDbSqlite:203 - Set database path to: C:\Users\szymo\.stmcufinder\plugins\mcufinder//mcu/cs/
2026-08-05 14:18:08,218 [INFO] RulesReader:64 - Compatibility file has been processed (317 Rules)
2026-08-05 14:18:08,281 [INFO] DbMcusXml:78 - Set database path to: C:\ST\STM32CubeIDE_1.19.0\STM32CubeIDE\plugins\com.st.stm32cube.common.mx_6.15.0.202507011659\\db\/mcu/
2026-08-05 14:18:08,281 [INFO] ApiDb:274 - Set plugin database path to: C:\ST\STM32CubeIDE_1.19.0\STM32CubeIDE\plugins\com.st.stm32cube.common.mx_6.15.0.202507011659\\db\/plugins/boardmanager/
2026-08-05 14:18:08,281 [INFO] ApiDb:261 - Set plugin images path to: C:\ST\STM32CubeIDE_1.19.0\STM32CubeIDE\plugins\com.st.stm32cube.common.mx_6.15.0.202507011659\\db\/plugins/mcufinder/images/
2026-08-05 14:18:08,281 [WARN] DbFile:41 - Overriding database path with different value: C:\Users\szymo\.stmcufinder\plugins\mcufinder/ => C:\Users\szymo\.stmcufinder\plugins\mcufinder
2026-08-05 14:18:08,281 [INFO] ApiDb:250 - Set database path to: C:\Users\szymo\.stmcufinder\plugins\mcufinder//mcu/
2026-08-05 14:18:08,281 [WARN] DbFile:41 - Overriding database path with different value: C:\Users\szymo\.stmcufinder\plugins\mcufinder/ => C:\Users\szymo\.stmcufinder\plugins\mcufinder
2026-08-05 14:18:08,281 [INFO] DbMcusAds:125 - Set database path to: C:\Users\szymo\.stmcufinder\plugins\mcufinder//mcu/
2026-08-05 14:18:08,281 [WARN] DbFile:41 - Overriding database path with different value: C:\Users\szymo\.stmcufinder\plugins\mcufinder/ => C:\Users\szymo\.stmcufinder\plugins\mcufinder
2026-08-05 14:18:08,281 [WARN] DbFile:41 - Overriding database path with different value: C:\Users\szymo\.stmcufinder\plugins\mcufinder/ => C:\Users\szymo\.stmcufinder\plugins\mcufinder
2026-08-05 14:18:08,281 [INFO] CrossReferenceDbSqlite:203 - Set database path to: C:\Users\szymo\.stmcufinder\plugins\mcufinder//mcu/cs/
2026-08-05 14:18:08,325 [INFO] MainPanel:274 - HeapMemory: 268435456
2026-08-05 14:18:08,414 [INFO] DbMcusXml:78 - Set database path to: C:\ST\STM32CubeIDE_1.19.0\STM32CubeIDE\plugins\com.st.stm32cube.common.mx_6.15.0.202507011659\\db\/mcu/
2026-08-05 14:18:08,414 [INFO] ApiDb:274 - Set plugin database path to: C:\ST\STM32CubeIDE_1.19.0\STM32CubeIDE\plugins\com.st.stm32cube.common.mx_6.15.0.202507011659\\db\/plugins/boardmanager/
2026-08-05 14:18:08,414 [INFO] ApiDb:261 - Set plugin images path to: C:\ST\STM32CubeIDE_1.19.0\STM32CubeIDE\plugins\com.st.stm32cube.common.mx_6.15.0.202507011659\\db\/plugins/mcufinder/images/
2026-08-05 14:18:08,414 [WARN] DbFile:41 - Overriding database path with different value: C:\Users\szymo\.stmcufinder\plugins\mcufinder/ => C:\Users\szymo\.stmcufinder\plugins\mcufinder
2026-08-05 14:18:08,414 [INFO] ApiDb:250 - Set database path to: C:\Users\szymo\.stmcufinder\plugins\mcufinder//mcu/
2026-08-05 14:18:08,414 [WARN] DbFile:41 - Overriding database path with different value: C:\Users\szymo\.stmcufinder\plugins\mcufinder/ => C:\Users\szymo\.stmcufinder\plugins\mcufinder
2026-08-05 14:18:08,414 [INFO] DbMcusAds:125 - Set database path to: C:\Users\szymo\.stmcufinder\plugins\mcufinder//mcu/
2026-08-05 14:18:08,414 [WARN] DbFile:41 - Overriding database path with different value: C:\Users\szymo\.stmcufinder\plugins\mcufinder/ => C:\Users\szymo\.stmcufinder\plugins\mcufinder
2026-08-05 14:18:08,414 [WARN] DbFile:41 - Overriding database path with different value: C:\Users\szymo\.stmcufinder\plugins\mcufinder/ => C:\Users\szymo\.stmcufinder\plugins\mcufinder
2026-08-05 14:18:08,415 [INFO] CrossReferenceDbSqlite:203 - Set database path to: C:\Users\szymo\.stmcufinder\plugins\mcufinder//mcu/cs/
2026-08-05 14:18:08,426 [INFO] ApplicationProperties:184 - Using Application install path: C:\ST\STM32CubeIDE_1.19.0\STM32CubeIDE\plugins\com.st.stm32cube.common.mx_6.15.0.202507011659
2026-08-05 14:18:08,427 [INFO] PluginManage:196 - Search for loadable plugins [exclusion list=, ]
2026-08-05 14:18:08,428 [INFO] PluginManage:310 - Check plugin analytics
2026-08-05 14:18:13,071 [INFO] AnalyticsPlugin:253 - Accepted Software Licenses: STM32CubeMX.6.18.0
2026-08-05 14:18:13,075 [INFO] AnalyticsPlugin:255 - Accepted CMSIS Pack Licenses: 
2026-08-05 14:18:13,075 [INFO] AnalyticsPlugin:257 - Accepted Firmware Licenses: FW.H5.1.7.0
2026-08-05 14:18:13,078 [INFO] PluginManage:359 - Loaded plugin analytics (category:tool,tabindex:-1)
2026-08-05 14:18:13,078 [INFO] PluginManage:310 - Check plugin cadmodel
2026-08-05 14:18:13,092 [INFO] CADModel:105 - Init CAD model plugin
2026-08-05 14:18:13,092 [INFO] PluginManage:359 - Loaded plugin cadmodel (category:power,tabindex:5)
2026-08-05 14:18:13,092 [INFO] PluginManage:310 - Check plugin clock
2026-08-05 14:18:13,115 [INFO] PluginManage:359 - Loaded plugin clock (category:base,tabindex:2)
2026-08-05 14:18:13,116 [INFO] PluginManage:310 - Check plugin ddr
2026-08-05 14:18:13,118 [INFO] PluginManage:359 - Loaded plugin ddr (category:tool,tabindex:6)
2026-08-05 14:18:13,118 [INFO] PluginManage:310 - Check plugin filemanager
2026-08-05 14:18:13,208 [INFO] PluginManage:359 - Loaded plugin filemanager (category:base,tabindex:10)
2026-08-05 14:18:13,208 [INFO] PluginManage:310 - Check plugin ipmanager
2026-08-05 14:18:13,212 [INFO] PluginManage:359 - Loaded plugin ipmanager (category:base,tabindex:5)
2026-08-05 14:18:13,212 [INFO] PluginManage:310 - Check plugin lpbam
2026-08-05 14:18:13,225 [INFO] PluginManage:359 - Loaded plugin lpbam (category:base,tabindex:0)
2026-08-05 14:18:13,225 [INFO] PluginManage:310 - Check plugin memorymap
2026-08-05 14:18:13,241 [INFO] PluginManage:359 - Loaded plugin memorymap (category:base,tabindex:4)
2026-08-05 14:18:13,241 [INFO] PluginManage:310 - Check plugin pinoutandconfiguration
2026-08-05 14:18:13,252 [INFO] PluginManage:359 - Loaded plugin pinoutandconfiguration (category:base,tabindex:1)
2026-08-05 14:18:13,252 [INFO] PluginManage:310 - Check plugin pinoutconfig
2026-08-05 14:18:13,306 [WARN] SupportedApi:132 - Cannot load RTOS API schema: s4s-elt-must-match.1: The content of 'definitions' must match (annotation?, (simpleType | complexType)?, (unique | key | keyref)*)). A problem was found starting at: attribute.
2026-08-05 14:18:13,393 [INFO] PluginManage:359 - Loaded plugin pinoutconfig (category:base,tabindex:0)
2026-08-05 14:18:13,393 [INFO] PluginManage:310 - Check plugin power
2026-08-05 14:18:13,408 [INFO] PluginManage:359 - Loaded plugin power (category:power,tabindex:4)
2026-08-05 14:18:13,408 [INFO] PluginManage:310 - Check plugin projectmanager
2026-08-05 14:18:13,419 [INFO] PluginManage:359 - Loaded plugin projectmanager (category:projectmanager,tabindex:4)
2026-08-05 14:18:13,419 [INFO] PluginManage:310 - Check plugin rif
2026-08-05 14:18:13,432 [INFO] PluginManage:359 - Loaded plugin rif (category:base,tabindex:3)
2026-08-05 14:18:13,432 [INFO] PluginManage:310 - Check plugin thirdparty
2026-08-05 14:18:13,615 [INFO] PluginManage:359 - Loaded plugin thirdparty (category:base,tabindex:-1)
2026-08-05 14:18:13,615 [WARN] IntegrityCheckThread:84 - waiting for thirdparty lock release [integrity check]
2026-08-05 14:18:13,615 [INFO] PluginManage:310 - Check plugin tools
2026-08-05 14:18:13,616 [INFO] IntegrityCheckThread:86 - entering critical section [integrity check]
2026-08-05 14:18:13,616 [INFO] ThirdPartyUpdaterWithRetryManager:70 - Updater plugin not ready yet. [1/15]
2026-08-05 14:18:13,640 [INFO] PluginManage:359 - Loaded plugin tools (category:base,tabindex:7)
2026-08-05 14:18:13,640 [INFO] PluginManage:310 - Check plugin tutovideos
2026-08-05 14:18:13,775 [INFO] PluginManage:359 - Loaded plugin tutovideos (category:base,tabindex:-1)
2026-08-05 14:18:13,775 [INFO] PluginManage:310 - Check plugin updater
2026-08-05 14:18:13,788 [INFO] PluginManage:359 - Loaded plugin updater (category:base,tabindex:12)
2026-08-05 14:18:13,788 [INFO] PluginManage:310 - Check plugin userauth
2026-08-05 14:18:13,791 [INFO] UserAuth:118 - Init User Auth plugin
2026-08-05 14:18:13,791 [INFO] PluginManage:359 - Loaded plugin userauth (category:base,tabindex:14)
2026-08-05 14:18:13,791 [INFO] PluginManage:283 - PluginManage : Loaded plugins [18]
2026-08-05 14:18:13,922 [INFO] PinOutPanel:1589 - setPackage(No Configuration,No Configuration)
2026-08-05 14:18:13,971 [INFO] CADModel:165 - CPN selected for project level
2026-08-05 14:18:13,972 [INFO] CADModel:114 - Register for checkConnection events
2026-08-05 14:18:13,991 [INFO] IPUIPlugin:80 - create IPUIPlugin
2026-08-05 14:18:13,991 [INFO] PluginManager:220 - loadIPPluginJar : add adc
2026-08-05 14:18:14,020 [INFO] IPUIPlugin:80 - create IPUIPlugin
2026-08-05 14:18:14,020 [INFO] PluginManager:220 - loadIPPluginJar : add aes
2026-08-05 14:18:14,053 [INFO] IPUIPlugin:80 - create IPUIPlugin
2026-08-05 14:18:14,053 [INFO] PluginManager:220 - loadIPPluginJar : add can
2026-08-05 14:18:14,073 [INFO] IPUIPlugin:80 - create IPUIPlugin
2026-08-05 14:18:14,073 [INFO] PluginManager:220 - loadIPPluginJar : add comp
2026-08-05 14:18:14,097 [INFO] IPUIPlugin:80 - create IPUIPlugin
2026-08-05 14:18:14,097 [INFO] PluginManager:220 - loadIPPluginJar : add cryp
2026-08-05 14:18:14,106 [INFO] IPUIPlugin:80 - create IPUIPlugin
2026-08-05 14:18:14,106 [INFO] PluginManager:220 - loadIPPluginJar : add ddr_ctrl_phy
2026-08-05 14:18:14,126 [INFO] IPUIPlugin:80 - create IPUIPlugin
2026-08-05 14:18:14,127 [INFO] PluginManager:220 - loadIPPluginJar : add dfsdm
2026-08-05 14:18:14,135 [INFO] IPUIPlugin:80 - create IPUIPlugin
2026-08-05 14:18:14,135 [INFO] PluginManager:220 - loadIPPluginJar : add dma
2026-08-05 14:18:14,163 [INFO] IPUIPlugin:80 - create IPUIPlugin
2026-08-05 14:18:14,163 [INFO] PluginManager:220 - loadIPPluginJar : add dma3
2026-08-05 14:18:14,196 [INFO] IPUIPlugin:80 - create IPUIPlugin
2026-08-05 14:18:14,196 [INFO] PluginManager:220 - loadIPPluginJar : add extmemmanager
2026-08-05 14:18:14,210 [INFO] IPUIPlugin:80 - create IPUIPlugin
2026-08-05 14:18:14,210 [INFO] PluginManager:220 - loadIPPluginJar : add fatfs
2026-08-05 14:18:14,244 [INFO] IPUIPlugin:80 - create IPUIPlugin
2026-08-05 14:18:14,244 [INFO] PluginManager:220 - loadIPPluginJar : add fmc
2026-08-05 14:18:14,255 [INFO] IPUIPlugin:80 - create IPUIPlugin
2026-08-05 14:18:14,255 [INFO] PluginManager:220 - loadIPPluginJar : add freertos
2026-08-05 14:18:14,269 [INFO] IPUIPlugin:80 - create IPUIPlugin
2026-08-05 14:18:14,269 [INFO] PluginManager:220 - loadIPPluginJar : add genericplugin
2026-08-05 14:18:14,331 [INFO] IPUIPlugin:80 - create IPUIPlugin
2026-08-05 14:18:14,331 [INFO] PluginManager:220 - loadIPPluginJar : add gfxmmu
2026-08-05 14:18:14,417 [INFO] IPUIPlugin:80 - create IPUIPlugin
2026-08-05 14:18:14,417 [INFO] PluginManager:220 - loadIPPluginJar : add gic
2026-08-05 14:18:14,426 [INFO] IPUIPlugin:80 - create IPUIPlugin
2026-08-05 14:18:14,426 [INFO] PluginManager:220 - loadIPPluginJar : add gpio
2026-08-05 14:18:14,490 [INFO] IPUIPlugin:80 - create IPUIPlugin
2026-08-05 14:18:14,490 [INFO] PluginManager:220 - loadIPPluginJar : add gtzc
2026-08-05 14:18:14,512 [INFO] IPUIPlugin:80 - create IPUIPlugin
2026-08-05 14:18:14,512 [INFO] PluginManager:220 - loadIPPluginJar : add hash
2026-08-05 14:18:14,546 [INFO] IPUIPlugin:80 - create IPUIPlugin
2026-08-05 14:18:14,546 [INFO] PluginManager:220 - loadIPPluginJar : add i2c
2026-08-05 14:18:14,574 [INFO] IPUIPlugin:80 - create IPUIPlugin
2026-08-05 14:18:14,574 [INFO] PluginManager:220 - loadIPPluginJar : add i2s
2026-08-05 14:18:14,603 [INFO] IPUIPlugin:80 - create IPUIPlugin
2026-08-05 14:18:14,603 [INFO] PluginManager:220 - loadIPPluginJar : add i3c
2026-08-05 14:18:14,678 [INFO] IPUIPlugin:80 - create IPUIPlugin
2026-08-05 14:18:14,678 [INFO] PluginManager:220 - loadIPPluginJar : add ipddr
2026-08-05 14:18:14,740 [INFO] IPUIPlugin:80 - create IPUIPlugin
2026-08-05 14:18:14,741 [INFO] PluginManager:220 - loadIPPluginJar : add linkedlist
2026-08-05 14:18:14,765 [INFO] IPUIPlugin:80 - create IPUIPlugin
2026-08-05 14:18:14,765 [INFO] PluginManager:220 - loadIPPluginJar : add lorawan
2026-08-05 14:18:14,792 [INFO] IPUIPlugin:80 - create IPUIPlugin
2026-08-05 14:18:14,792 [INFO] PluginManager:220 - loadIPPluginJar : add ltdc
2026-08-05 14:18:14,800 [INFO] IPUIPlugin:80 - create IPUIPlugin
2026-08-05 14:18:14,800 [INFO] PluginManager:220 - loadIPPluginJar : add mdma
2026-08-05 14:18:14,807 [INFO] IPUIPlugin:80 - create IPUIPlugin
2026-08-05 14:18:14,807 [INFO] PluginManager:220 - loadIPPluginJar : add nvic
2026-08-05 14:18:14,832 [INFO] IPUIPlugin:80 - create IPUIPlugin
2026-08-05 14:18:14,832 [INFO] PluginManager:220 - loadIPPluginJar : add opamp
2026-08-05 14:18:14,873 [INFO] IPUIPlugin:80 - create IPUIPlugin
2026-08-05 14:18:14,874 [INFO] PluginManager:220 - loadIPPluginJar : add openamp
2026-08-05 14:18:14,902 [INFO] IPUIPlugin:80 - create IPUIPlugin
2026-08-05 14:18:14,902 [INFO] PluginManager:220 - loadIPPluginJar : add pdm2pcm
2026-08-05 14:18:14,912 [INFO] IPUIPlugin:80 - create IPUIPlugin
2026-08-05 14:18:14,913 [INFO] PluginManager:220 - loadIPPluginJar : add plateformsettings
2026-08-05 14:18:14,930 [INFO] IPUIPlugin:80 - create IPUIPlugin
2026-08-05 14:18:14,930 [INFO] PluginManager:220 - loadIPPluginJar : add quadspi
2026-08-05 14:18:14,948 [INFO] IPUIPlugin:80 - create IPUIPlugin
2026-08-05 14:18:14,948 [INFO] PluginManager:220 - loadIPPluginJar : add radio
2026-08-05 14:18:14,957 [INFO] IPUIPlugin:80 - create IPUIPlugin
2026-08-05 14:18:14,957 [INFO] PluginManager:220 - loadIPPluginJar : add resmgrutility
2026-08-05 14:18:14,992 [INFO] IPUIPlugin:80 - create IPUIPlugin
2026-08-05 14:18:14,992 [INFO] PluginManager:220 - loadIPPluginJar : add sai
2026-08-05 14:18:15,018 [INFO] IPUIPlugin:80 - create IPUIPlugin
2026-08-05 14:18:15,018 [INFO] PluginManager:220 - loadIPPluginJar : add spi
2026-08-05 14:18:15,073 [INFO] IPUIPlugin:80 - create IPUIPlugin
2026-08-05 14:18:15,073 [INFO] PluginManager:220 - loadIPPluginJar : add stm32_wpan
2026-08-05 14:18:15,091 [INFO] IPUIPlugin:80 - create IPUIPlugin
2026-08-05 14:18:15,091 [INFO] PluginManager:220 - loadIPPluginJar : add tim
2026-08-05 14:18:15,134 [INFO] IPUIPlugin:80 - create IPUIPlugin
2026-08-05 14:18:15,135 [INFO] PluginManager:220 - loadIPPluginJar : add touchsensing
2026-08-05 14:18:15,150 [INFO] IPUIPlugin:80 - create IPUIPlugin
2026-08-05 14:18:15,150 [INFO] PluginManager:220 - loadIPPluginJar : add tracer_emb
2026-08-05 14:18:15,167 [INFO] IPUIPlugin:80 - create IPUIPlugin
2026-08-05 14:18:15,167 [INFO] PluginManager:220 - loadIPPluginJar : add ts
2026-08-05 14:18:15,181 [INFO] IPUIPlugin:80 - create IPUIPlugin
2026-08-05 14:18:15,181 [INFO] PluginManager:220 - loadIPPluginJar : add tsc
2026-08-05 14:18:15,198 [INFO] IPUIPlugin:80 - create IPUIPlugin
2026-08-05 14:18:15,198 [INFO] PluginManager:220 - loadIPPluginJar : add ucpd
2026-08-05 14:18:15,229 [INFO] IPUIPlugin:80 - create IPUIPlugin
2026-08-05 14:18:15,230 [INFO] PluginManager:220 - loadIPPluginJar : add usart
2026-08-05 14:18:15,261 [INFO] IPUIPlugin:80 - create IPUIPlugin
2026-08-05 14:18:15,262 [INFO] PluginManager:220 - loadIPPluginJar : add usbx
2026-08-05 14:18:15,367 [FATAL] Updater:351 - Updater called before beeing initialized
2026-08-05 14:18:15,380 [INFO] RulesReader:64 - Compatibility file has been processed (317 Rules)
2026-08-05 14:18:15,386 [INFO] RulesReader:64 - Compatibility file has been processed (317 Rules)
2026-08-05 14:18:15,396 [INFO] CADModel:165 - CPN selected for project level
2026-08-05 14:18:15,396 [INFO] CADModel:114 - Register for checkConnection events
2026-08-05 14:18:15,396 [FATAL] Updater:351 - Updater called before beeing initialized
2026-08-05 14:18:15,396 [ERROR] CADModel:125 - Updater not yet initialized, retry later 
2026-08-05 14:18:15,510 [FATAL] Updater:351 - Updater called before beeing initialized
2026-08-05 14:18:15,512 [INFO] CADModel:165 - CPN selected for project level
2026-08-05 14:18:15,512 [INFO] CADModel:114 - Register for checkConnection events
2026-08-05 14:18:15,512 [FATAL] Updater:351 - Updater called before beeing initialized
2026-08-05 14:18:15,512 [ERROR] CADModel:125 - Updater not yet initialized, retry later 
2026-08-05 14:18:15,514 [FATAL] Updater:351 - Updater called before beeing initialized
2026-08-05 14:18:15,592 [FATAL] Updater:351 - Updater called before beeing initialized
2026-08-05 14:18:15,601 [INFO] DbMcusAds:53 - JSON generation date=Wed Jul 15 11:46:00 CEST 2026 (1784108760991)
2026-08-05 14:18:15,601 [FATAL] Updater:351 - Updater called before beeing initialized
2026-08-05 14:18:15,628 [WARN] DetailPanel:346 - Failed to get advertising image, set to default
2026-08-05 14:18:15,674 [FATAL] Updater:351 - Updater called before beeing initialized
2026-08-05 14:18:15,676 [FATAL] Updater:351 - Updater called before beeing initialized
2026-08-05 14:18:15,676 [FATAL] Updater:351 - Updater called before beeing initialized
2026-08-05 14:18:15,676 [WARN] DetailPanel:346 - Failed to get advertising image, set to default
2026-08-05 14:18:15,676 [FATAL] Updater:351 - Updater called before beeing initialized
2026-08-05 14:18:15,713 [ERROR] Updater:1198 - MainUpdater not yet initialized. External WinMGr cannot be set.
2026-08-05 14:18:15,721 [INFO] Updater:1134 - Updater Version found : 6.15.0
2026-08-05 14:18:15,733 [INFO] ApplicationProperties:184 - Using Application install path: C:\ST\STM32CubeIDE_1.19.0\STM32CubeIDE\plugins\com.st.stm32cube.common.mx_6.15.0.202507011659
2026-08-05 14:18:16,617 [INFO] ThirdPartyUpdaterWithRetryManager:70 - Updater plugin not ready yet. [2/15]
2026-08-05 14:18:17,303 [ERROR] LogOutputStream:75 - [STDERR_REDIRECT] Aug 05, 2026 2:18:17 PM java.util.prefs.WindowsPreferences <init>
2026-08-05 14:18:17,303 [ERROR] LogOutputStream:75 - [STDERR_REDIRECT] WARNING: Could not open/create prefs root node Software\JavaSoft\Prefs at root 0xffffffff80000002. Windows RegCreateKeyEx(...) returned error code 5.
2026-08-05 14:18:17,303 [ERROR] LogOutputStream:75 - [STDERR_REDIRECT] 
2026-08-05 14:18:17,765 [INFO] MainUpdater:2872 - connection check result : 10
2026-08-05 14:18:17,766 [INFO] MainUpdater:289 - Updater Check For Update Now.
2026-08-05 14:18:17,766 [INFO] MicroXplorer:498 - Change Database Version : DB.6.0.150
2026-08-05 14:18:17,777 [INFO] McuFinderGlobals:63 - Set McuFinder mode to 2 (CubeIDE integrated)
2026-08-05 14:18:17,783 [INFO] UserAuth:487 - Internet connection configuration mode: 1
2026-08-05 14:18:17,827 [INFO] JxBrowserEngine:152 - Initiate JxBrowser Engine with user profile folder
2026-08-05 14:18:17,955 [INFO] CheckServerUpdateThread:120 - End of CheckServer Thread
2026-08-05 14:18:18,697 [INFO] WebApp:169 - Instantiating new browser for Auth
2026-08-05 14:18:19,104 [INFO] WebApp:463 - Apply proxy settings
2026-08-05 14:18:19,104 [INFO] WebApp:548 - Chromium requires no authentication
2026-08-05 14:18:19,110 [INFO] WebApp:491 - Direct internet connection detected
2026-08-05 14:18:19,125 [INFO] WebApp:900 - Register for checkConnection events
2026-08-05 14:18:19,125 [INFO] WebApp:463 - Apply proxy settings
2026-08-05 14:18:19,125 [INFO] WebApp:548 - Chromium requires no authentication
2026-08-05 14:18:19,125 [INFO] WebApp:491 - Direct internet connection detected
2026-08-05 14:18:19,228 [INFO] WebApp:225 - Starting web application
2026-08-05 14:18:19,228 [INFO] WebApp:593 - Web application path used C:\ST\STM32CubeIDE_1.19.0\STM32CubeIDE\plugins\com.st.stm32cube.common.mx_6.15.0.202507011659\db\plugins\mcufinder\reactClient1\index.html
2026-08-05 14:18:19,307 [INFO] UserAuth:487 - Internet connection configuration mode: 1
2026-08-05 14:18:19,354 [INFO] WebApp:191 - Connection restablished
2026-08-05 14:18:19,800 [WARN] PackLoader:240 - Cannot read IP mode file for STMicroelectronics.X-CUBE-AZRTOS-H7.3.5.0
2026-08-05 14:18:19,816 [WARN] PackLoader:240 - Cannot read IP mode file for STMicroelectronics.FP-SNS-MOTENVWB1.1.4.0
2026-08-05 14:18:19,827 [WARN] PackLoader:240 - Cannot read IP mode file for STMicroelectronics.FP-ATR-ASTRA1.2.0.3
2026-08-05 14:18:19,835 [WARN] PackLoader:240 - Cannot read IP mode file for STMicroelectronics.FP-ATR-ASTRA1.2.0.2
2026-08-05 14:18:19,845 [WARN] PackLoader:240 - Cannot read IP mode file for STMicroelectronics.FP-ATR-ASTRA1.2.0.1
2026-08-05 14:18:19,857 [ERROR] Engine:466 - C:\Users\szymo\.stm32cubemx\thirdparties\pdsc\STMicroelectronics.X-CUBE-SMBUS.2.1.1.pdsc: PDSC version is not supported
2026-08-05 14:18:19,865 [WARN] PackLoader:240 - Cannot read IP mode file for STMicroelectronics.X-CUBE-SMBUS.2.1.0
2026-08-05 14:18:19,875 [WARN] PackLoader:240 - Cannot read IP mode file for STMicroelectronics.X-CUBE-WB05N.1.1.0
2026-08-05 14:18:19,885 [WARN] PackLoader:240 - Cannot read IP mode file for STMicroelectronics.X-CUBE-ST60.1.0.0
2026-08-05 14:18:19,946 [WARN] PackLoader:240 - Cannot read IP mode file for STMicroelectronics.X-CUBE-AZRTOS-F7.1.1.0
2026-08-05 14:18:19,963 [WARN] PackLoader:240 - Cannot read IP mode file for STMicroelectronics.X-CUBE-FREERTOS.1.6.0
2026-08-05 14:18:19,973 [WARN] PackLoader:240 - Cannot read IP mode file for STMicroelectronics.FP-SNS-MOTENV1.5.1.0
2026-08-05 14:18:19,995 [WARN] PackLoader:240 - Cannot read IP mode file for STMicroelectronics.X-CUBE-AZRTOS-H7RS.1.3.0
2026-08-05 14:18:20,006 [WARN] PackLoader:240 - Cannot read IP mode file for STMicroelectronics.FP-SNS-FLIGHT1.5.0.2
2026-08-05 14:18:20,023 [WARN] PackLoader:240 - Cannot read IP mode file for Infineon.AIROC-Wi-Fi-Bluetooth-STM32.1.7.0
2026-08-05 14:18:20,041 [WARN] PackLoader:240 - Cannot read IP mode file for STMicroelectronics.X-CUBE-AZRTOS-H7.3.4.0
2026-08-05 14:18:20,053 [WARN] PackLoader:240 - Cannot read IP mode file for STMicroelectronics.X-CUBE-DISPLAY.3.0.0
2026-08-05 14:18:20,066 [WARN] PackLoader:240 - Cannot read IP mode file for STMicroelectronics.X-CUBE-GNSS1.7.1.1
2026-08-05 14:18:20,075 [WARN] PackLoader:240 - Cannot read IP mode file for STMicroelectronics.FP-SNS-MOTENVWB1.1.5.0
2026-08-05 14:18:20,085 [WARN] PackLoader:240 - Cannot read IP mode file for STMicroelectronics.X-CUBE-BLE1.7.0.0
2026-08-05 14:18:20,095 [WARN] PackLoader:240 - Cannot read IP mode file for STMicroelectronics.X-CUBE-NFC10.1.0.0
2026-08-05 14:18:20,105 [WARN] PackLoader:240 - Cannot read IP mode file for STMicroelectronics.X-CUBE-BLEMGR.4.0.0
2026-08-05 14:18:20,118 [WARN] PackLoader:240 - Cannot read IP mode file for STMicroelectronics.X-CUBE-ST60.1.1.0
2026-08-05 14:18:20,127 [WARN] PackLoader:240 - Cannot read IP mode file for emotas.I-CUBE-CANOPEN.1.3.0
2026-08-05 14:18:20,134 [ERROR] Engine:466 - C:\Users\szymo\.stm32cubemx\thirdparties\pdsc\STMicroelectronics.X-CUBE-WBA.1.1.0.pdsc: PDSC version is not supported
2026-08-05 14:18:20,143 [WARN] PackLoader:240 - Cannot read IP mode file for STMicroelectronics.X-CUBE-GNSS1.7.1.0
2026-08-05 14:18:20,150 [WARN] PackLoader:240 - Cannot read IP mode file for STMicroelectronics.X-CUBE-AI.10.0.0
2026-08-05 14:18:20,161 [WARN] PackLoader:240 - Cannot read IP mode file for STMicroelectronics.FP-SNS-STBOX1.2.1.0
2026-08-05 14:18:20,170 [WARN] PackLoader:240 - Cannot read IP mode file for STMicroelectronics.FP-SNS-SMARTAG2.1.2.0
2026-08-05 14:18:20,179 [WARN] PackLoader:240 - Cannot read IP mode file for STMicroelectronics.FP-SNS-FLIGHT1.5.1.0
2026-08-05 14:18:20,202 [WARN] PackLoader:240 - Cannot read IP mode file for STMicroelectronics.X-CUBE-MEMS1.11.1.0
2026-08-05 14:18:20,261 [INFO] LogOutputStream:77 - [STDOUT_REDIRECT] 1 : Invalid condition id : UX_CORESTACK_Condition cause : null
2026-08-05 14:18:20,262 [INFO] LogOutputStream:77 - [STDOUT_REDIRECT] 1 : Invalid condition id : UX_CORESTACK_Condition cause : null
2026-08-05 14:18:20,262 [INFO] LogOutputStream:77 - [STDOUT_REDIRECT] 1 : Invalid condition id : UX_CORESTACK_Condition cause : null
2026-08-05 14:18:20,263 [INFO] LogOutputStream:77 - [STDOUT_REDIRECT] 1 : Invalid condition id : UX_CORESTACK_Condition cause : null
2026-08-05 14:18:20,263 [INFO] LogOutputStream:77 - [STDOUT_REDIRECT] 1 : Invalid condition id : UX_CORESTACK_Condition cause : null
2026-08-05 14:18:20,264 [WARN] PackLoader:240 - Cannot read IP mode file for STMicroelectronics.X-CUBE-AZRTOS-WL.2.0.0
2026-08-05 14:18:20,274 [WARN] PackLoader:240 - Cannot read IP mode file for STMicroelectronics.FP-SNS-MOTENV1.5.0.0
2026-08-05 14:18:20,291 [WARN] PackLoader:240 - Cannot read IP mode file for STMicroelectronics.X-CUBE-AZRTOS-H7RS.1.2.0
2026-08-05 14:18:20,305 [WARN] PackLoader:240 - Cannot read IP mode file for WES.I-CUBE-Cesium.1.3.0
2026-08-05 14:18:20,314 [WARN] PackLoader:240 - Cannot read IP mode file for STMicroelectronics.X-CUBE-BLE2.3.3.0
2026-08-05 14:18:20,353 [WARN] PackLoader:240 - Cannot read IP mode file for STMicroelectronics.X-CUBE-NFC9.1.0.0
2026-08-05 14:18:20,363 [WARN] PackLoader:240 - Cannot read IP mode file for STMicroelectronics.X-CUBE-BLE1.7.1.0
2026-08-05 14:18:20,371 [WARN] PackLoader:240 - Cannot read IP mode file for wolfSSL.I-CUBE-wolfMQTT.1.19.2
2026-08-05 14:18:20,382 [WARN] PackLoader:240 - Cannot read IP mode file for STMicroelectronics.X-CUBE-FREERTOS.1.4.0
2026-08-05 14:18:20,393 [WARN] PackLoader:240 - Cannot read IP mode file for STMicroelectronics.X-CUBE-EEPRMA1.5.2.0
2026-08-05 14:18:20,403 [WARN] PackLoader:240 - Cannot read IP mode file for STMicroelectronics.X-CUBE-ST67W61.1.1.0
2026-08-05 14:18:20,412 [WARN] PackLoader:240 - Cannot read IP mode file for STMicroelectronics.X-CUBE-AI.10.1.0
2026-08-05 14:18:20,422 [WARN] PackLoader:240 - Cannot read IP mode file for STMicroelectronics.FP-SNS-STAIOTCFT.1.1.0
2026-08-05 14:18:20,448 [WARN] PackLoader:240 - Cannot read IP mode file for STMicroelectronics.X-CUBE-MEMS1.12.0.0
2026-08-05 14:18:20,512 [WARN] PackLoader:240 - Cannot read IP mode file for STMicroelectronics.X-CUBE-AZRTOS-G0.1.1.0
2026-08-05 14:18:20,527 [WARN] PackLoader:240 - Cannot read IP mode file for STMicroelectronics.X-CUBE-SAFEA1.1.2.2
2026-08-05 14:18:20,538 [WARN] PackLoader:240 - Cannot read IP mode file for STMicroelectronics.X-CUBE-NFC4.3.0.0
2026-08-05 14:18:20,549 [WARN] PackLoader:240 - Cannot read IP mode file for EmbeddedOffice.I-CUBE-FS-RTOS.1.0.1
2026-08-05 14:18:20,557 [WARN] PackLoader:240 - Cannot read IP mode file for STMicroelectronics.X-CUBE-WB05N.2.0.0
2026-08-05 14:18:20,566 [WARN] PackLoader:240 - Cannot read IP mode file for wolfSSL.I-CUBE-wolfTPM.3.8.0
2026-08-05 14:18:20,575 [WARN] PackLoader:240 - Cannot read IP mode file for STMicroelectronics.X-CUBE-TCPP.4.2.0
2026-08-05 14:18:20,584 [WARN] PackLoader:240 - Cannot read IP mode file for RealThread.X-CUBE-RT-Thread_Nano.4.1.1
2026-08-05 14:18:20,593 [WARN] PackLoader:240 - Cannot read IP mode file for STMicroelectronics.FP-ATR-SIGFOX1.3.2.0
2026-08-05 14:18:20,601 [WARN] ConditionMgr:438 - getConditionDescription Invalid condition id : Cortex-A Device cause : null
2026-08-05 14:18:20,610 [WARN] ConditionMgr:1044 - genDependencies : Invalid condition id : Cortex-A Device cause : null
2026-08-05 14:18:20,610 [WARN] ConditionMgr:1044 - genDependencies : Invalid condition id : Cortex-A Device cause : null
2026-08-05 14:18:20,610 [WARN] ConditionMgr:1044 - genDependencies : Invalid condition id : Cortex-A Device cause : null
2026-08-05 14:18:20,619 [WARN] PackLoader:240 - Cannot read IP mode file for STMicroelectronics.X-CUBE-EEPRMA1.5.1.0
2026-08-05 14:18:20,628 [WARN] PackLoader:240 - Cannot read IP mode file for STMicroelectronics.X-CUBE-FREERTOS.1.5.0
2026-08-05 14:18:20,636 [WARN] PackLoader:240 - Cannot read IP mode file for wolfSSL.I-CUBE-wolfSSL.5.7.6
2026-08-05 14:18:20,645 [WARN] PackLoader:240 - Cannot read IP mode file for ITTIA_DB.I-CUBE-ITTIADB.8.9.0
2026-08-05 14:18:20,657 [WARN] PackLoader:240 - Cannot read IP mode file for STMicroelectronics.X-CUBE-NFC6.3.2.0
2026-08-05 14:18:20,666 [WARN] PackLoader:240 - Cannot read IP mode file for STMicroelectronics.X-CUBE-ST67W61.1.0.0
2026-08-05 14:18:20,674 [WARN] PackLoader:240 - Cannot read IP mode file for STMicroelectronics.X-CUBE-AI.10.2.1
2026-08-05 14:18:20,682 [WARN] PackLoader:240 - Cannot read IP mode file for STMicroelectronics.X-CUBE-AI.10.2.0
2026-08-05 14:18:20,707 [WARN] PackLoader:240 - Cannot read IP mode file for STMicroelectronics.X-CUBE-MEMS1.12.1.0
2026-08-05 14:18:20,749 [WARN] PackLoader:240 - Cannot read IP mode file for SEGGER.I-CUBE-embOS.1.3.1
2026-08-05 14:18:20,769 [WARN] PackLoader:240 - Cannot read IP mode file for STMicroelectronics.X-CUBE-ALGOBUILD.1.4.0
2026-08-05 14:18:20,793 [WARN] PackLoader:240 - Cannot read IP mode file for STMicroelectronics.X-CUBE-MEMS1.11.3.0
2026-08-05 14:18:20,840 [WARN] PackLoader:240 - Cannot read IP mode file for STMicroelectronics.X-CUBE-AI.9.1.0
2026-08-05 14:18:20,850 [WARN] PackLoader:240 - Cannot read IP mode file for STMicroelectronics.X-CUBE-NFC13.1.0.0
2026-08-05 14:18:20,862 [WARN] PackLoader:240 - Cannot read IP mode file for STMicroelectronics.X-CUBE-PM33A1.1.0.0
2026-08-05 14:18:20,876 [WARN] PackLoader:240 - Cannot read IP mode file for STMicroelectronics.X-CUBE-AZRTOS-F4.1.1.0
2026-08-05 14:18:20,887 [WARN] PackLoader:240 - Cannot read IP mode file for Avnet-IotConnect.X-CUBE-IoTC-DA16k-PMOD.1.0.0
2026-08-05 14:18:20,901 [WARN] PackLoader:240 - Cannot read IP mode file for STMicroelectronics.X-CUBE-IPS.3.2.0
2026-08-05 14:18:20,912 [WARN] PackLoader:240 - Cannot read IP mode file for STMicroelectronics.eDS-WB_DPC_TT-BIDIR.2.1.1
2026-08-05 14:18:20,922 [WARN] PackLoader:240 - Cannot read IP mode file for STMicroelectronics.X-CUBE-NFC12.1.0.0
2026-08-05 14:18:20,946 [WARN] PackLoader:240 - Cannot read IP mode file for STMicroelectronics.X-CUBE-AZRTOS-L5.2.0.0
2026-08-05 14:18:20,956 [WARN] PackLoader:240 - Cannot read IP mode file for STMicroelectronics.X-CUBE-NFC6.3.1.0
2026-08-05 14:18:20,966 [WARN] PackLoader:240 - Cannot read IP mode file for STMicroelectronics.X-CUBE-ALGOBUILD.1.5.0
2026-08-05 14:18:20,975 [WARN] PackLoader:240 - Cannot read IP mode file for STMicroelectronics.X-CUBE-DPower.1.2.0
2026-08-05 14:18:20,984 [WARN] PackLoader:240 - Cannot read IP mode file for STMicroelectronics.eDS-WB_DPC_VIENNA.1.2.0
2026-08-05 14:18:21,005 [WARN] PackLoader:240 - Cannot read IP mode file for STMicroelectronics.X-CUBE-MEMS1.13.0.0
2026-08-05 14:18:21,037 [WARN] PackLoader:240 - Cannot read IP mode file for STMicroelectronics.eDS-WB_DPC_3PH2L-BIDIR.1.1.1
2026-08-05 14:18:21,047 [ERROR] Engine:466 - C:\Users\szymo\.stm32cubemx\thirdparties\pdsc\STMicroelectronics.X-CUBE-ST67W61.1.3.0.pdsc: PDSC version is not supported
2026-08-05 14:18:21,057 [WARN] PackLoader:240 - Cannot read IP mode file for STMicroelectronics.X-CUBE-FREERTOS.1.3.1
2026-08-05 14:18:21,066 [WARN] PackLoader:240 - Cannot read IP mode file for STMicroelectronics.X-CUBE-FREERTOS.1.3.0
2026-08-05 14:18:21,076 [WARN] PackLoader:240 - Cannot read IP mode file for STMicroelectronics.X-CUBE-NFC7.1.0.1
2026-08-05 14:18:21,086 [WARN] PackLoader:240 - Cannot read IP mode file for STMicroelectronics.X-CUBE-TOUCHGFX.4.26.0
2026-08-05 14:18:21,095 [WARN] PackLoader:240 - Cannot read IP mode file for STMicroelectronics.X-CUBE-TOUCHGFX.4.26.1
2026-08-05 14:18:21,102 [WARN] PackLoader:240 - Cannot read IP mode file for STMicroelectronics.FP-SNS-STAIOTCFT.1.0.0
2026-08-05 14:18:21,110 [WARN] PackLoader:240 - Cannot read IP mode file for STMicroelectronics.X-CUBE-DPower.1.3.0
2026-08-05 14:18:21,127 [WARN] ConditionMgr:438 - getConditionDescription Invalid condition id : LAN8742 Phy interface Condition cause : null
2026-08-05 14:18:21,128 [WARN] PackLoader:240 - Cannot read IP mode file for STMicroelectronics.X-CUBE-AZRTOS-L4.2.0.0
2026-08-05 14:18:21,128 [WARN] ConditionMgr:1044 - genDependencies : Invalid condition id : LAN8742 Phy interface Condition cause : null
2026-08-05 14:18:21,128 [WARN] ConditionMgr:1044 - genDependencies : Invalid condition id : LAN8742 Phy interface Condition cause : null
2026-08-05 14:18:21,128 [WARN] ConditionMgr:1044 - genDependencies : Invalid condition id : LAN8742 Phy interface Condition cause : null
2026-08-05 14:18:21,137 [WARN] PackLoader:240 - Cannot read IP mode file for STMicroelectronics.X-CUBE-SFXS2LP1.4.0.0
2026-08-05 14:18:21,146 [WARN] PackLoader:240 - Cannot read IP mode file for STMicroelectronics.X-CUBE-WB05N.2.1.0
2026-08-05 14:18:21,154 [WARN] PackLoader:240 - Cannot read IP mode file for STMicroelectronics.X-CUBE-ST67W61.1.2.0
2026-08-05 14:18:21,190 [WARN] PackLoader:240 - Cannot read IP mode file for STMicroelectronics.X-CUBE-AZRTOS-H7.3.3.0
2026-08-05 14:18:21,202 [WARN] PackLoader:240 - Cannot read IP mode file for STMicroelectronics.X-CUBE-BLEMGR.4.1.0
2026-08-05 14:18:21,216 [WARN] ConditionMgr:438 - getConditionDescription Invalid condition id : UX DEVICE CLASS RTOS Condition cause : null
2026-08-05 14:18:21,216 [WARN] ConditionMgr:438 - getConditionDescription Invalid condition id : UX DEVICE CLASS RTOS Condition cause : null
2026-08-05 14:18:21,217 [WARN] PackLoader:240 - Cannot read IP mode file for STMicroelectronics.X-CUBE-AZRTOS-WB.2.0.0
2026-08-05 14:18:21,217 [WARN] ConditionMgr:1044 - genDependencies : Invalid condition id : UX DEVICE CLASS RTOS Condition cause : null
2026-08-05 14:18:21,217 [WARN] ConditionMgr:1044 - genDependencies : Invalid condition id : UX DEVICE CLASS RTOS Condition cause : null
2026-08-05 14:18:21,217 [WARN] ConditionMgr:1044 - genDependencies : Invalid condition id : UX DEVICE CLASS RTOS Condition cause : null
2026-08-05 14:18:21,217 [WARN] ConditionMgr:1044 - genDependencies : Invalid condition id : UX DEVICE CLASS RTOS Condition cause : null
2026-08-05 14:18:21,217 [WARN] ConditionMgr:1044 - genDependencies : Invalid condition id : UX DEVICE CLASS RTOS Condition cause : null
2026-08-05 14:18:21,225 [WARN] PackLoader:240 - Cannot read IP mode file for STMicroelectronics.X-CUBE-GNSS1.7.0.1
2026-08-05 14:18:21,234 [WARN] PackLoader:240 - Cannot read IP mode file for STMicroelectronics.X-CUBE-TOUCHGFX.4.25.0
2026-08-05 14:18:21,244 [WARN] PackLoader:240 - Cannot read IP mode file for STMicroelectronics.FP-SNS-STBOX1.2.0.0
2026-08-05 14:18:21,254 [WARN] PackLoader:240 - Cannot read IP mode file for STMicroelectronics.X-CUBE-STSE01.2.0.0
2026-08-05 14:18:21,266 [WARN] PackLoader:240 - Cannot read IP mode file for STMicroelectronics.X-CUBE-SUBG2.5.0.0
2026-08-05 14:18:21,286 [WARN] PackLoader:240 - Cannot read IP mode file for STMicroelectronics.X-CUBE-AZRTOS-H7RS.1.1.0
2026-08-05 14:18:21,295 [WARN] PackLoader:240 - Cannot read IP mode file for Cesanta.I-CUBE-Mongoose.7.13.0
2026-08-05 14:18:21,308 [WARN] PackLoader:240 - Cannot read IP mode file for STMicroelectronics.X-CUBE-AZRTOS-G4.2.0.0
2026-08-05 14:18:21,315 [WARN] PackLoader:240 - Cannot read IP mode file for wolfSSL.I-CUBE-wolfSSH.1.4.20
2026-08-05 14:18:21,323 [WARN] PackLoader:240 - Cannot read IP mode file for STMicroelectronics.X-CUBE-NFC7.2.0.0
2026-08-05 14:18:21,333 [WARN] PackLoader:240 - Cannot read IP mode file for STMicroelectronics.X-CUBE-IPS.3.1.0
2026-08-05 14:18:21,341 [ERROR] Engine:466 - C:\Users\szymo\.stm32cubemx\thirdparties\pdsc\STMicroelectronics.X-CUBE-BLEMGR.4.2.0.pdsc: PDSC version is not supported
2026-08-05 14:18:21,353 [WARN] PackLoader:240 - Cannot read IP mode file for STMicroelectronics.X-CUBE-ALS.1.0.2
2026-08-05 14:18:21,360 [WARN] PackLoader:240 - Cannot read IP mode file for STMicroelectronics.X-CUBE-TOUCHGFX.4.24.2
2026-08-05 14:18:21,370 [WARN] PackLoader:240 - Cannot read IP mode file for STMicroelectronics.X-CUBE-STSE01.1.0.0
2026-08-05 14:18:21,378 [WARN] PackLoader:240 - Cannot read IP mode file for portGmbH.I-Cube-SoM-uGOAL.1.1.0
2026-08-05 14:18:21,393 [WARN] PackLoader:240 - Cannot read IP mode file for STMicroelectronics.X-CUBE-AZRTOS-H7RS.1.0.0
2026-08-05 14:18:21,403 [WARN] PackLoader:240 - Cannot read IP mode file for STMicroelectronics.X-CUBE-TOF1.3.4.2
2026-08-05 14:18:21,419 [WARN] PackLoader:240 - Cannot read IP mode file for STMicroelectronics.X-CUBE-TOF1.3.4.3
2026-08-05 14:18:21,422 [INFO] ThirdParty:978 - Integrity check success = true
2026-08-05 14:18:21,422 [INFO] IntegrityCheckThread:100 - exiting critical section [integrity check]
2026-08-05 14:18:21,422 [INFO] IntegrityCheckThread:103 - End integrity checks thread
