Change Component Designator: OldDesignator=3.3V NewDesignator=D3
Change Component Designator: OldDesignator=5V NewDesignator=D2
Change Component Designator: OldDesignator=VCC NewDesignator=D1
Added Component: Designator=C4(C 0805)
Added Component: Designator=IC2(AZ1117CR33TRG1)
Add component (AddParameter): Name = "Arrow Part Number"; Value = "AZ1117CR2-3.3TRG1"; VariantName = "[No Variations]"
Add component (AddParameter): Name = "Arrow Price/Stock"; Value = "https://www.arrow.com/en/products/az1117cr2-3.3trg1/diodes-incorporated?region=nac"; VariantName = "[No Variations]"
Add component (AddParameter): Name = "Datasheet Link"; Value = "https://www.diodes.com//assets/Datasheets/AZ1117C.pdf"; VariantName = "[No Variations]"
Add component (AddParameter): Name = "Height"; Value = "2mm"; VariantName = "[No Variations]"
Add component (AddParameter): Name = "Manufacturer_Name"; Value = "Diodes Incorporated"; VariantName = "[No Variations]"
Add component (AddParameter): Name = "Manufacturer_Part_Number"; Value = "AZ1117CR2-3.3TRG1"; VariantName = "[No Variations]"
Add component (AddParameter): Name = "Mouser Part Number"; Value = "621-AZ1117CR2-3.3TRG"; VariantName = "[No Variations]"
Add component (AddParameter): Name = "Mouser Price/Stock"; Value = "https://www.mouser.co.uk/ProductDetail/Diodes-Incorporated/AZ1117CR2-3.3TRG1?qs=5V6w%252Be2aIqYfcUw02pVLDg%3D%3D"; VariantName = "[No Variations]"
Added Pin To Net: NetName=3.3v Pin=C4-1
Added Pin To Net: NetName=GND Pin=C4-2
Added Pin To Net: NetName=GND Pin=IC2-1
Added Pin To Net: NetName=5v Pin=IC2-2
Added Pin To Net: NetName=3.3v Pin=IC2-3
Added Pin To Net: NetName=5v Pin=IC2-4
Added Member To Class: ClassName=U_PowerSupply Member=Component C4 22uF
Added Member To Class: ClassName=U_PowerSupply Member=Component IC2 AZ1117CR2-3.3TRG1
