Removed Pin From Net: NetName=PWR_ENABLE Pin=C24-1
Removed Pin From Net: NetName=GND Pin=C24-2
Removed Pin From Net: NetName=Vin Pin=D4-2
Removed Pin From Net: NetName=Vin Pin=R19-2
Removed Pin From Net: NetName=PWR_ENABLE Pin=R23-2
Removed Pin From Net: NetName=Vin Pin=VIN-1
Removed Member From Class: ClassName=U_PowerSupply Member=C24
Removed Member From Class: ClassName=U_PowerSupply Member=D4
Removed Member From Class: ClassName=U_MCU Member=MAIN
Removed Member From Class: ClassName=U_PowerSupply Member=R19
Removed Member From Class: ClassName=U_PowerSupply Member=R23
Change Component Footprint: Designator=Q6 Old Footprint=DFN 5x6 New Footprint=dfn33
Change Component Comment : Designator=Q6 Old Comment=AON6403 New Comment=P mos power
Change Component Designator: OldDesignator=GND NewDesignator=VGND
Change Component Designator: OldDesignator=MAIN NewDesignator=J1
Change Component Designator: OldDesignator=MTA NewDesignator=MOTA
Change Component Designator: OldDesignator=MTB NewDesignator=MOTB
Change Component Designator: OldDesignator=VIN NewDesignator=VBAT
Added Component: Designator=C17(C 0402)
Added Component: Designator=C18(C 0402)
Added Component: Designator=D1(SOD523)
Added Component: Designator=D2(SOD523)
Added Component: Designator=Q5(dfn33)
Added Component: Designator=R10(R 0402)
Added Component: Designator=R16(R 0402)
Added Component: Designator=R17(R 0402)
Added Pin To Net: NetName=PWR_ENABLE Pin=C17-1
Added Pin To Net: NetName=GND Pin=C17-2
Added Pin To Net: NetName=PWR_ENABLE Pin=C18-1
Added Pin To Net: NetName=GND Pin=C18-2
Added Pin To Net: NetName=Vin Pin=D1-2
Added Pin To Net: NetName=Vin Pin=D2-2
Added Pin To Net: NetName=Vin Pin=Q5-1
Added Pin To Net: NetName=Vin Pin=Q5-2
Added Pin To Net: NetName=Vin Pin=Q5-3
Added Pin To Net: NetName=Vin Pin=R10-2
Added Pin To Net: NetName=PWR_ENABLE Pin=R16-1
Added Pin To Net: NetName=GND Pin=R17-1
Added Pin To Net: NetName=BATTERY_VBAT_IN Pin=Q5-5_8
Added Pin To Net: NetName=BATTERY_VBAT_IN Pin=Q5-5_8
Added Pin To Net: NetName=BATTERY_VBAT_IN Pin=Q5-5_8
Added Pin To Net: NetName=BATTERY_VBAT_IN Pin=Q5-5_8
Added Pin To Net: NetName=BATTERY_VBAT_IN Pin=Q5-5_8
Added Pin To Net: NetName=BATTERY_VBAT_IN Pin=VBAT-1
Added Net: Name=BATTERY_VBAT_IN
Added Pin To Net: NetName=NetD1_1 Pin=D1-1
Added Pin To Net: NetName=NetD1_1 Pin=Q6-4
Added Pin To Net: NetName=NetD1_1 Pin=R10-1
Added Pin To Net: NetName=NetD1_1 Pin=R16-2
Added Net: Name=NetD1_1
Added Pin To Net: NetName=NetD2_1 Pin=D2-1
Added Pin To Net: NetName=NetD2_1 Pin=Q5-4
Added Pin To Net: NetName=NetD2_1 Pin=R17-2
Added Net: Name=NetD2_1
Added Member To Class: ClassName=U_PowerSupply Member=Component C17 1uF
Added Member To Class: ClassName=U_PowerSupply Member=Component C18 100nF
Added Member To Class: ClassName=U_PowerSupply Member=Component D1
Added Member To Class: ClassName=U_PowerSupply Member=Component D2
Added Member To Class: ClassName=U_MCU Member=Component PROG DF53-4S-0.6H
Added Member To Class: ClassName=U_PowerSupply Member=Component Q5 P mos power
Added Member To Class: ClassName=U_PowerSupply Member=Component R10 47K
Added Member To Class: ClassName=U_PowerSupply Member=Component R16 10K
Added Member To Class: ClassName=U_PowerSupply Member=Component R17 10k
Added Member To Class: ClassName=U_Interface Member=Component VBAT banana_plug
Added Member To Class: ClassName=U_Interface Member=Component VGND banana_plug
