Removed Pin From Net: NetName=3.3v Pin=C4-1
Removed Pin From Net: NetName=Current A Pin=C8-1
Removed Pin From Net: NetName=3.3v Pin=C8-2
Removed Pin From Net: NetName=3.3v Pin=C12-2
Removed Pin From Net: NetName=3.3v Pin=C15-1
Removed Pin From Net: NetName=Vcc Pin=C16-1
Removed Pin From Net: NetName=PWR_ENABLE Pin=C17-1
Removed Pin From Net: NetName=PWR_ENABLE Pin=C18-1
Removed Pin From Net: NetName=3.3v Pin=C25-1
Removed Pin From Net: NetName=3.3v Pin=C29-1
Removed Pin From Net: NetName=3.3v Pin=C30-1
Removed Pin From Net: NetName=3.3v Pin=D5-1
Removed Pin From Net: NetName=3.3v Pin=D5-3
Removed Pin From Net: NetName=NetC7_1 Pin=IC1-2
Removed Pin From Net: NetName=NetC6_1 Pin=IC1-3
Removed Pin From Net: NetName=3.3v Pin=IC1-11
Removed Pin From Net: NetName=3.3v Pin=IC2-3
Removed Pin From Net: NetName=3.3v Pin=IC4-1
Removed Pin From Net: NetName=Fet Temp A Pin=IC4-5
Removed Pin From Net: NetName=Current A Pin=IC4-11
Removed Pin From Net: NetName=3.3v Pin=IC4-15
Removed Pin From Net: NetName=3.3v Pin=IC4-17
Removed Pin From Net: NetName=CAN_P Pin=J1-1
Removed Pin From Net: NetName=CAN_N Pin=J1-2
Removed Pin From Net: NetName=NetC7_1 Pin=R2-2
Removed Pin From Net: NetName=NetC6_1 Pin=R3-2
Removed Pin From Net: NetName=5v Pin=R4-1
Removed Pin From Net: NetName=NetIC1_5 Pin=R4-2
Removed Pin From Net: NetName=5v Pin=R5-1
Removed Pin From Net: NetName=NetIC1_6 Pin=R5-2
Removed Pin From Net: NetName=3.3v Pin=R7-2
Removed Pin From Net: NetName=Current A Pin=R8-1
Removed Pin From Net: NetName=Vcc Pin=R11-2
Removed Pin From Net: NetName=3.3v Pin=R14-2
Removed Pin From Net: NetName=3.3v Pin=R15-1
Removed Pin From Net: NetName=3.3v Pin=R24-2
Removed Member From Class: ClassName=U_MCU Member=C12
Removed Member From Class: ClassName=U_MCU Member=D5
Removed Member From Class: ClassName=U_MCU Member=R11
Removed Member From Class: ClassName=U_MCU Member=R15
Change Component Footprint: Designator=MOTA Old Footprint=Banana plug 3mm half New Footprint=Banana plug 2mm - halfer
Change Component Footprint: Designator=MOTB Old Footprint=Banana plug 3mm half New Footprint=Banana plug 2mm - halfer
Change Component Footprint: Designator=VBAT Old Footprint=Banana plug 3mm half New Footprint=Banana plug 2mm - halfer
Change Component Footprint: Designator=VGND Old Footprint=Banana plug 3mm half New Footprint=Banana plug 2mm - halfer
Change Component Footprint: Designator=C16 Old Footprint=CAPPC3528X100N New Footprint=C 0402
Change Component Footprint: Designator=L1 Old Footprint=L 0805 New Footprint=L 1206
Change Component Comment : Designator=R14 Old Comment=1k New Comment=330R
Change Component Comment : Designator=C8 Old Comment=1nF New Comment=1uF 50V
Change Component Comment : Designator=R8 Old Comment=10k New Comment=NOPE
Change Component Comment : Designator=C26 Old Comment=10pF New Comment=6.8pF
Change Component Comment : Designator=C27 Old Comment=10pF New Comment=6.8pF
Change Component Comment : Designator=C9 Old Comment=10pF New Comment=100nF
Change Component Comment : Designator=C14 Old Comment=22uF 16V New Comment=10uF
Change Component Comment : Designator=C20 Old Comment=22uF 16V New Comment=10uF
Change Component Comment : Designator=C4 Old Comment=22uF New Comment=10uF
Change Component Comment : Designator=C18 Old Comment=100nF New Comment=1uF
Change Component Comment : Designator=C29 Old Comment=100nF New Comment=1uF
Change Component Comment : Designator=IC3 Old Comment=AP63203WU-7 New Comment=AP63205WU-7
Change Component Comment : Designator=C16 Old Comment=TL8B0336M020C (33uF tantalum cap) New Comment=100nF
Change Component Designator: OldDesignator=  NewDesignator=C5
Added Component: Designator=C19(C 0402)
Added Component: Designator=C21(C 0402)
Added Component: Designator=C22(C 0805)
Added Component: Designator=C23(C 0805)
Added Component: Designator=C24(C 0805)
Added Component: Designator=C28(C 0805)
Added Component: Designator=C35(C 0805)
Added Component: Designator=C36(C 0805)
Added Component: Designator=C37(C 0805)
Added Component: Designator=C38(C 0805)
Added Component: Designator=C39(C 0805)
Added Component: Designator=C40(C 0805)
Added Component: Designator=C41(C 0402)
Added Component: Designator=C42(C 0402)
Added Component: Designator=C43(C 0402)
Added Component: Designator=C44(C 0805)
Added Component: Designator=C45(C 0805)
Added Component: Designator=D3(LED 0603 YELLOW)
Added Component: Designator=D4(SODFL1608X59N)
Add component (AddParameter): Name = "Arrow Part Number"; Value = "BAS5202VH6327XTSA1"; VariantName = "[No Variations]"
Add component (AddParameter): Name = "Arrow Price/Stock"; Value = "https://www.arrow.com/en/products/bas5202vh6327xtsa1/infineon-technologies-ag?region=nac"; VariantName = "[No Variations]"
Add component (AddParameter): Name = "Datasheet Link"; Value = "https://www.infineon.com/dgdl/Infineon-BAS52SERIES-DS-v01_01-en.pdf?fileId=db3a30432d9b3066012dbc006764413f"; VariantName = "[No Variations]"
Add component (AddParameter): Name = "Height"; Value = "0.59mm"; VariantName = "[No Variations]"
Add component (AddParameter): Name = "Manufacturer_Name"; Value = "Infineon"; VariantName = "[No Variations]"
Add component (AddParameter): Name = "Manufacturer_Part_Number"; Value = "BAS5202VH6327XTSA1"; VariantName = "[No Variations]"
Add component (AddParameter): Name = "Mouser Part Number"; Value = "726-BAS5202VH6327XTS"; VariantName = "[No Variations]"
Add component (AddParameter): Name = "Mouser Price/Stock"; Value = "https://www.mouser.co.uk/ProductDetail/Infineon-Technologies/BAS5202VH6327XTSA1?qs=K00xGehIljufuNhwzhyNvA%3D%3D"; VariantName = "[No Variations]"
Added Component: Designator=R18(R 0402)
Added Component: Designator=R19(R 0402)
Added Component: Designator=R20(R 0402)
Added Component: Designator=R22(R 0402)
Added Component: Designator=R23(R 0402)
Added Pin To Net: NetName=3.3v Pin=C8-1
Added Pin To Net: NetName=Vcc Pin=C8-2
Added Pin To Net: NetName=5v Pin=C16-1
Added Pin To Net: NetName=NetC10_1 Pin=C19-1
Added Pin To Net: NetName=3.3v Pin=C19-2
Added Pin To Net: NetName=3.3v Pin=C21-2
Added Pin To Net: NetName=BATTERY_VBAT_IN Pin=C22-1
Added Pin To Net: NetName=3.3v Pin=C22-2
Added Pin To Net: NetName=BATTERY_VBAT_IN Pin=C23-1
Added Pin To Net: NetName=3.3v Pin=C23-2
Added Pin To Net: NetName=BATTERY_VBAT_IN Pin=C24-1
Added Pin To Net: NetName=3.3v Pin=C24-2
Added Pin To Net: NetName=BATTERY_VBAT_IN Pin=C28-1
Added Pin To Net: NetName=3.3v Pin=C28-2
Added Pin To Net: NetName=BATTERY_VBAT_IN Pin=C35-1
Added Pin To Net: NetName=3.3v Pin=C35-2
Added Pin To Net: NetName=BATTERY_VBAT_IN Pin=C36-1
Added Pin To Net: NetName=3.3v Pin=C36-2
Added Pin To Net: NetName=BATTERY_VBAT_IN Pin=C37-1
Added Pin To Net: NetName=3.3v Pin=C37-2
Added Pin To Net: NetName=BATTERY_VBAT_IN Pin=C38-1
Added Pin To Net: NetName=3.3v Pin=C38-2
Added Pin To Net: NetName=BATTERY_VBAT_IN Pin=C39-1
Added Pin To Net: NetName=3.3v Pin=C39-2
Added Pin To Net: NetName=BATTERY_VBAT_IN Pin=C40-1
Added Pin To Net: NetName=3.3v Pin=C40-2
Added Pin To Net: NetName=3.3v Pin=C41-2
Added Pin To Net: NetName=3.3v Pin=C42-2
Added Pin To Net: NetName=3.3v Pin=C43-2
Added Pin To Net: NetName=3.3v Pin=C44-2
Added Pin To Net: NetName=5v Pin=C45-1
Added Pin To Net: NetName=3.3v Pin=C45-2
Added Pin To Net: NetName=NetC6_1 Pin=IC1-2
Added Pin To Net: NetName=NetC7_1 Pin=IC1-3
Added Pin To Net: NetName=Current A Pin=IC1-16
Added Pin To Net: NetName=CAN_N Pin=J1-1
Added Pin To Net: NetName=CAN_P Pin=J1-2
Added Pin To Net: NetName=NetC6_1 Pin=R2-2
Added Pin To Net: NetName=NetC7_1 Pin=R3-2
Added Pin To Net: NetName=NetIC1_6 Pin=R4-1
Added Pin To Net: NetName=5v Pin=R4-2
Added Pin To Net: NetName=NetIC1_5 Pin=R5-1
Added Pin To Net: NetName=5v Pin=R5-2
Added Pin To Net: NetName=5v Pin=R8-2
Added Pin To Net: NetName=3.3v Pin=R18-1
Added Pin To Net: NetName=Current A Pin=R19-2
Added Pin To Net: NetName=3.3v Pin=R22-1
Added Pin To Net: NetName=Fet Temp A Pin=R23-2
Change Net Name : Old Net Name=3.3v New Net Name=GND
Change Net Color : Old Net Color=RGB(221, 126, 107) New Net Color=RGB(50, 50, 50)
Added Pin To Net: NetName=3.3v Pin=C4-1
Added Pin To Net: NetName=3.3v Pin=C15-1
Added Pin To Net: NetName=3.3v Pin=C17-1
Added Pin To Net: NetName=3.3v Pin=C18-1
Added Pin To Net: NetName=3.3v Pin=C21-1
Added Pin To Net: NetName=3.3v Pin=C25-1
Added Pin To Net: NetName=3.3v Pin=C29-1
Added Pin To Net: NetName=3.3v Pin=C30-1
Added Pin To Net: NetName=3.3v Pin=C44-1
Added Pin To Net: NetName=3.3v Pin=IC2-3
Added Pin To Net: NetName=3.3v Pin=IC4-1
Added Pin To Net: NetName=3.3v Pin=IC4-15
Added Pin To Net: NetName=3.3v Pin=IC4-17
Added Pin To Net: NetName=3.3v Pin=IC5-5
Added Pin To Net: NetName=3.3v Pin=R7-2
Added Pin To Net: NetName=3.3v Pin=R14-2
Added Pin To Net: NetName=3.3v Pin=R20-2
Added Pin To Net: NetName=3.3v Pin=R24-2
Added Net: Name=3.3v
Added Pin To Net: NetName=Device_ID Pin=C43-1
Added Pin To Net: NetName=Device_ID Pin=IC4-6
Added Pin To Net: NetName=Device_ID Pin=R20-1
Added Pin To Net: NetName=Device_ID Pin=R22-2
Added Net: Name=Device_ID
Added Pin To Net: NetName=NetC41_1 Pin=C41-1
Added Pin To Net: NetName=NetC41_1 Pin=IC4-11
Added Pin To Net: NetName=NetC41_1 Pin=R19-1
Added Net: Name=NetC41_1
Added Pin To Net: NetName=NetC42_1 Pin=C42-1
Added Pin To Net: NetName=NetC42_1 Pin=IC4-5
Added Pin To Net: NetName=NetC42_1 Pin=R23-1
Added Net: Name=NetC42_1
Added Pin To Net: NetName=NetD3_2 Pin=D3-2
Added Pin To Net: NetName=NetD3_2 Pin=R18-2
Added Net: Name=NetD3_2
Added Pin To Net: NetName=NetD4_1 Pin=D4-1
Added Pin To Net: NetName=NetD4_1 Pin=IC4-29
Added Net: Name=NetD4_1
Added Pin To Net: NetName=NetIC1_11 Pin=IC1-11
Added Pin To Net: NetName=NetIC1_11 Pin=R8-1
Added Net: Name=NetIC1_11
Added Pin To Net: NetName=nFault Pin=D4-2
Added Pin To Net: NetName=nFault Pin=IC1-10
Added Pin To Net: NetName=nFault Pin=R7-1
Added Net: Name=nFault
Added Pin To Net: NetName=NSLEEP Pin=IC1-8
Added Pin To Net: NetName=NSLEEP Pin=IC4-27
Added Pin To Net: NetName=NSLEEP Pin=R27-2
Added Net: Name=NSLEEP
Added Pin To Net: NetName=STATUS_LED Pin=D3-1
Added Pin To Net: NetName=STATUS_LED Pin=IC4-28
Added Net: Name=STATUS_LED
Added Member To Class: ClassName=U_PowerSupply Member=Component C5 100nF
Added Member To Class: ClassName=U_MotorDriver Member=Component C19 100nF
Added Member To Class: ClassName=U_MCU Member=Component C21 100nF
Added Member To Class: ClassName=U_PowerSupply Member=Component C22 10uF
Added Member To Class: ClassName=U_PowerSupply Member=Component C23 10uF
Added Member To Class: ClassName=U_PowerSupply Member=Component C24 10uF
Added Member To Class: ClassName=U_PowerSupply Member=Component C28 10uF
Added Member To Class: ClassName=U_PowerSupply Member=Component C35 10uF
Added Member To Class: ClassName=U_PowerSupply Member=Component C36 10uF
Added Member To Class: ClassName=U_PowerSupply Member=Component C37 10uF
Added Member To Class: ClassName=U_PowerSupply Member=Component C38 10uF
Added Member To Class: ClassName=U_PowerSupply Member=Component C39 10uF
Added Member To Class: ClassName=U_PowerSupply Member=Component C40 10uF
Added Member To Class: ClassName=U_MCU Member=Component C41 100nF
Added Member To Class: ClassName=U_MCU Member=Component C42 100nF
Added Member To Class: ClassName=U_MCU Member=Component C43 1uF
Added Member To Class: ClassName=U_PowerSupply Member=Component C44 10uF
Added Member To Class: ClassName=U_PowerSupply Member=Component C45 10uF
Added Member To Class: ClassName=U_Interface Member=Component D3 LED YELLOW
Added Member To Class: ClassName=U_MCU Member=Component D4 BAS5202VH6327XTSA1
Added Member To Class: ClassName=U_Interface Member=Component R18 330R
Added Member To Class: ClassName=U_MCU Member=Component R19 10k
Added Member To Class: ClassName=U_MCU Member=Component R20 10k
Added Member To Class: ClassName=U_MCU Member=Component R22 10k
Added Member To Class: ClassName=U_MCU Member=Component R23 10k
