Added Component: Designator=C14(C 0805)
Added Component: Designator=C16(CAPPM7344X310N)
Add component (AddParameter): Name = "Arrow Part Number"; Value = ""; VariantName = "[No Variations]"
Add component (AddParameter): Name = "Arrow Price/Stock"; Value = ""; VariantName = "[No Variations]"
Add component (AddParameter): Name = "Datasheet Link"; Value = "http://datasheets.avx.com/TAJ.pdf"; VariantName = "[No Variations]"
Add component (AddParameter): Name = "Height"; Value = "3.1mm"; VariantName = "[No Variations]"
Add component (AddParameter): Name = "Manufacturer_Name"; Value = "Kyocera AVX"; VariantName = "[No Variations]"
Add component (AddParameter): Name = "Manufacturer_Part_Number"; Value = "TAJD107K020SNTV"; VariantName = "[No Variations]"
Add component (AddParameter): Name = "Mouser Part Number"; Value = "581-TAJD107K020SNTV"; VariantName = "[No Variations]"
Add component (AddParameter): Name = "Mouser Price/Stock"; Value = "https://www.mouser.co.uk/ProductDetail/Kyocera-AVX/TAJD107K020SNTV?qs=W0yvOO0ixfGFM0cgw52w0A%3D%3D"; VariantName = "[No Variations]"
Added Component: Designator=C17(CAPPM7344X310N)
Add component (AddParameter): Name = "Arrow Part Number"; Value = ""; VariantName = "[No Variations]"
Add component (AddParameter): Name = "Arrow Price/Stock"; Value = ""; VariantName = "[No Variations]"
Add component (AddParameter): Name = "Datasheet Link"; Value = "http://datasheets.avx.com/TAJ.pdf"; VariantName = "[No Variations]"
Add component (AddParameter): Name = "Height"; Value = "3.1mm"; VariantName = "[No Variations]"
Add component (AddParameter): Name = "Manufacturer_Name"; Value = "Kyocera AVX"; VariantName = "[No Variations]"
Add component (AddParameter): Name = "Manufacturer_Part_Number"; Value = "TAJD107K020SNTV"; VariantName = "[No Variations]"
Add component (AddParameter): Name = "Mouser Part Number"; Value = "581-TAJD107K020SNTV"; VariantName = "[No Variations]"
Add component (AddParameter): Name = "Mouser Price/Stock"; Value = "https://www.mouser.co.uk/ProductDetail/Kyocera-AVX/TAJD107K020SNTV?qs=W0yvOO0ixfGFM0cgw52w0A%3D%3D"; VariantName = "[No Variations]"
Added Pin To Net: NetName=Vcc Pin=C16-1
Added Pin To Net: NetName=GND Pin=C16-2
Added Pin To Net: NetName=Vcc Pin=C17-1
Added Pin To Net: NetName=GND Pin=C17-2
Added Member To Class: ClassName=U_PowerSupply Member=Component C14 22uF 16V
Added Member To Class: ClassName=U_PowerSupply Member=Component C16 TAJD107K020SNTV
Added Member To Class: ClassName=U_PowerSupply Member=Component C17 TAJD107K020SNTV
