Added Component: Designator=C1(C 0805)
Added Component: Designator=C2(C 0805)
Added Component: Designator=C3(C 0402)
Added Component: Designator=C4(C 0805)
Added Component: Designator=C5(C 0402)
Added Component: Designator=C6(C 0402)
Added Component: Designator=C7(C 0402)
Added Component: Designator=C8(C 0402)
Added Component: Designator=C9(C 0402)
Added Component: Designator=C10(C 0402)
Added Component: Designator=C11(C 0402)
Added Component: Designator=C12(C 0402)
Added Component: Designator=C13(C 0805)
Added Component: Designator=C14(C 0805)
Added Component: Designator=C15(C 0805)
Added Component: Designator=C16(CAPPC3528X100N)
Add component (AddParameter): Name = "Arrow Part Number"; Value = ""; VariantName = "[No Variations]"
Add component (AddParameter): Name = "Arrow Price/Stock"; Value = ""; VariantName = "[No Variations]"
Add component (AddParameter): Name = "Datasheet Link"; Value = "https://componentsearchengine.com/Datasheets/2/TL8B0336M020C.pdf"; VariantName = "[No Variations]"
Add component (AddParameter): Name = "Height"; Value = "1mm"; VariantName = "[No Variations]"
Add component (AddParameter): Name = "Manufacturer_Name"; Value = "Vishay"; VariantName = "[No Variations]"
Add component (AddParameter): Name = "Manufacturer_Part_Number"; Value = "TL8B0336M020C"; VariantName = "[No Variations]"
Add component (AddParameter): Name = "Mouser Part Number"; Value = "74-TL8B0336M020C"; VariantName = "[No Variations]"
Add component (AddParameter): Name = "Mouser Price/Stock"; Value = "https://www.mouser.com/Search/Refine.aspx?Keyword=74-TL8B0336M020C"; VariantName = "[No Variations]"
Added Component: Designator=C17(CAPPC3528X100N)
Add component (AddParameter): Name = "Arrow Part Number"; Value = ""; VariantName = "[No Variations]"
Add component (AddParameter): Name = "Arrow Price/Stock"; Value = ""; VariantName = "[No Variations]"
Add component (AddParameter): Name = "Datasheet Link"; Value = "https://componentsearchengine.com/Datasheets/2/TL8B0336M020C.pdf"; VariantName = "[No Variations]"
Add component (AddParameter): Name = "Height"; Value = "1mm"; VariantName = "[No Variations]"
Add component (AddParameter): Name = "Manufacturer_Name"; Value = "Vishay"; VariantName = "[No Variations]"
Add component (AddParameter): Name = "Manufacturer_Part_Number"; Value = "TL8B0336M020C"; VariantName = "[No Variations]"
Add component (AddParameter): Name = "Mouser Part Number"; Value = "74-TL8B0336M020C"; VariantName = "[No Variations]"
Add component (AddParameter): Name = "Mouser Price/Stock"; Value = "https://www.mouser.com/Search/Refine.aspx?Keyword=74-TL8B0336M020C"; VariantName = "[No Variations]"
Added Component: Designator=C20(C 0805)
Added Component: Designator=C21(C 0805)
Added Component: Designator=C24(C 0402)
Added Component: Designator=C25(C 0402)
Added Component: Designator=C26(C 0402)
Added Component: Designator=C27(C 0402)
Added Component: Designator=C29(C 0402)
Added Component: Designator=C30(C 0402)
Added Component: Designator=C31(C 0402)
Added Component: Designator=C32(C 0402)
Added Component: Designator=C33(C 0402)
Added Component: Designator=C34(C 0402)
Added Component: Designator=D1(LED 0603 RED)
Added Component: Designator=D2(LED 0603 BLUE)
Added Component: Designator=D3(LED 0603 GREEN)
Added Component: Designator=D4(SOD523)
Added Component: Designator=D5(SOT65P210X110-3N)
Add component (AddParameter): Name = "Arrow Part Number"; Value = "BAV199W-7"; VariantName = "[No Variations]"
Add component (AddParameter): Name = "Arrow Price/Stock"; Value = "https://www.arrow.com/en/products/bav199w-7/diodes-incorporated?utm_currency=USD&region=europe"; VariantName = "[No Variations]"
Add component (AddParameter): Name = "Datasheet Link"; Value = "https://www.diodes.com//assets/Datasheets/ds30462.pdf"; VariantName = "[No Variations]"
Add component (AddParameter): Name = "Height"; Value = "1.1mm"; VariantName = "[No Variations]"
Add component (AddParameter): Name = "Manufacturer_Name"; Value = "Diodes Incorporated"; VariantName = "[No Variations]"
Add component (AddParameter): Name = "Manufacturer_Part_Number"; Value = "BAV199W-7"; VariantName = "[No Variations]"
Add component (AddParameter): Name = "Mouser Part Number"; Value = "621-BAV199W-7"; VariantName = "[No Variations]"
Add component (AddParameter): Name = "Mouser Price/Stock"; Value = "https://www.mouser.co.uk/ProductDetail/Diodes-Incorporated/BAV199W-7?qs=rGAXPo9uwV1rE3JSBcdiXg%3D%3D"; VariantName = "[No Variations]"
Added Component: Designator=D6(SODFL1608X59N)
Add component (AddParameter): Name = "Arrow Part Number"; Value = "BAS5202VH6327XTSA1"; VariantName = "[No Variations]"
Add component (AddParameter): Name = "Arrow Price/Stock"; Value = "https://www.arrow.com/en/products/bas5202vh6327xtsa1/infineon-technologies-ag?region=nac"; VariantName = "[No Variations]"
Add component (AddParameter): Name = "Datasheet Link"; Value = "https://www.infineon.com/dgdl/Infineon-BAS52SERIES-DS-v01_01-en.pdf?fileId=db3a30432d9b3066012dbc006764413f"; VariantName = "[No Variations]"
Add component (AddParameter): Name = "Height"; Value = "0.59mm"; VariantName = "[No Variations]"
Add component (AddParameter): Name = "Manufacturer_Name"; Value = "Infineon"; VariantName = "[No Variations]"
Add component (AddParameter): Name = "Manufacturer_Part_Number"; Value = "BAS5202VH6327XTSA1"; VariantName = "[No Variations]"
Add component (AddParameter): Name = "Mouser Part Number"; Value = "726-BAS5202VH6327XTS"; VariantName = "[No Variations]"
Add component (AddParameter): Name = "Mouser Price/Stock"; Value = "https://www.mouser.co.uk/ProductDetail/Infineon-Technologies/BAS5202VH6327XTSA1?qs=K00xGehIljufuNhwzhyNvA%3D%3D"; VariantName = "[No Variations]"
Added Component: Designator=IC1(QFN50P500X500X90-33N-D)
Add component (AddParameter): Name = "Arrow Part Number"; Value = "DRV8702QRHBRQ1"; VariantName = "[No Variations]"
Add component (AddParameter): Name = "Arrow Price/Stock"; Value = "https://www.arrow.com/en/products/drv8702qrhbrq1/texas-instruments"; VariantName = "[No Variations]"
Add component (AddParameter): Name = "Datasheet Link"; Value = "http://www.ti.com/lit/gpn/drv8702-q1"; VariantName = "[No Variations]"
Add component (AddParameter): Name = "Height"; Value = "0.9mm"; VariantName = "[No Variations]"
Add component (AddParameter): Name = "Manufacturer_Name"; Value = "Texas Instruments"; VariantName = "[No Variations]"
Add component (AddParameter): Name = "Manufacturer_Part_Number"; Value = "DRV8702QRHBRQ1"; VariantName = "[No Variations]"
Add component (AddParameter): Name = "Mouser Part Number"; Value = "595-DRV8702QRHBRQ1"; VariantName = "[No Variations]"
Add component (AddParameter): Name = "Mouser Price/Stock"; Value = "https://www.mouser.co.uk/ProductDetail/Texas-Instruments/DRV8702QRHBRQ1?qs=%2FP2Ij7fVdhHl2UejmZfGTw%3D%3D"; VariantName = "[No Variations]"
Added Component: Designator=IC2(AZ1117CR33TRG1)
Add component (AddParameter): Name = "Arrow Part Number"; Value = "AZ1117CR2-3.3TRG1"; VariantName = "[No Variations]"
Add component (AddParameter): Name = "Arrow Price/Stock"; Value = "https://www.arrow.com/en/products/az1117cr2-3.3trg1/diodes-incorporated?region=nac"; VariantName = "[No Variations]"
Add component (AddParameter): Name = "Datasheet Link"; Value = "https://www.diodes.com//assets/Datasheets/AZ1117C.pdf"; VariantName = "[No Variations]"
Add component (AddParameter): Name = "Height"; Value = "2mm"; VariantName = "[No Variations]"
Add component (AddParameter): Name = "Manufacturer_Name"; Value = "Diodes Incorporated"; VariantName = "[No Variations]"
Add component (AddParameter): Name = "Manufacturer_Part_Number"; Value = "AZ1117CR2-3.3TRG1"; VariantName = "[No Variations]"
Add component (AddParameter): Name = "Mouser Part Number"; Value = "621-AZ1117CR2-3.3TRG"; VariantName = "[No Variations]"
Add component (AddParameter): Name = "Mouser Price/Stock"; Value = "https://www.mouser.co.uk/ProductDetail/Diodes-Incorporated/AZ1117CR2-3.3TRG1?qs=5V6w%252Be2aIqYfcUw02pVLDg%3D%3D"; VariantName = "[No Variations]"
Added Component: Designator=IC3(AP63203WU7)
Add component (AddParameter): Name = "Arrow Part Number"; Value = "AP63203WU-7"; VariantName = "[No Variations]"
Add component (AddParameter): Name = "Arrow Price/Stock"; Value = "https://www.arrow.com/en/products/ap63203wu-7/diodes-incorporated?utm_currency=USD&region=europe"; VariantName = "[No Variations]"
Add component (AddParameter): Name = "Datasheet Link"; Value = "https://www.diodes.com/assets/Datasheets/AP63200-AP63201-AP63203-AP63205.pdf"; VariantName = "[No Variations]"
Add component (AddParameter): Name = "Height"; Value = "1mm"; VariantName = "[No Variations]"
Add component (AddParameter): Name = "Manufacturer_Name"; Value = "Diodes Incorporated"; VariantName = "[No Variations]"
Add component (AddParameter): Name = "Manufacturer_Part_Number"; Value = "AP63203WU-7"; VariantName = "[No Variations]"
Add component (AddParameter): Name = "Mouser Part Number"; Value = "621-AP63203WU-7"; VariantName = "[No Variations]"
Add component (AddParameter): Name = "Mouser Price/Stock"; Value = "https://www.mouser.co.uk/ProductDetail/Diodes-Incorporated/AP63203WU-7?qs=u16ybLDytRZ1JqxbuLkMJw%3D%3D"; VariantName = "[No Variations]"
Added Component: Designator=IC4(QFN50P500X500X60-33N-D)
Add component (AddParameter): Name = "Arrow Part Number"; Value = "STM32G431K6U3"; VariantName = "[No Variations]"
Add component (AddParameter): Name = "Arrow Price/Stock"; Value = "https://www.arrow.com/en/products/stm32g431k6u3/stmicroelectronics?region=nac"; VariantName = "[No Variations]"
Add component (AddParameter): Name = "Datasheet Link"; Value = "https://www.st.com/resource/en/datasheet/stm32g431k6.pdf"; VariantName = "[No Variations]"
Add component (AddParameter): Name = "Height"; Value = "0.6mm"; VariantName = "[No Variations]"
Add component (AddParameter): Name = "Manufacturer_Name"; Value = "STMicroelectronics"; VariantName = "[No Variations]"
Add component (AddParameter): Name = "Manufacturer_Part_Number"; Value = "STM32G431K6U3"; VariantName = "[No Variations]"
Add component (AddParameter): Name = "Mouser Part Number"; Value = "511-STM32G431K6U3"; VariantName = "[No Variations]"
Add component (AddParameter): Name = "Mouser Price/Stock"; Value = "https://www.mouser.co.uk/ProductDetail/STMicroelectronics/STM32G431K6U3?qs=uwxL4vQweFNNCBjyEC1BUQ%3D%3D"; VariantName = "[No Variations]"
Added Component: Designator=IC5(SON65P300X300X100-9N-D)
Add component (AddParameter): Name = "Arrow Part Number"; Value = "TCAN1042VDRBTQ1"; VariantName = "[No Variations]"
Add component (AddParameter): Name = "Arrow Price/Stock"; Value = "https://www.arrow.com/en/products/tcan1042vdrbtq1/texas-instruments?region=nac"; VariantName = "[No Variations]"
Add component (AddParameter): Name = "Datasheet Link"; Value = "http://www.ti.com/lit/gpn/tcan1042v-q1"; VariantName = "[No Variations]"
Add component (AddParameter): Name = "Height"; Value = "1mm"; VariantName = "[No Variations]"
Add component (AddParameter): Name = "Manufacturer_Name"; Value = "Texas Instruments"; VariantName = "[No Variations]"
Add component (AddParameter): Name = "Manufacturer_Part_Number"; Value = "TCAN1042VDRBTQ1"; VariantName = "[No Variations]"
Add component (AddParameter): Name = "Mouser Part Number"; Value = "595-TCAN1042VDRBTQ1"; VariantName = "[No Variations]"
Add component (AddParameter): Name = "Mouser Price/Stock"; Value = "https://www.mouser.co.uk/ProductDetail/Texas-Instruments/TCAN1042VDRBTQ1?qs=HXFqYaX1Q2wv7WXgCzMaig%3D%3D"; VariantName = "[No Variations]"
Added Component: Designator=J1(DF534S06H)
Add component (AddParameter): Name = "Arrow Part Number"; Value = ""; VariantName = "[No Variations]"
Add component (AddParameter): Name = "Arrow Price/Stock"; Value = ""; VariantName = "[No Variations]"
Add component (AddParameter): Name = "Datasheet Link"; Value = "https://www.mouser.com/datasheet/3/339/1/MN_ToggleSections_DP.pdf"; VariantName = "[No Variations]"
Add component (AddParameter): Name = "Height"; Value = "1.65mm"; VariantName = "[No Variations]"
Add component (AddParameter): Name = "Manufacturer_Name"; Value = "Hirose"; VariantName = "[No Variations]"
Add component (AddParameter): Name = "Manufacturer_Part_Number"; Value = "DF53-4S-0.6H"; VariantName = "[No Variations]"
Add component (AddParameter): Name = "Mouser Part Number"; Value = "798-DF53-4S-0.6H"; VariantName = "[No Variations]"
Add component (AddParameter): Name = "Mouser Price/Stock"; Value = "https://www.mouser.co.uk/ProductDetail/Hirose-Connector/DF53-4S-0.6H?qs=wT7LY0lnAe3EZ%2FSBt8i8pg%3D%3D"; VariantName = "[No Variations]"
Added Component: Designator=JP1(ERJ1GNF1000C)
Add component (AddParameter): Name = "Arrow Part Number"; Value = ""; VariantName = "[No Variations]"
Add component (AddParameter): Name = "Arrow Price/Stock"; Value = ""; VariantName = "[No Variations]"
Add component (AddParameter): Name = "Datasheet Link"; Value = "https://industrial.panasonic.com/cdbs/www-data/pdf/RDA0000/AOA0000C84.pdf"; VariantName = "[No Variations]"
Add component (AddParameter): Name = "Height"; Value = "0.26mm"; VariantName = "[No Variations]"
Add component (AddParameter): Name = "Manufacturer_Name"; Value = "Panasonic"; VariantName = "[No Variations]"
Add component (AddParameter): Name = "Manufacturer_Part_Number"; Value = "ERJ1GNJ103C"; VariantName = "[No Variations]"
Add component (AddParameter): Name = "Mouser Part Number"; Value = ""; VariantName = "[No Variations]"
Add component (AddParameter): Name = "Mouser Price/Stock"; Value = ""; VariantName = "[No Variations]"
Added Component: Designator=L1(L 0805)
Added Component: Designator=MOTA(Banana plug 3mm half)
Added Component: Designator=MOTB(Banana plug 3mm half)
Added Component: Designator=PROG(DF534S06H)
Add component (AddParameter): Name = "Arrow Part Number"; Value = ""; VariantName = "[No Variations]"
Add component (AddParameter): Name = "Arrow Price/Stock"; Value = ""; VariantName = "[No Variations]"
Add component (AddParameter): Name = "Datasheet Link"; Value = "https://www.mouser.com/datasheet/3/339/1/MN_ToggleSections_DP.pdf"; VariantName = "[No Variations]"
Add component (AddParameter): Name = "Height"; Value = "1.65mm"; VariantName = "[No Variations]"
Add component (AddParameter): Name = "Manufacturer_Name"; Value = "Hirose"; VariantName = "[No Variations]"
Add component (AddParameter): Name = "Manufacturer_Part_Number"; Value = "DF53-4S-0.6H"; VariantName = "[No Variations]"
Add component (AddParameter): Name = "Mouser Part Number"; Value = "798-DF53-4S-0.6H"; VariantName = "[No Variations]"
Add component (AddParameter): Name = "Mouser Price/Stock"; Value = "https://www.mouser.co.uk/ProductDetail/Hirose-Connector/DF53-4S-0.6H?qs=wT7LY0lnAe3EZ%2FSBt8i8pg%3D%3D"; VariantName = "[No Variations]"
Added Component: Designator=Q1(MCG50N04TP)
Added Component: Designator=Q2(MCG50N04TP)
Added Component: Designator=Q3(MCG50N04TP)
Added Component: Designator=Q4(MCG50N04TP)
Added Component: Designator=Q6(DFN 5x6)
Added Component: Designator=R1(R 0402)
Added Component: Designator=R2(R 0402)
Added Component: Designator=R3(R 0402)
Added Component: Designator=R4(R 0402)
Added Component: Designator=R5(R 0402)
Added Component: Designator=R6(R 2512)
Added Component: Designator=R7(R 0402)
Added Component: Designator=R8(R 0402)
Added Component: Designator=R9(R 0402)
Added Component: Designator=R11(R 0402)
Added Component: Designator=R12(R 0402)
Added Component: Designator=R13(R 0402)
Added Component: Designator=R14(R 0402)
Added Component: Designator=R15(R 0402)
Added Component: Designator=R19(R 0402)
Added Component: Designator=R21(R 0402)
Added Component: Designator=R22(R 0402)
Added Component: Designator=R23(R 0402)
Added Component: Designator=R24(R 0402)
Added Component: Designator=R25(R 0402)
Added Component: Designator=R26(R 0603)
Added Component: Designator=R27(R 0402)
Added Component: Designator=VBAT(Banana plug 3mm half)
Added Component: Designator=VGND(Banana plug 3mm half)
Added Component: Designator=Y1(ABM12AIG24000MHZ101ZT)
Add component (AddParameter): Name = "Arrow Part Number"; Value = ""; VariantName = "[No Variations]"
Add component (AddParameter): Name = "Arrow Price/Stock"; Value = ""; VariantName = "[No Variations]"
Add component (AddParameter): Name = "Datasheet Link"; Value = "https://abracon.com/datasheets/ABM12AIG.pdf"; VariantName = "[No Variations]"
Add component (AddParameter): Name = "Height"; Value = "0.35mm"; VariantName = "[No Variations]"
Add component (AddParameter): Name = "Manufacturer_Name"; Value = "ABRACON"; VariantName = "[No Variations]"
Add component (AddParameter): Name = "Manufacturer_Part_Number"; Value = "ABM12AIG-24.000MHZ-10-1Z-T"; VariantName = "[No Variations]"
Add component (AddParameter): Name = "Mouser Part Number"; Value = ""; VariantName = "[No Variations]"
Add component (AddParameter): Name = "Mouser Price/Stock"; Value = ""; VariantName = "[No Variations]"
Added Pin To Net: NetName=3.3v Pin=C4-1
Added Pin To Net: NetName=3.3v Pin=C15-1
Added Pin To Net: NetName=3.3v Pin=C25-1
Added Pin To Net: NetName=3.3v Pin=C29-1
Added Pin To Net: NetName=3.3v Pin=C30-1
Added Pin To Net: NetName=3.3v Pin=D5-3
Added Pin To Net: NetName=3.3v Pin=IC2-3
Added Pin To Net: NetName=3.3v Pin=IC4-1
Added Pin To Net: NetName=3.3v Pin=IC4-15
Added Pin To Net: NetName=3.3v Pin=IC4-17
Added Pin To Net: NetName=3.3v Pin=R7-2
Added Pin To Net: NetName=3.3v Pin=R14-2
Added Pin To Net: NetName=3.3v Pin=R24-2
Added Net: Name=3.3v
Added Pin To Net: NetName=5v Pin=C11-1
Added Pin To Net: NetName=5v Pin=C14-1
Added Pin To Net: NetName=5v Pin=C20-1
Added Pin To Net: NetName=5v Pin=C21-1
Added Pin To Net: NetName=5v Pin=C32-1
Added Pin To Net: NetName=5v Pin=C33-1
Added Pin To Net: NetName=5v Pin=IC1-14
Added Pin To Net: NetName=5v Pin=IC2-2
Added Pin To Net: NetName=5v Pin=IC2-4
Added Pin To Net: NetName=5v Pin=IC3-1
Added Pin To Net: NetName=5v Pin=IC5-3
Added Pin To Net: NetName=5v Pin=L1-1
Added Pin To Net: NetName=5v Pin=R4-1
Added Pin To Net: NetName=5v Pin=R5-1
Added Pin To Net: NetName=5v Pin=R13-2
Added Pin To Net: NetName=5v Pin=R27-1
Added Net: Name=5v
Added Pin To Net: NetName=CAN_N Pin=IC5-6
Added Pin To Net: NetName=CAN_N Pin=J1-3
Added Pin To Net: NetName=CAN_N Pin=R1-2
Added Net: Name=CAN_N
Added Pin To Net: NetName=CAN_P Pin=IC5-7
Added Pin To Net: NetName=CAN_P Pin=J1-4
Added Pin To Net: NetName=CAN_P Pin=R1-1
Added Net: Name=CAN_P
Added Pin To Net: NetName=CAN RX Pin=IC4-21
Added Pin To Net: NetName=CAN RX Pin=IC5-4
Added Net: Name=CAN RX
Added Pin To Net: NetName=CAN TX Pin=IC4-22
Added Pin To Net: NetName=CAN TX Pin=IC5-1
Added Net: Name=CAN TX
Added Pin To Net: NetName=Current A Pin=C8-1
Added Pin To Net: NetName=Current A Pin=IC4-11
Added Pin To Net: NetName=Current A Pin=R8-1
Added Net: Name=Current A
Added Pin To Net: NetName=Fet Temp A Pin=C34-1
Added Pin To Net: NetName=Fet Temp A Pin=IC4-5
Added Pin To Net: NetName=Fet Temp A Pin=R24-1
Added Pin To Net: NetName=Fet Temp A Pin=R26-2
Added Net: Name=Fet Temp A
Added Pin To Net: NetName=GH1 A Pin=IC1-18
Added Pin To Net: NetName=GH1 A Pin=Q1-1
Added Net: Name=GH1 A
Added Pin To Net: NetName=GH2 A Pin=IC1-26
Added Pin To Net: NetName=GH2 A Pin=Q2-1
Added Net: Name=GH2 A
Added Pin To Net: NetName=GL1 A Pin=IC1-20
Added Pin To Net: NetName=GL1 A Pin=Q3-1
Added Net: Name=GL1 A
Added Pin To Net: NetName=GL2 A Pin=IC1-24
Added Pin To Net: NetName=GL2 A Pin=Q4-1
Added Net: Name=GL2 A
Added Pin To Net: NetName=GND Pin=C3-1
Added Pin To Net: NetName=GND Pin=C4-2
Added Pin To Net: NetName=GND Pin=C6-2
Added Pin To Net: NetName=GND Pin=C7-2
Added Pin To Net: NetName=GND Pin=C8-2
Added Pin To Net: NetName=GND Pin=C9-2
Added Pin To Net: NetName=GND Pin=C10-2
Added Pin To Net: NetName=GND Pin=C11-2
Added Pin To Net: NetName=GND Pin=C12-2
Added Pin To Net: NetName=GND Pin=C13-1
Added Pin To Net: NetName=GND Pin=C14-2
Added Pin To Net: NetName=GND Pin=C15-2
Added Pin To Net: NetName=GND Pin=C16-2
Added Pin To Net: NetName=GND Pin=C17-2
Added Pin To Net: NetName=GND Pin=C20-2
Added Pin To Net: NetName=GND Pin=C21-2
Added Pin To Net: NetName=GND Pin=C24-2
Added Pin To Net: NetName=GND Pin=C25-2
Added Pin To Net: NetName=GND Pin=C26-2
Added Pin To Net: NetName=GND Pin=C27-2
Added Pin To Net: NetName=GND Pin=C29-2
Added Pin To Net: NetName=GND Pin=C30-2
Added Pin To Net: NetName=GND Pin=C31-2
Added Pin To Net: NetName=GND Pin=C32-2
Added Pin To Net: NetName=GND Pin=C33-2
Added Pin To Net: NetName=GND Pin=C34-2
Added Pin To Net: NetName=GND Pin=D1-2
Added Pin To Net: NetName=GND Pin=D2-2
Added Pin To Net: NetName=GND Pin=D3-2
Added Pin To Net: NetName=GND Pin=D5-1
Added Pin To Net: NetName=GND Pin=IC1-1
Added Pin To Net: NetName=GND Pin=IC1-4
Added Pin To Net: NetName=GND Pin=IC1-7
Added Pin To Net: NetName=GND Pin=IC1-9
Added Pin To Net: NetName=GND Pin=IC1-11
Added Pin To Net: NetName=GND Pin=IC1-13
Added Pin To Net: NetName=GND Pin=IC1-17
Added Pin To Net: NetName=GND Pin=IC1-22
Added Pin To Net: NetName=GND Pin=IC1-33
Added Pin To Net: NetName=GND Pin=IC2-1
Added Pin To Net: NetName=GND Pin=IC3-4
Added Pin To Net: NetName=GND Pin=IC4-14
Added Pin To Net: NetName=GND Pin=IC4-16
Added Pin To Net: NetName=GND Pin=IC4-32
Added Pin To Net: NetName=GND Pin=IC4-33
Added Pin To Net: NetName=GND Pin=IC5-2
Added Pin To Net: NetName=GND Pin=IC5-9
Added Pin To Net: NetName=GND Pin=J1-1
Added Pin To Net: NetName=GND Pin=JP1-2
Added Pin To Net: NetName=GND Pin=PROG-3
Added Pin To Net: NetName=GND Pin=R6-1
Added Pin To Net: NetName=GND Pin=R15-1
Added Pin To Net: NetName=GND Pin=R21-1
Added Pin To Net: NetName=GND Pin=R22-1
Added Pin To Net: NetName=GND Pin=R25-1
Added Pin To Net: NetName=GND Pin=R26-1
Added Pin To Net: NetName=GND Pin=VGND-1
Added Pin To Net: NetName=GND Pin=Y1-2
Added Net: Name=GND
Added Pin To Net: NetName=NetC1_1 Pin=C1-1
Added Pin To Net: NetName=NetC1_1 Pin=IC1-31
Added Net: Name=NetC1_1
Added Pin To Net: NetName=NetC1_2 Pin=C1-2
Added Pin To Net: NetName=NetC1_2 Pin=IC1-30
Added Net: Name=NetC1_2
Added Pin To Net: NetName=NetC2_1 Pin=C2-1
Added Pin To Net: NetName=NetC2_1 Pin=IC1-29
Added Net: Name=NetC2_1
Added Pin To Net: NetName=NetC5_1 Pin=C5-1
Added Pin To Net: NetName=NetC5_1 Pin=IC3-6
Added Net: Name=NetC5_1
Added Pin To Net: NetName=NetC5_2 Pin=C5-2
Added Pin To Net: NetName=NetC5_2 Pin=IC3-5
Added Pin To Net: NetName=NetC5_2 Pin=L1-2
Added Net: Name=NetC5_2
Added Pin To Net: NetName=NetC6_1 Pin=C6-1
Added Pin To Net: NetName=NetC6_1 Pin=IC1-3
Added Pin To Net: NetName=NetC6_1 Pin=R3-2
Added Net: Name=NetC6_1
Added Pin To Net: NetName=NetC7_1 Pin=C7-1
Added Pin To Net: NetName=NetC7_1 Pin=IC1-2
Added Pin To Net: NetName=NetC7_1 Pin=R2-2
Added Net: Name=NetC7_1
Added Pin To Net: NetName=NetC9_1 Pin=C9-1
Added Pin To Net: NetName=NetC9_1 Pin=IC1-15
Added Pin To Net: NetName=NetC9_1 Pin=R9-2
Added Net: Name=NetC9_1
Added Pin To Net: NetName=NetC10_1 Pin=C10-1
Added Pin To Net: NetName=NetC10_1 Pin=IC1-12
Added Net: Name=NetC10_1
Added Pin To Net: NetName=NetC26_1 Pin=C26-1
Added Pin To Net: NetName=NetC26_1 Pin=IC4-2
Added Pin To Net: NetName=NetC26_1 Pin=Y1-1
Added Net: Name=NetC26_1
Added Pin To Net: NetName=NetC27_1 Pin=C27-1
Added Pin To Net: NetName=NetC27_1 Pin=IC4-3
Added Pin To Net: NetName=NetC27_1 Pin=Y1-3
Added Net: Name=NetC27_1
Added Pin To Net: NetName=NetD1_1 Pin=D1-1
Added Pin To Net: NetName=NetD1_1 Pin=R12-1
Added Net: Name=NetD1_1
Added Pin To Net: NetName=NetD2_1 Pin=D2-1
Added Pin To Net: NetName=NetD2_1 Pin=R13-1
Added Net: Name=NetD2_1
Added Pin To Net: NetName=NetD3_1 Pin=D3-1
Added Pin To Net: NetName=NetD3_1 Pin=R14-1
Added Net: Name=NetD3_1
Added Pin To Net: NetName=NetD4_1 Pin=D4-1
Added Pin To Net: NetName=NetD4_1 Pin=Q6-4
Added Pin To Net: NetName=NetD4_1 Pin=R19-1
Added Pin To Net: NetName=NetD4_1 Pin=R23-1
Added Net: Name=NetD4_1
Added Pin To Net: NetName=NetD6_1 Pin=D6-1
Added Pin To Net: NetName=NetD6_1 Pin=IC4-29
Added Net: Name=NetD6_1
Added Pin To Net: NetName=NetIC1_5 Pin=IC1-5
Added Pin To Net: NetName=NetIC1_5 Pin=R4-2
Added Net: Name=NetIC1_5
Added Pin To Net: NetName=NetIC1_6 Pin=IC1-6
Added Pin To Net: NetName=NetIC1_6 Pin=R5-2
Added Net: Name=NetIC1_6
Added Pin To Net: NetName=NetIC1_8 Pin=IC1-8
Added Pin To Net: NetName=NetIC1_8 Pin=R27-2
Added Net: Name=NetIC1_8
Added Pin To Net: NetName=NetIC1_16 Pin=IC1-16
Added Pin To Net: NetName=NetIC1_16 Pin=R8-2
Added Net: Name=NetIC1_16
Added Pin To Net: NetName=NetIC1_21 Pin=IC1-21
Added Pin To Net: NetName=NetIC1_21 Pin=IC1-23
Added Pin To Net: NetName=NetIC1_21 Pin=Q3-2
Added Pin To Net: NetName=NetIC1_21 Pin=Q4-2
Added Pin To Net: NetName=NetIC1_21 Pin=R6-2
Added Net: Name=NetIC1_21
Added Pin To Net: NetName=NetIC4_28 Pin=IC4-28
Added Pin To Net: NetName=NetIC4_28 Pin=R22-2
Added Net: Name=NetIC4_28
Added Pin To Net: NetName=NetIC4_31 Pin=IC4-31
Added Pin To Net: NetName=NetIC4_31 Pin=R21-2
Added Net: Name=NetIC4_31
Added Pin To Net: NetName=NetIC5_8 Pin=IC5-8
Added Pin To Net: NetName=NetIC5_8 Pin=R25-2
Added Net: Name=NetIC5_8
Added Pin To Net: NetName=nFault A Pin=D6-2
Added Pin To Net: NetName=nFault A Pin=IC1-10
Added Pin To Net: NetName=nFault A Pin=R7-1
Added Net: Name=nFault A
Added Pin To Net: NetName=PWM A Pin=IC4-26
Added Pin To Net: NetName=PWM A Pin=R3-1
Added Net: Name=PWM A
Added Pin To Net: NetName=PWM B Pin=IC4-25
Added Pin To Net: NetName=PWM B Pin=R2-1
Added Net: Name=PWM B
Added Pin To Net: NetName=PWR_ENABLE Pin=C24-1
Added Pin To Net: NetName=PWR_ENABLE Pin=J1-2
Added Pin To Net: NetName=PWR_ENABLE Pin=JP1-1
Added Pin To Net: NetName=PWR_ENABLE Pin=R23-2
Added Net: Name=PWR_ENABLE
Added Pin To Net: NetName=RESET Pin=C31-1
Added Pin To Net: NetName=RESET Pin=IC4-4
Added Pin To Net: NetName=RESET Pin=PROG-1
Added Net: Name=RESET
Added Pin To Net: NetName=SH1 A Pin=IC1-19
Added Pin To Net: NetName=SH1 A Pin=MOTB-1
Added Pin To Net: NetName=SH1 A Pin=Q1-2
Added Pin To Net: NetName=SH1 A Pin=Q3-3
Added Net: Name=SH1 A
Added Pin To Net: NetName=SH2 A Pin=IC1-25
Added Pin To Net: NetName=SH2 A Pin=MOTA-1
Added Pin To Net: NetName=SH2 A Pin=Q2-2
Added Pin To Net: NetName=SH2 A Pin=Q4-3
Added Net: Name=SH2 A
Added Pin To Net: NetName=SWCLK Pin=IC4-24
Added Pin To Net: NetName=SWCLK Pin=PROG-4
Added Net: Name=SWCLK
Added Pin To Net: NetName=SWDIO Pin=IC4-23
Added Pin To Net: NetName=SWDIO Pin=PROG-2
Added Net: Name=SWDIO
Added Pin To Net: NetName=Vcc Pin=C2-2
Added Pin To Net: NetName=Vcc Pin=C3-2
Added Pin To Net: NetName=Vcc Pin=C13-2
Added Pin To Net: NetName=Vcc Pin=C16-1
Added Pin To Net: NetName=Vcc Pin=C17-1
Added Pin To Net: NetName=Vcc Pin=IC1-27
Added Pin To Net: NetName=Vcc Pin=IC1-28
Added Pin To Net: NetName=Vcc Pin=IC3-2
Added Pin To Net: NetName=Vcc Pin=IC3-3
Added Pin To Net: NetName=Vcc Pin=Q1-3
Added Pin To Net: NetName=Vcc Pin=Q2-3
Added Pin To Net: NetName=Vcc Pin=Q6-5_8
Added Pin To Net: NetName=Vcc Pin=R11-2
Added Pin To Net: NetName=Vcc Pin=R12-2
Added Net: Name=Vcc
Added Pin To Net: NetName=Vin Pin=D4-2
Added Pin To Net: NetName=Vin Pin=R19-2
Added Pin To Net: NetName=Vin Pin=VBAT-1
Added Pin To Net: NetName=Vin Pin=Q6-1
Added Pin To Net: NetName=Vin Pin=Q6-2
Added Pin To Net: NetName=Vin Pin=Q6-3
Added Net: Name=Vin
Added Pin To Net: NetName=Voltage Meas Pin=C12-1
Added Pin To Net: NetName=Voltage Meas Pin=D5-2
Added Pin To Net: NetName=Voltage Meas Pin=IC4-13
Added Pin To Net: NetName=Voltage Meas Pin=R11-1
Added Pin To Net: NetName=Voltage Meas Pin=R15-2
Added Net: Name=Voltage Meas
Added Pin To Net: NetName=V ref A Pin=IC4-9
Added Pin To Net: NetName=V ref A Pin=R9-1
Added Net: Name=V ref A
Added Class: Name=PCB_motors
Added Class: Name=U_Interface
Added Class: Name=U_MCU
Added Class: Name=U_MotorDriver
Added Class: Name=U_PowerSupply
