Added Component: Designator=C1(C 0805)
Added Component: Designator=C2(C 0805)
Added Component: Designator=C3(C 0402)
Added Component: Designator=C4(C 1206)
Added Component: Designator=C5(C 1206)
Added Component: Designator=C6(C 0402)
Added Component: Designator=C7(C 0402)
Added Component: Designator=C8(C 0402)
Added Component: Designator=C9(C 0402)
Added Component: Designator=C10(C 0402)
Added Component: Designator=C11(C 0402)
Added Component: Designator=C12(C 0402)
Added Component: Designator=C13(C 0402)
Added Component: Designator=C14(C 0805)
Added Component: Designator=C15(C 0805)
Added Component: Designator=C16(C 1206)
Added Component: Designator=C17(C 1206)
Added Component: Designator=C18(C 1206)
Added Component: Designator=C19(C 0805)
Added Component: Designator=C20(C 0805)
Added Component: Designator=C21(C 0805)
Added Component: Designator=C23(C 0603)
Added Component: Designator=C24(C 0603)
Added Component: Designator=C25(C 0402)
Added Component: Designator=C26(C 0402)
Added Component: Designator=C27(C 0402)
Added Component: Designator=C29(C 0402)
Added Component: Designator=C30(C 0402)
Added Component: Designator=C31(C 0402)
Added Component: Designator=C32(C 0402)
Added Component: Designator=C33(C 0402)
Added Component: Designator=C34(C 0402)
Added Component: Designator=D1(LED 0603 RED)
Added Component: Designator=D2(LED 0603 BLUE)
Added Component: Designator=D3(LED 0603 GREEN)
Added Component: Designator=D4(SOD523)
Added Component: Designator=D5(SOD523)
Added Component: Designator=GND1(Banana plug 3.5mm)
Added Component: Designator=IC2(SOT229P700X180-4N)
Add component (AddParameter): Name = "Arrow Part Number"; Value = ""; VariantName = "[No Variations]"
Add component (AddParameter): Name = "Arrow Price/Stock"; Value = ""; VariantName = "[No Variations]"
Add component (AddParameter): Name = "Datasheet Link"; Value = "https://datasheet.datasheetarchive.com/originals/distributors/Datasheets-28/DSA-550594.pdf"; VariantName = "[No Variations]"
Add component (AddParameter): Name = "Height"; Value = "1.8mm"; VariantName = "[No Variations]"
Add component (AddParameter): Name = "Manufacturer_Name"; Value = "Advanced"; VariantName = "[No Variations]"
Add component (AddParameter): Name = "Manufacturer_Part_Number"; Value = "AMS1117-3.3"; VariantName = "[No Variations]"
Add component (AddParameter): Name = "Mouser Part Number"; Value = ""; VariantName = "[No Variations]"
Add component (AddParameter): Name = "Mouser Price/Stock"; Value = ""; VariantName = "[No Variations]"
Added Component: Designator=IC5(SON65P300X300X100-9N-D)
Add component (AddParameter): Name = "Arrow Part Number"; Value = "TCAN1042VDRBTQ1"; VariantName = "[No Variations]"
Add component (AddParameter): Name = "Arrow Price/Stock"; Value = "https://www.arrow.com/en/products/tcan1042vdrbtq1/texas-instruments?region=nac"; VariantName = "[No Variations]"
Add component (AddParameter): Name = "Datasheet Link"; Value = "http://www.ti.com/lit/gpn/tcan1042v-q1"; VariantName = "[No Variations]"
Add component (AddParameter): Name = "Height"; Value = "1mm"; VariantName = "[No Variations]"
Add component (AddParameter): Name = "Manufacturer_Name"; Value = "Texas Instruments"; VariantName = "[No Variations]"
Add component (AddParameter): Name = "Manufacturer_Part_Number"; Value = "TCAN1042VDRBTQ1"; VariantName = "[No Variations]"
Add component (AddParameter): Name = "Mouser Part Number"; Value = "595-TCAN1042VDRBTQ1"; VariantName = "[No Variations]"
Add component (AddParameter): Name = "Mouser Price/Stock"; Value = "https://www.mouser.co.uk/ProductDetail/Texas-Instruments/TCAN1042VDRBTQ1?qs=HXFqYaX1Q2wv7WXgCzMaig%3D%3D"; VariantName = "[No Variations]"
Added Component: Designator=J1(DF534S06H)
Add component (AddParameter): Name = "Arrow Part Number"; Value = ""; VariantName = "[No Variations]"
Add component (AddParameter): Name = "Arrow Price/Stock"; Value = ""; VariantName = "[No Variations]"
Add component (AddParameter): Name = "Datasheet Link"; Value = "https://www.mouser.com/datasheet/3/339/1/MN_ToggleSections_DP.pdf"; VariantName = "[No Variations]"
Add component (AddParameter): Name = "Height"; Value = "1.65mm"; VariantName = "[No Variations]"
Add component (AddParameter): Name = "Manufacturer_Name"; Value = "Hirose"; VariantName = "[No Variations]"
Add component (AddParameter): Name = "Manufacturer_Part_Number"; Value = "DF53-4S-0.6H"; VariantName = "[No Variations]"
Add component (AddParameter): Name = "Mouser Part Number"; Value = "798-DF53-4S-0.6H"; VariantName = "[No Variations]"
Add component (AddParameter): Name = "Mouser Price/Stock"; Value = "https://www.mouser.co.uk/ProductDetail/Hirose-Connector/DF53-4S-0.6H?qs=wT7LY0lnAe3EZ%2FSBt8i8pg%3D%3D"; VariantName = "[No Variations]"
Added Component: Designator=L1(ASPI-0630LR)
Added Component: Designator=L2(ASPI-0630LR)
Added Component: Designator=L3(ASPI-0630LR)
Added Component: Designator=L4(L 0805)
Added Component: Designator=MOTA(Banana plug 3.5mm)
Added Component: Designator=MOTB(Banana plug 3.5mm)
Added Component: Designator=Q1(DFN 5x6)
Added Component: Designator=Q2(DFN 5x6)
Added Component: Designator=Q3(DFN 5x6)
Added Component: Designator=Q4(DFN 5x6)
Added Component: Designator=Q5(DFN 5x6)
Added Component: Designator=Q6(DFN 5x6)
Added Component: Designator=R1(R 0402)
Added Component: Designator=R2(R 0402)
Added Component: Designator=R3(R 0402)
Added Component: Designator=R4(R 0402)
Added Component: Designator=R5(R 0402)
Added Component: Designator=R6(R 2512)
Added Component: Designator=R7(R 0402)
Added Component: Designator=R8(R 0402)
Added Component: Designator=R9(R 0402)
Added Component: Designator=R10(R 0402)
Added Component: Designator=R11(R 0402)
Added Component: Designator=R12(R 0402)
Added Component: Designator=R13(R 0402)
Added Component: Designator=R14(R 0402)
Added Component: Designator=R15(R 0402)
Added Component: Designator=R16(R 0402)
Added Component: Designator=R17(R 0402)
Added Component: Designator=R18(R 0402)
Added Component: Designator=R20(R 0402)
Added Component: Designator=R21(R 0402)
Added Component: Designator=R22(R 0402)
Added Component: Designator=R24(R 0402)
Added Component: Designator=R25(R 0402)
Added Component: Designator=R26(R 0603)
Added Component: Designator=R27(R 0402)
Added Component: Designator=VBAT1(Banana plug 3.5mm)
Added Component: Designator=Y1(MCSJK7U1600101080B10)
Add component (AddParameter): Name = "Arrow Part Number"; Value = ""; VariantName = "[No Variations]"
Add component (AddParameter): Name = "Arrow Price/Stock"; Value = ""; VariantName = "[No Variations]"
Add component (AddParameter): Name = "Datasheet Link"; Value = "https://componentsearchengine.com/Datasheets/2/MCSJK-7U-16.00-10-10-80-B-10.pdf"; VariantName = "[No Variations]"
Add component (AddParameter): Name = "Height"; Value = "0.8mm"; VariantName = "[No Variations]"
Add component (AddParameter): Name = "Manufacturer_Name"; Value = "Multicomp Pro"; VariantName = "[No Variations]"
Add component (AddParameter): Name = "Manufacturer_Part_Number"; Value = "MCSJK-7U-16.00-10-10-80-B-10"; VariantName = "[No Variations]"
Add component (AddParameter): Name = "Mouser Part Number"; Value = ""; VariantName = "[No Variations]"
Add component (AddParameter): Name = "Mouser Price/Stock"; Value = ""; VariantName = "[No Variations]"
Added Pin To Net: NetName=3.3v Pin=C14-1
Added Pin To Net: NetName=3.3v Pin=C15-1
Added Pin To Net: NetName=3.3v Pin=IC2-2
Added Pin To Net: NetName=3.3v Pin=L4-2
Added Pin To Net: NetName=3.3v Pin=R7-2
Added Pin To Net: NetName=3.3v Pin=R14-2
Added Pin To Net: NetName=3.3v Pin=R24-2
Added Net: Name=3.3v
Added Pin To Net: NetName=5v Pin=C11-1
Added Pin To Net: NetName=5v Pin=C19-1
Added Pin To Net: NetName=5v Pin=C20-1
Added Pin To Net: NetName=5v Pin=C21-1
Added Pin To Net: NetName=5v Pin=C32-1
Added Pin To Net: NetName=5v Pin=C33-1
Added Pin To Net: NetName=5v Pin=IC2-3
Added Pin To Net: NetName=5v Pin=IC5-3
Added Pin To Net: NetName=5v Pin=L3-2
Added Pin To Net: NetName=5v Pin=R4-1
Added Pin To Net: NetName=5v Pin=R5-1
Added Pin To Net: NetName=5v Pin=R13-2
Added Pin To Net: NetName=5v Pin=R17-2
Added Pin To Net: NetName=5v Pin=R27-1
Added Net: Name=5v
Added Pin To Net: NetName=Battery Voltage Pin=C12-1
Added Pin To Net: NetName=Battery Voltage Pin=R11-1
Added Pin To Net: NetName=Battery Voltage Pin=R15-2
Added Net: Name=Battery Voltage
Added Pin To Net: NetName=CAN H Pin=IC5-7
Added Pin To Net: NetName=CAN H Pin=J1-1
Added Pin To Net: NetName=CAN H Pin=R1-1
Added Net: Name=CAN H
Added Pin To Net: NetName=CAN L Pin=IC5-6
Added Pin To Net: NetName=CAN L Pin=J1-2
Added Pin To Net: NetName=CAN L Pin=R1-2
Added Net: Name=CAN L
Added Pin To Net: NetName=CAN RX Pin=IC5-4
Added Net: Name=CAN RX
Added Pin To Net: NetName=CAN TX Pin=IC5-1
Added Net: Name=CAN TX
Added Pin To Net: NetName=Current A Pin=C8-1
Added Pin To Net: NetName=Current A Pin=R8-1
Added Net: Name=Current A
Added Pin To Net: NetName=Fet Temp A Pin=C34-1
Added Pin To Net: NetName=Fet Temp A Pin=R24-1
Added Pin To Net: NetName=Fet Temp A Pin=R26-2
Added Net: Name=Fet Temp A
Added Pin To Net: NetName=GH1 A Pin=Q2-4
Added Net: Name=GH1 A
Added Pin To Net: NetName=GH2 A Pin=Q1-4
Added Net: Name=GH2 A
Added Pin To Net: NetName=GL1 A Pin=Q4-4
Added Net: Name=GL1 A
Added Pin To Net: NetName=GL2 A Pin=Q3-4
Added Net: Name=GL2 A
Added Pin To Net: NetName=GND Pin=C3-1
Added Pin To Net: NetName=GND Pin=C4-2
Added Pin To Net: NetName=GND Pin=C5-2
Added Pin To Net: NetName=GND Pin=C6-2
Added Pin To Net: NetName=GND Pin=C7-2
Added Pin To Net: NetName=GND Pin=C8-2
Added Pin To Net: NetName=GND Pin=C9-2
Added Pin To Net: NetName=GND Pin=C10-2
Added Pin To Net: NetName=GND Pin=C11-2
Added Pin To Net: NetName=GND Pin=C12-2
Added Pin To Net: NetName=GND Pin=C14-2
Added Pin To Net: NetName=GND Pin=C15-2
Added Pin To Net: NetName=GND Pin=C16-2
Added Pin To Net: NetName=GND Pin=C17-2
Added Pin To Net: NetName=GND Pin=C18-2
Added Pin To Net: NetName=GND Pin=C19-2
Added Pin To Net: NetName=GND Pin=C20-2
Added Pin To Net: NetName=GND Pin=C21-2
Added Pin To Net: NetName=GND Pin=C23-2
Added Pin To Net: NetName=GND Pin=C24-2
Added Pin To Net: NetName=GND Pin=C25-2
Added Pin To Net: NetName=GND Pin=C26-2
Added Pin To Net: NetName=GND Pin=C27-2
Added Pin To Net: NetName=GND Pin=C29-2
Added Pin To Net: NetName=GND Pin=C30-2
Added Pin To Net: NetName=GND Pin=C31-2
Added Pin To Net: NetName=GND Pin=C32-2
Added Pin To Net: NetName=GND Pin=C33-2
Added Pin To Net: NetName=GND Pin=C34-2
Added Pin To Net: NetName=GND Pin=D1-2
Added Pin To Net: NetName=GND Pin=D2-2
Added Pin To Net: NetName=GND Pin=D3-2
Added Pin To Net: NetName=GND Pin=GND1-1
Added Pin To Net: NetName=GND Pin=IC2-1
Added Pin To Net: NetName=GND Pin=IC5-2
Added Pin To Net: NetName=GND Pin=IC5-9
Added Pin To Net: NetName=GND Pin=J1-3
Added Pin To Net: NetName=GND Pin=R6-1
Added Pin To Net: NetName=GND Pin=R10-1
Added Pin To Net: NetName=GND Pin=R15-1
Added Pin To Net: NetName=GND Pin=R18-1
Added Pin To Net: NetName=GND Pin=R20-1
Added Pin To Net: NetName=GND Pin=R21-1
Added Pin To Net: NetName=GND Pin=R22-1
Added Pin To Net: NetName=GND Pin=R25-1
Added Pin To Net: NetName=GND Pin=R26-1
Added Pin To Net: NetName=GND Pin=Y1-2
Added Pin To Net: NetName=GND Pin=Y1-4
Added Net: Name=GND
Added Pin To Net: NetName=MCU 3.3V Pin=C25-1
Added Pin To Net: NetName=MCU 3.3V Pin=C29-1
Added Pin To Net: NetName=MCU 3.3V Pin=C30-1
Added Pin To Net: NetName=MCU 3.3V Pin=L4-1
Added Net: Name=MCU 3.3V
Added Pin To Net: NetName=NetC1_1 Pin=C1-1
Added Net: Name=NetC1_1
Added Pin To Net: NetName=NetC1_2 Pin=C1-2
Added Net: Name=NetC1_2
Added Pin To Net: NetName=NetC2_1 Pin=C2-1
Added Net: Name=NetC2_1
Added Pin To Net: NetName=NetC6_1 Pin=C6-1
Added Pin To Net: NetName=NetC6_1 Pin=R3-2
Added Net: Name=NetC6_1
Added Pin To Net: NetName=NetC7_1 Pin=C7-1
Added Pin To Net: NetName=NetC7_1 Pin=R2-2
Added Net: Name=NetC7_1
Added Pin To Net: NetName=NetC9_1 Pin=C9-1
Added Pin To Net: NetName=NetC9_1 Pin=R9-2
Added Net: Name=NetC9_1
Added Pin To Net: NetName=NetC10_1 Pin=C10-1
Added Net: Name=NetC10_1
Added Pin To Net: NetName=NetC13_1 Pin=C13-1
Added Net: Name=NetC13_1
Added Pin To Net: NetName=NetC13_2 Pin=C13-2
Added Pin To Net: NetName=NetC13_2 Pin=L1-1
Added Net: Name=NetC13_2
Added Pin To Net: NetName=NetC22_2 Pin=D4-1
Added Pin To Net: NetName=NetC22_2 Pin=Q6-4
Added Net: Name=NetC22_2
Added Pin To Net: NetName=NetC26_1 Pin=C26-1
Added Pin To Net: NetName=NetC26_1 Pin=Y1-1
Added Net: Name=NetC26_1
Added Pin To Net: NetName=NetC27_1 Pin=C27-1
Added Pin To Net: NetName=NetC27_1 Pin=Y1-3
Added Net: Name=NetC27_1
Added Pin To Net: NetName=NetD1_1 Pin=D1-1
Added Pin To Net: NetName=NetD1_1 Pin=R12-1
Added Net: Name=NetD1_1
Added Pin To Net: NetName=NetD2_1 Pin=D2-1
Added Pin To Net: NetName=NetD2_1 Pin=R13-1
Added Net: Name=NetD2_1
Added Pin To Net: NetName=NetD3_1 Pin=D3-1
Added Pin To Net: NetName=NetD3_1 Pin=R14-1
Added Net: Name=NetD3_1
Added Pin To Net: NetName=NetD5_1 Pin=D5-1
Added Pin To Net: NetName=NetD5_1 Pin=Q5-4
Added Pin To Net: NetName=NetD5_1 Pin=R20-2
Added Net: Name=NetD5_1
Added Net: Name=NetD6_1
Added Pin To Net: NetName=NetIC1_5 Pin=R4-2
Added Net: Name=NetIC1_5
Added Pin To Net: NetName=NetIC1_6 Pin=R5-2
Added Net: Name=NetIC1_6
Added Pin To Net: NetName=NetIC1_8 Pin=R27-2
Added Net: Name=NetIC1_8
Added Pin To Net: NetName=NetIC1_11 Pin=R10-2
Added Net: Name=NetIC1_11
Added Pin To Net: NetName=NetIC1_16 Pin=R8-2
Added Net: Name=NetIC1_16
Added Pin To Net: NetName=NetIC1_21 Pin=R6-2
Added Pin To Net: NetName=NetIC1_21 Pin=Q3-1
Added Pin To Net: NetName=NetIC1_21 Pin=Q3-2
Added Pin To Net: NetName=NetIC1_21 Pin=Q3-3
Added Pin To Net: NetName=NetIC1_21 Pin=Q4-1
Added Pin To Net: NetName=NetIC1_21 Pin=Q4-2
Added Pin To Net: NetName=NetIC1_21 Pin=Q4-3
Added Net: Name=NetIC1_21
Added Pin To Net: NetName=NetIC3_3 Pin=R17-1
Added Pin To Net: NetName=NetIC3_3 Pin=R18-2
Added Net: Name=NetIC3_3
Added Pin To Net: NetName=NetIC3_4 Pin=R16-1
Added Net: Name=NetIC3_4
Added Pin To Net: NetName=NetIC4_28 Pin=R22-2
Added Net: Name=NetIC4_28
Added Pin To Net: NetName=NetIC4_31 Pin=R21-2
Added Net: Name=NetIC4_31
Added Pin To Net: NetName=NetIC5_8 Pin=IC5-8
Added Pin To Net: NetName=NetIC5_8 Pin=R25-2
Added Net: Name=NetIC5_8
Added Pin To Net: NetName=NetL1_2 Pin=L1-2
Added Pin To Net: NetName=NetL1_2 Pin=L2-1
Added Net: Name=NetL1_2
Added Pin To Net: NetName=NetL2_2 Pin=L2-2
Added Pin To Net: NetName=NetL2_2 Pin=L3-1
Added Net: Name=NetL2_2
Added Pin To Net: NetName=NetQ5_5_8 Pin=Q5-5_8
Added Pin To Net: NetName=NetQ5_5_8 Pin=VBAT1-1
Added Net: Name=NetQ5_5_8
Added Pin To Net: NetName=nFault A Pin=R7-1
Added Net: Name=nFault A
Added Pin To Net: NetName=PWM 1A Pin=R2-1
Added Net: Name=PWM 1A
Added Pin To Net: NetName=PWM 2A Pin=R3-1
Added Net: Name=PWM 2A
Added Pin To Net: NetName=PWR_ENABLE Pin=C23-1
Added Pin To Net: NetName=PWR_ENABLE Pin=C24-1
Added Pin To Net: NetName=PWR_ENABLE Pin=J1-4
Added Net: Name=PWR_ENABLE
Added Pin To Net: NetName=RESET Pin=C31-1
Added Net: Name=RESET
Added Pin To Net: NetName=SH1 A Pin=MOTB-1
Added Pin To Net: NetName=SH1 A Pin=Q4-5_8
Added Pin To Net: NetName=SH1 A Pin=Q2-1
Added Pin To Net: NetName=SH1 A Pin=Q2-2
Added Pin To Net: NetName=SH1 A Pin=Q2-3
Added Net: Name=SH1 A
Added Pin To Net: NetName=SH2 A Pin=MOTA-1
Added Pin To Net: NetName=SH2 A Pin=Q3-5_8
Added Pin To Net: NetName=SH2 A Pin=Q1-1
Added Pin To Net: NetName=SH2 A Pin=Q1-2
Added Pin To Net: NetName=SH2 A Pin=Q1-3
Added Net: Name=SH2 A
Added Net: Name=SWCLK
Added Net: Name=SWDIO
Added Pin To Net: NetName=Vcc Pin=C2-2
Added Pin To Net: NetName=Vcc Pin=C3-2
Added Pin To Net: NetName=Vcc Pin=C4-1
Added Pin To Net: NetName=Vcc Pin=C5-1
Added Pin To Net: NetName=Vcc Pin=C16-1
Added Pin To Net: NetName=Vcc Pin=C17-1
Added Pin To Net: NetName=Vcc Pin=C18-1
Added Pin To Net: NetName=Vcc Pin=Q1-5_8
Added Pin To Net: NetName=Vcc Pin=Q2-5_8
Added Pin To Net: NetName=Vcc Pin=Q6-5_8
Added Pin To Net: NetName=Vcc Pin=R11-2
Added Pin To Net: NetName=Vcc Pin=R12-2
Added Pin To Net: NetName=Vcc Pin=R16-2
Added Net: Name=Vcc
Added Pin To Net: NetName=Vin Pin=D4-2
Added Pin To Net: NetName=Vin Pin=D5-2
Added Pin To Net: NetName=Vin Pin=Q5-1
Added Pin To Net: NetName=Vin Pin=Q5-2
Added Pin To Net: NetName=Vin Pin=Q5-3
Added Pin To Net: NetName=Vin Pin=Q6-1
Added Pin To Net: NetName=Vin Pin=Q6-2
Added Pin To Net: NetName=Vin Pin=Q6-3
Added Net: Name=Vin
Added Pin To Net: NetName=V ref A Pin=R9-1
Added Net: Name=V ref A
Added Class: Name=PCB_motors
Added Class: Name=U_Interface
Added Class: Name=U_MCU
Added Class: Name=U_MotorDriver
Added Class: Name=U_PowerSupply
Added Room: Name=PCB_motors
Added Room: Name=U_Interface
Added Room: Name=U_MCU
Added Room: Name=U_MotorDriver
Added Room: Name=U_PowerSupply
