Removed Pin From Net: NetName=3.3v Pin=C4-1
Removed Pin From Net: NetName=3.3v Pin=C15-1
Removed Pin From Net: NetName=3.3v Pin=C25-1
Removed Pin From Net: NetName=3.3v Pin=C29-1
Removed Pin From Net: NetName=3.3v Pin=C30-1
Removed Pin From Net: NetName=3.3v Pin=D5-3
Removed Pin From Net: NetName=3.3v Pin=IC2-3
Removed Pin From Net: NetName=3.3v Pin=IC4-1
Removed Pin From Net: NetName=3.3v Pin=IC4-15
Removed Pin From Net: NetName=3.3v Pin=IC4-17
Removed Pin From Net: NetName=3.3v Pin=R7-2
Removed Pin From Net: NetName=3.3v Pin=R14-2
Removed Pin From Net: NetName=3.3v Pin=R24-2
Change Component Comment : Designator=R14 Old Comment=1k New Comment=330R
Change Component Comment : Designator=C8 Old Comment=1nF New Comment=100nF
Change Net Name : Old Net Name=3.3v New Net Name=GND
Change Net Color : Old Net Color=RGB(221, 126, 107) New Net Color=RGB(50, 50, 50)
Added Pin To Net: NetName=3.3v Pin=C4-1
Added Pin To Net: NetName=3.3v Pin=C15-1
Added Pin To Net: NetName=3.3v Pin=C25-1
Added Pin To Net: NetName=3.3v Pin=C29-1
Added Pin To Net: NetName=3.3v Pin=C30-1
Added Pin To Net: NetName=3.3v Pin=D5-3
Added Pin To Net: NetName=3.3v Pin=IC2-3
Added Pin To Net: NetName=3.3v Pin=IC4-1
Added Pin To Net: NetName=3.3v Pin=IC4-15
Added Pin To Net: NetName=3.3v Pin=IC4-17
Added Pin To Net: NetName=3.3v Pin=R7-2
Added Pin To Net: NetName=3.3v Pin=R14-2
Added Pin To Net: NetName=3.3v Pin=R24-2
Added Net: Name=3.3v
Added Member To Class: ClassName=U_Interface Member=Component VCC LED RED
