../Core/Src/main.c:253:5:main	3
../Core/Src/main.c:373:6:SystemClock_Config	4
../Core/Src/main.c:432:13:MX_ADC1_Init	11
../Core/Src/main.c:563:13:MX_FDCAN1_Init	2
../Core/Src/main.c:606:13:MX_GPDMA1_Init	1
../Core/Src/main.c:640:13:MX_GPDMA2_Init	1
../Core/Src/main.c:668:13:MX_I2C3_Init	5
../Core/Src/main.c:723:13:MX_TIM3_Init	4
../Core/Src/main.c:772:13:MX_TIM15_Init	4
../Core/Src/main.c:818:13:MX_TIM16_Init	2
../Core/Src/main.c:850:13:MX_TIM17_Init	2
../Core/Src/main.c:882:13:MX_UART4_Init	5
../Core/Src/main.c:930:13:MX_UART5_Init	5
../Core/Src/main.c:978:13:MX_USART1_UART_Init	5
../Core/Src/main.c:1026:13:MX_USART2_UART_Init	5
../Core/Src/main.c:1074:13:MX_GPIO_Init	1
../Core/Src/main.c:1155:6:HAL_TIM_PeriodElapsedCallback	6
../Core/Src/main.c:1186:6:LED_BLINK_INTERUPT	4
../Core/Src/main.c:1209:6:TASK_BEFORE_ATTACK	11
../Core/Src/main.c:1266:6:SET_MOTORS	2
../Core/Src/main.c:1291:6:GET_LAST_SEEN_ROTATIONE	6
../Core/Src/main.c:1310:6:GET_START_MOD	1
../Core/Src/main.c:1321:6:BATTLE	1
../Core/Src/main.c:1326:6:COOKED	2
../Core/Src/main.c:1341:6:HAL_FDCAN_RxFifo0Callback	1
../Core/Src/main.c:1349:6:LIDARS_INIT	18
../Core/Src/main.c:1448:6:PLAY_FREQ	5
../Core/Src/main.c:1472:6:HAL_UARTEx_RxEventCallback	29
../Core/Src/main.c:1765:6:SORT	4
../Core/Src/main.c:1778:6:GET_LINE_SENSORS	9
../Core/Src/main.c:1811:6:WATCHDOG	2
../Core/Src/main.c:1824:6:Error_Handler	1
