../Core/Src/main.c:84:5:main	1
../Core/Src/main.c:143:6:SystemClock_Config	4
../Core/Src/main.c:202:13:MX_ADC1_Init	3
../Core/Src/main.c:261:13:MX_FDCAN1_Init	2
../Core/Src/main.c:304:13:MX_I2C3_Init	4
../Core/Src/main.c:352:13:MX_TIM3_Init	4
../Core/Src/main.c:401:13:MX_UART4_Init	5
../Core/Src/main.c:449:13:MX_UART5_Init	5
../Core/Src/main.c:497:13:MX_USART1_UART_Init	5
../Core/Src/main.c:545:13:MX_USART2_UART_Init	5
../Core/Src/main.c:593:13:MX_GPIO_Init	1
../Core/Src/main.c:681:6:Error_Handler	1
