../Core/Src/ssd1306.c:38:23:width	4	static
../Core/Src/ssd1306.c:39:23:height	4	static
../Core/Src/ssd1306.c:41:10:ssd1306_GetWidth	4	static
../Core/Src/ssd1306.c:46:10:ssd1306_GetHeight	4	static
../Core/Src/ssd1306.c:51:15:ssd1306_GetColor	4	static
../Core/Src/ssd1306.c:56:6:ssd1306_SetColor	16	static
../Core/Src/ssd1306.c:62:9:ssd1306_Init	8	static
../Core/Src/ssd1306.c:188:6:ssd1306_Fill	16	static
../Core/Src/ssd1306.c:205:6:ssd1306_DrawPixel	40	static
../Core/Src/ssd1306.c:232:6:ssd1306_DrawLine	48	static
../Core/Src/ssd1306.c:282:6:ssd1306_DrawHorizontalLine	32	static
../Core/Src/ssd1306.c:328:6:ssd1306_DrawVerticalLine	40	static
../Core/Src/ssd1306.c:411:6:ssd1306_DrawRect	24	static
../Core/Src/ssd1306.c:419:6:ssd1306_FillRect	32	static
../Core/Src/ssd1306.c:427:6:ssd1306_DrawTriangle	24	static
../Core/Src/ssd1306.c:435:6:ssd1306_DrawFillTriangle	56	static
../Core/Src/ssd1306.c:522:14:ssd1306_DegToRad	16	static
../Core/Src/ssd1306.c:528:17:ssd1306_NormalizeTo0_360	24	static
../Core/Src/ssd1306.c:546:6:ssd1306_DrawArc	48	static
../Core/Src/ssd1306.c:584:6:ssd1306_DrawCircle	24	static
../Core/Src/ssd1306.c:612:6:ssd1306_FillCircle	24	static
../Core/Src/ssd1306.c:637:6:ssd1306_DrawCircleQuads	32	static
../Core/Src/ssd1306.c:686:6:ssd1306_DrawProgressBar	40	static
../Core/Src/ssd1306.c:715:6:ssd1306_DrawBitmap	32	static
../Core/Src/ssd1306.c:756:6:ssd1306_WriteChar	40	static
../Core/Src/ssd1306.c:797:6:ssd1306_WriteString	24	static
../Core/Src/ssd1306.c:819:6:ssd1306_SetCursor	16	static
../Core/Src/ssd1306.c:825:6:ssd1306_Clear	8	static
../Core/Src/ssd1306.c:835:6:ssd1306_WriteCommand	32	static
../Core/Src/ssd1306.c:840:6:ssd1306_WriteData	32	static
../Core/Src/ssd1306.c:848:6:ssd1306_UpdateScreen	24	static
