Archive member included to satisfy reference by file (symbol)

C:/ST/STM32CubeIDE_1.17.0/STM32CubeIDE/plugins/com.st.stm32cube.ide.mcu.externaltools.gnu-tools-for-stm32.13.3.rel1.win32_1.0.0.202411081344/tools/bin/../lib/gcc/arm-none-eabi/13.3.1/../../../../arm-none-eabi/lib/thumb/v8-m.main+fp/hard\libc_nano.a(libc_a-exit.o)
                              C:/ST/STM32CubeIDE_1.17.0/STM32CubeIDE/plugins/com.st.stm32cube.ide.mcu.externaltools.gnu-tools-for-stm32.13.3.rel1.win32_1.0.0.202411081344/tools/bin/../lib/gcc/arm-none-eabi/13.3.1/../../../../arm-none-eabi/lib/thumb/v8-m.main+fp/hard/crt0.o (exit)
C:/ST/STM32CubeIDE_1.17.0/STM32CubeIDE/plugins/com.st.stm32cube.ide.mcu.externaltools.gnu-tools-for-stm32.13.3.rel1.win32_1.0.0.202411081344/tools/bin/../lib/gcc/arm-none-eabi/13.3.1/../../../../arm-none-eabi/lib/thumb/v8-m.main+fp/hard\libc_nano.a(libc_a-findfp.o)
                              C:/ST/STM32CubeIDE_1.17.0/STM32CubeIDE/plugins/com.st.stm32cube.ide.mcu.externaltools.gnu-tools-for-stm32.13.3.rel1.win32_1.0.0.202411081344/tools/bin/../lib/gcc/arm-none-eabi/13.3.1/../../../../arm-none-eabi/lib/thumb/v8-m.main+fp/hard\libc_nano.a(libc_a-exit.o) (__stdio_exit_handler)
C:/ST/STM32CubeIDE_1.17.0/STM32CubeIDE/plugins/com.st.stm32cube.ide.mcu.externaltools.gnu-tools-for-stm32.13.3.rel1.win32_1.0.0.202411081344/tools/bin/../lib/gcc/arm-none-eabi/13.3.1/../../../../arm-none-eabi/lib/thumb/v8-m.main+fp/hard\libc_nano.a(libc_a-fwalk.o)
                              C:/ST/STM32CubeIDE_1.17.0/STM32CubeIDE/plugins/com.st.stm32cube.ide.mcu.externaltools.gnu-tools-for-stm32.13.3.rel1.win32_1.0.0.202411081344/tools/bin/../lib/gcc/arm-none-eabi/13.3.1/../../../../arm-none-eabi/lib/thumb/v8-m.main+fp/hard\libc_nano.a(libc_a-findfp.o) (_fwalk_sglue)
C:/ST/STM32CubeIDE_1.17.0/STM32CubeIDE/plugins/com.st.stm32cube.ide.mcu.externaltools.gnu-tools-for-stm32.13.3.rel1.win32_1.0.0.202411081344/tools/bin/../lib/gcc/arm-none-eabi/13.3.1/../../../../arm-none-eabi/lib/thumb/v8-m.main+fp/hard\libc_nano.a(libc_a-stdio.o)
                              C:/ST/STM32CubeIDE_1.17.0/STM32CubeIDE/plugins/com.st.stm32cube.ide.mcu.externaltools.gnu-tools-for-stm32.13.3.rel1.win32_1.0.0.202411081344/tools/bin/../lib/gcc/arm-none-eabi/13.3.1/../../../../arm-none-eabi/lib/thumb/v8-m.main+fp/hard\libc_nano.a(libc_a-findfp.o) (__sread)
C:/ST/STM32CubeIDE_1.17.0/STM32CubeIDE/plugins/com.st.stm32cube.ide.mcu.externaltools.gnu-tools-for-stm32.13.3.rel1.win32_1.0.0.202411081344/tools/bin/../lib/gcc/arm-none-eabi/13.3.1/../../../../arm-none-eabi/lib/thumb/v8-m.main+fp/hard\libc_nano.a(libc_a-memset.o)
                              C:/ST/STM32CubeIDE_1.17.0/STM32CubeIDE/plugins/com.st.stm32cube.ide.mcu.externaltools.gnu-tools-for-stm32.13.3.rel1.win32_1.0.0.202411081344/tools/bin/../lib/gcc/arm-none-eabi/13.3.1/../../../../arm-none-eabi/lib/thumb/v8-m.main+fp/hard/crt0.o (memset)
C:/ST/STM32CubeIDE_1.17.0/STM32CubeIDE/plugins/com.st.stm32cube.ide.mcu.externaltools.gnu-tools-for-stm32.13.3.rel1.win32_1.0.0.202411081344/tools/bin/../lib/gcc/arm-none-eabi/13.3.1/../../../../arm-none-eabi/lib/thumb/v8-m.main+fp/hard\libc_nano.a(libc_a-closer.o)
                              C:/ST/STM32CubeIDE_1.17.0/STM32CubeIDE/plugins/com.st.stm32cube.ide.mcu.externaltools.gnu-tools-for-stm32.13.3.rel1.win32_1.0.0.202411081344/tools/bin/../lib/gcc/arm-none-eabi/13.3.1/../../../../arm-none-eabi/lib/thumb/v8-m.main+fp/hard\libc_nano.a(libc_a-stdio.o) (_close_r)
C:/ST/STM32CubeIDE_1.17.0/STM32CubeIDE/plugins/com.st.stm32cube.ide.mcu.externaltools.gnu-tools-for-stm32.13.3.rel1.win32_1.0.0.202411081344/tools/bin/../lib/gcc/arm-none-eabi/13.3.1/../../../../arm-none-eabi/lib/thumb/v8-m.main+fp/hard\libc_nano.a(libc_a-reent.o)
                              C:/ST/STM32CubeIDE_1.17.0/STM32CubeIDE/plugins/com.st.stm32cube.ide.mcu.externaltools.gnu-tools-for-stm32.13.3.rel1.win32_1.0.0.202411081344/tools/bin/../lib/gcc/arm-none-eabi/13.3.1/../../../../arm-none-eabi/lib/thumb/v8-m.main+fp/hard\libc_nano.a(libc_a-closer.o) (errno)
C:/ST/STM32CubeIDE_1.17.0/STM32CubeIDE/plugins/com.st.stm32cube.ide.mcu.externaltools.gnu-tools-for-stm32.13.3.rel1.win32_1.0.0.202411081344/tools/bin/../lib/gcc/arm-none-eabi/13.3.1/../../../../arm-none-eabi/lib/thumb/v8-m.main+fp/hard\libc_nano.a(libc_a-impure.o)
                              C:/ST/STM32CubeIDE_1.17.0/STM32CubeIDE/plugins/com.st.stm32cube.ide.mcu.externaltools.gnu-tools-for-stm32.13.3.rel1.win32_1.0.0.202411081344/tools/bin/../lib/gcc/arm-none-eabi/13.3.1/../../../../arm-none-eabi/lib/thumb/v8-m.main+fp/hard\libc_nano.a(libc_a-reent.o) (_impure_ptr)
C:/ST/STM32CubeIDE_1.17.0/STM32CubeIDE/plugins/com.st.stm32cube.ide.mcu.externaltools.gnu-tools-for-stm32.13.3.rel1.win32_1.0.0.202411081344/tools/bin/../lib/gcc/arm-none-eabi/13.3.1/../../../../arm-none-eabi/lib/thumb/v8-m.main+fp/hard\libc_nano.a(libc_a-lseekr.o)
[...]
Memory Configuration

Name             Origin             Length             Attributes
RAM              0x20000000         0x000a0000         xrw
FLASH            0x08000000         0x00100000         xr
*default*        0x00000000         0xffffffff

Linker script and memory map

LOAD C:/ST/STM32CubeIDE_1.17.0/STM32CubeIDE/plugins/com.st.stm32cube.ide.mcu.externaltools.gnu-tools-for-stm32.13.3.rel1.win32_1.0.0.202411081344/tools/bin/../lib/gcc/arm-none-eabi/13.3.1/thumb/v8-m.main+fp/hard/crti.o
LOAD C:/ST/STM32CubeIDE_1.17.0/STM32CubeIDE/plugins/com.st.stm32cube.ide.mcu.externaltools.gnu-tools-for-stm32.13.3.rel1.win32_1.0.0.202411081344/tools/bin/../lib/gcc/arm-none-eabi/13.3.1/thumb/v8-m.main+fp/hard/crtbegin.o
LOAD C:/ST/STM32CubeIDE_1.17.0/STM32CubeIDE/plugins/com.st.stm32cube.ide.mcu.externaltools.gnu-tools-for-stm32.13.3.rel1.win32_1.0.0.202411081344/tools/bin/../lib/gcc/arm-none-eabi/13.3.1/../../../../arm-none-eabi/lib/thumb/v8-m.main+fp/hard/crt0.o
LOAD ./Core/Src/fonts.o
LOAD ./Core/Src/main.o
LOAD ./Core/Src/ssd1306.o
LOAD ./Core/Src/stm32h5xx_hal_msp.o
LOAD ./Core/Src/stm32h5xx_it.o
LOAD ./Core/Src/syscalls.o
LOAD ./Core/Src/sysmem.o
LOAD ./Core/Src/system_stm32h5xx.o
LOAD ./Core/Startup/startup_stm32h563rgvx.o
LOAD ./Drivers/STM32H5xx_HAL_Driver/Src/stm32h5xx_hal.o
LOAD ./Drivers/STM32H5xx_HAL_Driver/Src/stm32h5xx_hal_cortex.o
LOAD ./Drivers/STM32H5xx_HAL_Driver/Src/stm32h5xx_hal_dma.o
LOAD ./Drivers/STM32H5xx_HAL_Driver/Src/stm32h5xx_hal_dma_ex.o
LOAD ./Drivers/STM32H5xx_HAL_Driver/Src/stm32h5xx_hal_exti.o
LOAD ./Drivers/STM32H5xx_HAL_Driver/Src/stm32h5xx_hal_flash.o
LOAD ./Drivers/STM32H5xx_HAL_Driver/Src/stm32h5xx_hal_flash_ex.o
LOAD ./Drivers/STM32H5xx_HAL_Driver/Src/stm32h5xx_hal_gpio.o
LOAD ./Drivers/STM32H5xx_HAL_Driver/Src/stm32h5xx_hal_i2c.o
LOAD ./Drivers/STM32H5xx_HAL_Driver/Src/stm32h5xx_hal_i2c_ex.o
LOAD ./Drivers/STM32H5xx_HAL_Driver/Src/stm32h5xx_hal_pwr.o
LOAD ./Drivers/STM32H5xx_HAL_Driver/Src/stm32h5xx_hal_pwr_ex.o
LOAD ./Drivers/STM32H5xx_HAL_Driver/Src/stm32h5xx_hal_rcc.o
LOAD ./Drivers/STM32H5xx_HAL_Driver/Src/stm32h5xx_hal_rcc_ex.o
START GROUP
LOAD C:/ST/STM32CubeIDE_1.17.0/STM32CubeIDE/plugins/com.st.stm32cube.ide.mcu.externaltools.gnu-tools-for-stm32.13.3.rel1.win32_1.0.0.202411081344/tools/bin/../lib/gcc/arm-none-eabi/13.3.1/../../../../arm-none-eabi/lib/thumb/v8-m.main+fp/hard\libc_nano.a
LOAD C:/ST/STM32CubeIDE_1.17.0/STM32CubeIDE/plugins/com.st.stm32cube.ide.mcu.externaltools.gnu-tools-for-stm32.13.3.rel1.win32_1.0.0.202411081344/tools/bin/../lib/gcc/arm-none-eabi/13.3.1/../../../../arm-none-eabi/lib/thumb/v8-m.main+fp/hard\libm.a
END GROUP
START GROUP
LOAD C:/ST/STM32CubeIDE_1.17.0/STM32CubeIDE/plugins/com.st.stm32cube.ide.mcu.externaltools.gnu-tools-for-stm32.13.3.rel1.win32_1.0.0.202411081344/tools/bin/../lib/gcc/arm-none-eabi/13.3.1/thumb/v8-m.main+fp/hard\libgcc.a
LOAD C:/ST/STM32CubeIDE_1.17.0/STM32CubeIDE/plugins/com.st.stm32cube.ide.mcu.externaltools.gnu-tools-for-stm32.13.3.rel1.win32_1.0.0.202411081344/tools/bin/../lib/gcc/arm-none-eabi/13.3.1/../../../../arm-none-eabi/lib/thumb/v8-m.main+fp/hard\libg_nano.a
LOAD C:/ST/STM32CubeIDE_1.17.0/STM32CubeIDE/plugins/com.st.stm32cube.ide.mcu.externaltools.gnu-tools-for-stm32.13.3.rel1.win32_1.0.0.202411081344/tools/bin/../lib/gcc/arm-none-eabi/13.3.1/../../../../arm-none-eabi/lib/thumb/v8-m.main+fp/hard\libc_nano.a
END GROUP
START GROUP
LOAD C:/ST/STM32CubeIDE_1.17.0/STM32CubeIDE/plugins/com.st.stm32cube.ide.mcu.externaltools.gnu-tools-for-stm32.13.3.rel1.win32_1.0.0.202411081344/tools/bin/../lib/gcc/arm-none-eabi/13.3.1/thumb/v8-m.main+fp/hard\libgcc.a
LOAD C:/ST/STM32CubeIDE_1.17.0/STM32CubeIDE/plugins/com.st.stm32cube.ide.mcu.externaltools.gnu-tools-for-stm32.13.3.rel1.win32_1.0.0.202411081344/tools/bin/../lib/gcc/arm-none-eabi/13.3.1/../../../../arm-none-eabi/lib/thumb/v8-m.main+fp/hard\libc_nano.a
LOAD C:/ST/STM32CubeIDE_1.17.0/STM32CubeIDE/plugins/com.st.stm32cube.ide.mcu.externaltools.gnu-tools-for-stm32.13.3.rel1.win32_1.0.0.202411081344/tools/bin/../lib/gcc/arm-none-eabi/13.3.1/../../../../arm-none-eabi/lib/thumb/v8-m.main+fp/hard\libnosys.a
END GROUP
START GROUP
LOAD C:/ST/STM32CubeIDE_1.17.0/STM32CubeIDE/plugins/com.st.stm32cube.ide.mcu.externaltools.gnu-tools-for-stm32.13.3.rel1.win32_1.0.0.202411081344/tools/bin/../lib/gcc/arm-none-eabi/13.3.1/thumb/v8-m.main+fp/hard\libgcc.a
LOAD C:/ST/STM32CubeIDE_1.17.0/STM32CubeIDE/plugins/com.st.stm32cube.ide.mcu.externaltools.gnu-tools-for-stm32.13.3.rel1.win32_1.0.0.202411081344/tools/bin/../lib/gcc/arm-none-eabi/13.3.1/../../../../arm-none-eabi/lib/thumb/v8-m.main+fp/hard\libc_nano.a
LOAD C:/ST/STM32CubeIDE_1.17.0/STM32CubeIDE/plugins/com.st.stm32cube.ide.mcu.externaltools.gnu-tools-for-stm32.13.3.rel1.win32_1.0.0.202411081344/tools/bin/../lib/gcc/arm-none-eabi/13.3.1/../../../../arm-none-eabi/lib/thumb/v8-m.main+fp/hard\libnosys.a
END GROUP
LOAD C:/ST/STM32CubeIDE_1.17.0/STM32CubeIDE/plugins/com.st.stm32cube.ide.mcu.externaltools.gnu-tools-for-stm32.13.3.rel1.win32_1.0.0.202411081344/tools/bin/../lib/gcc/arm-none-eabi/13.3.1/thumb/v8-m.main+fp/hard/crtend.o
LOAD C:/ST/STM32CubeIDE_1.17.0/STM32CubeIDE/plugins/com.st.stm32cube.ide.mcu.externaltools.gnu-tools-for-stm32.13.3.rel1.win32_1.0.0.202411081344/tools/bin/../lib/gcc/arm-none-eabi/13.3.1/thumb/v8-m.main+fp/hard/crtn.o
                0x200a0000                        _estack = (ORIGIN (RAM) + LENGTH (RAM))
                0x00000200                        _Min_Heap_Size = 0x200
                0x00000400                        _Min_Stack_Size = 0x400

.isr_vector     0x08000000      0x24c
                0x08000000                        . = ALIGN (0x4)
 *(.isr_vector)
 .isr_vector    0x08000000      0x24c ./Core/Startup/startup_stm32h563rgvx.o
                0x08000000                g_pfnVectors
                0x0800024c                        . = ALIGN (0x4)

.text           0x0800024c     0x3080
                0x0800024c                        . = ALIGN (0x4)
 *(.text)
 .text          0x0800024c       0x40 C:/ST/STM32CubeIDE_1.17.0/STM32CubeIDE/plugins/com.st.stm32cube.ide.mcu.externaltools.gnu-tools-for-stm32.13.3.rel1.win32_1.0.0.202411081344/tools/bin/../lib/gcc/arm-none-eabi/13.3.1/thumb/v8-m.main+fp/hard/crtbegin.o
 *(.text*)
 .text.MX_GPIO_Init
                0x0800028c       0xa4 ./Core/Src/main.o
 .text.Error_Handler
                0x08000330        0x4 ./Core/Src/main.o
                0x08000330                Error_Handler
 .text.MX_I2C3_Init
                0x08000334       0x60 ./Core/Src/main.o
 .text.SystemClock_Config
                0x08000394       0xb4 ./Core/Src/main.o
                0x08000394                SystemClock_Config
 .text.main     0x08000448       0x4c ./Core/Src/main.o
                0x08000448                main
 .text.HAL_MspInit
                0x08000494        0x2 ./Core/Src/stm32h5xx_hal_msp.o
                0x08000494                HAL_MspInit
 *fill*         0x08000496        0x2 
 .text.HAL_I2C_MspInit
                0x08000498       0xf0 ./Core/Src/stm32h5xx_hal_msp.o
                0x08000498                HAL_I2C_MspInit
 .text.NMI_Handler
                0x08000588        0x8 ./Core/Src/stm32h5xx_it.o
                0x08000588                NMI_Handler
 .text.HardFault_Handler
                0x08000590        0x2 ./Core/Src/stm32h5xx_it.o
                0x08000590                HardFault_Handler
 .text.MemManage_Handler
                0x08000592        0x2 ./Core/Src/stm32h5xx_it.o
                0x08000592                MemManage_Handler
 .text.BusFault_Handler
                0x08000594        0x2 ./Core/Src/stm32h5xx_it.o
                0x08000594                BusFault_Handler
 .text.UsageFault_Handler
                0x08000596        0x2 ./Core/Src/stm32h5xx_it.o
                0x08000596                UsageFault_Handler
 .text.SVC_Handler
                0x08000598        0x2 ./Core/Src/stm32h5xx_it.o
                0x08000598                SVC_Handler
 .text.DebugMon_Handler
                0x0800059a        0x2 ./Core/Src/stm32h5xx_it.o
                0x0800059a                DebugMon_Handler
 .text.PendSV_Handler
                0x0800059c        0x2 ./Core/Src/stm32h5xx_it.o
                0x0800059c                PendSV_Handler
 .text.SysTick_Handler
                0x0800059e        0x8 ./Core/Src/stm32h5xx_it.o
                0x0800059e                SysTick_Handler
 *fill*         0x080005a6        0x2 
 .text.I2C3_EV_IRQHandler
                0x080005a8       0x10 ./Core/Src/stm32h5xx_it.o
                0x080005a8                I2C3_EV_IRQHandler
 .text.I2C3_ER_IRQHandler
                0x080005b8       0x10 ./Core/Src/stm32h5xx_it.o
                0x080005b8                I2C3_ER_IRQHandler
 .text.SystemInit
                0x080005c8       0xa4 ./Core/Src/system_stm32h5xx.o
                0x080005c8                SystemInit
 .text.Reset_Handler
                0x0800066c       0x50 ./Core/Startup/startup_stm32h563rgvx.o
                0x0800066c                Reset_Handler
 .text.Default_Handler
                0x080006bc        0x2 ./Core/Startup/startup_stm32h563rgvx.o
                0x080006bc                EXTI2_IRQHandler
                0x080006bc                TIM8_TRG_COM_IRQHandler
                0x080006bc                TIM8_CC_IRQHandler
                0x080006bc                EXTI5_IRQHandler
                0x080006bc                I3C1_ER_IRQHandler
                0x080006bc                UART8_IRQHandler
                0x080006bc                SPI4_IRQHandler
                0x080006bc                GPDMA2_Channel1_IRQHandler
                0x080006bc                FLASH_S_IRQHandler
                0x080006bc                EXTI13_IRQHandler
                0x080006bc                TIM1_CC_IRQHandler
                0x080006bc                GPDMA2_Channel3_IRQHandler
                0x080006bc                TAMP_IRQHandler
                0x080006bc                TIM6_IRQHandler
                0x080006bc                EXTI12_IRQHandler
                0x080006bc                CORDIC_IRQHandler
                0x080006bc                USB_DRD_FS_IRQHandler
                0x080006bc                EXTI3_IRQHandler
                0x080006bc                LPTIM4_IRQHandler
                0x080006bc                GPDMA1_Channel5_IRQHandler
                0x080006bc                EXTI8_IRQHandler
                0x080006bc                GPDMA2_Channel5_IRQHandler
                0x080006bc                LPTIM2_IRQHandler
                0x080006bc                GPDMA2_Channel2_IRQHandler
                0x080006bc                USART10_IRQHandler
                0x080006bc                LPTIM3_IRQHandler
                0x080006bc                EXTI0_IRQHandler
                0x080006bc                I2C2_EV_IRQHandler
                0x080006bc                FPU_IRQHandler
                0x080006bc                GPDMA1_Channel3_IRQHandler
                0x080006bc                GPDMA1_Channel7_IRQHandler
                0x080006bc                FDCAN1_IT1_IRQHandler
                0x080006bc                RAMCFG_IRQHandler
                0x080006bc                DCACHE1_IRQHandler
                0x080006bc                SPI1_IRQHandler
                0x080006bc                OCTOSPI1_IRQHandler
                0x080006bc                GPDMA1_Channel2_IRQHandler
                0x080006bc                TIM8_UP_IRQHandler
                0x080006bc                RCC_S_IRQHandler
                0x080006bc                SAI2_IRQHandler
                0x080006bc                ADC1_IRQHandler
                0x080006bc                USART6_IRQHandler
                0x080006bc                EXTI15_IRQHandler
                0x080006bc                TIM17_IRQHandler
                0x080006bc                USART3_IRQHandler
                0x080006bc                RTC_IRQHandler
                0x080006bc                EXTI9_IRQHandler
                0x080006bc                LPTIM5_IRQHandler
                0x080006bc                UART5_IRQHandler
                0x080006bc                TIM4_IRQHandler
                0x080006bc                I2C1_EV_IRQHandler
                0x080006bc                GPDMA1_Channel1_IRQHandler
                0x080006bc                TIM16_IRQHandler
                0x080006bc                UART4_IRQHandler
                0x080006bc                SecureFault_Handler
                0x080006bc                TIM3_IRQHandler
                0x080006bc                RCC_IRQHandler
                0x080006bc                UART9_IRQHandler
                0x080006bc                TIM1_TRG_COM_IRQHandler
                0x080006bc                Default_Handler
                0x080006bc                FMAC_IRQHandler
                0x080006bc                CEC_IRQHandler
                0x080006bc                USART11_IRQHandler
                0x080006bc                TIM14_IRQHandler
                0x080006bc                TIM13_IRQHandler
                0x080006bc                GPDMA2_Channel4_IRQHandler
                0x080006bc                SPI5_IRQHandler
                0x080006bc                TIM12_IRQHandler
                0x080006bc                TIM7_IRQHandler
                0x080006bc                SDMMC1_IRQHandler
                0x080006bc                TIM5_IRQHandler
                0x080006bc                UCPD1_IRQHandler
                0x080006bc                GPDMA1_Channel0_IRQHandler
                0x080006bc                I3C1_EV_IRQHandler
                0x080006bc                TIM15_IRQHandler
                0x080006bc                PVD_AVD_IRQHandler
                0x080006bc                ETH_WKUP_IRQHandler
                0x080006bc                ADC2_IRQHandler
                0x080006bc                SPI2_IRQHandler
                0x080006bc                EXTI14_IRQHandler
                0x080006bc                EXTI11_IRQHandler
                0x080006bc                CRS_IRQHandler
                0x080006bc                EXTI4_IRQHandler
                0x080006bc                GPDMA2_Channel0_IRQHandler
                0x080006bc                RTC_S_IRQHandler
                0x080006bc                RNG_IRQHandler
                0x080006bc                FDCAN2_IT1_IRQHandler
                0x080006bc                ETH_IRQHandler
                0x080006bc                GPDMA2_Channel6_IRQHandler
                0x080006bc                TIM1_UP_IRQHandler
                0x080006bc                UART12_IRQHandler
                0x080006bc                WWDG_IRQHandler
                0x080006bc                SPI6_IRQHandler
                0x080006bc                I2C4_EV_IRQHandler
                0x080006bc                FDCAN2_IT0_IRQHandler
                0x080006bc                IWDG_IRQHandler
                0x080006bc                LPUART1_IRQHandler
                0x080006bc                FDCAN1_IT0_IRQHandler
                0x080006bc                TIM2_IRQHandler
                0x080006bc                GPDMA1_Channel4_IRQHandler
                0x080006bc                EXTI7_IRQHandler
                0x080006bc                TIM1_BRK_IRQHandler
                0x080006bc                EXTI1_IRQHandler
                0x080006bc                SDMMC2_IRQHandler
                0x080006bc                LPTIM6_IRQHandler
                0x080006bc                DAC1_IRQHandler
                0x080006bc                DTS_IRQHandler
                0x080006bc                UART7_IRQHandler
                0x080006bc                GTZC_IRQHandler
                0x080006bc                USART2_IRQHandler
                0x080006bc                GPDMA1_Channel6_IRQHandler
                0x080006bc                GPDMA2_Channel7_IRQHandler
                0x080006bc                I2C2_ER_IRQHandler
                0x080006bc                TIM8_BRK_IRQHandler
                0x080006bc                FLASH_IRQHandler
                0x080006bc                USART1_IRQHandler
                0x080006bc                EXTI10_IRQHandler
                0x080006bc                SPI3_IRQHandler
                0x080006bc                I2C1_ER_IRQHandler
                0x080006bc                FMC_IRQHandler
                0x080006bc                EXTI6_IRQHandler
                0x080006bc                LPTIM1_IRQHandler
                0x080006bc                DCMI_PSSI_IRQHandler
                0x080006bc                I2C4_ER_IRQHandler
                0x080006bc                ICACHE_IRQHandler
                0x080006bc                SAI1_IRQHandler
                0x080006bc                HASH_IRQHandler
 *fill*         0x080006be        0x2 
 .text.HAL_InitTick
                0x080006c0       0xac ./Drivers/STM32H5xx_HAL_Driver/Src/stm32h5xx_hal.o
                0x080006c0                HAL_InitTick
 .text.HAL_Init
                0x0800076c       0x48 ./Drivers/STM32H5xx_HAL_Driver/Src/stm32h5xx_hal.o
                0x0800076c                HAL_Init
 .text.HAL_IncTick
                0x080007b4       0x18 ./Drivers/STM32H5xx_HAL_Driver/Src/stm32h5xx_hal.o
                0x080007b4                HAL_IncTick
 .text.HAL_GetTick
                0x080007cc        0xc ./Drivers/STM32H5xx_HAL_Driver/Src/stm32h5xx_hal.o
                0x080007cc                HAL_GetTick
 .text.HAL_Delay
                0x080007d8       0x28 ./Drivers/STM32H5xx_HAL_Driver/Src/stm32h5xx_hal.o
                0x080007d8                HAL_Delay
 .text.__NVIC_EnableIRQ
                0x08000800       0x1c ./Drivers/STM32H5xx_HAL_Driver/Src/stm32h5xx_hal_cortex.o
 .text.__NVIC_SetPriority
                0x0800081c       0x28 ./Drivers/STM32H5xx_HAL_Driver/Src/stm32h5xx_hal_cortex.o
 .text.NVIC_EncodePriority
                0x08000844       0x3e ./Drivers/STM32H5xx_HAL_Driver/Src/stm32h5xx_hal_cortex.o
 *fill*         0x08000882        0x2 
 .text.HAL_NVIC_SetPriorityGrouping
                0x08000884       0x24 ./Drivers/STM32H5xx_HAL_Driver/Src/stm32h5xx_hal_cortex.o
                0x08000884                HAL_NVIC_SetPriorityGrouping
 .text.HAL_NVIC_SetPriority
                0x080008a8       0x20 ./Drivers/STM32H5xx_HAL_Driver/Src/stm32h5xx_hal_cortex.o
                0x080008a8                HAL_NVIC_SetPriority
 .text.HAL_NVIC_EnableIRQ
                0x080008c8        0x8 ./Drivers/STM32H5xx_HAL_Driver/Src/stm32h5xx_hal_cortex.o
                0x080008c8                HAL_NVIC_EnableIRQ
 .text.HAL_SYSTICK_Config
                0x080008d0       0x20 ./Drivers/STM32H5xx_HAL_Driver/Src/stm32h5xx_hal_cortex.o
                0x080008d0                HAL_SYSTICK_Config
 .text.HAL_SYSTICK_CLKSourceConfig
                0x080008f0       0x7c ./Drivers/STM32H5xx_HAL_Driver/Src/stm32h5xx_hal_cortex.o
                0x080008f0                HAL_SYSTICK_CLKSourceConfig
 .text.HAL_SYSTICK_GetCLKSourceConfig
                0x0800096c       0x30 ./Drivers/STM32H5xx_HAL_Driver/Src/stm32h5xx_hal_cortex.o
                0x0800096c                HAL_SYSTICK_GetCLKSourceConfig
 .text.HAL_DMA_Abort_IT
                0x0800099c       0x30 ./Drivers/STM32H5xx_HAL_Driver/Src/stm32h5xx_hal_dma.o
                0x0800099c                HAL_DMA_Abort_IT
 .text.HAL_DMA_GetState
                0x080009cc        0x6 ./Drivers/STM32H5xx_HAL_Driver/Src/stm32h5xx_hal_dma.o
                0x080009cc                HAL_DMA_GetState
 .text.HAL_DMAEx_GetFifoLevel
                0x080009d2        0xa ./Drivers/STM32H5xx_HAL_Driver/Src/stm32h5xx_hal_dma_ex.o
                0x080009d2                HAL_DMAEx_GetFifoLevel
 .text.HAL_GPIO_Init
                0x080009dc      0x16c ./Drivers/STM32H5xx_HAL_Driver/Src/stm32h5xx_hal_gpio.o
                0x080009dc                HAL_GPIO_Init
 .text.HAL_GPIO_WritePin
                0x08000b48        0xa ./Drivers/STM32H5xx_HAL_Driver/Src/stm32h5xx_hal_gpio.o
                0x08000b48                HAL_GPIO_WritePin
 .text.I2C_Flush_TXDR
                0x08000b52       0x22 ./Drivers/STM32H5xx_HAL_Driver/Src/stm32h5xx_hal_i2c.o
 .text.I2C_Disable_IRQ
                0x08000b74       0x6e ./Drivers/STM32H5xx_HAL_Driver/Src/stm32h5xx_hal_i2c.o
 .text.HAL_I2C_Init
                0x08000be2       0xc8 ./Drivers/STM32H5xx_HAL_Driver/Src/stm32h5xx_hal_i2c.o
                0x08000be2                HAL_I2C_Init
 .text.HAL_I2C_EV_IRQHandler
                0x08000caa       0x10 ./Drivers/STM32H5xx_HAL_Driver/Src/stm32h5xx_hal_i2c.o
                0x08000caa                HAL_I2C_EV_IRQHandler
 .text.HAL_I2C_SlaveTxCpltCallback
                0x08000cba        0x2 ./Drivers/STM32H5xx_HAL_Driver/Src/stm32h5xx_hal_i2c.o
                0x08000cba                HAL_I2C_SlaveTxCpltCallback
 .text.HAL_I2C_SlaveRxCpltCallback
                0x08000cbc        0x2 ./Drivers/STM32H5xx_HAL_Driver/Src/stm32h5xx_hal_i2c.o
                0x08000cbc                HAL_I2C_SlaveRxCpltCallback
 .text.I2C_ITSlaveSeqCplt
                0x08000cbe       0x82 ./Drivers/STM32H5xx_HAL_Driver/Src/stm32h5xx_hal_i2c.o
 .text.HAL_I2C_AddrCallback
                0x08000d40        0x2 ./Drivers/STM32H5xx_HAL_Driver/Src/stm32h5xx_hal_i2c.o
                0x08000d40                HAL_I2C_AddrCallback
 .text.I2C_ITAddrCplt
                0x08000d42       0xa0 ./Drivers/STM32H5xx_HAL_Driver/Src/stm32h5xx_hal_i2c.o
 .text.HAL_I2C_ListenCpltCallback
                0x08000de2        0x2 ./Drivers/STM32H5xx_HAL_Driver/Src/stm32h5xx_hal_i2c.o
                0x08000de2                HAL_I2C_ListenCpltCallback
 .text.I2C_ITListenCplt
                0x08000de4       0x68 ./Drivers/STM32H5xx_HAL_Driver/Src/stm32h5xx_hal_i2c.o
 .text.HAL_I2C_ErrorCallback
                0x08000e4c        0x2 ./Drivers/STM32H5xx_HAL_Driver/Src/stm32h5xx_hal_i2c.o
                0x08000e4c                HAL_I2C_ErrorCallback
 .text.HAL_I2C_AbortCpltCallback
                0x08000e4e        0x2 ./Drivers/STM32H5xx_HAL_Driver/Src/stm32h5xx_hal_i2c.o
                0x08000e4e                HAL_I2C_AbortCpltCallback
 .text.I2C_TreatErrorCallback
                0x08000e50       0x2e ./Drivers/STM32H5xx_HAL_Driver/Src/stm32h5xx_hal_i2c.o
 *fill*         0x08000e7e        0x2 
 .text.I2C_ITError
                0x08000e80      0x130 ./Drivers/STM32H5xx_HAL_Driver/Src/stm32h5xx_hal_i2c.o
 .text.I2C_ITSlaveCplt
                0x08000fb0      0x20c ./Drivers/STM32H5xx_HAL_Driver/Src/stm32h5xx_hal_i2c.o
 .text.I2C_Slave_ISR_IT
                0x080011bc      0x148 ./Drivers/STM32H5xx_HAL_Driver/Src/stm32h5xx_hal_i2c.o
 .text.HAL_I2C_ER_IRQHandler
                0x08001304       0x6a ./Drivers/STM32H5xx_HAL_Driver/Src/stm32h5xx_hal_i2c.o
                0x08001304                HAL_I2C_ER_IRQHandler
 .text.I2C_DMAAbort
                0x0800136e       0x1a ./Drivers/STM32H5xx_HAL_Driver/Src/stm32h5xx_hal_i2c.o
 .text.HAL_I2CEx_ConfigAnalogFilter
                0x08001388       0x5c ./Drivers/STM32H5xx_HAL_Driver/Src/stm32h5xx_hal_i2c_ex.o
                0x08001388                HAL_I2CEx_ConfigAnalogFilter
 .text.HAL_I2CEx_ConfigDigitalFilter
                0x080013e4       0x58 ./Drivers/STM32H5xx_HAL_Driver/Src/stm32h5xx_hal_i2c_ex.o
                0x080013e4                HAL_I2CEx_ConfigDigitalFilter
 .text.HAL_I2CEx_ConfigFastModePlus
                0x0800143c       0x62 ./Drivers/STM32H5xx_HAL_Driver/Src/stm32h5xx_hal_i2c_ex.o
                0x0800143c                HAL_I2CEx_ConfigFastModePlus
 *fill*         0x0800149e        0x2 
 .text.HAL_RCC_GetSysClockFreq
                0x080014a0      0x1d8 ./Drivers/STM32H5xx_HAL_Driver/Src/stm32h5xx_hal_rcc.o
                0x080014a0                HAL_RCC_GetSysClockFreq
 .text.HAL_RCC_ClockConfig
                0x08001678      0x298 ./Drivers/STM32H5xx_HAL_Driver/Src/stm32h5xx_hal_rcc.o
                0x08001678                HAL_RCC_ClockConfig
 .text.HAL_RCC_GetHCLKFreq
                0x08001910       0x2c ./Drivers/STM32H5xx_HAL_Driver/Src/stm32h5xx_hal_rcc.o
                0x08001910                HAL_RCC_GetHCLKFreq
 .text.HAL_RCC_OscConfig
                0x0800193c      0x68c ./Drivers/STM32H5xx_HAL_Driver/Src/stm32h5xx_hal_rcc.o
                0x0800193c                HAL_RCC_OscConfig
 .text.HAL_RCC_EnableCSS
                0x08001fc8       0x10 ./Drivers/STM32H5xx_HAL_Driver/Src/stm32h5xx_hal_rcc.o
                0x08001fc8                HAL_RCC_EnableCSS
 .text.HAL_RCC_CSSCallback
                0x08001fd8        0x2 ./Drivers/STM32H5xx_HAL_Driver/Src/stm32h5xx_hal_rcc.o
                0x08001fd8                HAL_RCC_CSSCallback
 *fill*         0x08001fda        0x2 
 .text.HAL_RCC_NMI_IRQHandler
                0x08001fdc       0x20 ./Drivers/STM32H5xx_HAL_Driver/Src/stm32h5xx_hal_rcc.o
                0x08001fdc                HAL_RCC_NMI_IRQHandler
 .text.RCCEx_PLL2_Config
                0x08001ffc       0xdc ./Drivers/STM32H5xx_HAL_Driver/Src/stm32h5xx_hal_rcc_ex.o
 .text.RCCEx_PLL3_Config
                0x080020d8       0xdc ./Drivers/STM32H5xx_HAL_Driver/Src/stm32h5xx_hal_rcc_ex.o
 .text.HAL_RCCEx_PeriphCLKConfig
                0x080021b4     0x10a8 ./Drivers/STM32H5xx_HAL_Driver/Src/stm32h5xx_hal_rcc_ex.o
                0x080021b4                HAL_RCCEx_PeriphCLKConfig
 .text.memset   0x0800325c       0x10 C:/ST/STM32CubeIDE_1.17.0/STM32CubeIDE/plugins/com.st.stm32cube.ide.mcu.externaltools.gnu-tools-for-stm32.13.3.rel1.win32_1.0.0.202411081344/tools/bin/../lib/gcc/arm-none-eabi/13.3.1/../../../../arm-none-eabi/lib/thumb/v8-m.main+fp/hard\libc_nano.a(libc_a-memset.o)
                0x0800325c                memset
 .text.__libc_init_array
                0x0800326c       0x48 C:/ST/STM32CubeIDE_1.17.0/STM32CubeIDE/plugins/com.st.stm32cube.ide.mcu.externaltools.gnu-tools-for-stm32.13.3.rel1.win32_1.0.0.202411081344/tools/bin/../lib/gcc/arm-none-eabi/13.3.1/../../../../arm-none-eabi/lib/thumb/v8-m.main+fp/hard\libc_nano.a(libc_a-init.o)
                0x0800326c                __libc_init_array
 *(.glue_7)
 .glue_7        0x080032b4        0x0 linker stubs
 *(.glue_7t)
 .glue_7t       0x080032b4        0x0 linker stubs
 *(.eh_frame)
 .eh_frame      0x080032b4        0x0 C:/ST/STM32CubeIDE_1.17.0/STM32CubeIDE/plugins/com.st.stm32cube.ide.mcu.externaltools.gnu-tools-for-stm32.13.3.rel1.win32_1.0.0.202411081344/tools/bin/../lib/gcc/arm-none-eabi/13.3.1/thumb/v8-m.main+fp/hard/crtbegin.o
 *(.init)
 .init          0x080032b4        0x4 C:/ST/STM32CubeIDE_1.17.0/STM32CubeIDE/plugins/com.st.stm32cube.ide.mcu.externaltools.gnu-tools-for-stm32.13.3.rel1.win32_1.0.0.202411081344/tools/bin/../lib/gcc/arm-none-eabi/13.3.1/thumb/v8-m.main+fp/hard/crti.o
                0x080032b4                _init
 .init          0x080032b8        0x8 C:/ST/STM32CubeIDE_1.17.0/STM32CubeIDE/plugins/com.st.stm32cube.ide.mcu.externaltools.gnu-tools-for-stm32.13.3.rel1.win32_1.0.0.202411081344/tools/bin/../lib/gcc/arm-none-eabi/13.3.1/thumb/v8-m.main+fp/hard/crtn.o
 *(.fini)
 .fini          0x080032c0        0x4 C:/ST/STM32CubeIDE_1.17.0/STM32CubeIDE/plugins/com.st.stm32cube.ide.mcu.externaltools.gnu-tools-for-stm32.13.3.rel1.win32_1.0.0.202411081344/tools/bin/../lib/gcc/arm-none-eabi/13.3.1/thumb/v8-m.main+fp/hard/crti.o
                0x080032c0                _fini
 .fini          0x080032c4        0x8 C:/ST/STM32CubeIDE_1.17.0/STM32CubeIDE/plugins/com.st.stm32cube.ide.mcu.externaltools.gnu-tools-for-stm32.13.3.rel1.win32_1.0.0.202411081344/tools/bin/../lib/gcc/arm-none-eabi/13.3.1/thumb/v8-m.main+fp/hard/crtn.o
                0x080032cc                        . = ALIGN (0x4)
                0x080032cc                        _etext = .

.vfp11_veneer   0x080032cc        0x0
 .vfp11_veneer  0x080032cc        0x0 linker stubs

.v4_bx          0x080032cc        0x0
 .v4_bx         0x080032cc        0x0 linker stubs

.iplt           0x080032cc        0x0
 .iplt          0x080032cc        0x0 C:/ST/STM32CubeIDE_1.17.0/STM32CubeIDE/plugins/com.st.stm32cube.ide.mcu.externaltools.gnu-tools-for-stm32.13.3.rel1.win32_1.0.0.202411081344/tools/bin/../lib/gcc/arm-none-eabi/13.3.1/thumb/v8-m.main+fp/hard/crtbegin.o

.rodata         0x080032cc       0x10
                0x080032cc                        . = ALIGN (0x4)
 *(.rodata)
 *(.rodata*)
 .rodata.AHBPrescTable
                0x080032cc       0x10 ./Core/Src/system_stm32h5xx.o
                0x080032cc                AHBPrescTable
                0x080032dc                        . = ALIGN (0x4)

.ARM.extab      0x080032dc        0x0
                0x080032dc                        . = ALIGN (0x4)
 *(.ARM.extab* .gnu.linkonce.armextab.*)
                0x080032dc                        . = ALIGN (0x4)

.ARM            0x080032dc        0x0
                0x080032dc                        . = ALIGN (0x4)
                0x080032dc                        __exidx_start = .
 *(.ARM.exidx*)
                0x080032dc                        __exidx_end = .
                0x080032dc                        . = ALIGN (0x4)

.preinit_array  0x080032dc        0x0
                0x080032dc                        . = ALIGN (0x4)
                0x080032dc                        PROVIDE (__preinit_array_start = .)
 *(.preinit_array*)
                0x080032dc                        PROVIDE (__preinit_array_end = .)
                0x080032dc                        . = ALIGN (0x4)

.init_array     0x080032dc        0x4
                0x080032dc                        . = ALIGN (0x4)
                0x080032dc                        PROVIDE (__init_array_start = .)
 *(SORT_BY_NAME(.init_array.*))
 *(.init_array*)
 .init_array    0x080032dc        0x4 C:/ST/STM32CubeIDE_1.17.0/STM32CubeIDE/plugins/com.st.stm32cube.ide.mcu.externaltools.gnu-tools-for-stm32.13.3.rel1.win32_1.0.0.202411081344/tools/bin/../lib/gcc/arm-none-eabi/13.3.1/thumb/v8-m.main+fp/hard/crtbegin.o
                0x080032e0                        PROVIDE (__init_array_end = .)
                0x080032e0                        . = ALIGN (0x4)

.fini_array     0x080032e0        0x4
                0x080032e0                        . = ALIGN (0x4)
                [!provide]                        PROVIDE (__fini_array_start = .)
 *(SORT_BY_NAME(.fini_array.*))
 *(.fini_array*)
 .fini_array    0x080032e0        0x4 C:/ST/STM32CubeIDE_1.17.0/STM32CubeIDE/plugins/com.st.stm32cube.ide.mcu.externaltools.gnu-tools-for-stm32.13.3.rel1.win32_1.0.0.202411081344/tools/bin/../lib/gcc/arm-none-eabi/13.3.1/thumb/v8-m.main+fp/hard/crtbegin.o
                [!provide]                        PROVIDE (__fini_array_end = .)
                0x080032e4                        . = ALIGN (0x4)
                0x080032e4                        _sidata = LOADADDR (.data)

.rel.dyn        0x080032e4        0x0
 .rel.iplt      0x080032e4        0x0 C:/ST/STM32CubeIDE_1.17.0/STM32CubeIDE/plugins/com.st.stm32cube.ide.mcu.externaltools.gnu-tools-for-stm32.13.3.rel1.win32_1.0.0.202411081344/tools/bin/../lib/gcc/arm-none-eabi/13.3.1/thumb/v8-m.main+fp/hard/crtbegin.o

.data           0x20000000       0x10 load address 0x080032e4
                0x20000000                        . = ALIGN (0x4)
                0x20000000                        _sdata = .
 *(.data)
 *(.data*)
 .data.dupa     0x20000000        0x4 ./Core/Src/main.o
                0x20000000                dupa
 .data.SystemCoreClock
                0x20000004        0x4 ./Core/Src/system_stm32h5xx.o
                0x20000004                SystemCoreClock
 .data.uwTickFreq
                0x20000008        0x1 ./Drivers/STM32H5xx_HAL_Driver/Src/stm32h5xx_hal.o
                0x20000008                uwTickFreq
 *fill*         0x20000009        0x3 
 .data.uwTickPrio
                0x2000000c        0x4 ./Drivers/STM32H5xx_HAL_Driver/Src/stm32h5xx_hal.o
                0x2000000c                uwTickPrio
 *(.RamFunc)
 *(.RamFunc*)
                0x20000010                        . = ALIGN (0x4)
                0x20000010                        _edata = .

.igot.plt       0x20000010        0x0 load address 0x080032f4
 .igot.plt      0x20000010        0x0 C:/ST/STM32CubeIDE_1.17.0/STM32CubeIDE/plugins/com.st.stm32cube.ide.mcu.externaltools.gnu-tools-for-stm32.13.3.rel1.win32_1.0.0.202411081344/tools/bin/../lib/gcc/arm-none-eabi/13.3.1/thumb/v8-m.main+fp/hard/crtbegin.o
                0x20000010                        . = ALIGN (0x4)

.bss            0x20000010       0x74 load address 0x080032f4
                0x20000010                        _sbss = .
                0x20000010                        __bss_start__ = _sbss
 *(.bss)
 .bss           0x20000010       0x1c C:/ST/STM32CubeIDE_1.17.0/STM32CubeIDE/plugins/com.st.stm32cube.ide.mcu.externaltools.gnu-tools-for-stm32.13.3.rel1.win32_1.0.0.202411081344/tools/bin/../lib/gcc/arm-none-eabi/13.3.1/thumb/v8-m.main+fp/hard/crtbegin.o
 *(.bss*)
 .bss.hi2c3     0x2000002c       0x54 ./Core/Src/main.o
                0x2000002c                hi2c3
 .bss.uwTick    0x20000080        0x4 ./Drivers/STM32H5xx_HAL_Driver/Src/stm32h5xx_hal.o
                0x20000080                uwTick
 *(COMMON)
                0x20000084                        . = ALIGN (0x4)
                0x20000084                        _ebss = .
                0x20000084                        __bss_end__ = _ebss

._user_heap_stack
                0x20000084      0x604 load address 0x080032f4
                0x20000088                        . = ALIGN (0x8)
 *fill*         0x20000084        0x4 
                [!provide]                        PROVIDE (end = .)
                0x20000088                        PROVIDE (_end = .)
                0x20000288                        . = (. + _Min_Heap_Size)
 *fill*         0x20000088      0x200 
                0x20000688                        . = (. + _Min_Stack_Size)
 *fill*         0x20000288      0x400 
                0x20000688                        . = ALIGN (0x8)

/DISCARD/
 libc.a(*)
 libm.a(*)
 libgcc.a(*)

.ARM.attributes
                0x00000000       0x36
 *(.ARM.attributes)
 .ARM.attributes
                0x00000000       0x26 C:/ST/STM32CubeIDE_1.17.0/STM32CubeIDE/plugins/com.st.stm32cube.ide.mcu.externaltools.gnu-tools-for-stm32.13.3.rel1.win32_1.0.0.202411081344/tools/bin/../lib/gcc/arm-none-eabi/13.3.1/thumb/v8-m.main+fp/hard/crti.o
 .ARM.attributes
                0x00000026       0x38 C:/ST/STM32CubeIDE_1.17.0/STM32CubeIDE/plugins/com.st.stm32cube.ide.mcu.externaltools.gnu-tools-for-stm32.13.3.rel1.win32_1.0.0.202411081344/tools/bin/../lib/gcc/arm-none-eabi/13.3.1/thumb/v8-m.main+fp/hard/crtbegin.o
 .ARM.attributes
                0x0000005e       0x3a ./Core/Src/main.o
 .ARM.attributes
                0x00000098       0x3a ./Core/Src/stm32h5xx_hal_msp.o
 .ARM.attributes
                0x000000d2       0x3a ./Core/Src/stm32h5xx_it.o
 .ARM.attributes
                0x0000010c       0x3a ./Core/Src/system_stm32h5xx.o
 .ARM.attributes
                0x00000146       0x24 ./Core/Startup/startup_stm32h563rgvx.o
 .ARM.attributes
                0x0000016a       0x3a ./Drivers/STM32H5xx_HAL_Driver/Src/stm32h5xx_hal.o
 .ARM.attributes
                0x000001a4       0x3a ./Drivers/STM32H5xx_HAL_Driver/Src/stm32h5xx_hal_cortex.o
 .ARM.attributes
                0x000001de       0x3a ./Drivers/STM32H5xx_HAL_Driver/Src/stm32h5xx_hal_dma.o
 .ARM.attributes
                0x00000218       0x3a ./Drivers/STM32H5xx_HAL_Driver/Src/stm32h5xx_hal_dma_ex.o
 .ARM.attributes
                0x00000252       0x3a ./Drivers/STM32H5xx_HAL_Driver/Src/stm32h5xx_hal_gpio.o
 .ARM.attributes
                0x0000028c       0x3a ./Drivers/STM32H5xx_HAL_Driver/Src/stm32h5xx_hal_i2c.o
 .ARM.attributes
                0x000002c6       0x3a ./Drivers/STM32H5xx_HAL_Driver/Src/stm32h5xx_hal_i2c_ex.o
 .ARM.attributes
                0x00000300       0x3a ./Drivers/STM32H5xx_HAL_Driver/Src/stm32h5xx_hal_rcc.o
 .ARM.attributes
                0x0000033a       0x3a ./Drivers/STM32H5xx_HAL_Driver/Src/stm32h5xx_hal_rcc_ex.o
 .ARM.attributes
                0x00000374       0x38 C:/ST/STM32CubeIDE_1.17.0/STM32CubeIDE/plugins/com.st.stm32cube.ide.mcu.externaltools.gnu-tools-for-stm32.13.3.rel1.win32_1.0.0.202411081344/tools/bin/../lib/gcc/arm-none-eabi/13.3.1/../../../../arm-none-eabi/lib/thumb/v8-m.main+fp/hard\libc_nano.a(libc_a-memset.o)
 .ARM.attributes
                0x000003ac       0x38 C:/ST/STM32CubeIDE_1.17.0/STM32CubeIDE/plugins/com.st.stm32cube.ide.mcu.externaltools.gnu-tools-for-stm32.13.3.rel1.win32_1.0.0.202411081344/tools/bin/../lib/gcc/arm-none-eabi/13.3.1/../../../../arm-none-eabi/lib/thumb/v8-m.main+fp/hard\libc_nano.a(libc_a-init.o)
 .ARM.attributes
                0x000003e4       0x26 C:/ST/STM32CubeIDE_1.17.0/STM32CubeIDE/plugins/com.st.stm32cube.ide.mcu.externaltools.gnu-tools-for-stm32.13.3.rel1.win32_1.0.0.202411081344/tools/bin/../lib/gcc/arm-none-eabi/13.3.1/thumb/v8-m.main+fp/hard/crtn.o
OUTPUT(evangelion-turbo_STM32H563RGV6.elf elf32-littlearm)
LOAD linker stubs
LOAD C:/ST/STM32CubeIDE_1.17.0/STM32CubeIDE/plugins/com.st.stm32cube.ide.mcu.externaltools.gnu-tools-for-stm32.13.3.rel1.win32_1.0.0.202411081344/tools/bin/../lib/gcc/arm-none-eabi/13.3.1/../../../../arm-none-eabi/lib/thumb/v8-m.main+fp/hard\libc.a
LOAD C:/ST/STM32CubeIDE_1.17.0/STM32CubeIDE/plugins/com.st.stm32cube.ide.mcu.externaltools.gnu-tools-for-stm32.13.3.rel1.win32_1.0.0.202411081344/tools/bin/../lib/gcc/arm-none-eabi/13.3.1/../../../../arm-none-eabi/lib/thumb/v8-m.main+fp/hard\libm.a
LOAD C:/ST/STM32CubeIDE_1.17.0/STM32CubeIDE/plugins/com.st.stm32cube.ide.mcu.externaltools.gnu-tools-for-stm32.13.3.rel1.win32_1.0.0.202411081344/tools/bin/../lib/gcc/arm-none-eabi/13.3.1/thumb/v8-m.main+fp/hard\libgcc.a

.debug_info     0x00000000    0x13b50
 .debug_info    0x00000000     0x197e ./Core/Src/main.o
 .debug_info    0x0000197e     0x1744 ./Core/Src/stm32h5xx_hal_msp.o
 .debug_info    0x000030c2      0x995 ./Core/Src/stm32h5xx_it.o
 .debug_info    0x00003a57      0xdcd ./Core/Src/system_stm32h5xx.o
 .debug_info    0x00004824       0x2f ./Core/Startup/startup_stm32h563rgvx.o
 .debug_info    0x00004853     0x1564 ./Drivers/STM32H5xx_HAL_Driver/Src/stm32h5xx_hal.o
 .debug_info    0x00005db7     0x1967 ./Drivers/STM32H5xx_HAL_Driver/Src/stm32h5xx_hal_cortex.o
 .debug_info    0x0000771e      0xd23 ./Drivers/STM32H5xx_HAL_Driver/Src/stm32h5xx_hal_dma.o
 .debug_info    0x00008441     0x2680 ./Drivers/STM32H5xx_HAL_Driver/Src/stm32h5xx_hal_dma_ex.o
 .debug_info    0x0000aac1      0x795 ./Drivers/STM32H5xx_HAL_Driver/Src/stm32h5xx_hal_gpio.o
 .debug_info    0x0000b256     0x47ae ./Drivers/STM32H5xx_HAL_Driver/Src/stm32h5xx_hal_i2c.o
 .debug_info    0x0000fa04      0x991 ./Drivers/STM32H5xx_HAL_Driver/Src/stm32h5xx_hal_i2c_ex.o
 .debug_info    0x00010395     0x157c ./Drivers/STM32H5xx_HAL_Driver/Src/stm32h5xx_hal_rcc.o
 .debug_info    0x00011911     0x223f ./Drivers/STM32H5xx_HAL_Driver/Src/stm32h5xx_hal_rcc_ex.o

.debug_abbrev   0x00000000     0x1df1
 .debug_abbrev  0x00000000      0x2e9 ./Core/Src/main.o
 .debug_abbrev  0x000002e9      0x242 ./Core/Src/stm32h5xx_hal_msp.o
 .debug_abbrev  0x0000052b      0x1a3 ./Core/Src/stm32h5xx_it.o
 .debug_abbrev  0x000006ce      0x141 ./Core/Src/system_stm32h5xx.o
 .debug_abbrev  0x0000080f       0x24 ./Core/Startup/startup_stm32h563rgvx.o
 .debug_abbrev  0x00000833      0x2b1 ./Drivers/STM32H5xx_HAL_Driver/Src/stm32h5xx_hal.o
 .debug_abbrev  0x00000ae4      0x37f ./Drivers/STM32H5xx_HAL_Driver/Src/stm32h5xx_hal_cortex.o
 .debug_abbrev  0x00000e63      0x225 ./Drivers/STM32H5xx_HAL_Driver/Src/stm32h5xx_hal_dma.o
 .debug_abbrev  0x00001088      0x23f ./Drivers/STM32H5xx_HAL_Driver/Src/stm32h5xx_hal_dma_ex.o
 .debug_abbrev  0x000012c7      0x201 ./Drivers/STM32H5xx_HAL_Driver/Src/stm32h5xx_hal_gpio.o
 .debug_abbrev  0x000014c8      0x2a3 ./Drivers/STM32H5xx_HAL_Driver/Src/stm32h5xx_hal_i2c.o
 .debug_abbrev  0x0000176b      0x1a1 ./Drivers/STM32H5xx_HAL_Driver/Src/stm32h5xx_hal_i2c_ex.o
 .debug_abbrev  0x0000190c      0x261 ./Drivers/STM32H5xx_HAL_Driver/Src/stm32h5xx_hal_rcc.o
 .debug_abbrev  0x00001b6d      0x284 ./Drivers/STM32H5xx_HAL_Driver/Src/stm32h5xx_hal_rcc_ex.o

.debug_aranges  0x00000000      0xb80
 .debug_aranges
                0x00000000       0x40 ./Core/Src/main.o
 .debug_aranges
                0x00000040       0x30 ./Core/Src/stm32h5xx_hal_msp.o
 .debug_aranges
                0x00000070       0x70 ./Core/Src/stm32h5xx_it.o
 .debug_aranges
                0x000000e0       0x28 ./Core/Src/system_stm32h5xx.o
 .debug_aranges
                0x00000108       0x28 ./Core/Startup/startup_stm32h563rgvx.o
 .debug_aranges
                0x00000130      0x200 ./Drivers/STM32H5xx_HAL_Driver/Src/stm32h5xx_hal.o
 .debug_aranges
                0x00000330      0x110 ./Drivers/STM32H5xx_HAL_Driver/Src/stm32h5xx_hal_cortex.o
 .debug_aranges
                0x00000440       0xa0 ./Drivers/STM32H5xx_HAL_Driver/Src/stm32h5xx_hal_dma.o
 .debug_aranges
                0x000004e0      0x1a0 ./Drivers/STM32H5xx_HAL_Driver/Src/stm32h5xx_hal_dma_ex.o
 .debug_aranges
                0x00000680       0x78 ./Drivers/STM32H5xx_HAL_Driver/Src/stm32h5xx_hal_gpio.o
 .debug_aranges
                0x000006f8      0x2a0 ./Drivers/STM32H5xx_HAL_Driver/Src/stm32h5xx_hal_i2c.o
 .debug_aranges
                0x00000998       0x40 ./Drivers/STM32H5xx_HAL_Driver/Src/stm32h5xx_hal_i2c_ex.o
 .debug_aranges
                0x000009d8       0xa0 ./Drivers/STM32H5xx_HAL_Driver/Src/stm32h5xx_hal_rcc.o
 .debug_aranges
                0x00000a78      0x108 ./Drivers/STM32H5xx_HAL_Driver/Src/stm32h5xx_hal_rcc_ex.o

.debug_ranges   0x00000000      0xad8
 .debug_ranges  0x00000000       0x30 ./Core/Src/main.o
 .debug_ranges  0x00000030       0x20 ./Core/Src/stm32h5xx_hal_msp.o
 .debug_ranges  0x00000050       0x60 ./Core/Src/stm32h5xx_it.o
 .debug_ranges  0x000000b0       0x18 ./Core/Src/system_stm32h5xx.o
 .debug_ranges  0x000000c8       0x20 ./Core/Startup/startup_stm32h563rgvx.o
 .debug_ranges  0x000000e8      0x1f0 ./Drivers/STM32H5xx_HAL_Driver/Src/stm32h5xx_hal.o
 .debug_ranges  0x000002d8      0x100 ./Drivers/STM32H5xx_HAL_Driver/Src/stm32h5xx_hal_cortex.o
 .debug_ranges  0x000003d8       0x90 ./Drivers/STM32H5xx_HAL_Driver/Src/stm32h5xx_hal_dma.o
 .debug_ranges  0x00000468      0x1c0 ./Drivers/STM32H5xx_HAL_Driver/Src/stm32h5xx_hal_dma_ex.o
 .debug_ranges  0x00000628       0x68 ./Drivers/STM32H5xx_HAL_Driver/Src/stm32h5xx_hal_gpio.o
 .debug_ranges  0x00000690      0x290 ./Drivers/STM32H5xx_HAL_Driver/Src/stm32h5xx_hal_i2c.o
 .debug_ranges  0x00000920       0x30 ./Drivers/STM32H5xx_HAL_Driver/Src/stm32h5xx_hal_i2c_ex.o
 .debug_ranges  0x00000950       0x90 ./Drivers/STM32H5xx_HAL_Driver/Src/stm32h5xx_hal_rcc.o
 .debug_ranges  0x000009e0       0xf8 ./Drivers/STM32H5xx_HAL_Driver/Src/stm32h5xx_hal_rcc_ex.o

.debug_macro    0x00000000    0x2f7b3
 .debug_macro   0x00000000      0x338 ./Core/Src/main.o
 .debug_macro   0x00000338      0x1e0 ./Core/Src/main.o
 .debug_macro   0x00000518       0x5b ./Core/Src/main.o
 .debug_macro   0x00000573       0x2a ./Core/Src/main.o
 .debug_macro   0x0000059d       0x94 ./Core/Src/main.o
 .debug_macro   0x00000631       0x43 ./Core/Src/main.o
 .debug_macro   0x00000674       0x34 ./Core/Src/main.o
 .debug_macro   0x000006a8      0x190 ./Core/Src/main.o
 .debug_macro   0x00000838       0x57 ./Core/Src/main.o
 .debug_macro   0x0000088f      0x370 ./Core/Src/main.o
 .debug_macro   0x00000bff       0x16 ./Core/Src/main.o
 .debug_macro   0x00000c15       0x4a ./Core/Src/main.o
 .debug_macro   0x00000c5f       0x34 ./Core/Src/main.o
 .debug_macro   0x00000c93       0x10 ./Core/Src/main.o
 .debug_macro   0x00000ca3       0x58 ./Core/Src/main.o
 .debug_macro   0x00000cfb       0x8e ./Core/Src/main.o
 .debug_macro   0x00000d89       0x1c ./Core/Src/main.o
 .debug_macro   0x00000da5      0x185 ./Core/Src/main.o
 .debug_macro   0x00000f2a      0x19b ./Core/Src/main.o
 .debug_macro   0x000010c5       0x28 ./Core/Src/main.o
 .debug_macro   0x000010ed       0x49 ./Core/Src/main.o
 .debug_macro   0x00001136       0x1c ./Core/Src/main.o
 .debug_macro   0x00001152       0x29 ./Core/Src/main.o
 .debug_macro   0x0000117b       0xfb ./Core/Src/main.o
 .debug_macro   0x00001276     0x1685 ./Core/Src/main.o
 .debug_macro   0x000028fb       0x5e ./Core/Src/main.o
 .debug_macro   0x00002959    0x2124a ./Core/Src/main.o
 .debug_macro   0x00023ba3       0x6d ./Core/Src/main.o
 .debug_macro   0x00023c10     0x388a ./Core/Src/main.o
 .debug_macro   0x0002749a       0x63 ./Core/Src/main.o
 .debug_macro   0x000274fd     0x1f0d ./Core/Src/main.o
 .debug_macro   0x0002940a      0xe96 ./Core/Src/main.o
 .debug_macro   0x0002a2a0      0x166 ./Core/Src/main.o
 .debug_macro   0x0002a406      0x300 ./Core/Src/main.o
 .debug_macro   0x0002a706      0x917 ./Core/Src/main.o
 .debug_macro   0x0002b01d      0x478 ./Core/Src/main.o
 .debug_macro   0x0002b495       0xd6 ./Core/Src/main.o
 .debug_macro   0x0002b56b      0x1cd ./Core/Src/main.o
 .debug_macro   0x0002b738      0x55b ./Core/Src/main.o
 .debug_macro   0x0002bc93      0x638 ./Core/Src/main.o
 .debug_macro   0x0002c2cb       0x7b ./Core/Src/main.o
 .debug_macro   0x0002c346      0x22c ./Core/Src/main.o
 .debug_macro   0x0002c572       0x35 ./Core/Src/main.o
 .debug_macro   0x0002c5a7       0xa5 ./Core/Src/main.o
 .debug_macro   0x0002c64c      0x313 ./Core/Src/main.o
 .debug_macro   0x0002c95f      0x1bb ./Core/Src/main.o
 .debug_macro   0x0002cb1a      0x2a7 ./Core/Src/main.o
 .debug_macro   0x0002cdc1      0x4ee ./Core/Src/main.o
 .debug_macro   0x0002d2af       0x28 ./Core/Src/main.o
 .debug_macro   0x0002d2d7       0x28 ./Core/Src/main.o
 .debug_macro   0x0002d2ff       0x16 ./Core/Src/main.o
 .debug_macro   0x0002d315       0x3c ./Core/Src/main.o
 .debug_macro   0x0002d351       0x16 ./Core/Src/main.o
 .debug_macro   0x0002d367       0x29 ./Core/Src/main.o
 .debug_macro   0x0002d390       0x16 ./Core/Src/main.o
 .debug_macro   0x0002d3a6       0x20 ./Core/Src/main.o
 .debug_macro   0x0002d3c6      0x111 ./Core/Src/main.o
 .debug_macro   0x0002d4d7       0x1c ./Core/Src/main.o
 .debug_macro   0x0002d4f3       0x10 ./Core/Src/main.o
 .debug_macro   0x0002d503       0x1c ./Core/Src/main.o
 .debug_macro   0x0002d51f       0x16 ./Core/Src/main.o
 .debug_macro   0x0002d535      0x146 ./Core/Src/main.o
 .debug_macro   0x0002d67b      0x313 ./Core/Src/main.o
 .debug_macro   0x0002d98e      0x26d ./Core/Src/stm32h5xx_hal_msp.o
 .debug_macro   0x0002dbfb      0x277 ./Core/Src/stm32h5xx_it.o
 .debug_macro   0x0002de72      0x265 ./Core/Src/system_stm32h5xx.o
 .debug_macro   0x0002e0d7      0x294 ./Drivers/STM32H5xx_HAL_Driver/Src/stm32h5xx_hal.o
 .debug_macro   0x0002e36b      0x25e ./Drivers/STM32H5xx_HAL_Driver/Src/stm32h5xx_hal_cortex.o
 .debug_macro   0x0002e5c9      0x25f ./Drivers/STM32H5xx_HAL_Driver/Src/stm32h5xx_hal_dma.o
 .debug_macro   0x0002e828      0x25f ./Drivers/STM32H5xx_HAL_Driver/Src/stm32h5xx_hal_dma_ex.o
 .debug_macro   0x0002ea87      0x294 ./Drivers/STM32H5xx_HAL_Driver/Src/stm32h5xx_hal_gpio.o
 .debug_macro   0x0002ed1b      0x32a ./Drivers/STM32H5xx_HAL_Driver/Src/stm32h5xx_hal_i2c.o
 .debug_macro   0x0002f045      0x25e ./Drivers/STM32H5xx_HAL_Driver/Src/stm32h5xx_hal_i2c_ex.o
 .debug_macro   0x0002f2a3      0x2a0 ./Drivers/STM32H5xx_HAL_Driver/Src/stm32h5xx_hal_rcc.o
 .debug_macro   0x0002f543      0x270 ./Drivers/STM32H5xx_HAL_Driver/Src/stm32h5xx_hal_rcc_ex.o

.debug_line     0x00000000    0x1614f
 .debug_line    0x00000000      0xb4c ./Core/Src/main.o
 .debug_line    0x00000b4c      0x94d ./Core/Src/stm32h5xx_hal_msp.o
 .debug_line    0x00001499      0x942 ./Core/Src/stm32h5xx_it.o
 .debug_line    0x00001ddb      0xa64 ./Core/Src/system_stm32h5xx.o
 .debug_line    0x0000283f       0x8a ./Core/Startup/startup_stm32h563rgvx.o
 .debug_line    0x000028c9     0x104f ./Drivers/STM32H5xx_HAL_Driver/Src/stm32h5xx_hal.o
 .debug_line    0x00003918      0xf7f ./Drivers/STM32H5xx_HAL_Driver/Src/stm32h5xx_hal_cortex.o
 .debug_line    0x00004897     0x16da ./Drivers/STM32H5xx_HAL_Driver/Src/stm32h5xx_hal_dma.o
 .debug_line    0x00005f71     0x37db ./Drivers/STM32H5xx_HAL_Driver/Src/stm32h5xx_hal_dma_ex.o
 .debug_line    0x0000974c      0xd51 ./Drivers/STM32H5xx_HAL_Driver/Src/stm32h5xx_hal_gpio.o
 .debug_line    0x0000a49d     0x5898 ./Drivers/STM32H5xx_HAL_Driver/Src/stm32h5xx_hal_i2c.o
 .debug_line    0x0000fd35      0xa9a ./Drivers/STM32H5xx_HAL_Driver/Src/stm32h5xx_hal_i2c_ex.o
 .debug_line    0x000107cf     0x18d0 ./Drivers/STM32H5xx_HAL_Driver/Src/stm32h5xx_hal_rcc.o
 .debug_line    0x0001209f     0x40b0 ./Drivers/STM32H5xx_HAL_Driver/Src/stm32h5xx_hal_rcc_ex.o

.debug_str      0x00000000   0x12f6a7
 .debug_str     0x00000000   0x12f6a7 ./Core/Src/main.o
                             0x12b5a7 (size before relaxing)
 .debug_str     0x0012f6a7   0x12a3e9 ./Core/Src/stm32h5xx_hal_msp.o
 .debug_str     0x0012f6a7   0x1295ea ./Core/Src/stm32h5xx_it.o
 .debug_str     0x0012f6a7   0x129460 ./Core/Src/system_stm32h5xx.o
 .debug_str     0x0012f6a7       0x96 ./Core/Startup/startup_stm32h563rgvx.o
 .debug_str     0x0012f6a7   0x12a2ac ./Drivers/STM32H5xx_HAL_Driver/Src/stm32h5xx_hal.o
 .debug_str     0x0012f6a7   0x129e3b ./Drivers/STM32H5xx_HAL_Driver/Src/stm32h5xx_hal_cortex.o
 .debug_str     0x0012f6a7   0x129550 ./Drivers/STM32H5xx_HAL_Driver/Src/stm32h5xx_hal_dma.o
 .debug_str     0x0012f6a7   0x129bbc ./Drivers/STM32H5xx_HAL_Driver/Src/stm32h5xx_hal_dma_ex.o
 .debug_str     0x0012f6a7   0x1291c5 ./Drivers/STM32H5xx_HAL_Driver/Src/stm32h5xx_hal_gpio.o
 .debug_str     0x0012f6a7   0x12a413 ./Drivers/STM32H5xx_HAL_Driver/Src/stm32h5xx_hal_i2c.o
 .debug_str     0x0012f6a7   0x129534 ./Drivers/STM32H5xx_HAL_Driver/Src/stm32h5xx_hal_i2c_ex.o
 .debug_str     0x0012f6a7   0x1299a5 ./Drivers/STM32H5xx_HAL_Driver/Src/stm32h5xx_hal_rcc.o
 .debug_str     0x0012f6a7   0x129cef ./Drivers/STM32H5xx_HAL_Driver/Src/stm32h5xx_hal_rcc_ex.o

.comment        0x00000000       0x43
 .comment       0x00000000       0x43 ./Core/Src/main.o
                                 0x44 (size before relaxing)
 .comment       0x00000043       0x44 ./Core/Src/stm32h5xx_hal_msp.o
 .comment       0x00000043       0x44 ./Core/Src/stm32h5xx_it.o
 .comment       0x00000043       0x44 ./Core/Src/system_stm32h5xx.o
 .comment       0x00000043       0x44 ./Drivers/STM32H5xx_HAL_Driver/Src/stm32h5xx_hal.o
 .comment       0x00000043       0x44 ./Drivers/STM32H5xx_HAL_Driver/Src/stm32h5xx_hal_cortex.o
 .comment       0x00000043       0x44 ./Drivers/STM32H5xx_HAL_Driver/Src/stm32h5xx_hal_dma.o
 .comment       0x00000043       0x44 ./Drivers/STM32H5xx_HAL_Driver/Src/stm32h5xx_hal_dma_ex.o
 .comment       0x00000043       0x44 ./Drivers/STM32H5xx_HAL_Driver/Src/stm32h5xx_hal_gpio.o
 .comment       0x00000043       0x44 ./Drivers/STM32H5xx_HAL_Driver/Src/stm32h5xx_hal_i2c.o
 .comment       0x00000043       0x44 ./Drivers/STM32H5xx_HAL_Driver/Src/stm32h5xx_hal_i2c_ex.o
 .comment       0x00000043       0x44 ./Drivers/STM32H5xx_HAL_Driver/Src/stm32h5xx_hal_rcc.o
 .comment       0x00000043       0x44 ./Drivers/STM32H5xx_HAL_Driver/Src/stm32h5xx_hal_rcc_ex.o

.debug_frame    0x00000000     0x210c
 .debug_frame   0x00000000       0x90 ./Core/Src/main.o
 .debug_frame   0x00000090       0x60 ./Core/Src/stm32h5xx_hal_msp.o
 .debug_frame   0x000000f0       0xe0 ./Core/Src/stm32h5xx_it.o
 .debug_frame   0x000001d0       0x3c ./Core/Src/system_stm32h5xx.o
 .debug_frame   0x0000020c      0x418 ./Drivers/STM32H5xx_HAL_Driver/Src/stm32h5xx_hal.o
 .debug_frame   0x00000624      0x254 ./Drivers/STM32H5xx_HAL_Driver/Src/stm32h5xx_hal_cortex.o
 .debug_frame   0x00000878      0x1bc ./Drivers/STM32H5xx_HAL_Driver/Src/stm32h5xx_hal_dma.o
 .debug_frame   0x00000a34      0x710 ./Drivers/STM32H5xx_HAL_Driver/Src/stm32h5xx_hal_dma_ex.o
 .debug_frame   0x00001144      0x110 ./Drivers/STM32H5xx_HAL_Driver/Src/stm32h5xx_hal_gpio.o
 .debug_frame   0x00001254      0x97c ./Drivers/STM32H5xx_HAL_Driver/Src/stm32h5xx_hal_i2c.o
 .debug_frame   0x00001bd0       0x60 ./Drivers/STM32H5xx_HAL_Driver/Src/stm32h5xx_hal_i2c_ex.o
 .debug_frame   0x00001c30      0x1d0 ./Drivers/STM32H5xx_HAL_Driver/Src/stm32h5xx_hal_rcc.o
 .debug_frame   0x00001e00      0x2c0 ./Drivers/STM32H5xx_HAL_Driver/Src/stm32h5xx_hal_rcc_ex.o
 .debug_frame   0x000020c0       0x20 C:/ST/STM32CubeIDE_1.17.0/STM32CubeIDE/plugins/com.st.stm32cube.ide.mcu.externaltools.gnu-tools-for-stm32.13.3.rel1.win32_1.0.0.202411081344/tools/bin/../lib/gcc/arm-none-eabi/13.3.1/../../../../arm-none-eabi/lib/thumb/v8-m.main+fp/hard\libc_nano.a(libc_a-memset.o)
 .debug_frame   0x000020e0       0x2c C:/ST/STM32CubeIDE_1.17.0/STM32CubeIDE/plugins/com.st.stm32cube.ide.mcu.externaltools.gnu-tools-for-stm32.13.3.rel1.win32_1.0.0.202411081344/tools/bin/../lib/gcc/arm-none-eabi/13.3.1/../../../../arm-none-eabi/lib/thumb/v8-m.main+fp/hard\libc_nano.a(libc_a-init.o)

.debug_loc      0x00000000     0xef83
 .debug_loc     0x00000000       0xb6 ./Core/Src/stm32h5xx_hal_msp.o
 .debug_loc     0x000000b6      0x127 ./Core/Src/system_stm32h5xx.o
 .debug_loc     0x000001dd      0x36b ./Drivers/STM32H5xx_HAL_Driver/Src/stm32h5xx_hal.o
 .debug_loc     0x00000548      0x900 ./Drivers/STM32H5xx_HAL_Driver/Src/stm32h5xx_hal_cortex.o
 .debug_loc     0x00000e48      0xae3 ./Drivers/STM32H5xx_HAL_Driver/Src/stm32h5xx_hal_dma.o
 .debug_loc     0x0000192b     0x278d ./Drivers/STM32H5xx_HAL_Driver/Src/stm32h5xx_hal_dma_ex.o
 .debug_loc     0x000040b8      0x3c8 ./Drivers/STM32H5xx_HAL_Driver/Src/stm32h5xx_hal_gpio.o
 .debug_loc     0x00004480     0x58d8 ./Drivers/STM32H5xx_HAL_Driver/Src/stm32h5xx_hal_i2c.o
 .debug_loc     0x00009d58      0x29c ./Drivers/STM32H5xx_HAL_Driver/Src/stm32h5xx_hal_i2c_ex.o
 .debug_loc     0x00009ff4      0x93d ./Drivers/STM32H5xx_HAL_Driver/Src/stm32h5xx_hal_rcc.o
 .debug_loc     0x0000a931     0x4652 ./Drivers/STM32H5xx_HAL_Driver/Src/stm32h5xx_hal_rcc_ex.o
