../Core/Src/main.c:2333:6:SET_RAW_MOTORS	32	static
../Core/Src/main.c:2232:6:SET_MOTORS	32	static
../Core/Src/main.c:1900:6:FOLLOWLINER_ATTACK	8	static
../Core/Src/main.c:1834:6:CURVE_ATTACK	16	static
../Core/Src/main.c:1765:6:STRAIGHT_ATTACK	16	static
../Core/Src/main.c:3092:6:_ssd1306_WriteInTheMiddle.constprop	16	static
../Core/Src/main.c:3092:6:_ssd1306_WriteInTheMiddle.constprop	16	static
../Core/Src/main.c:3666:9:LED_BLUE_Control.isra	16	static
../Core/Src/main.c:3616:9:LED_RED_Control.isra	16	static
../Core/Src/main.c:3566:9:LED_GREEN_Control.isra	16	static
../Core/Src/main.c:1684:6:HAL_TIM_PeriodElapsedCallback	64	static
../Core/Src/main.c:2489:6:HAL_FDCAN_RxFifo0Callback	8	static
../Core/Src/main.c:3342:6:HAL_GPIO_EXTI_Rising_Callback	24	static
../Core/Src/main.c:3350:6:HAL_GPIO_EXTI_Falling_Callback	24	static
../Core/Src/main.c:3725:6:Error_Handler	8	static,ignoring_inline_asm
../Core/Src/main.c:2497:6:LIDARS_INIT	32	static
../Core/Src/main.c:3138:6:MOTOR_DRIVER_INIT	32	static
../Core/Src/main.c:2619:6:HAL_UARTEx_RxEventCallback	88	static
../Core/Src/main.c:676:6:SystemClock_Config	128	static
../Core/Src/main.c:400:5:main	200	static,ignoring_inline_asm
