../Core/Src/main.c:2503:6:_ssd1306_WriteInTheMiddle.constprop	2
../Core/Src/main.c:2503:6:_ssd1306_WriteInTheMiddle.constprop	2
../Core/Src/main.c:2978:9:LED_BLUE_Control.isra	14
../Core/Src/main.c:2928:9:LED_RED_Control.isra	14
../Core/Src/main.c:2878:9:LED_GREEN_Control.isra	14
../Core/Src/main.c:1622:6:STRAIGHT_ATTACK	15
../Core/Src/main.c:1544:6:HAL_TIM_PeriodElapsedCallback	61
../Core/Src/main.c:1897:6:BATTLE	8
../Core/Src/main.c:1946:6:HAL_FDCAN_RxFifo0Callback	1
../Core/Src/main.c:2666:6:HAL_GPIO_EXTI_Rising_Callback	51
../Core/Src/main.c:2670:6:HAL_GPIO_EXTI_Falling_Callback	45
../Core/Src/main.c:3034:6:Error_Handler	1
../Core/Src/main.c:1954:6:LIDARS_INIT	17
../Core/Src/main.c:2549:6:MOTOR_DRIVER_INIT	23
../Core/Src/main.c:2076:6:HAL_UARTEx_RxEventCallback	308
../Core/Src/main.c:658:6:SystemClock_Config	3
../Core/Src/main.c:390:5:main	47
