../Core/Src/main.c:1699:6:SET_MOTORS	32	static
../Core/Src/main.c:2444:6:_ssd1306_WriteInTheMiddle.constprop	16	static
../Core/Src/main.c:2444:6:_ssd1306_WriteInTheMiddle.constprop	16	static
../Core/Src/main.c:2919:9:LED_BLUE_Control.isra	16	static
../Core/Src/main.c:2869:9:LED_RED_Control.isra	16	static
../Core/Src/main.c:2819:9:LED_GREEN_Control.isra	16	static
../Core/Src/main.c:1542:6:HAL_TIM_PeriodElapsedCallback	64	static
../Core/Src/main.c:1887:6:HAL_FDCAN_RxFifo0Callback	8	static
../Core/Src/main.c:2607:6:HAL_GPIO_EXTI_Rising_Callback	24	static
../Core/Src/main.c:2611:6:HAL_GPIO_EXTI_Falling_Callback	24	static
../Core/Src/main.c:2975:6:Error_Handler	8	static,ignoring_inline_asm
../Core/Src/main.c:1895:6:LIDARS_INIT	32	static
../Core/Src/main.c:2490:6:MOTOR_DRIVER_INIT	32	static
../Core/Src/main.c:2017:6:HAL_UARTEx_RxEventCallback	96	static
../Core/Src/main.c:656:6:SystemClock_Config	128	static
../Core/Src/main.c:388:5:main	152	static,ignoring_inline_asm
