../Core/Src/main.c:2212:6:SET_MOTORS	32	static
../Core/Src/main.c:1849:6:CURVE_ATTACK	16	static
../Core/Src/main.c:1910:6:FOLLOWLINER_ATTACK	4	static
../Core/Src/main.c:2941:6:_ssd1306_WriteInTheMiddle.constprop	16	static
../Core/Src/main.c:2941:6:_ssd1306_WriteInTheMiddle.constprop	16	static
../Core/Src/main.c:3515:9:LED_BLUE_Control.isra	16	static
../Core/Src/main.c:3465:9:LED_RED_Control.isra	16	static
../Core/Src/main.c:3415:9:LED_GREEN_Control.isra	16	static
../Core/Src/main.c:1681:6:HAL_TIM_PeriodElapsedCallback	64	static
../Core/Src/main.c:2370:6:HAL_FDCAN_RxFifo0Callback	8	static
../Core/Src/main.c:3191:6:HAL_GPIO_EXTI_Rising_Callback	24	static
../Core/Src/main.c:3199:6:HAL_GPIO_EXTI_Falling_Callback	24	static
../Core/Src/main.c:3574:6:Error_Handler	8	static,ignoring_inline_asm
../Core/Src/main.c:2378:6:LIDARS_INIT	32	static
../Core/Src/main.c:2987:6:MOTOR_DRIVER_INIT	32	static
../Core/Src/main.c:2500:6:HAL_UARTEx_RxEventCallback	96	static
../Core/Src/main.c:673:6:SystemClock_Config	128	static
../Core/Src/main.c:398:5:main	200	static,ignoring_inline_asm
