../Core/Src/main.c:254:5:main	8	static
../Core/Src/main.c:405:6:SystemClock_Config	120	static
../Core/Src/main.c:464:13:MX_ADC1_Init	40	static
../Core/Src/main.c:595:13:MX_FDCAN1_Init	8	static
../Core/Src/main.c:638:13:MX_GPDMA1_Init	16	static
../Core/Src/main.c:672:13:MX_GPDMA2_Init	16	static
../Core/Src/main.c:700:13:MX_I2C3_Init	8	static
../Core/Src/main.c:755:13:MX_TIM3_Init	48	static
../Core/Src/main.c:804:13:MX_TIM15_Init	40	static
../Core/Src/main.c:850:13:MX_TIM16_Init	8	static
../Core/Src/main.c:882:13:MX_TIM17_Init	8	static
../Core/Src/main.c:914:13:MX_UART4_Init	8	static
../Core/Src/main.c:962:13:MX_UART5_Init	8	static
../Core/Src/main.c:1010:13:MX_USART1_UART_Init	8	static
../Core/Src/main.c:1058:13:MX_USART2_UART_Init	8	static
../Core/Src/main.c:1106:13:MX_GPIO_Init	48	static
../Core/Src/main.c:1176:6:HAL_TIM_PeriodElapsedCallback	16	static
../Core/Src/main.c:1207:6:LED_BLINK_INTERUPT	8	static
../Core/Src/main.c:1230:6:TASK_BEFORE_ATTACK	8	static
../Core/Src/main.c:1287:6:SET_MOTORS	24	static
../Core/Src/main.c:1312:6:GET_LAST_SEEN_ROTATIONE	4	static
../Core/Src/main.c:1331:6:GET_START_MOD	4	static
../Core/Src/main.c:1342:6:BATTLE	4	static
../Core/Src/main.c:1347:6:COOKED	16	static
../Core/Src/main.c:1362:6:HAL_FDCAN_RxFifo0Callback	16	static
../Core/Src/main.c:1370:6:LIDARS_INIT	32	static
../Core/Src/main.c:1469:6:PLAY_FREQ	24	static
../Core/Src/main.c:1493:6:HAL_UARTEx_RxEventCallback	104	static
../Core/Src/main.c:1786:6:SORT	32	static
../Core/Src/main.c:1799:6:GET_LINE_SENSORS	4	static
../Core/Src/main.c:1832:6:WATCHDOG	8	static
../Core/Src/main.c:1845:6:Error_Handler	8	static,ignoring_inline_asm
