../Core/Src/main.c:1599:6:PLAY_FREQ	8	static
../Core/Src/main.c:1285:6:HAL_TIM_PeriodElapsedCallback	40	static
../Core/Src/main.c:1492:6:HAL_FDCAN_RxFifo0Callback	8	static
../Core/Src/main.c:1977:6:_ssd1306_WriteInTheMiddle	16	static
../Core/Src/main.c:2011:6:_ssd1306_WriteString	0	static
../Core/Src/main.c:2028:6:Error_Handler	8	static,ignoring_inline_asm
../Core/Src/main.c:1500:6:LIDARS_INIT	32	static
../Core/Src/main.c:1623:6:HAL_UARTEx_RxEventCallback	96	static
../Core/Src/main.c:464:6:SystemClock_Config	128	static
../Core/Src/main.c:277:5:main	160	static,ignoring_inline_asm
