../Core/Src/main.c:2503:6:_ssd1306_WriteInTheMiddle.constprop	16	static
../Core/Src/main.c:2503:6:_ssd1306_WriteInTheMiddle.constprop	16	static
../Core/Src/main.c:2978:9:LED_BLUE_Control.isra	16	static
../Core/Src/main.c:2928:9:LED_RED_Control.isra	16	static
../Core/Src/main.c:2878:9:LED_GREEN_Control.isra	16	static
../Core/Src/main.c:1622:6:STRAIGHT_ATTACK	32	static
../Core/Src/main.c:1544:6:HAL_TIM_PeriodElapsedCallback	64	static
../Core/Src/main.c:1897:6:BATTLE	32	static
../Core/Src/main.c:1946:6:HAL_FDCAN_RxFifo0Callback	8	static
../Core/Src/main.c:2666:6:HAL_GPIO_EXTI_Rising_Callback	24	static
../Core/Src/main.c:2670:6:HAL_GPIO_EXTI_Falling_Callback	24	static
../Core/Src/main.c:3034:6:Error_Handler	8	static,ignoring_inline_asm
../Core/Src/main.c:1954:6:LIDARS_INIT	32	static
../Core/Src/main.c:2549:6:MOTOR_DRIVER_INIT	32	static
../Core/Src/main.c:2076:6:HAL_UARTEx_RxEventCallback	96	static
../Core/Src/main.c:658:6:SystemClock_Config	128	static
../Core/Src/main.c:390:5:main	152	static,ignoring_inline_asm
