../Core/Src/main.c:254:5:main	8	static
../Core/Src/main.c:404:6:SystemClock_Config	120	static
../Core/Src/main.c:463:13:MX_ADC1_Init	40	static
../Core/Src/main.c:594:13:MX_FDCAN1_Init	8	static
../Core/Src/main.c:637:13:MX_GPDMA1_Init	16	static
../Core/Src/main.c:671:13:MX_GPDMA2_Init	16	static
../Core/Src/main.c:699:13:MX_I2C3_Init	8	static
../Core/Src/main.c:754:13:MX_TIM3_Init	48	static
../Core/Src/main.c:803:13:MX_TIM15_Init	40	static
../Core/Src/main.c:849:13:MX_TIM16_Init	8	static
../Core/Src/main.c:881:13:MX_TIM17_Init	8	static
../Core/Src/main.c:913:13:MX_UART4_Init	8	static
../Core/Src/main.c:961:13:MX_UART5_Init	8	static
../Core/Src/main.c:1009:13:MX_USART1_UART_Init	8	static
../Core/Src/main.c:1057:13:MX_USART2_UART_Init	8	static
../Core/Src/main.c:1105:13:MX_GPIO_Init	48	static
../Core/Src/main.c:1175:6:HAL_TIM_PeriodElapsedCallback	16	static
../Core/Src/main.c:1206:6:LED_BLINK_INTERUPT	8	static
../Core/Src/main.c:1229:6:TASK_BEFORE_ATTACK	8	static
../Core/Src/main.c:1286:6:SET_MOTORS	24	static
../Core/Src/main.c:1311:6:GET_LAST_SEEN_ROTATIONE	4	static
../Core/Src/main.c:1330:6:GET_START_MOD	4	static
../Core/Src/main.c:1341:6:BATTLE	4	static
../Core/Src/main.c:1346:6:COOKED	16	static
../Core/Src/main.c:1361:6:HAL_FDCAN_RxFifo0Callback	16	static
../Core/Src/main.c:1369:6:LIDARS_INIT	32	static
../Core/Src/main.c:1468:6:PLAY_FREQ	24	static
../Core/Src/main.c:1492:6:HAL_UARTEx_RxEventCallback	104	static
../Core/Src/main.c:1785:6:SORT	32	static
../Core/Src/main.c:1798:6:GET_LINE_SENSORS	4	static
../Core/Src/main.c:1831:6:WATCHDOG	8	static
../Core/Src/main.c:1844:6:Error_Handler	8	static,ignoring_inline_asm
