../Core/Src/main.c:2148:6:_ssd1306_WriteInTheMiddle	16	static
../Core/Src/main.c:1394:6:HAL_TIM_PeriodElapsedCallback	48	static
../Core/Src/main.c:1664:6:HAL_FDCAN_RxFifo0Callback	8	static
../Core/Src/main.c:2302:6:Error_Handler	8	static,ignoring_inline_asm
../Core/Src/main.c:1672:6:LIDARS_INIT	32	static
../Core/Src/main.c:2194:6:MOTOR_DRIVER_INIT	32	static
../Core/Src/main.c:1794:6:HAL_UARTEx_RxEventCallback	96	static
../Core/Src/main.c:573:6:SystemClock_Config	128	static
../Core/Src/main.c:336:5:main	160	static,ignoring_inline_asm
