../Core/Src/main.c:254:5:main	6
../Core/Src/main.c:405:6:SystemClock_Config	4
../Core/Src/main.c:464:13:MX_ADC1_Init	11
../Core/Src/main.c:595:13:MX_FDCAN1_Init	2
../Core/Src/main.c:638:13:MX_GPDMA1_Init	1
../Core/Src/main.c:672:13:MX_GPDMA2_Init	1
../Core/Src/main.c:700:13:MX_I2C3_Init	5
../Core/Src/main.c:755:13:MX_TIM3_Init	4
../Core/Src/main.c:804:13:MX_TIM15_Init	4
../Core/Src/main.c:850:13:MX_TIM16_Init	2
../Core/Src/main.c:882:13:MX_TIM17_Init	2
../Core/Src/main.c:914:13:MX_UART4_Init	5
../Core/Src/main.c:962:13:MX_UART5_Init	5
../Core/Src/main.c:1010:13:MX_USART1_UART_Init	5
../Core/Src/main.c:1058:13:MX_USART2_UART_Init	5
../Core/Src/main.c:1106:13:MX_GPIO_Init	1
../Core/Src/main.c:1176:6:HAL_TIM_PeriodElapsedCallback	6
../Core/Src/main.c:1207:6:LED_BLINK_INTERUPT	4
../Core/Src/main.c:1230:6:TASK_BEFORE_ATTACK	11
../Core/Src/main.c:1287:6:SET_MOTORS	2
../Core/Src/main.c:1312:6:GET_LAST_SEEN_ROTATIONE	6
../Core/Src/main.c:1331:6:GET_START_MOD	1
../Core/Src/main.c:1342:6:BATTLE	1
../Core/Src/main.c:1347:6:COOKED	2
../Core/Src/main.c:1362:6:HAL_FDCAN_RxFifo0Callback	1
../Core/Src/main.c:1370:6:LIDARS_INIT	18
../Core/Src/main.c:1469:6:PLAY_FREQ	5
../Core/Src/main.c:1493:6:HAL_UARTEx_RxEventCallback	29
../Core/Src/main.c:1786:6:SORT	4
../Core/Src/main.c:1799:6:GET_LINE_SENSORS	9
../Core/Src/main.c:1832:6:WATCHDOG	2
../Core/Src/main.c:1845:6:Error_Handler	1
