../Core/Src/ssd1306.c:257:6:ssd1306_DrawHorizontalLine.part.0	20	static
../Core/Src/ssd1306.c:303:6:ssd1306_DrawVerticalLine.part.0	16	static
../Core/Src/ssd1306.c:41:10:ssd1306_GetWidth	0	static
../Core/Src/ssd1306.c:46:10:ssd1306_GetHeight	0	static
../Core/Src/ssd1306.c:51:15:ssd1306_GetColor	0	static
../Core/Src/ssd1306.c:56:6:ssd1306_SetColor	0	static
../Core/Src/ssd1306.c:62:9:ssd1306_Init	48	static
../Core/Src/ssd1306.c:163:6:ssd1306_Fill	0	static
../Core/Src/ssd1306.c:180:6:ssd1306_DrawPixel	4	static
../Core/Src/ssd1306.c:207:6:ssd1306_DrawLine	36	static
../Core/Src/ssd1306.c:257:6:ssd1306_DrawHorizontalLine	20	static
../Core/Src/ssd1306.c:303:6:ssd1306_DrawVerticalLine	16	static
../Core/Src/ssd1306.c:386:6:ssd1306_DrawRect	32	static
../Core/Src/ssd1306.c:394:6:ssd1306_FillRect	56	static
../Core/Src/ssd1306.c:402:6:ssd1306_DrawTriangle	72	static
../Core/Src/ssd1306.c:410:6:ssd1306_DrawFillTriangle	96	static
../Core/Src/ssd1306.c:521:6:ssd1306_DrawArc	96	static
../Core/Src/ssd1306.c:559:6:ssd1306_DrawCircle	56	static
../Core/Src/ssd1306.c:587:6:ssd1306_FillCircle	56	static
../Core/Src/ssd1306.c:612:6:ssd1306_DrawCircleQuads	80	static
../Core/Src/ssd1306.c:661:6:ssd1306_DrawProgressBar	104	static
../Core/Src/ssd1306.c:690:6:ssd1306_DrawBitmap	56	static
../Core/Src/ssd1306.c:731:6:ssd1306_WriteChar	72	static
../Core/Src/ssd1306.c:772:6:ssd1306_WriteString	24	static
../Core/Src/ssd1306.c:794:6:ssd1306_SetCursor	0	static
../Core/Src/ssd1306.c:800:6:ssd1306_Clear	0	static
../Core/Src/ssd1306.c:845:6:ssd1306_WriteCommand	32	static
../Core/Src/ssd1306.c:857:6:ssd1306_UpdateScreen	16	static
../Core/Src/ssd1306.c:874:6:ssd1306_UpdateScreenCompleted	0	static
../Core/Src/ssd1306.c:879:13:ssd1306_UpdateCompletedCallback	0	static
../Core/Src/ssd1306.c:884:6:HAL_I2C_MemTxCpltCallback	24	static
