../Core/Src/stm32h5xx_hal_msp.c:78:6:HAL_MspInit	0	static
../Core/Src/stm32h5xx_hal_msp.c:98:6:HAL_ADC_MspInit	432	static
../Core/Src/stm32h5xx_hal_msp.c:215:6:HAL_ADC_MspDeInit	8	static
../Core/Src/stm32h5xx_hal_msp.c:256:6:HAL_FDCAN_MspInit	304	static
../Core/Src/stm32h5xx_hal_msp.c:309:6:HAL_FDCAN_MspDeInit	8	static
../Core/Src/stm32h5xx_hal_msp.c:341:6:HAL_I2C_MspInit	328	static
../Core/Src/stm32h5xx_hal_msp.c:401:6:HAL_I2C_MspDeInit	8	static
../Core/Src/stm32h5xx_hal_msp.c:435:6:HAL_TIM_PWM_MspInit	8	static
../Core/Src/stm32h5xx_hal_msp.c:458:6:HAL_TIM_Base_MspInit	24	static
../Core/Src/stm32h5xx_hal_msp.c:505:6:HAL_TIM_MspPostInit	40	static
../Core/Src/stm32h5xx_hal_msp.c:537:6:HAL_TIM_PWM_MspDeInit	0	static
../Core/Src/stm32h5xx_hal_msp.c:559:6:HAL_TIM_Base_MspDeInit	0	static
../Core/Src/stm32h5xx_hal_msp.c:612:6:HAL_UART_MspInit	336	static
../Core/Src/stm32h5xx_hal_msp.c:885:6:HAL_UART_MspDeInit	8	static
