../Core/Src/stm32h5xx_hal_msp.c:80:6:HAL_MspInit	0	static
../Core/Src/stm32h5xx_hal_msp.c:100:6:HAL_ADC_MspInit	432	static
../Core/Src/stm32h5xx_hal_msp.c:217:6:HAL_ADC_MspDeInit	8	static
../Core/Src/stm32h5xx_hal_msp.c:258:6:HAL_FDCAN_MspInit	304	static
../Core/Src/stm32h5xx_hal_msp.c:311:6:HAL_FDCAN_MspDeInit	8	static
../Core/Src/stm32h5xx_hal_msp.c:343:6:HAL_I2C_MspInit	336	static
../Core/Src/stm32h5xx_hal_msp.c:467:6:HAL_I2C_MspDeInit	8	static
../Core/Src/stm32h5xx_hal_msp.c:526:6:HAL_TIM_PWM_MspInit	8	static
../Core/Src/stm32h5xx_hal_msp.c:549:6:HAL_TIM_Base_MspInit	32	static
../Core/Src/stm32h5xx_hal_msp.c:624:6:HAL_TIM_MspPostInit	40	static
../Core/Src/stm32h5xx_hal_msp.c:656:6:HAL_TIM_PWM_MspDeInit	0	static
../Core/Src/stm32h5xx_hal_msp.c:678:6:HAL_TIM_Base_MspDeInit	0	static
../Core/Src/stm32h5xx_hal_msp.c:759:6:HAL_UART_MspInit	336	static
../Core/Src/stm32h5xx_hal_msp.c:1032:6:HAL_UART_MspDeInit	8	static
