../Core/Src/stm32h5xx_it.c:91:6:NMI_Handler	0	static
../Core/Src/stm32h5xx_it.c:106:6:HardFault_Handler	0	static
../Core/Src/stm32h5xx_it.c:121:6:MemManage_Handler	0	static
../Core/Src/stm32h5xx_it.c:136:6:BusFault_Handler	0	static
../Core/Src/stm32h5xx_it.c:151:6:UsageFault_Handler	0	static
../Core/Src/stm32h5xx_it.c:166:6:SVC_Handler	0	static
../Core/Src/stm32h5xx_it.c:179:6:DebugMon_Handler	0	static
../Core/Src/stm32h5xx_it.c:192:6:PendSV_Handler	0	static
../Core/Src/stm32h5xx_it.c:205:6:SysTick_Handler	0	static
../Core/Src/stm32h5xx_it.c:226:6:EXTI0_IRQHandler	0	static
../Core/Src/stm32h5xx_it.c:240:6:EXTI11_IRQHandler	0	static
../Core/Src/stm32h5xx_it.c:254:6:EXTI14_IRQHandler	0	static
../Core/Src/stm32h5xx_it.c:268:6:GPDMA1_Channel1_IRQHandler	0	static
../Core/Src/stm32h5xx_it.c:282:6:GPDMA1_Channel2_IRQHandler	0	static
../Core/Src/stm32h5xx_it.c:296:6:GPDMA1_Channel4_IRQHandler	0	static
../Core/Src/stm32h5xx_it.c:310:6:GPDMA1_Channel5_IRQHandler	0	static
../Core/Src/stm32h5xx_it.c:324:6:FDCAN1_IT0_IRQHandler	0	static
../Core/Src/stm32h5xx_it.c:338:6:FDCAN1_IT1_IRQHandler	0	static
../Core/Src/stm32h5xx_it.c:352:6:TIM6_IRQHandler	0	static
../Core/Src/stm32h5xx_it.c:366:6:TIM7_IRQHandler	0	static
../Core/Src/stm32h5xx_it.c:380:6:I2C1_EV_IRQHandler	0	static
../Core/Src/stm32h5xx_it.c:394:6:USART1_IRQHandler	0	static
../Core/Src/stm32h5xx_it.c:408:6:USART2_IRQHandler	0	static
../Core/Src/stm32h5xx_it.c:422:6:UART4_IRQHandler	0	static
../Core/Src/stm32h5xx_it.c:436:6:UART5_IRQHandler	0	static
../Core/Src/stm32h5xx_it.c:450:6:TIM15_IRQHandler	0	static
../Core/Src/stm32h5xx_it.c:464:6:TIM16_IRQHandler	0	static
../Core/Src/stm32h5xx_it.c:478:6:TIM17_IRQHandler	0	static
../Core/Src/stm32h5xx_it.c:492:6:I2C3_EV_IRQHandler	0	static
../Core/Src/stm32h5xx_it.c:506:6:I2C3_ER_IRQHandler	0	static
../Core/Src/stm32h5xx_it.c:520:6:GPDMA2_Channel0_IRQHandler	0	static
../Core/Src/stm32h5xx_it.c:534:6:GPDMA2_Channel1_IRQHandler	0	static
../Core/Src/stm32h5xx_it.c:548:6:TIM12_IRQHandler	0	static
../Core/Src/stm32h5xx_it.c:562:6:TIM13_IRQHandler	0	static
../Core/Src/stm32h5xx_it.c:576:6:TIM14_IRQHandler	0	static
