../Core/Src/main.c:885:6:PREPARE_AND_SEND_CAN_RESPONSE_IT	35
../Core/Src/main.c:1146:6:HAL_FDCAN_RxFifo0Callback	7
../Core/Src/main.c:1201:6:Interrupt200Hz	4
../Core/Src/main.c:1258:6:Idle	1
../Core/Src/main.c:1265:6:InError	1
../Core/Src/main.c:1277:6:MovingAverage	2
../Core/Src/main.c:1313:9:OverCurrent_Compensation	9
../Core/Src/main.c:1361:9:OverTemp_Compensation	8
../Core/Src/main.c:1297:9:Motor_Control	15
../Core/Src/main.c:1227:6:Run	15
../Core/Src/main.c:1181:6:Interrupt10kHz	4
../Core/Src/main.c:867:6:HAL_TIM_PeriodElapsedCallback	8
../Core/Src/main.c:1395:6:EmergencyShutdown	1
../Core/Src/main.c:1403:9:LDOC_check	4
../Core/Src/main.c:1424:6:Set_Motor	4
../Core/Src/main.c:1462:6:Calculate_Temp	2
../Core/Src/main.c:1487:6:Error_Handler	1
../Core/Src/main.c:378:6:SystemClock_Config	2
../Core/Src/main.c:235:5:main	26
