../Core/Src/main.c:955:6:HAL_FDCAN_RxFifo0Callback	16	static
../Core/Src/main.c:1228:6:Interrupt200Hz	16	static
../Core/Src/main.c:1285:6:Idle	8	static
../Core/Src/main.c:1292:6:InError	8	static
../Core/Src/main.c:1304:6:MovingAverage	8	static
../Core/Src/main.c:1340:9:OverCurrent_Compensation	0	static
../Core/Src/main.c:1388:9:OverTemp_Compensation	16	static
../Core/Src/main.c:1324:9:Motor_Control	24	static
../Core/Src/main.c:1254:6:Run	16	static
../Core/Src/main.c:1208:6:Interrupt10kHz	8	static
../Core/Src/main.c:912:6:HAL_TIM_PeriodElapsedCallback	16	static
../Core/Src/main.c:1422:6:EmergencyShutdown	8	static
../Core/Src/main.c:1430:9:LDOC_check	8	static
../Core/Src/main.c:1451:6:Set_Motor	0	static
../Core/Src/main.c:1485:6:Calculate_Temp	16	static
../Core/Src/main.c:1510:6:Error_Handler	8	static,ignoring_inline_asm
../Core/Src/main.c:375:6:SystemClock_Config	96	static
../Core/Src/main.c:247:5:main	288	static,ignoring_inline_asm
