../Core/Src/main.c:1063:6:HAL_FDCAN_RxFifo0Callback	16	static
../Core/Src/main.c:1350:6:Interrupt200Hz	16	static
../Core/Src/main.c:1407:6:Idle	8	static
../Core/Src/main.c:1414:6:InError	8	static
../Core/Src/main.c:1426:6:MovingAverage	8	static
../Core/Src/main.c:1462:9:OverCurrent_Compensation	0	static
../Core/Src/main.c:1510:9:OverTemp_Compensation	16	static
../Core/Src/main.c:1446:9:Motor_Control	24	static
../Core/Src/main.c:1376:6:Run	16	static
../Core/Src/main.c:1330:6:Interrupt10kHz	8	static
../Core/Src/main.c:1020:6:HAL_TIM_PeriodElapsedCallback	16	static
../Core/Src/main.c:1544:6:EmergencyShutdown	8	static
../Core/Src/main.c:1552:9:LDOC_check	8	static
../Core/Src/main.c:1573:6:Set_Motor	0	static
../Core/Src/main.c:1607:6:Calculate_Temp	16	static
../Core/Src/main.c:1632:6:Error_Handler	8	static,ignoring_inline_asm
../Core/Src/main.c:483:6:SystemClock_Config	96	static
../Core/Src/main.c:295:5:main	288	static,ignoring_inline_asm
