../Core/Src/main.c:224:5:main	4
../Core/Src/main.c:339:6:SystemClock_Config	3
../Core/Src/main.c:386:13:MX_ADC1_Init	5
../Core/Src/main.c:463:13:MX_ADC2_Init	3
../Core/Src/main.c:522:13:MX_DAC1_Init	3
../Core/Src/main.c:569:13:MX_FDCAN1_Init	2
../Core/Src/main.c:612:13:MX_TIM2_Init	4
../Core/Src/main.c:661:13:MX_TIM15_Init	4
../Core/Src/main.c:707:13:MX_TIM16_Init	2
../Core/Src/main.c:739:13:MX_TIM17_Init	2
../Core/Src/main.c:769:13:MX_DMA_Init	1
../Core/Src/main.c:791:13:MX_GPIO_Init	1
../Core/Src/main.c:829:6:HAL_TIM_PeriodElapsedCallback	3
../Core/Src/main.c:846:6:HAL_FDCAN_RxFifo0Callback	43
../Core/Src/main.c:1172:6:Interrupt10kHz	5
../Core/Src/main.c:1192:6:Interrupt200Hz	3
../Core/Src/main.c:1218:6:Run	16
../Core/Src/main.c:1249:6:Idle	1
../Core/Src/main.c:1256:6:InError	1
../Core/Src/main.c:1268:6:MovingAverage	2
../Core/Src/main.c:1288:9:Motor_Control	1
../Core/Src/main.c:1304:9:OverCurrent_Compensation	9
../Core/Src/main.c:1352:9:OverTemp_Compensation	10
../Core/Src/main.c:1386:6:EmergencyShutdown	1
../Core/Src/main.c:1394:9:LDOC_check	4
../Core/Src/main.c:1415:6:Set_Motor	7
../Core/Src/main.c:1449:6:Calculate_Temp	2
../Core/Src/main.c:1474:6:Error_Handler	1
