../Core/Src/main.c:903:6:PREPARE_AND_SEND_CAN_RESPONSE_IT	24	static
../Core/Src/main.c:1164:6:HAL_FDCAN_RxFifo0Callback	32	static
../Core/Src/main.c:1210:6:Interrupt200Hz	16	static
../Core/Src/main.c:1267:6:Idle	8	static
../Core/Src/main.c:1274:6:InError	8	static
../Core/Src/main.c:1286:6:MovingAverage	8	static
../Core/Src/main.c:1322:9:OverCurrent_Compensation	0	static
../Core/Src/main.c:1370:9:OverTemp_Compensation	16	static
../Core/Src/main.c:1306:9:Motor_Control	24	static
../Core/Src/main.c:1236:6:Run	16	static
../Core/Src/main.c:1190:6:Interrupt10kHz	8	static
../Core/Src/main.c:885:6:HAL_TIM_PeriodElapsedCallback	16	static
../Core/Src/main.c:1404:6:EmergencyShutdown	8	static
../Core/Src/main.c:1412:9:LDOC_check	8	static
../Core/Src/main.c:1433:6:Set_Motor	4	static
../Core/Src/main.c:1471:6:Calculate_Temp	16	static
../Core/Src/main.c:1496:6:Error_Handler	0	static,ignoring_inline_asm
../Core/Src/main.c:386:6:SystemClock_Config	96	static
../Core/Src/main.c:235:5:main	248	static
