../Core/Src/main.c:224:5:main	8	static
../Core/Src/main.c:339:6:SystemClock_Config	88	static
../Core/Src/main.c:386:13:MX_ADC1_Init	56	static
../Core/Src/main.c:463:13:MX_ADC2_Init	40	static
../Core/Src/main.c:522:13:MX_DAC1_Init	56	static
../Core/Src/main.c:569:13:MX_FDCAN1_Init	8	static
../Core/Src/main.c:612:13:MX_TIM2_Init	48	static
../Core/Src/main.c:661:13:MX_TIM15_Init	40	static
../Core/Src/main.c:707:13:MX_TIM16_Init	8	static
../Core/Src/main.c:739:13:MX_TIM17_Init	8	static
../Core/Src/main.c:769:13:MX_DMA_Init	16	static
../Core/Src/main.c:791:13:MX_GPIO_Init	40	static
../Core/Src/main.c:829:6:HAL_TIM_PeriodElapsedCallback	16	static
../Core/Src/main.c:846:6:HAL_FDCAN_RxFifo0Callback	40	static
../Core/Src/main.c:1172:6:Interrupt10kHz	8	static
../Core/Src/main.c:1192:6:Interrupt200Hz	8	static
../Core/Src/main.c:1218:6:Run	16	static
../Core/Src/main.c:1249:6:Idle	8	static
../Core/Src/main.c:1256:6:InError	8	static
../Core/Src/main.c:1268:6:MovingAverage	16	static
../Core/Src/main.c:1288:9:Motor_Control	16	static
../Core/Src/main.c:1304:9:OverCurrent_Compensation	16	static
../Core/Src/main.c:1352:9:OverTemp_Compensation	24	static
../Core/Src/main.c:1386:6:EmergencyShutdown	8	static
../Core/Src/main.c:1394:9:LDOC_check	24	static
../Core/Src/main.c:1415:6:Set_Motor	16	static
../Core/Src/main.c:1449:6:Calculate_Temp	16	static
../Core/Src/main.c:1474:6:Error_Handler	8	static,ignoring_inline_asm
