../Core/Src/main.c:224:5:main	8	static
../Core/Src/main.c:337:6:SystemClock_Config	88	static
../Core/Src/main.c:384:13:MX_ADC1_Init	56	static
../Core/Src/main.c:461:13:MX_ADC2_Init	40	static
../Core/Src/main.c:520:13:MX_DAC1_Init	56	static
../Core/Src/main.c:567:13:MX_FDCAN1_Init	8	static
../Core/Src/main.c:610:13:MX_TIM2_Init	48	static
../Core/Src/main.c:659:13:MX_TIM15_Init	40	static
../Core/Src/main.c:705:13:MX_TIM16_Init	8	static
../Core/Src/main.c:737:13:MX_TIM17_Init	8	static
../Core/Src/main.c:767:13:MX_DMA_Init	16	static
../Core/Src/main.c:789:13:MX_GPIO_Init	40	static
../Core/Src/main.c:827:6:HAL_TIM_PeriodElapsedCallback	16	static
../Core/Src/main.c:844:6:HAL_FDCAN_RxFifo0Callback	32	static
../Core/Src/main.c:1139:6:Interrupt10kHz	8	static
../Core/Src/main.c:1159:6:Interrupt200Hz	8	static
../Core/Src/main.c:1185:6:Run	16	static
../Core/Src/main.c:1216:6:Idle	8	static
../Core/Src/main.c:1223:6:InError	8	static
../Core/Src/main.c:1235:6:MovingAverage	16	static
../Core/Src/main.c:1255:9:Motor_Control	16	static
../Core/Src/main.c:1271:9:OverCurrent_Compensation	16	static
../Core/Src/main.c:1319:9:OverTemp_Compensation	24	static
../Core/Src/main.c:1353:6:EmergencyShutdown	8	static
../Core/Src/main.c:1361:9:LDOC_check	24	static
../Core/Src/main.c:1382:6:Set_Motor	16	static
../Core/Src/main.c:1416:6:Calculate_Temp	16	static
../Core/Src/main.c:1441:6:Error_Handler	4	static,ignoring_inline_asm
