../Core/Src/main.c:956:6:PREPARE_AND_SEND_CAN_RESPONSE_IT	24	static
../Core/Src/main.c:1217:6:HAL_FDCAN_RxFifo0Callback	32	static
../Core/Src/main.c:1263:6:Interrupt200Hz	16	static
../Core/Src/main.c:1320:6:Idle	8	static
../Core/Src/main.c:1327:6:InError	8	static
../Core/Src/main.c:1339:6:MovingAverage	8	static
../Core/Src/main.c:1375:9:OverCurrent_Compensation	0	static
../Core/Src/main.c:1423:9:OverTemp_Compensation	16	static
../Core/Src/main.c:1456:9:Acceleration_Compensation	24	static
../Core/Src/main.c:1359:9:Motor_Control	24	static
../Core/Src/main.c:1289:6:Run	16	static
../Core/Src/main.c:1243:6:Interrupt10kHz	8	static
../Core/Src/main.c:938:6:HAL_TIM_PeriodElapsedCallback	16	static
../Core/Src/main.c:1497:6:EmergencyShutdown	8	static
../Core/Src/main.c:1505:9:LDOC_check	8	static
../Core/Src/main.c:1526:6:Set_Motor	4	static
../Core/Src/main.c:1565:6:Calculate_Temp	16	static
../Core/Src/main.c:1592:6:Error_Handler	0	static,ignoring_inline_asm
../Core/Src/main.c:392:6:SystemClock_Config	96	static
../Core/Src/main.c:240:5:main	280	static
