../Core/Src/main.c:885:6:PREPARE_AND_SEND_CAN_RESPONSE_IT	24	static
../Core/Src/main.c:1146:6:HAL_FDCAN_RxFifo0Callback	32	static
../Core/Src/main.c:1201:6:Interrupt200Hz	16	static
../Core/Src/main.c:1258:6:Idle	8	static
../Core/Src/main.c:1265:6:InError	8	static
../Core/Src/main.c:1277:6:MovingAverage	8	static
../Core/Src/main.c:1313:9:OverCurrent_Compensation	0	static
../Core/Src/main.c:1361:9:OverTemp_Compensation	16	static
../Core/Src/main.c:1297:9:Motor_Control	24	static
../Core/Src/main.c:1227:6:Run	16	static
../Core/Src/main.c:1181:6:Interrupt10kHz	8	static
../Core/Src/main.c:867:6:HAL_TIM_PeriodElapsedCallback	16	static
../Core/Src/main.c:1395:6:EmergencyShutdown	8	static
../Core/Src/main.c:1403:9:LDOC_check	8	static
../Core/Src/main.c:1424:6:Set_Motor	4	static
../Core/Src/main.c:1462:6:Calculate_Temp	16	static
../Core/Src/main.c:1487:6:Error_Handler	0	static,ignoring_inline_asm
../Core/Src/main.c:378:6:SystemClock_Config	96	static
../Core/Src/main.c:235:5:main	232	static
