../Core/Src/stm32g4xx_hal_msp.c:68:6:HAL_MspInit	8	static
../Core/Src/stm32g4xx_hal_msp.c:97:6:HAL_ADC_MspInit	136	static
../Core/Src/stm32g4xx_hal_msp.c:221:6:HAL_ADC_MspDeInit	8	static
../Core/Src/stm32g4xx_hal_msp.c:279:6:HAL_DAC_MspInit	40	static
../Core/Src/stm32g4xx_hal_msp.c:316:6:HAL_DAC_MspDeInit	8	static
../Core/Src/stm32g4xx_hal_msp.c:346:6:HAL_FDCAN_MspInit	104	static
../Core/Src/stm32g4xx_hal_msp.c:399:6:HAL_FDCAN_MspDeInit	8	static
../Core/Src/stm32g4xx_hal_msp.c:431:6:HAL_TIM_Base_MspInit	24	static
../Core/Src/stm32g4xx_hal_msp.c:489:6:HAL_TIM_MspPostInit	40	static
../Core/Src/stm32g4xx_hal_msp.c:521:6:HAL_TIM_Base_MspDeInit	0	static
