../Drivers/STM32H5xx_HAL_Driver/Src/stm32h5xx_hal_adc_ex.c:121:19:HAL_ADCEx_Calibration_Start	24	static
../Drivers/STM32H5xx_HAL_Driver/Src/stm32h5xx_hal_adc_ex.c:195:10:HAL_ADCEx_Calibration_GetValue	0	static
../Drivers/STM32H5xx_HAL_Driver/Src/stm32h5xx_hal_adc_ex.c:215:19:HAL_ADCEx_Calibration_SetValue	8	static
../Drivers/STM32H5xx_HAL_Driver/Src/stm32h5xx_hal_adc_ex.c:272:19:HAL_ADCEx_InjectedStart	16	static
../Drivers/STM32H5xx_HAL_Driver/Src/stm32h5xx_hal_adc_ex.c:421:19:HAL_ADCEx_InjectedStop	8	static
../Drivers/STM32H5xx_HAL_Driver/Src/stm32h5xx_hal_adc_ex.c:476:19:HAL_ADCEx_InjectedPollForConversion	24	static
../Drivers/STM32H5xx_HAL_Driver/Src/stm32h5xx_hal_adc_ex.c:617:19:HAL_ADCEx_InjectedStart_IT	16	static
../Drivers/STM32H5xx_HAL_Driver/Src/stm32h5xx_hal_adc_ex.c:790:19:HAL_ADCEx_InjectedStop_IT	8	static
../Drivers/STM32H5xx_HAL_Driver/Src/stm32h5xx_hal_adc_ex.c:857:19:HAL_ADCEx_MultiModeStart_DMA	240	static
../Drivers/STM32H5xx_HAL_Driver/Src/stm32h5xx_hal_adc_ex.c:1038:19:HAL_ADCEx_MultiModeStop_DMA	120	static
../Drivers/STM32H5xx_HAL_Driver/Src/stm32h5xx_hal_adc_ex.c:1161:10:HAL_ADCEx_MultiModeGetValue	0	static
../Drivers/STM32H5xx_HAL_Driver/Src/stm32h5xx_hal_adc_ex.c:1208:10:HAL_ADCEx_InjectedGetValue	0	static
../Drivers/STM32H5xx_HAL_Driver/Src/stm32h5xx_hal_adc_ex.c:1243:13:HAL_ADCEx_InjectedConvCpltCallback	0	static
../Drivers/STM32H5xx_HAL_Driver/Src/stm32h5xx_hal_adc_ex.c:1262:13:HAL_ADCEx_InjectedQueueOverflowCallback	0	static
../Drivers/STM32H5xx_HAL_Driver/Src/stm32h5xx_hal_adc_ex.c:1277:13:HAL_ADCEx_LevelOutOfWindow2Callback	0	static
../Drivers/STM32H5xx_HAL_Driver/Src/stm32h5xx_hal_adc_ex.c:1292:13:HAL_ADCEx_LevelOutOfWindow3Callback	0	static
../Drivers/STM32H5xx_HAL_Driver/Src/stm32h5xx_hal_adc_ex.c:1308:13:HAL_ADCEx_EndOfSamplingCallback	0	static
../Drivers/STM32H5xx_HAL_Driver/Src/stm32h5xx_hal_adc_ex.c:1325:19:HAL_ADCEx_RegularStop	8	static
../Drivers/STM32H5xx_HAL_Driver/Src/stm32h5xx_hal_adc_ex.c:1383:19:HAL_ADCEx_RegularStop_IT	8	static
../Drivers/STM32H5xx_HAL_Driver/Src/stm32h5xx_hal_adc_ex.c:1443:19:HAL_ADCEx_RegularStop_DMA	16	static
../Drivers/STM32H5xx_HAL_Driver/Src/stm32h5xx_hal_adc_ex.c:1531:19:HAL_ADCEx_RegularMultiModeStop_DMA	120	static
../Drivers/STM32H5xx_HAL_Driver/Src/stm32h5xx_hal_adc_ex.c:1716:19:HAL_ADCEx_InjectedConfigChannel	40	static,ignoring_inline_asm
../Drivers/STM32H5xx_HAL_Driver/Src/stm32h5xx_hal_adc_ex.c:2186:19:HAL_ADCEx_MultiModeConfigChannel	120	static
../Drivers/STM32H5xx_HAL_Driver/Src/stm32h5xx_hal_adc_ex.c:2303:19:HAL_ADCEx_EnableInjectedQueue	0	static
../Drivers/STM32H5xx_HAL_Driver/Src/stm32h5xx_hal_adc_ex.c:2344:19:HAL_ADCEx_DisableInjectedQueue	0	static
../Drivers/STM32H5xx_HAL_Driver/Src/stm32h5xx_hal_adc_ex.c:2381:19:HAL_ADCEx_DisableVoltageRegulator	0	static
../Drivers/STM32H5xx_HAL_Driver/Src/stm32h5xx_hal_adc_ex.c:2418:19:HAL_ADCEx_EnterADCDeepPowerDownMode	0	static
